ARM GAS  C:\Users\Kozak\AppData\Local\Temp\ccXd4ZRO.s 			page 1


   1              		.syntax unified
   2              		.cpu cortex-m0plus
   3              		.fpu softvfp
   4              		.eabi_attribute 20, 1
   5              		.eabi_attribute 21, 1
   6              		.eabi_attribute 23, 3
   7              		.eabi_attribute 24, 1
   8              		.eabi_attribute 25, 1
   9              		.eabi_attribute 26, 1
  10              		.eabi_attribute 30, 1
  11              		.eabi_attribute 34, 0
  12              		.eabi_attribute 18, 4
  13              		.thumb
  14              		.syntax unified
  15              		.file	"cyfitter_cfg.c"
  16              		.text
  17              	.Ltext0:
  18              		.cfi_sections	.debug_frame
  19              		.section	.psocinit,"ax",%progbits
  20              		.align	2
  21              		.code	16
  22              		.thumb_func
  23              		.type	ClockSetup, %function
  24              	ClockSetup:
  25              	.LFB4:
  26              		.file 1 "Generated_Source\\PSoC4\\cyfitter_cfg.c"
   1:Generated_Source\PSoC4/cyfitter_cfg.c **** 
   2:Generated_Source\PSoC4/cyfitter_cfg.c **** /*******************************************************************************
   3:Generated_Source\PSoC4/cyfitter_cfg.c **** * File Name: cyfitter_cfg.c
   4:Generated_Source\PSoC4/cyfitter_cfg.c **** * 
   5:Generated_Source\PSoC4/cyfitter_cfg.c **** * PSoC Creator  4.2
   6:Generated_Source\PSoC4/cyfitter_cfg.c **** *
   7:Generated_Source\PSoC4/cyfitter_cfg.c **** * Description:
   8:Generated_Source\PSoC4/cyfitter_cfg.c **** * This file contains device initialization code.
   9:Generated_Source\PSoC4/cyfitter_cfg.c **** * Except for the user defined sections in CyClockStartupError(), this file should not be modified.
  10:Generated_Source\PSoC4/cyfitter_cfg.c **** * This file is automatically generated by PSoC Creator.
  11:Generated_Source\PSoC4/cyfitter_cfg.c **** *
  12:Generated_Source\PSoC4/cyfitter_cfg.c **** ********************************************************************************
  13:Generated_Source\PSoC4/cyfitter_cfg.c **** * Copyright (c) 2007-2018 Cypress Semiconductor.  All rights reserved.
  14:Generated_Source\PSoC4/cyfitter_cfg.c **** * You may use this file only in accordance with the license, terms, conditions, 
  15:Generated_Source\PSoC4/cyfitter_cfg.c **** * disclaimers, and limitations in the end user license agreement accompanying 
  16:Generated_Source\PSoC4/cyfitter_cfg.c **** * the software package with which this file was provided.
  17:Generated_Source\PSoC4/cyfitter_cfg.c **** ********************************************************************************/
  18:Generated_Source\PSoC4/cyfitter_cfg.c **** 
  19:Generated_Source\PSoC4/cyfitter_cfg.c **** #include <string.h>
  20:Generated_Source\PSoC4/cyfitter_cfg.c **** #include "cytypes.h"
  21:Generated_Source\PSoC4/cyfitter_cfg.c **** #include "cydevice_trm.h"
  22:Generated_Source\PSoC4/cyfitter_cfg.c **** #include "cyfitter.h"
  23:Generated_Source\PSoC4/cyfitter_cfg.c **** #include "CyLib.h"
  24:Generated_Source\PSoC4/cyfitter_cfg.c **** #include "cyfitter_cfg.h"
  25:Generated_Source\PSoC4/cyfitter_cfg.c **** #include "cyapicallbacks.h"
  26:Generated_Source\PSoC4/cyfitter_cfg.c **** 
  27:Generated_Source\PSoC4/cyfitter_cfg.c **** 
  28:Generated_Source\PSoC4/cyfitter_cfg.c **** #if defined(__GNUC__) || defined(__ARMCC_VERSION)
  29:Generated_Source\PSoC4/cyfitter_cfg.c ****     #define CYPACKED 
  30:Generated_Source\PSoC4/cyfitter_cfg.c ****     #define CYPACKED_ATTR __attribute__ ((packed))
  31:Generated_Source\PSoC4/cyfitter_cfg.c ****     #define CYALIGNED __attribute__ ((aligned))
ARM GAS  C:\Users\Kozak\AppData\Local\Temp\ccXd4ZRO.s 			page 2


  32:Generated_Source\PSoC4/cyfitter_cfg.c ****     #define CY_CFG_UNUSED __attribute__ ((unused))
  33:Generated_Source\PSoC4/cyfitter_cfg.c ****     #ifndef CY_CFG_SECTION
  34:Generated_Source\PSoC4/cyfitter_cfg.c ****         #define CY_CFG_SECTION __attribute__ ((section(".psocinit")))
  35:Generated_Source\PSoC4/cyfitter_cfg.c ****     #endif
  36:Generated_Source\PSoC4/cyfitter_cfg.c ****     
  37:Generated_Source\PSoC4/cyfitter_cfg.c ****     #if defined(__ARMCC_VERSION)
  38:Generated_Source\PSoC4/cyfitter_cfg.c ****         #define CY_CFG_MEMORY_BARRIER() __memory_changed()
  39:Generated_Source\PSoC4/cyfitter_cfg.c ****     #else
  40:Generated_Source\PSoC4/cyfitter_cfg.c ****         #define CY_CFG_MEMORY_BARRIER() __sync_synchronize()
  41:Generated_Source\PSoC4/cyfitter_cfg.c ****     #endif
  42:Generated_Source\PSoC4/cyfitter_cfg.c ****     
  43:Generated_Source\PSoC4/cyfitter_cfg.c **** #elif defined(__ICCARM__)
  44:Generated_Source\PSoC4/cyfitter_cfg.c ****     #include <intrinsics.h>
  45:Generated_Source\PSoC4/cyfitter_cfg.c **** 
  46:Generated_Source\PSoC4/cyfitter_cfg.c ****     #define CYPACKED __packed
  47:Generated_Source\PSoC4/cyfitter_cfg.c ****     #define CYPACKED_ATTR 
  48:Generated_Source\PSoC4/cyfitter_cfg.c ****     #define CYALIGNED _Pragma("data_alignment=4")
  49:Generated_Source\PSoC4/cyfitter_cfg.c ****     #define CY_CFG_UNUSED _Pragma("diag_suppress=Pe177")
  50:Generated_Source\PSoC4/cyfitter_cfg.c ****     #define CY_CFG_SECTION _Pragma("location=\".psocinit\"")
  51:Generated_Source\PSoC4/cyfitter_cfg.c ****     
  52:Generated_Source\PSoC4/cyfitter_cfg.c ****     #define CY_CFG_MEMORY_BARRIER() __DMB()
  53:Generated_Source\PSoC4/cyfitter_cfg.c ****     
  54:Generated_Source\PSoC4/cyfitter_cfg.c **** #else
  55:Generated_Source\PSoC4/cyfitter_cfg.c ****     #error Unsupported toolchain
  56:Generated_Source\PSoC4/cyfitter_cfg.c **** #endif
  57:Generated_Source\PSoC4/cyfitter_cfg.c **** 
  58:Generated_Source\PSoC4/cyfitter_cfg.c **** #ifndef CYCODE
  59:Generated_Source\PSoC4/cyfitter_cfg.c ****     #define CYCODE
  60:Generated_Source\PSoC4/cyfitter_cfg.c **** #endif
  61:Generated_Source\PSoC4/cyfitter_cfg.c **** #ifndef CYDATA
  62:Generated_Source\PSoC4/cyfitter_cfg.c ****     #define CYDATA
  63:Generated_Source\PSoC4/cyfitter_cfg.c **** #endif
  64:Generated_Source\PSoC4/cyfitter_cfg.c **** #ifndef CYFAR
  65:Generated_Source\PSoC4/cyfitter_cfg.c ****     #define CYFAR
  66:Generated_Source\PSoC4/cyfitter_cfg.c **** #endif
  67:Generated_Source\PSoC4/cyfitter_cfg.c **** #ifndef CYXDATA
  68:Generated_Source\PSoC4/cyfitter_cfg.c ****     #define CYXDATA
  69:Generated_Source\PSoC4/cyfitter_cfg.c **** #endif
  70:Generated_Source\PSoC4/cyfitter_cfg.c **** 
  71:Generated_Source\PSoC4/cyfitter_cfg.c **** 
  72:Generated_Source\PSoC4/cyfitter_cfg.c **** CY_CFG_UNUSED
  73:Generated_Source\PSoC4/cyfitter_cfg.c **** static void CYMEMZERO(void *s, size_t n);
  74:Generated_Source\PSoC4/cyfitter_cfg.c **** CY_CFG_UNUSED
  75:Generated_Source\PSoC4/cyfitter_cfg.c **** static void CYMEMZERO(void *s, size_t n)
  76:Generated_Source\PSoC4/cyfitter_cfg.c **** {
  77:Generated_Source\PSoC4/cyfitter_cfg.c **** 	(void)memset(s, 0, n);
  78:Generated_Source\PSoC4/cyfitter_cfg.c **** }
  79:Generated_Source\PSoC4/cyfitter_cfg.c **** CY_CFG_UNUSED
  80:Generated_Source\PSoC4/cyfitter_cfg.c **** static void CYCONFIGCPY(void *dest, const void *src, size_t n);
  81:Generated_Source\PSoC4/cyfitter_cfg.c **** CY_CFG_UNUSED
  82:Generated_Source\PSoC4/cyfitter_cfg.c **** static void CYCONFIGCPY(void *dest, const void *src, size_t n)
  83:Generated_Source\PSoC4/cyfitter_cfg.c **** {
  84:Generated_Source\PSoC4/cyfitter_cfg.c **** 	(void)memcpy(dest, src, n);
  85:Generated_Source\PSoC4/cyfitter_cfg.c **** }
  86:Generated_Source\PSoC4/cyfitter_cfg.c **** CY_CFG_UNUSED
  87:Generated_Source\PSoC4/cyfitter_cfg.c **** static void CYCONFIGCPYCODE(void *dest, const void *src, size_t n);
  88:Generated_Source\PSoC4/cyfitter_cfg.c **** CY_CFG_UNUSED
ARM GAS  C:\Users\Kozak\AppData\Local\Temp\ccXd4ZRO.s 			page 3


  89:Generated_Source\PSoC4/cyfitter_cfg.c **** static void CYCONFIGCPYCODE(void *dest, const void *src, size_t n)
  90:Generated_Source\PSoC4/cyfitter_cfg.c **** {
  91:Generated_Source\PSoC4/cyfitter_cfg.c **** 	(void)memcpy(dest, src, n);
  92:Generated_Source\PSoC4/cyfitter_cfg.c **** }
  93:Generated_Source\PSoC4/cyfitter_cfg.c **** 
  94:Generated_Source\PSoC4/cyfitter_cfg.c **** 
  95:Generated_Source\PSoC4/cyfitter_cfg.c **** 
  96:Generated_Source\PSoC4/cyfitter_cfg.c **** 
  97:Generated_Source\PSoC4/cyfitter_cfg.c **** /* Clock startup error codes                                                   */
  98:Generated_Source\PSoC4/cyfitter_cfg.c **** #define CYCLOCKSTART_NO_ERROR    0u
  99:Generated_Source\PSoC4/cyfitter_cfg.c **** #define CYCLOCKSTART_XTAL_ERROR  1u
 100:Generated_Source\PSoC4/cyfitter_cfg.c **** #define CYCLOCKSTART_32KHZ_ERROR 2u
 101:Generated_Source\PSoC4/cyfitter_cfg.c **** #define CYCLOCKSTART_PLL_ERROR   3u
 102:Generated_Source\PSoC4/cyfitter_cfg.c **** #define CYCLOCKSTART_FLL_ERROR   4u
 103:Generated_Source\PSoC4/cyfitter_cfg.c **** #define CYCLOCKSTART_WCO_ERROR   5u
 104:Generated_Source\PSoC4/cyfitter_cfg.c **** 
 105:Generated_Source\PSoC4/cyfitter_cfg.c **** 
 106:Generated_Source\PSoC4/cyfitter_cfg.c **** #ifdef CY_NEED_CYCLOCKSTARTUPERROR
 107:Generated_Source\PSoC4/cyfitter_cfg.c **** /*******************************************************************************
 108:Generated_Source\PSoC4/cyfitter_cfg.c **** * Function Name: CyClockStartupError
 109:Generated_Source\PSoC4/cyfitter_cfg.c **** ********************************************************************************
 110:Generated_Source\PSoC4/cyfitter_cfg.c **** * Summary:
 111:Generated_Source\PSoC4/cyfitter_cfg.c **** *  If an error is encountered during clock configuration (crystal startup error,
 112:Generated_Source\PSoC4/cyfitter_cfg.c **** *  PLL lock error, etc.), the system will end up here.  Unless reimplemented by
 113:Generated_Source\PSoC4/cyfitter_cfg.c **** *  the customer, this function will stop in an infinite loop.
 114:Generated_Source\PSoC4/cyfitter_cfg.c **** *
 115:Generated_Source\PSoC4/cyfitter_cfg.c **** * Parameters:
 116:Generated_Source\PSoC4/cyfitter_cfg.c **** *   void
 117:Generated_Source\PSoC4/cyfitter_cfg.c **** *
 118:Generated_Source\PSoC4/cyfitter_cfg.c **** * Return:
 119:Generated_Source\PSoC4/cyfitter_cfg.c **** *   void
 120:Generated_Source\PSoC4/cyfitter_cfg.c **** *
 121:Generated_Source\PSoC4/cyfitter_cfg.c **** *******************************************************************************/
 122:Generated_Source\PSoC4/cyfitter_cfg.c **** CY_CFG_UNUSED
 123:Generated_Source\PSoC4/cyfitter_cfg.c **** static void CyClockStartupError(uint8 errorCode);
 124:Generated_Source\PSoC4/cyfitter_cfg.c **** CY_CFG_UNUSED
 125:Generated_Source\PSoC4/cyfitter_cfg.c **** static void CyClockStartupError(uint8 errorCode)
 126:Generated_Source\PSoC4/cyfitter_cfg.c **** {
 127:Generated_Source\PSoC4/cyfitter_cfg.c ****     /* To remove the compiler warning if errorCode not used.                */
 128:Generated_Source\PSoC4/cyfitter_cfg.c ****     errorCode = errorCode;
 129:Generated_Source\PSoC4/cyfitter_cfg.c **** 
 130:Generated_Source\PSoC4/cyfitter_cfg.c ****     /* If we have a clock startup error (bad MHz crystal, PLL lock, etc.),  */
 131:Generated_Source\PSoC4/cyfitter_cfg.c ****     /* we will end up here to allow the customer to implement something to  */
 132:Generated_Source\PSoC4/cyfitter_cfg.c ****     /* deal with the clock condition.                                       */
 133:Generated_Source\PSoC4/cyfitter_cfg.c **** 
 134:Generated_Source\PSoC4/cyfitter_cfg.c **** #ifdef CY_CFG_CLOCK_STARTUP_ERROR_CALLBACK
 135:Generated_Source\PSoC4/cyfitter_cfg.c ****     CY_CFG_Clock_Startup_ErrorCallback();
 136:Generated_Source\PSoC4/cyfitter_cfg.c **** #else
 137:Generated_Source\PSoC4/cyfitter_cfg.c ****     /*  If not using CY_CFG_CLOCK_STARTUP_ERROR_CALLBACK, place your clock startup code here. */
 138:Generated_Source\PSoC4/cyfitter_cfg.c ****     /* `#START CyClockStartupError` */
 139:Generated_Source\PSoC4/cyfitter_cfg.c **** 
 140:Generated_Source\PSoC4/cyfitter_cfg.c **** 
 141:Generated_Source\PSoC4/cyfitter_cfg.c **** 
 142:Generated_Source\PSoC4/cyfitter_cfg.c ****     /* `#END` */
 143:Generated_Source\PSoC4/cyfitter_cfg.c **** 
 144:Generated_Source\PSoC4/cyfitter_cfg.c ****     while(1) {}
 145:Generated_Source\PSoC4/cyfitter_cfg.c **** #endif /* CY_CFG_CLOCK_STARTUP_ERROR_CALLBACK */
ARM GAS  C:\Users\Kozak\AppData\Local\Temp\ccXd4ZRO.s 			page 4


 146:Generated_Source\PSoC4/cyfitter_cfg.c **** }
 147:Generated_Source\PSoC4/cyfitter_cfg.c **** #endif
 148:Generated_Source\PSoC4/cyfitter_cfg.c **** 
 149:Generated_Source\PSoC4/cyfitter_cfg.c **** 
 150:Generated_Source\PSoC4/cyfitter_cfg.c **** 
 151:Generated_Source\PSoC4/cyfitter_cfg.c **** /*******************************************************************************
 152:Generated_Source\PSoC4/cyfitter_cfg.c **** * Function Name: ClockSetup
 153:Generated_Source\PSoC4/cyfitter_cfg.c **** ********************************************************************************
 154:Generated_Source\PSoC4/cyfitter_cfg.c **** *
 155:Generated_Source\PSoC4/cyfitter_cfg.c **** * Summary:
 156:Generated_Source\PSoC4/cyfitter_cfg.c **** *   Performs the initialization of all of the clocks in the device based on the
 157:Generated_Source\PSoC4/cyfitter_cfg.c **** *   settings in the Clock tab of the DWR.  This includes enabling the requested
 158:Generated_Source\PSoC4/cyfitter_cfg.c **** *   clocks and setting the necessary dividers to produce the desired frequency. 
 159:Generated_Source\PSoC4/cyfitter_cfg.c **** *
 160:Generated_Source\PSoC4/cyfitter_cfg.c **** * Parameters:
 161:Generated_Source\PSoC4/cyfitter_cfg.c **** *   void
 162:Generated_Source\PSoC4/cyfitter_cfg.c **** *
 163:Generated_Source\PSoC4/cyfitter_cfg.c **** * Return:
 164:Generated_Source\PSoC4/cyfitter_cfg.c **** *   void
 165:Generated_Source\PSoC4/cyfitter_cfg.c **** *
 166:Generated_Source\PSoC4/cyfitter_cfg.c **** *******************************************************************************/
 167:Generated_Source\PSoC4/cyfitter_cfg.c **** static void ClockSetup(void);
 168:Generated_Source\PSoC4/cyfitter_cfg.c **** CY_CFG_SECTION
 169:Generated_Source\PSoC4/cyfitter_cfg.c **** static void ClockSetup(void)
 170:Generated_Source\PSoC4/cyfitter_cfg.c **** {
  27              		.loc 1 170 0
  28              		.cfi_startproc
  29              		@ args = 0, pretend = 0, frame = 0
  30              		@ frame_needed = 0, uses_anonymous_args = 0
  31 0000 10B5     		push	{r4, lr}
  32              		.cfi_def_cfa_offset 8
  33              		.cfi_offset 4, -8
  34              		.cfi_offset 14, -4
 171:Generated_Source\PSoC4/cyfitter_cfg.c **** 
 172:Generated_Source\PSoC4/cyfitter_cfg.c **** 	/* Set Flash Cycles based on max possible frequency in case a glitch occurs during ClockSetup(). *
 173:Generated_Source\PSoC4/cyfitter_cfg.c **** 	CY_SET_REG32((void CYXDATA *)(CYREG_CPUSS_FLASH_CTL), (0x0012u));
  35              		.loc 1 173 0
  36 0002 134C     		ldr	r4, .L2
  37 0004 1223     		movs	r3, #18
  38 0006 2360     		str	r3, [r4]
 174:Generated_Source\PSoC4/cyfitter_cfg.c **** 	/* Update IMO to new clock speed. */
 175:Generated_Source\PSoC4/cyfitter_cfg.c **** 	CySysClkWriteImoFreq(24u);
  39              		.loc 1 175 0
  40 0008 1820     		movs	r0, #24
  41 000a FFF7FEFF 		bl	CySysClkWriteImoFreq
  42              	.LVL0:
 176:Generated_Source\PSoC4/cyfitter_cfg.c **** 
 177:Generated_Source\PSoC4/cyfitter_cfg.c **** 	/* Setup phase aligned clocks */
 178:Generated_Source\PSoC4/cyfitter_cfg.c **** 	CY_SET_REG32((void *)CYREG_PERI_DIV_16_CTL2, 0x00095F00u);
  43              		.loc 1 178 0
  44 000e 114A     		ldr	r2, .L2+4
  45 0010 114B     		ldr	r3, .L2+8
  46 0012 1A60     		str	r2, [r3]
 179:Generated_Source\PSoC4/cyfitter_cfg.c **** 	CY_SET_REG32((void *)CYREG_PERI_DIV_CMD, 0x8000FF42u);
  47              		.loc 1 179 0
  48 0014 114B     		ldr	r3, .L2+12
  49 0016 124A     		ldr	r2, .L2+16
ARM GAS  C:\Users\Kozak\AppData\Local\Temp\ccXd4ZRO.s 			page 5


  50 0018 1A60     		str	r2, [r3]
 180:Generated_Source\PSoC4/cyfitter_cfg.c **** 	CY_SET_REG32((void *)CYREG_PERI_DIV_16_CTL0, 0x0000FE00u);
  51              		.loc 1 180 0
  52 001a FE21     		movs	r1, #254
  53 001c 0902     		lsls	r1, r1, #8
  54 001e 114A     		ldr	r2, .L2+20
  55 0020 1160     		str	r1, [r2]
 181:Generated_Source\PSoC4/cyfitter_cfg.c **** 	CY_SET_REG32((void *)CYREG_PERI_DIV_CMD, 0x8000FF40u);
  56              		.loc 1 181 0
  57 0022 114A     		ldr	r2, .L2+24
  58 0024 1A60     		str	r2, [r3]
 182:Generated_Source\PSoC4/cyfitter_cfg.c **** 	CY_SET_REG32((void *)CYREG_PERI_DIV_16_CTL1, 0x00001000u);
  59              		.loc 1 182 0
  60 0026 8021     		movs	r1, #128
  61 0028 4901     		lsls	r1, r1, #5
  62 002a 104A     		ldr	r2, .L2+28
  63 002c 1160     		str	r1, [r2]
 183:Generated_Source\PSoC4/cyfitter_cfg.c **** 	CY_SET_REG32((void *)CYREG_PERI_DIV_CMD, 0x8000FF41u);
  64              		.loc 1 183 0
  65 002e 104A     		ldr	r2, .L2+32
  66 0030 1A60     		str	r2, [r3]
 184:Generated_Source\PSoC4/cyfitter_cfg.c **** 
 185:Generated_Source\PSoC4/cyfitter_cfg.c **** 	/* CYDEV_CLK_SELECT Starting address: CYDEV_CLK_SELECT */
 186:Generated_Source\PSoC4/cyfitter_cfg.c **** 	CY_SET_REG32((void *)(CYREG_CLK_SELECT), 0x00000000u);
  67              		.loc 1 186 0
  68 0032 0022     		movs	r2, #0
  69 0034 0F4B     		ldr	r3, .L2+36
  70 0036 1A60     		str	r2, [r3]
 187:Generated_Source\PSoC4/cyfitter_cfg.c **** 
 188:Generated_Source\PSoC4/cyfitter_cfg.c **** 	/* CYDEV_PERI_PCLK_CTL3 Starting address: CYDEV_PERI_PCLK_CTL3 */
 189:Generated_Source\PSoC4/cyfitter_cfg.c **** 	CY_SET_REG32((void *)(CYREG_PERI_PCLK_CTL3), 0x00000042u);
  71              		.loc 1 189 0
  72 0038 4232     		adds	r2, r2, #66
  73 003a 0F4B     		ldr	r3, .L2+40
  74 003c 1A60     		str	r2, [r3]
 190:Generated_Source\PSoC4/cyfitter_cfg.c **** 
 191:Generated_Source\PSoC4/cyfitter_cfg.c **** 	/* CYDEV_PERI_PCLK_CTL2 Starting address: CYDEV_PERI_PCLK_CTL2 */
 192:Generated_Source\PSoC4/cyfitter_cfg.c **** 	CY_SET_REG32((void *)(CYREG_PERI_PCLK_CTL2), 0x00000040u);
  75              		.loc 1 192 0
  76 003e 023A     		subs	r2, r2, #2
  77 0040 0E4B     		ldr	r3, .L2+44
  78 0042 1A60     		str	r2, [r3]
 193:Generated_Source\PSoC4/cyfitter_cfg.c **** 
 194:Generated_Source\PSoC4/cyfitter_cfg.c **** 	/* CYDEV_PERI_PCLK_CTL1 Starting address: CYDEV_PERI_PCLK_CTL1 */
 195:Generated_Source\PSoC4/cyfitter_cfg.c **** 	CY_SET_REG32((void *)(CYREG_PERI_PCLK_CTL1), 0x00000041u);
  79              		.loc 1 195 0
  80 0044 0132     		adds	r2, r2, #1
  81 0046 0E4B     		ldr	r3, .L2+48
  82 0048 1A60     		str	r2, [r3]
 196:Generated_Source\PSoC4/cyfitter_cfg.c **** 
 197:Generated_Source\PSoC4/cyfitter_cfg.c **** 	/* Set Flash Cycles based on newly configured 24.00MHz HFCLK. */
 198:Generated_Source\PSoC4/cyfitter_cfg.c **** 	CY_SET_REG32((void CYXDATA *)(CYREG_CPUSS_FLASH_CTL), (0x0011u));
  83              		.loc 1 198 0
  84 004a 1123     		movs	r3, #17
  85 004c 2360     		str	r3, [r4]
 199:Generated_Source\PSoC4/cyfitter_cfg.c **** }
  86              		.loc 1 199 0
ARM GAS  C:\Users\Kozak\AppData\Local\Temp\ccXd4ZRO.s 			page 6


  87              		@ sp needed
  88 004e 10BD     		pop	{r4, pc}
  89              	.L3:
  90              		.align	2
  91              	.L2:
  92 0050 30001040 		.word	1074790448
  93 0054 005F0900 		.word	614144
  94 0058 08030140 		.word	1073808136
  95 005c 00000140 		.word	1073807360
  96 0060 42FF0080 		.word	-2147418302
  97 0064 00030140 		.word	1073808128
  98 0068 40FF0080 		.word	-2147418304
  99 006c 04030140 		.word	1073808132
 100 0070 41FF0080 		.word	-2147418303
 101 0074 28000340 		.word	1073938472
 102 0078 0C010140 		.word	1073807628
 103 007c 08010140 		.word	1073807624
 104 0080 04010140 		.word	1073807620
 105              		.cfi_endproc
 106              	.LFE4:
 107              		.size	ClockSetup, .-ClockSetup
 108              		.section	.text.SetAnalogRoutingPumps,"ax",%progbits
 109              		.align	2
 110              		.global	SetAnalogRoutingPumps
 111              		.code	16
 112              		.thumb_func
 113              		.type	SetAnalogRoutingPumps, %function
 114              	SetAnalogRoutingPumps:
 115              	.LFB6:
 200:Generated_Source\PSoC4/cyfitter_cfg.c **** 
 201:Generated_Source\PSoC4/cyfitter_cfg.c **** 
 202:Generated_Source\PSoC4/cyfitter_cfg.c **** /* Analog API Functions */
 203:Generated_Source\PSoC4/cyfitter_cfg.c **** 
 204:Generated_Source\PSoC4/cyfitter_cfg.c **** 
 205:Generated_Source\PSoC4/cyfitter_cfg.c **** /*******************************************************************************
 206:Generated_Source\PSoC4/cyfitter_cfg.c **** * Function Name: AnalogSetDefault
 207:Generated_Source\PSoC4/cyfitter_cfg.c **** ********************************************************************************
 208:Generated_Source\PSoC4/cyfitter_cfg.c **** *
 209:Generated_Source\PSoC4/cyfitter_cfg.c **** * Summary:
 210:Generated_Source\PSoC4/cyfitter_cfg.c **** *  Sets up the analog portions of the chip to default values based on chip
 211:Generated_Source\PSoC4/cyfitter_cfg.c **** *  configuration options from the project.
 212:Generated_Source\PSoC4/cyfitter_cfg.c **** *
 213:Generated_Source\PSoC4/cyfitter_cfg.c **** * Parameters:
 214:Generated_Source\PSoC4/cyfitter_cfg.c **** *  void
 215:Generated_Source\PSoC4/cyfitter_cfg.c **** *
 216:Generated_Source\PSoC4/cyfitter_cfg.c **** * Return:
 217:Generated_Source\PSoC4/cyfitter_cfg.c **** *  void
 218:Generated_Source\PSoC4/cyfitter_cfg.c **** *
 219:Generated_Source\PSoC4/cyfitter_cfg.c **** *******************************************************************************/
 220:Generated_Source\PSoC4/cyfitter_cfg.c **** static void AnalogSetDefault(void);
 221:Generated_Source\PSoC4/cyfitter_cfg.c **** static void AnalogSetDefault(void)
 222:Generated_Source\PSoC4/cyfitter_cfg.c **** {
 223:Generated_Source\PSoC4/cyfitter_cfg.c **** 	CY_SET_XTND_REG32((void CYFAR *)CYREG_CSD_SW_REFGEN_SEL, 0x00000010u);
 224:Generated_Source\PSoC4/cyfitter_cfg.c **** 	SetAnalogRoutingPumps(1);
 225:Generated_Source\PSoC4/cyfitter_cfg.c **** }
 226:Generated_Source\PSoC4/cyfitter_cfg.c **** 
 227:Generated_Source\PSoC4/cyfitter_cfg.c **** 
ARM GAS  C:\Users\Kozak\AppData\Local\Temp\ccXd4ZRO.s 			page 7


 228:Generated_Source\PSoC4/cyfitter_cfg.c **** /*******************************************************************************
 229:Generated_Source\PSoC4/cyfitter_cfg.c **** * Function Name: SetAnalogRoutingPumps
 230:Generated_Source\PSoC4/cyfitter_cfg.c **** ********************************************************************************
 231:Generated_Source\PSoC4/cyfitter_cfg.c **** *
 232:Generated_Source\PSoC4/cyfitter_cfg.c **** * Summary:
 233:Generated_Source\PSoC4/cyfitter_cfg.c **** * Enables or disables the analog pumps feeding analog routing switches.
 234:Generated_Source\PSoC4/cyfitter_cfg.c **** * Intended to be called at startup, based on the Vdda system configuration;
 235:Generated_Source\PSoC4/cyfitter_cfg.c **** * may be called during operation when the user informs us that the Vdda voltage crossed the pump th
 236:Generated_Source\PSoC4/cyfitter_cfg.c **** *
 237:Generated_Source\PSoC4/cyfitter_cfg.c **** * Parameters:
 238:Generated_Source\PSoC4/cyfitter_cfg.c **** *  enabled - 1 to enable the pumps, 0 to disable the pumps
 239:Generated_Source\PSoC4/cyfitter_cfg.c **** *
 240:Generated_Source\PSoC4/cyfitter_cfg.c **** * Return:
 241:Generated_Source\PSoC4/cyfitter_cfg.c **** *  void
 242:Generated_Source\PSoC4/cyfitter_cfg.c **** *
 243:Generated_Source\PSoC4/cyfitter_cfg.c **** *******************************************************************************/
 244:Generated_Source\PSoC4/cyfitter_cfg.c **** void SetAnalogRoutingPumps(uint8 enabled)
 245:Generated_Source\PSoC4/cyfitter_cfg.c **** {
 116              		.loc 1 245 0
 117              		.cfi_startproc
 118              		@ args = 0, pretend = 0, frame = 0
 119              		@ frame_needed = 0, uses_anonymous_args = 0
 120              		@ link register save eliminated.
 121              	.LVL1:
 246:Generated_Source\PSoC4/cyfitter_cfg.c **** 	uint32 regValue = CY_GET_XTND_REG32((void *)(CYREG_HSIOM_PUMP_CTL));
 122              		.loc 1 246 0
 123 0000 0B4B     		ldr	r3, .L9
 124 0002 1B68     		ldr	r3, [r3]
 125              	.LVL2:
 247:Generated_Source\PSoC4/cyfitter_cfg.c **** 	if (enabled != 0u)
 126              		.loc 1 247 0
 127 0004 0028     		cmp	r0, #0
 128 0006 03D0     		beq	.L5
 248:Generated_Source\PSoC4/cyfitter_cfg.c **** 	{
 249:Generated_Source\PSoC4/cyfitter_cfg.c **** 		regValue |= 0x80000000u;
 129              		.loc 1 249 0
 130 0008 8022     		movs	r2, #128
 131 000a 1206     		lsls	r2, r2, #24
 132 000c 1343     		orrs	r3, r2
 133              	.LVL3:
 134 000e 01E0     		b	.L6
 135              	.L5:
 250:Generated_Source\PSoC4/cyfitter_cfg.c **** 	}
 251:Generated_Source\PSoC4/cyfitter_cfg.c **** 	else
 252:Generated_Source\PSoC4/cyfitter_cfg.c **** 	{
 253:Generated_Source\PSoC4/cyfitter_cfg.c **** 		regValue &= ~0x80000000u;
 136              		.loc 1 253 0
 137 0010 5B00     		lsls	r3, r3, #1
 138              	.LVL4:
 139 0012 5B08     		lsrs	r3, r3, #1
 140              	.LVL5:
 141              	.L6:
 254:Generated_Source\PSoC4/cyfitter_cfg.c **** 	}
 255:Generated_Source\PSoC4/cyfitter_cfg.c **** 	CY_SET_XTND_REG32((void *)(CYREG_HSIOM_PUMP_CTL), regValue);
 142              		.loc 1 255 0
 143 0014 064A     		ldr	r2, .L9
 144 0016 1360     		str	r3, [r2]
ARM GAS  C:\Users\Kozak\AppData\Local\Temp\ccXd4ZRO.s 			page 8


 256:Generated_Source\PSoC4/cyfitter_cfg.c **** 	regValue = CY_GET_XTND_REG32((void *)(CYREG_CLK_SELECT));
 145              		.loc 1 256 0
 146 0018 064B     		ldr	r3, .L9+4
 147              	.LVL6:
 148 001a 1B68     		ldr	r3, [r3]
 149              	.LVL7:
 257:Generated_Source\PSoC4/cyfitter_cfg.c **** 	if (enabled != 0u)
 150              		.loc 1 257 0
 151 001c 0028     		cmp	r0, #0
 152 001e 02D0     		beq	.L7
 258:Generated_Source\PSoC4/cyfitter_cfg.c **** 	{
 259:Generated_Source\PSoC4/cyfitter_cfg.c **** 		regValue |= 0x00000020u;
 153              		.loc 1 259 0
 154 0020 2022     		movs	r2, #32
 155 0022 1343     		orrs	r3, r2
 156              	.LVL8:
 157 0024 01E0     		b	.L8
 158              	.L7:
 260:Generated_Source\PSoC4/cyfitter_cfg.c **** 	}
 261:Generated_Source\PSoC4/cyfitter_cfg.c **** 	else
 262:Generated_Source\PSoC4/cyfitter_cfg.c **** 	{
 263:Generated_Source\PSoC4/cyfitter_cfg.c **** 		regValue &= ~0x00000020u;
 159              		.loc 1 263 0
 160 0026 2022     		movs	r2, #32
 161 0028 9343     		bics	r3, r2
 162              	.LVL9:
 163              	.L8:
 264:Generated_Source\PSoC4/cyfitter_cfg.c **** 	}
 265:Generated_Source\PSoC4/cyfitter_cfg.c **** 	CY_SET_XTND_REG32((void *)(CYREG_CLK_SELECT), regValue);
 164              		.loc 1 265 0
 165 002a 024A     		ldr	r2, .L9+4
 166 002c 1360     		str	r3, [r2]
 266:Generated_Source\PSoC4/cyfitter_cfg.c **** }
 167              		.loc 1 266 0
 168              		@ sp needed
 169 002e 7047     		bx	lr
 170              	.L10:
 171              		.align	2
 172              	.L9:
 173 0030 00200240 		.word	1073881088
 174 0034 28000340 		.word	1073938472
 175              		.cfi_endproc
 176              	.LFE6:
 177              		.size	SetAnalogRoutingPumps, .-SetAnalogRoutingPumps
 178              		.section	.text.AnalogSetDefault,"ax",%progbits
 179              		.align	2
 180              		.code	16
 181              		.thumb_func
 182              		.type	AnalogSetDefault, %function
 183              	AnalogSetDefault:
 184              	.LFB5:
 222:Generated_Source\PSoC4/cyfitter_cfg.c **** 	CY_SET_XTND_REG32((void CYFAR *)CYREG_CSD_SW_REFGEN_SEL, 0x00000010u);
 185              		.loc 1 222 0
 186              		.cfi_startproc
 187              		@ args = 0, pretend = 0, frame = 0
 188              		@ frame_needed = 0, uses_anonymous_args = 0
 189 0000 10B5     		push	{r4, lr}
ARM GAS  C:\Users\Kozak\AppData\Local\Temp\ccXd4ZRO.s 			page 9


 190              		.cfi_def_cfa_offset 8
 191              		.cfi_offset 4, -8
 192              		.cfi_offset 14, -4
 223:Generated_Source\PSoC4/cyfitter_cfg.c **** 	SetAnalogRoutingPumps(1);
 193              		.loc 1 223 0
 194 0002 1022     		movs	r2, #16
 195 0004 024B     		ldr	r3, .L12
 196 0006 1A60     		str	r2, [r3]
 224:Generated_Source\PSoC4/cyfitter_cfg.c **** }
 197              		.loc 1 224 0
 198 0008 0120     		movs	r0, #1
 199 000a FFF7FEFF 		bl	SetAnalogRoutingPumps
 200              	.LVL10:
 225:Generated_Source\PSoC4/cyfitter_cfg.c **** 
 201              		.loc 1 225 0
 202              		@ sp needed
 203 000e 10BD     		pop	{r4, pc}
 204              	.L13:
 205              		.align	2
 206              	.L12:
 207 0010 A8020B40 		.word	1074463400
 208              		.cfi_endproc
 209              	.LFE5:
 210              		.size	AnalogSetDefault, .-AnalogSetDefault
 211              		.section	.psocinit
 212              		.align	2
 213              		.global	cyfitter_cfg
 214              		.code	16
 215              		.thumb_func
 216              		.type	cyfitter_cfg, %function
 217              	cyfitter_cfg:
 218              	.LFB7:
 267:Generated_Source\PSoC4/cyfitter_cfg.c **** 
 268:Generated_Source\PSoC4/cyfitter_cfg.c **** 
 269:Generated_Source\PSoC4/cyfitter_cfg.c **** 
 270:Generated_Source\PSoC4/cyfitter_cfg.c **** 
 271:Generated_Source\PSoC4/cyfitter_cfg.c **** /*******************************************************************************
 272:Generated_Source\PSoC4/cyfitter_cfg.c **** * Function Name: cyfitter_cfg
 273:Generated_Source\PSoC4/cyfitter_cfg.c **** ********************************************************************************
 274:Generated_Source\PSoC4/cyfitter_cfg.c **** * Summary:
 275:Generated_Source\PSoC4/cyfitter_cfg.c **** *  This function is called by the start-up code for the selected device. It
 276:Generated_Source\PSoC4/cyfitter_cfg.c **** *  performs all of the necessary device configuration based on the design
 277:Generated_Source\PSoC4/cyfitter_cfg.c **** *  settings.  This includes settings from the Design Wide Resources (DWR) such
 278:Generated_Source\PSoC4/cyfitter_cfg.c **** *  as Clocks and Pins as well as any component configuration that is necessary.
 279:Generated_Source\PSoC4/cyfitter_cfg.c **** *
 280:Generated_Source\PSoC4/cyfitter_cfg.c **** * Parameters:
 281:Generated_Source\PSoC4/cyfitter_cfg.c **** *   void
 282:Generated_Source\PSoC4/cyfitter_cfg.c **** *
 283:Generated_Source\PSoC4/cyfitter_cfg.c **** * Return:
 284:Generated_Source\PSoC4/cyfitter_cfg.c **** *   void
 285:Generated_Source\PSoC4/cyfitter_cfg.c **** *
 286:Generated_Source\PSoC4/cyfitter_cfg.c **** *******************************************************************************/
 287:Generated_Source\PSoC4/cyfitter_cfg.c **** CY_CFG_SECTION
 288:Generated_Source\PSoC4/cyfitter_cfg.c **** void cyfitter_cfg(void)
 289:Generated_Source\PSoC4/cyfitter_cfg.c **** {
 219              		.loc 1 289 0
 220              		.cfi_startproc
ARM GAS  C:\Users\Kozak\AppData\Local\Temp\ccXd4ZRO.s 			page 10


 221              		@ args = 0, pretend = 0, frame = 0
 222              		@ frame_needed = 0, uses_anonymous_args = 0
 223 0084 10B5     		push	{r4, lr}
 224              		.cfi_def_cfa_offset 8
 225              		.cfi_offset 4, -8
 226              		.cfi_offset 14, -4
 290:Generated_Source\PSoC4/cyfitter_cfg.c **** 	/* Disable interrupts by default. Let user enable if/when they want. */
 291:Generated_Source\PSoC4/cyfitter_cfg.c **** 	CyGlobalIntDisable;
 227              		.loc 1 291 0
 228              		.syntax divided
 229              	@ 291 "Generated_Source\PSoC4\cyfitter_cfg.c" 1
 230 0086 72B6     		CPSID   i
 231              	@ 0 "" 2
 292:Generated_Source\PSoC4/cyfitter_cfg.c **** 
 293:Generated_Source\PSoC4/cyfitter_cfg.c **** 	{
 294:Generated_Source\PSoC4/cyfitter_cfg.c **** 		/* HSIOM Starting address: CYDEV_HSIOM_BASE */
 295:Generated_Source\PSoC4/cyfitter_cfg.c **** 		CY_SET_REG32((void *)(CYDEV_HSIOM_BASE), 0x00900000u);
 232              		.loc 1 295 0
 233              		.thumb
 234              		.syntax unified
 235 0088 9022     		movs	r2, #144
 236 008a 1204     		lsls	r2, r2, #16
 237 008c 184B     		ldr	r3, .L15
 238 008e 1A60     		str	r2, [r3]
 296:Generated_Source\PSoC4/cyfitter_cfg.c **** 		CY_SET_REG32((void *)(CYREG_HSIOM_PORT_SEL3), 0x0000EE00u);
 239              		.loc 1 296 0
 240 0090 EE22     		movs	r2, #238
 241 0092 1202     		lsls	r2, r2, #8
 242 0094 174B     		ldr	r3, .L15+4
 243 0096 1A60     		str	r2, [r3]
 297:Generated_Source\PSoC4/cyfitter_cfg.c **** 
 298:Generated_Source\PSoC4/cyfitter_cfg.c **** 	}
 299:Generated_Source\PSoC4/cyfitter_cfg.c **** 
 300:Generated_Source\PSoC4/cyfitter_cfg.c **** 	/* Perform second pass device configuration. These items must be configured in specific order afte
 301:Generated_Source\PSoC4/cyfitter_cfg.c **** 	/* IOPINS0_0 Starting address: CYDEV_GPIO_PRT0_BASE */
 302:Generated_Source\PSoC4/cyfitter_cfg.c **** 	CY_SET_REG32((void *)(CYDEV_GPIO_PRT0_BASE), 0x000000A0u);
 244              		.loc 1 302 0
 245 0098 A022     		movs	r2, #160
 246 009a 174B     		ldr	r3, .L15+8
 247 009c 1A60     		str	r2, [r3]
 303:Generated_Source\PSoC4/cyfitter_cfg.c **** 	CY_SET_REG32((void *)(CYREG_GPIO_PRT0_PC), 0x00430000u);
 248              		.loc 1 303 0
 249 009e 8622     		movs	r2, #134
 250 00a0 D203     		lsls	r2, r2, #15
 251 00a2 164B     		ldr	r3, .L15+12
 252 00a4 1A60     		str	r2, [r3]
 304:Generated_Source\PSoC4/cyfitter_cfg.c **** 	CY_SET_REG32((void *)(CYREG_GPIO_PRT0_INTR_CFG), 0x00008000u);
 253              		.loc 1 304 0
 254 00a6 8023     		movs	r3, #128
 255 00a8 1B02     		lsls	r3, r3, #8
 256 00aa 154A     		ldr	r2, .L15+16
 257 00ac 1360     		str	r3, [r2]
 305:Generated_Source\PSoC4/cyfitter_cfg.c **** 	CY_SET_REG32((void *)(CYREG_GPIO_PRT0_PC2), 0x00000020u);
 258              		.loc 1 305 0
 259 00ae 2021     		movs	r1, #32
 260 00b0 144A     		ldr	r2, .L15+20
 261 00b2 1160     		str	r1, [r2]
ARM GAS  C:\Users\Kozak\AppData\Local\Temp\ccXd4ZRO.s 			page 11


 306:Generated_Source\PSoC4/cyfitter_cfg.c **** 
 307:Generated_Source\PSoC4/cyfitter_cfg.c **** 	/* IOPINS0_1 Starting address: CYDEV_GPIO_PRT1_BASE */
 308:Generated_Source\PSoC4/cyfitter_cfg.c **** 	CY_SET_REG32((void *)(CYDEV_GPIO_PRT1_BASE), 0x00000080u);
 262              		.loc 1 308 0
 263 00b4 6031     		adds	r1, r1, #96
 264 00b6 144A     		ldr	r2, .L15+24
 265 00b8 1160     		str	r1, [r2]
 309:Generated_Source\PSoC4/cyfitter_cfg.c **** 	CY_SET_REG32((void *)(CYREG_GPIO_PRT1_PC), 0x005B6DB6u);
 266              		.loc 1 309 0
 267 00ba 1449     		ldr	r1, .L15+28
 268 00bc 144A     		ldr	r2, .L15+32
 269 00be 1160     		str	r1, [r2]
 310:Generated_Source\PSoC4/cyfitter_cfg.c **** 	CY_SET_REG32((void *)(CYREG_GPIO_PRT1_INTR_CFG), 0x00008000u);
 270              		.loc 1 310 0
 271 00c0 144A     		ldr	r2, .L15+36
 272 00c2 1360     		str	r3, [r2]
 311:Generated_Source\PSoC4/cyfitter_cfg.c **** 
 312:Generated_Source\PSoC4/cyfitter_cfg.c **** 	/* IOPINS0_2 Starting address: CYDEV_GPIO_PRT2_BASE */
 313:Generated_Source\PSoC4/cyfitter_cfg.c **** 	CY_SET_REG32((void *)(CYDEV_GPIO_PRT2_BASE), 0x00000001u);
 273              		.loc 1 313 0
 274 00c4 0123     		movs	r3, #1
 275 00c6 144A     		ldr	r2, .L15+40
 276 00c8 1360     		str	r3, [r2]
 314:Generated_Source\PSoC4/cyfitter_cfg.c **** 	CY_SET_REG32((void *)(CYREG_GPIO_PRT2_PC), 0x00000002u);
 277              		.loc 1 314 0
 278 00ca 0222     		movs	r2, #2
 279 00cc 1349     		ldr	r1, .L15+44
 280 00ce 0A60     		str	r2, [r1]
 315:Generated_Source\PSoC4/cyfitter_cfg.c **** 	CY_SET_REG32((void *)(CYREG_GPIO_PRT2_INTR_CFG), 0x00000001u);
 281              		.loc 1 315 0
 282 00d0 1349     		ldr	r1, .L15+48
 283 00d2 0B60     		str	r3, [r1]
 316:Generated_Source\PSoC4/cyfitter_cfg.c **** 
 317:Generated_Source\PSoC4/cyfitter_cfg.c **** 	/* IOPINS0_3 Starting address: CYDEV_GPIO_PRT3_BASE */
 318:Generated_Source\PSoC4/cyfitter_cfg.c **** 	CY_SET_REG32((void *)(CYDEV_GPIO_PRT3_BASE), 0x00000001u);
 284              		.loc 1 318 0
 285 00d4 1349     		ldr	r1, .L15+52
 286 00d6 0B60     		str	r3, [r1]
 319:Generated_Source\PSoC4/cyfitter_cfg.c **** 	CY_SET_REG32((void *)(CYREG_GPIO_PRT3_PC), 0x00000D82u);
 287              		.loc 1 319 0
 288 00d8 1348     		ldr	r0, .L15+56
 289 00da 1449     		ldr	r1, .L15+60
 290 00dc 0860     		str	r0, [r1]
 320:Generated_Source\PSoC4/cyfitter_cfg.c **** 	CY_SET_REG32((void *)(CYREG_GPIO_PRT3_INTR_CFG), 0x00000002u);
 291              		.loc 1 320 0
 292 00de 1449     		ldr	r1, .L15+64
 293 00e0 0A60     		str	r2, [r1]
 321:Generated_Source\PSoC4/cyfitter_cfg.c **** 
 322:Generated_Source\PSoC4/cyfitter_cfg.c **** 	/* IOPINS0_4 Starting address: CYDEV_GPIO_PRT4_BASE */
 323:Generated_Source\PSoC4/cyfitter_cfg.c **** 	CY_SET_REG32((void *)(CYREG_GPIO_PRT4_PC2), 0x00000001u);
 294              		.loc 1 323 0
 295 00e2 144A     		ldr	r2, .L15+68
 296 00e4 1360     		str	r3, [r2]
 324:Generated_Source\PSoC4/cyfitter_cfg.c **** 
 325:Generated_Source\PSoC4/cyfitter_cfg.c **** 
 326:Generated_Source\PSoC4/cyfitter_cfg.c **** 	/* Setup clocks based on selections from Clock DWR */
 327:Generated_Source\PSoC4/cyfitter_cfg.c **** 	ClockSetup();
ARM GAS  C:\Users\Kozak\AppData\Local\Temp\ccXd4ZRO.s 			page 12


 297              		.loc 1 327 0
 298 00e6 FFF78BFF 		bl	ClockSetup
 299              	.LVL11:
 328:Generated_Source\PSoC4/cyfitter_cfg.c **** 
 329:Generated_Source\PSoC4/cyfitter_cfg.c **** 	/* Perform basic analog initialization to defaults */
 330:Generated_Source\PSoC4/cyfitter_cfg.c **** 	AnalogSetDefault();
 300              		.loc 1 330 0
 301 00ea FFF7FEFF 		bl	AnalogSetDefault
 302              	.LVL12:
 331:Generated_Source\PSoC4/cyfitter_cfg.c **** 
 332:Generated_Source\PSoC4/cyfitter_cfg.c **** }
 303              		.loc 1 332 0
 304              		@ sp needed
 305 00ee 10BD     		pop	{r4, pc}
 306              	.L16:
 307              		.align	2
 308              	.L15:
 309 00f0 00000240 		.word	1073872896
 310 00f4 00030240 		.word	1073873664
 311 00f8 00000440 		.word	1074003968
 312 00fc 08000440 		.word	1074003976
 313 0100 0C000440 		.word	1074003980
 314 0104 18000440 		.word	1074003992
 315 0108 00010440 		.word	1074004224
 316 010c B66D5B00 		.word	5991862
 317 0110 08010440 		.word	1074004232
 318 0114 0C010440 		.word	1074004236
 319 0118 00020440 		.word	1074004480
 320 011c 08020440 		.word	1074004488
 321 0120 0C020440 		.word	1074004492
 322 0124 00030440 		.word	1074004736
 323 0128 820D0000 		.word	3458
 324 012c 08030440 		.word	1074004744
 325 0130 0C030440 		.word	1074004748
 326 0134 18040440 		.word	1074005016
 327              		.cfi_endproc
 328              	.LFE7:
 329              		.size	cyfitter_cfg, .-cyfitter_cfg
 330              		.text
 331              	.Letext0:
 332              		.file 2 "Generated_Source\\PSoC4\\cytypes.h"
 333              		.file 3 "Generated_Source\\PSoC4\\CyLib.h"
 334              		.section	.debug_info,"",%progbits
 335              	.Ldebug_info0:
 336 0000 64010000 		.4byte	0x164
 337 0004 0400     		.2byte	0x4
 338 0006 00000000 		.4byte	.Ldebug_abbrev0
 339 000a 04       		.byte	0x4
 340 000b 01       		.uleb128 0x1
 341 000c 6E010000 		.4byte	.LASF21
 342 0010 0C       		.byte	0xc
 343 0011 15000000 		.4byte	.LASF22
 344 0015 8A000000 		.4byte	.LASF23
 345 0019 00000000 		.4byte	.Ldebug_ranges0+0
 346 001d 00000000 		.4byte	0
 347 0021 00000000 		.4byte	.Ldebug_line0
 348 0025 02       		.uleb128 0x2
ARM GAS  C:\Users\Kozak\AppData\Local\Temp\ccXd4ZRO.s 			page 13


 349 0026 04       		.byte	0x4
 350 0027 05       		.byte	0x5
 351 0028 696E7400 		.ascii	"int\000"
 352 002c 03       		.uleb128 0x3
 353 002d 04       		.byte	0x4
 354 002e 07       		.byte	0x7
 355 002f 3B000000 		.4byte	.LASF0
 356 0033 03       		.uleb128 0x3
 357 0034 08       		.byte	0x8
 358 0035 05       		.byte	0x5
 359 0036 00000000 		.4byte	.LASF1
 360 003a 03       		.uleb128 0x3
 361 003b 08       		.byte	0x8
 362 003c 04       		.byte	0x4
 363 003d 47010000 		.4byte	.LASF2
 364 0041 03       		.uleb128 0x3
 365 0042 01       		.byte	0x1
 366 0043 06       		.byte	0x6
 367 0044 3B010000 		.4byte	.LASF3
 368 0048 03       		.uleb128 0x3
 369 0049 01       		.byte	0x1
 370 004a 08       		.byte	0x8
 371 004b E3000000 		.4byte	.LASF4
 372 004f 03       		.uleb128 0x3
 373 0050 02       		.byte	0x2
 374 0051 05       		.byte	0x5
 375 0052 64010000 		.4byte	.LASF5
 376 0056 03       		.uleb128 0x3
 377 0057 02       		.byte	0x2
 378 0058 07       		.byte	0x7
 379 0059 28010000 		.4byte	.LASF6
 380 005d 03       		.uleb128 0x3
 381 005e 04       		.byte	0x4
 382 005f 05       		.byte	0x5
 383 0060 F6000000 		.4byte	.LASF7
 384 0064 03       		.uleb128 0x3
 385 0065 04       		.byte	0x4
 386 0066 07       		.byte	0x7
 387 0067 4E000000 		.4byte	.LASF8
 388 006b 03       		.uleb128 0x3
 389 006c 08       		.byte	0x8
 390 006d 07       		.byte	0x7
 391 006e 6D000000 		.4byte	.LASF9
 392 0072 03       		.uleb128 0x3
 393 0073 04       		.byte	0x4
 394 0074 07       		.byte	0x7
 395 0075 00020000 		.4byte	.LASF10
 396 0079 03       		.uleb128 0x3
 397 007a 01       		.byte	0x1
 398 007b 08       		.byte	0x8
 399 007c F1000000 		.4byte	.LASF11
 400 0080 04       		.uleb128 0x4
 401 0081 48000000 		.4byte	.LASF12
 402 0085 02       		.byte	0x2
 403 0086 E401     		.2byte	0x1e4
 404 0088 48000000 		.4byte	0x48
 405 008c 04       		.uleb128 0x4
ARM GAS  C:\Users\Kozak\AppData\Local\Temp\ccXd4ZRO.s 			page 14


 406 008d 0E000000 		.4byte	.LASF13
 407 0091 02       		.byte	0x2
 408 0092 E601     		.2byte	0x1e6
 409 0094 64000000 		.4byte	0x64
 410 0098 03       		.uleb128 0x3
 411 0099 04       		.byte	0x4
 412 009a 04       		.byte	0x4
 413 009b 84000000 		.4byte	.LASF14
 414 009f 03       		.uleb128 0x3
 415 00a0 08       		.byte	0x8
 416 00a1 04       		.byte	0x4
 417 00a2 1B010000 		.4byte	.LASF15
 418 00a6 04       		.uleb128 0x4
 419 00a7 22010000 		.4byte	.LASF16
 420 00ab 02       		.byte	0x2
 421 00ac 9002     		.2byte	0x290
 422 00ae B2000000 		.4byte	0xb2
 423 00b2 05       		.uleb128 0x5
 424 00b3 8C000000 		.4byte	0x8c
 425 00b7 06       		.uleb128 0x6
 426 00b8 10010000 		.4byte	.LASF17
 427 00bc 01       		.byte	0x1
 428 00bd A9       		.byte	0xa9
 429 00be 00000000 		.4byte	.LFB4
 430 00c2 84000000 		.4byte	.LFE4-.LFB4
 431 00c6 01       		.uleb128 0x1
 432 00c7 9C       		.byte	0x9c
 433 00c8 DC000000 		.4byte	0xdc
 434 00cc 07       		.uleb128 0x7
 435 00cd 0E000000 		.4byte	.LVL0
 436 00d1 5C010000 		.4byte	0x15c
 437 00d5 08       		.uleb128 0x8
 438 00d6 01       		.uleb128 0x1
 439 00d7 50       		.byte	0x50
 440 00d8 01       		.uleb128 0x1
 441 00d9 48       		.byte	0x48
 442 00da 00       		.byte	0
 443 00db 00       		.byte	0
 444 00dc 09       		.uleb128 0x9
 445 00dd B8000000 		.4byte	.LASF19
 446 00e1 01       		.byte	0x1
 447 00e2 F4       		.byte	0xf4
 448 00e3 00000000 		.4byte	.LFB6
 449 00e7 38000000 		.4byte	.LFE6-.LFB6
 450 00eb 01       		.uleb128 0x1
 451 00ec 9C       		.byte	0x9c
 452 00ed 0E010000 		.4byte	0x10e
 453 00f1 0A       		.uleb128 0xa
 454 00f2 53010000 		.4byte	.LASF24
 455 00f6 01       		.byte	0x1
 456 00f7 F4       		.byte	0xf4
 457 00f8 80000000 		.4byte	0x80
 458 00fc 01       		.uleb128 0x1
 459 00fd 50       		.byte	0x50
 460 00fe 0B       		.uleb128 0xb
 461 00ff 5B010000 		.4byte	.LASF25
 462 0103 01       		.byte	0x1
ARM GAS  C:\Users\Kozak\AppData\Local\Temp\ccXd4ZRO.s 			page 15


 463 0104 F6       		.byte	0xf6
 464 0105 8C000000 		.4byte	0x8c
 465 0109 00000000 		.4byte	.LLST0
 466 010d 00       		.byte	0
 467 010e 06       		.uleb128 0x6
 468 010f FF000000 		.4byte	.LASF18
 469 0113 01       		.byte	0x1
 470 0114 DD       		.byte	0xdd
 471 0115 00000000 		.4byte	.LFB5
 472 0119 14000000 		.4byte	.LFE5-.LFB5
 473 011d 01       		.uleb128 0x1
 474 011e 9C       		.byte	0x9c
 475 011f 33010000 		.4byte	0x133
 476 0123 07       		.uleb128 0x7
 477 0124 0E000000 		.4byte	.LVL10
 478 0128 DC000000 		.4byte	0xdc
 479 012c 08       		.uleb128 0x8
 480 012d 01       		.uleb128 0x1
 481 012e 50       		.byte	0x50
 482 012f 01       		.uleb128 0x1
 483 0130 31       		.byte	0x31
 484 0131 00       		.byte	0
 485 0132 00       		.byte	0
 486 0133 0C       		.uleb128 0xc
 487 0134 60000000 		.4byte	.LASF20
 488 0138 01       		.byte	0x1
 489 0139 2001     		.2byte	0x120
 490 013b 84000000 		.4byte	.LFB7
 491 013f B4000000 		.4byte	.LFE7-.LFB7
 492 0143 01       		.uleb128 0x1
 493 0144 9C       		.byte	0x9c
 494 0145 5C010000 		.4byte	0x15c
 495 0149 0D       		.uleb128 0xd
 496 014a EA000000 		.4byte	.LVL11
 497 014e B7000000 		.4byte	0xb7
 498 0152 0D       		.uleb128 0xd
 499 0153 EE000000 		.4byte	.LVL12
 500 0157 0E010000 		.4byte	0x10e
 501 015b 00       		.byte	0
 502 015c 0E       		.uleb128 0xe
 503 015d CE000000 		.4byte	.LASF26
 504 0161 CE000000 		.4byte	.LASF26
 505 0165 03       		.byte	0x3
 506 0166 6C       		.byte	0x6c
 507 0167 00       		.byte	0
 508              		.section	.debug_abbrev,"",%progbits
 509              	.Ldebug_abbrev0:
 510 0000 01       		.uleb128 0x1
 511 0001 11       		.uleb128 0x11
 512 0002 01       		.byte	0x1
 513 0003 25       		.uleb128 0x25
 514 0004 0E       		.uleb128 0xe
 515 0005 13       		.uleb128 0x13
 516 0006 0B       		.uleb128 0xb
 517 0007 03       		.uleb128 0x3
 518 0008 0E       		.uleb128 0xe
 519 0009 1B       		.uleb128 0x1b
ARM GAS  C:\Users\Kozak\AppData\Local\Temp\ccXd4ZRO.s 			page 16


 520 000a 0E       		.uleb128 0xe
 521 000b 55       		.uleb128 0x55
 522 000c 17       		.uleb128 0x17
 523 000d 11       		.uleb128 0x11
 524 000e 01       		.uleb128 0x1
 525 000f 10       		.uleb128 0x10
 526 0010 17       		.uleb128 0x17
 527 0011 00       		.byte	0
 528 0012 00       		.byte	0
 529 0013 02       		.uleb128 0x2
 530 0014 24       		.uleb128 0x24
 531 0015 00       		.byte	0
 532 0016 0B       		.uleb128 0xb
 533 0017 0B       		.uleb128 0xb
 534 0018 3E       		.uleb128 0x3e
 535 0019 0B       		.uleb128 0xb
 536 001a 03       		.uleb128 0x3
 537 001b 08       		.uleb128 0x8
 538 001c 00       		.byte	0
 539 001d 00       		.byte	0
 540 001e 03       		.uleb128 0x3
 541 001f 24       		.uleb128 0x24
 542 0020 00       		.byte	0
 543 0021 0B       		.uleb128 0xb
 544 0022 0B       		.uleb128 0xb
 545 0023 3E       		.uleb128 0x3e
 546 0024 0B       		.uleb128 0xb
 547 0025 03       		.uleb128 0x3
 548 0026 0E       		.uleb128 0xe
 549 0027 00       		.byte	0
 550 0028 00       		.byte	0
 551 0029 04       		.uleb128 0x4
 552 002a 16       		.uleb128 0x16
 553 002b 00       		.byte	0
 554 002c 03       		.uleb128 0x3
 555 002d 0E       		.uleb128 0xe
 556 002e 3A       		.uleb128 0x3a
 557 002f 0B       		.uleb128 0xb
 558 0030 3B       		.uleb128 0x3b
 559 0031 05       		.uleb128 0x5
 560 0032 49       		.uleb128 0x49
 561 0033 13       		.uleb128 0x13
 562 0034 00       		.byte	0
 563 0035 00       		.byte	0
 564 0036 05       		.uleb128 0x5
 565 0037 35       		.uleb128 0x35
 566 0038 00       		.byte	0
 567 0039 49       		.uleb128 0x49
 568 003a 13       		.uleb128 0x13
 569 003b 00       		.byte	0
 570 003c 00       		.byte	0
 571 003d 06       		.uleb128 0x6
 572 003e 2E       		.uleb128 0x2e
 573 003f 01       		.byte	0x1
 574 0040 03       		.uleb128 0x3
 575 0041 0E       		.uleb128 0xe
 576 0042 3A       		.uleb128 0x3a
ARM GAS  C:\Users\Kozak\AppData\Local\Temp\ccXd4ZRO.s 			page 17


 577 0043 0B       		.uleb128 0xb
 578 0044 3B       		.uleb128 0x3b
 579 0045 0B       		.uleb128 0xb
 580 0046 27       		.uleb128 0x27
 581 0047 19       		.uleb128 0x19
 582 0048 11       		.uleb128 0x11
 583 0049 01       		.uleb128 0x1
 584 004a 12       		.uleb128 0x12
 585 004b 06       		.uleb128 0x6
 586 004c 40       		.uleb128 0x40
 587 004d 18       		.uleb128 0x18
 588 004e 9742     		.uleb128 0x2117
 589 0050 19       		.uleb128 0x19
 590 0051 01       		.uleb128 0x1
 591 0052 13       		.uleb128 0x13
 592 0053 00       		.byte	0
 593 0054 00       		.byte	0
 594 0055 07       		.uleb128 0x7
 595 0056 898201   		.uleb128 0x4109
 596 0059 01       		.byte	0x1
 597 005a 11       		.uleb128 0x11
 598 005b 01       		.uleb128 0x1
 599 005c 31       		.uleb128 0x31
 600 005d 13       		.uleb128 0x13
 601 005e 00       		.byte	0
 602 005f 00       		.byte	0
 603 0060 08       		.uleb128 0x8
 604 0061 8A8201   		.uleb128 0x410a
 605 0064 00       		.byte	0
 606 0065 02       		.uleb128 0x2
 607 0066 18       		.uleb128 0x18
 608 0067 9142     		.uleb128 0x2111
 609 0069 18       		.uleb128 0x18
 610 006a 00       		.byte	0
 611 006b 00       		.byte	0
 612 006c 09       		.uleb128 0x9
 613 006d 2E       		.uleb128 0x2e
 614 006e 01       		.byte	0x1
 615 006f 3F       		.uleb128 0x3f
 616 0070 19       		.uleb128 0x19
 617 0071 03       		.uleb128 0x3
 618 0072 0E       		.uleb128 0xe
 619 0073 3A       		.uleb128 0x3a
 620 0074 0B       		.uleb128 0xb
 621 0075 3B       		.uleb128 0x3b
 622 0076 0B       		.uleb128 0xb
 623 0077 27       		.uleb128 0x27
 624 0078 19       		.uleb128 0x19
 625 0079 11       		.uleb128 0x11
 626 007a 01       		.uleb128 0x1
 627 007b 12       		.uleb128 0x12
 628 007c 06       		.uleb128 0x6
 629 007d 40       		.uleb128 0x40
 630 007e 18       		.uleb128 0x18
 631 007f 9742     		.uleb128 0x2117
 632 0081 19       		.uleb128 0x19
 633 0082 01       		.uleb128 0x1
ARM GAS  C:\Users\Kozak\AppData\Local\Temp\ccXd4ZRO.s 			page 18


 634 0083 13       		.uleb128 0x13
 635 0084 00       		.byte	0
 636 0085 00       		.byte	0
 637 0086 0A       		.uleb128 0xa
 638 0087 05       		.uleb128 0x5
 639 0088 00       		.byte	0
 640 0089 03       		.uleb128 0x3
 641 008a 0E       		.uleb128 0xe
 642 008b 3A       		.uleb128 0x3a
 643 008c 0B       		.uleb128 0xb
 644 008d 3B       		.uleb128 0x3b
 645 008e 0B       		.uleb128 0xb
 646 008f 49       		.uleb128 0x49
 647 0090 13       		.uleb128 0x13
 648 0091 02       		.uleb128 0x2
 649 0092 18       		.uleb128 0x18
 650 0093 00       		.byte	0
 651 0094 00       		.byte	0
 652 0095 0B       		.uleb128 0xb
 653 0096 34       		.uleb128 0x34
 654 0097 00       		.byte	0
 655 0098 03       		.uleb128 0x3
 656 0099 0E       		.uleb128 0xe
 657 009a 3A       		.uleb128 0x3a
 658 009b 0B       		.uleb128 0xb
 659 009c 3B       		.uleb128 0x3b
 660 009d 0B       		.uleb128 0xb
 661 009e 49       		.uleb128 0x49
 662 009f 13       		.uleb128 0x13
 663 00a0 02       		.uleb128 0x2
 664 00a1 17       		.uleb128 0x17
 665 00a2 00       		.byte	0
 666 00a3 00       		.byte	0
 667 00a4 0C       		.uleb128 0xc
 668 00a5 2E       		.uleb128 0x2e
 669 00a6 01       		.byte	0x1
 670 00a7 3F       		.uleb128 0x3f
 671 00a8 19       		.uleb128 0x19
 672 00a9 03       		.uleb128 0x3
 673 00aa 0E       		.uleb128 0xe
 674 00ab 3A       		.uleb128 0x3a
 675 00ac 0B       		.uleb128 0xb
 676 00ad 3B       		.uleb128 0x3b
 677 00ae 05       		.uleb128 0x5
 678 00af 27       		.uleb128 0x27
 679 00b0 19       		.uleb128 0x19
 680 00b1 11       		.uleb128 0x11
 681 00b2 01       		.uleb128 0x1
 682 00b3 12       		.uleb128 0x12
 683 00b4 06       		.uleb128 0x6
 684 00b5 40       		.uleb128 0x40
 685 00b6 18       		.uleb128 0x18
 686 00b7 9742     		.uleb128 0x2117
 687 00b9 19       		.uleb128 0x19
 688 00ba 01       		.uleb128 0x1
 689 00bb 13       		.uleb128 0x13
 690 00bc 00       		.byte	0
ARM GAS  C:\Users\Kozak\AppData\Local\Temp\ccXd4ZRO.s 			page 19


 691 00bd 00       		.byte	0
 692 00be 0D       		.uleb128 0xd
 693 00bf 898201   		.uleb128 0x4109
 694 00c2 00       		.byte	0
 695 00c3 11       		.uleb128 0x11
 696 00c4 01       		.uleb128 0x1
 697 00c5 31       		.uleb128 0x31
 698 00c6 13       		.uleb128 0x13
 699 00c7 00       		.byte	0
 700 00c8 00       		.byte	0
 701 00c9 0E       		.uleb128 0xe
 702 00ca 2E       		.uleb128 0x2e
 703 00cb 00       		.byte	0
 704 00cc 3F       		.uleb128 0x3f
 705 00cd 19       		.uleb128 0x19
 706 00ce 3C       		.uleb128 0x3c
 707 00cf 19       		.uleb128 0x19
 708 00d0 6E       		.uleb128 0x6e
 709 00d1 0E       		.uleb128 0xe
 710 00d2 03       		.uleb128 0x3
 711 00d3 0E       		.uleb128 0xe
 712 00d4 3A       		.uleb128 0x3a
 713 00d5 0B       		.uleb128 0xb
 714 00d6 3B       		.uleb128 0x3b
 715 00d7 0B       		.uleb128 0xb
 716 00d8 00       		.byte	0
 717 00d9 00       		.byte	0
 718 00da 00       		.byte	0
 719              		.section	.debug_loc,"",%progbits
 720              	.Ldebug_loc0:
 721              	.LLST0:
 722 0000 04000000 		.4byte	.LVL2
 723 0004 12000000 		.4byte	.LVL4
 724 0008 0100     		.2byte	0x1
 725 000a 53       		.byte	0x53
 726 000b 14000000 		.4byte	.LVL5
 727 000f 1A000000 		.4byte	.LVL6
 728 0013 0100     		.2byte	0x1
 729 0015 53       		.byte	0x53
 730 0016 1A000000 		.4byte	.LVL6
 731 001a 1C000000 		.4byte	.LVL7
 732 001e 0200     		.2byte	0x2
 733 0020 72       		.byte	0x72
 734 0021 00       		.sleb128 0
 735 0022 1C000000 		.4byte	.LVL7
 736 0026 38000000 		.4byte	.LFE6
 737 002a 0100     		.2byte	0x1
 738 002c 53       		.byte	0x53
 739 002d 00000000 		.4byte	0
 740 0031 00000000 		.4byte	0
 741              		.section	.debug_aranges,"",%progbits
 742 0000 34000000 		.4byte	0x34
 743 0004 0200     		.2byte	0x2
 744 0006 00000000 		.4byte	.Ldebug_info0
 745 000a 04       		.byte	0x4
 746 000b 00       		.byte	0
 747 000c 0000     		.2byte	0
ARM GAS  C:\Users\Kozak\AppData\Local\Temp\ccXd4ZRO.s 			page 20


 748 000e 0000     		.2byte	0
 749 0010 00000000 		.4byte	.LFB4
 750 0014 84000000 		.4byte	.LFE4-.LFB4
 751 0018 00000000 		.4byte	.LFB6
 752 001c 38000000 		.4byte	.LFE6-.LFB6
 753 0020 00000000 		.4byte	.LFB5
 754 0024 14000000 		.4byte	.LFE5-.LFB5
 755 0028 84000000 		.4byte	.LFB7
 756 002c B4000000 		.4byte	.LFE7-.LFB7
 757 0030 00000000 		.4byte	0
 758 0034 00000000 		.4byte	0
 759              		.section	.debug_ranges,"",%progbits
 760              	.Ldebug_ranges0:
 761 0000 00000000 		.4byte	.LFB4
 762 0004 84000000 		.4byte	.LFE4
 763 0008 00000000 		.4byte	.LFB6
 764 000c 38000000 		.4byte	.LFE6
 765 0010 00000000 		.4byte	.LFB5
 766 0014 14000000 		.4byte	.LFE5
 767 0018 84000000 		.4byte	.LFB7
 768 001c 38010000 		.4byte	.LFE7
 769 0020 00000000 		.4byte	0
 770 0024 00000000 		.4byte	0
 771              		.section	.debug_line,"",%progbits
 772              	.Ldebug_line0:
 773 0000 BF000000 		.section	.debug_str,"MS",%progbits,1
 773      02005400 
 773      00000201 
 773      FB0E0D00 
 773      01010101 
 774              	.LASF1:
 775 0000 6C6F6E67 		.ascii	"long long int\000"
 775      206C6F6E 
 775      6720696E 
 775      7400
 776              	.LASF13:
 777 000e 75696E74 		.ascii	"uint32\000"
 777      333200
 778              	.LASF22:
 779 0015 47656E65 		.ascii	"Generated_Source\\PSoC4\\cyfitter_cfg.c\000"
 779      72617465 
 779      645F536F 
 779      75726365 
 779      5C50536F 
 780              	.LASF0:
 781 003b 756E7369 		.ascii	"unsigned int\000"
 781      676E6564 
 781      20696E74 
 781      00
 782              	.LASF12:
 783 0048 75696E74 		.ascii	"uint8\000"
 783      3800
 784              	.LASF8:
 785 004e 6C6F6E67 		.ascii	"long unsigned int\000"
 785      20756E73 
 785      69676E65 
 785      6420696E 
ARM GAS  C:\Users\Kozak\AppData\Local\Temp\ccXd4ZRO.s 			page 21


 785      7400
 786              	.LASF20:
 787 0060 63796669 		.ascii	"cyfitter_cfg\000"
 787      74746572 
 787      5F636667 
 787      00
 788              	.LASF9:
 789 006d 6C6F6E67 		.ascii	"long long unsigned int\000"
 789      206C6F6E 
 789      6720756E 
 789      7369676E 
 789      65642069 
 790              	.LASF14:
 791 0084 666C6F61 		.ascii	"float\000"
 791      7400
 792              	.LASF23:
 793 008a 433A5C4D 		.ascii	"C:\\My\\Bipboy\\bipboy\\BipBoyWorkspace\\lcd.cydsn\000"
 793      795C4269 
 793      70626F79 
 793      5C626970 
 793      626F795C 
 794              	.LASF19:
 795 00b8 53657441 		.ascii	"SetAnalogRoutingPumps\000"
 795      6E616C6F 
 795      67526F75 
 795      74696E67 
 795      50756D70 
 796              	.LASF26:
 797 00ce 43795379 		.ascii	"CySysClkWriteImoFreq\000"
 797      73436C6B 
 797      57726974 
 797      65496D6F 
 797      46726571 
 798              	.LASF4:
 799 00e3 756E7369 		.ascii	"unsigned char\000"
 799      676E6564 
 799      20636861 
 799      7200
 800              	.LASF11:
 801 00f1 63686172 		.ascii	"char\000"
 801      00
 802              	.LASF7:
 803 00f6 6C6F6E67 		.ascii	"long int\000"
 803      20696E74 
 803      00
 804              	.LASF18:
 805 00ff 416E616C 		.ascii	"AnalogSetDefault\000"
 805      6F675365 
 805      74446566 
 805      61756C74 
 805      00
 806              	.LASF17:
 807 0110 436C6F63 		.ascii	"ClockSetup\000"
 807      6B536574 
 807      757000
 808              	.LASF15:
 809 011b 646F7562 		.ascii	"double\000"
ARM GAS  C:\Users\Kozak\AppData\Local\Temp\ccXd4ZRO.s 			page 22


 809      6C6500
 810              	.LASF16:
 811 0122 72656733 		.ascii	"reg32\000"
 811      3200
 812              	.LASF6:
 813 0128 73686F72 		.ascii	"short unsigned int\000"
 813      7420756E 
 813      7369676E 
 813      65642069 
 813      6E7400
 814              	.LASF3:
 815 013b 7369676E 		.ascii	"signed char\000"
 815      65642063 
 815      68617200 
 816              	.LASF2:
 817 0147 6C6F6E67 		.ascii	"long double\000"
 817      20646F75 
 817      626C6500 
 818              	.LASF24:
 819 0153 656E6162 		.ascii	"enabled\000"
 819      6C656400 
 820              	.LASF25:
 821 015b 72656756 		.ascii	"regValue\000"
 821      616C7565 
 821      00
 822              	.LASF5:
 823 0164 73686F72 		.ascii	"short int\000"
 823      7420696E 
 823      7400
 824              	.LASF21:
 825 016e 474E5520 		.ascii	"GNU C11 5.4.1 20160609 (release) [ARM/embedded-5-br"
 825      43313120 
 825      352E342E 
 825      31203230 
 825      31363036 
 826 01a1 616E6368 		.ascii	"anch revision 237715] -mcpu=cortex-m0plus -mthumb -"
 826      20726576 
 826      6973696F 
 826      6E203233 
 826      37373135 
 827 01d4 67202D4F 		.ascii	"g -Og -ffunction-sections -ffat-lto-objects\000"
 827      67202D66 
 827      66756E63 
 827      74696F6E 
 827      2D736563 
 828              	.LASF10:
 829 0200 73697A65 		.ascii	"sizetype\000"
 829      74797065 
 829      00
 830              		.ident	"GCC: (GNU Tools for ARM Embedded Processors) 5.4.1 20160609 (release) [ARM/embedded-5-bran
