Archive member included to satisfy reference by file (symbol)

.\CortexM0p\ARM_GCC_541\Debug\lcd.a(LCD.o)
                              .\CortexM0p\ARM_GCC_541\Debug\lcd_bipboy.o (LCD_PrintString)
.\CortexM0p\ARM_GCC_541\Debug\lcd.a(LCD_CustChars.o)
                              .\CortexM0p\ARM_GCC_541\Debug\lcd.a(LCD.o) (LCD_LoadCustomFonts)
.\CortexM0p\ARM_GCC_541\Debug\lcd.a(ADC_Adc.o)
                              .\CortexM0p\ARM_GCC_541\Debug\adc_bipboy.o (ADC_Start)
.\CortexM0p\ARM_GCC_541\Debug\lcd.a(ADC_Adc_INT.o)
                              .\CortexM0p\ARM_GCC_541\Debug\lcd.a(ADC_Adc.o) (ADC_IntrHandler)
.\CortexM0p\ARM_GCC_541\Debug\lcd.a(ADC_Structure.o)
                              .\CortexM0p\ARM_GCC_541\Debug\lcd.a(ADC_Adc.o) (ADC_DsInitialize)
.\CortexM0p\ARM_GCC_541\Debug\lcd.a(ADC_ISR.o)
                              .\CortexM0p\ARM_GCC_541\Debug\lcd.a(ADC_Adc.o) (ADC_ISR_StartEx)
.\CortexM0p\ARM_GCC_541\Debug\lcd.a(CyLib.o)
                              .\CortexM0p\ARM_GCC_541\Debug\Cm0plusStart.o (CyHalt)
.\CortexM0p\ARM_GCC_541\Debug\lcd.a(CyLFClk.o)
                              .\CortexM0p\ARM_GCC_541\Debug\lcd.a(CyLib.o) (CySysClkWcoEnabled)
.\CortexM0p\ARM_GCC_541\Debug\lcd.a(Button_Back_Int.o)
                              .\CortexM0p\ARM_GCC_541\Debug\protocol.o (Button_Back_Int_StartEx)
.\CortexM0p\ARM_GCC_541\Debug\lcd.a(Button_Back.o)
                              .\CortexM0p\ARM_GCC_541\Debug\buttons.o (Button_Back_ClearInterrupt)
.\CortexM0p\ARM_GCC_541\Debug\lcd.a(Button_Ok.o)
                              .\CortexM0p\ARM_GCC_541\Debug\buttons.o (Button_Ok_ClearInterrupt)
.\CortexM0p\ARM_GCC_541\Debug\lcd.a(Button_Ok_Int.o)
                              .\CortexM0p\ARM_GCC_541\Debug\protocol.o (Button_Ok_Int_StartEx)
.\CortexM0p\ARM_GCC_541\Debug\lcd.a(Button_Up.o)
                              .\CortexM0p\ARM_GCC_541\Debug\buttons.o (Button_Up_ClearInterrupt)
.\CortexM0p\ARM_GCC_541\Debug\lcd.a(Button_Up_Int.o)
                              .\CortexM0p\ARM_GCC_541\Debug\protocol.o (Button_Up_Int_StartEx)
.\CortexM0p\ARM_GCC_541\Debug\lcd.a(Button_Down.o)
                              .\CortexM0p\ARM_GCC_541\Debug\buttons.o (Button_Down_ClearInterrupt)
.\CortexM0p\ARM_GCC_541\Debug\lcd.a(Button_Down_Int.o)
                              .\CortexM0p\ARM_GCC_541\Debug\protocol.o (Button_Down_Int_StartEx)
.\CortexM0p\ARM_GCC_541\Debug\lcd.a(UART.o)
                              .\CortexM0p\ARM_GCC_541\Debug\main.o (UART_Start)
.\CortexM0p\ARM_GCC_541\Debug\lcd.a(UART_SPI_UART.o)
                              .\CortexM0p\ARM_GCC_541\Debug\main.o (UART_SpiUartWriteTxData)
.\CortexM0p\ARM_GCC_541\Debug\lcd.a(UART_UART.o)
                              .\CortexM0p\ARM_GCC_541\Debug\lcd.a(UART.o) (UART_UartInit)
.\CortexM0p\ARM_GCC_541\Debug\lcd.a(CyBootAsmGnu.o)
                              .\CortexM0p\ARM_GCC_541\Debug\lcd.a(CyLib.o) (CyDelayCycles)
.\CortexM0p\ARM_GCC_541\Debug\lcd.a(CyFlash.o)
                              .\CortexM0p\ARM_GCC_541\Debug\lcd.a(CyLib.o) (CySysFlashSetWaitCycles)
c:/program files (x86)/cypress/psoc creator/4.2/psoc creator/import/gnu/arm/5.4.1/bin/../lib/gcc/arm-none-eabi/5.4.1/armv6-m\libgcc.a(_udivsi3.o)
                              .\CortexM0p\ARM_GCC_541\Debug\lcd.a(LCD.o) (__aeabi_uidiv)
c:/program files (x86)/cypress/psoc creator/4.2/psoc creator/import/gnu/arm/5.4.1/bin/../lib/gcc/arm-none-eabi/5.4.1/armv6-m\libgcc.a(_divsi3.o)
                              .\CortexM0p\ARM_GCC_541\Debug\lcd.a(ADC_Adc_INT.o) (__aeabi_idiv)
c:/program files (x86)/cypress/psoc creator/4.2/psoc creator/import/gnu/arm/5.4.1/bin/../lib/gcc/arm-none-eabi/5.4.1/armv6-m\libgcc.a(_dvmd_tls.o)
                              c:/program files (x86)/cypress/psoc creator/4.2/psoc creator/import/gnu/arm/5.4.1/bin/../lib/gcc/arm-none-eabi/5.4.1/armv6-m\libgcc.a(_udivsi3.o) (__aeabi_idiv0)
c:/program files (x86)/cypress/psoc creator/4.2/psoc creator/import/gnu/arm/5.4.1/bin/../lib/gcc/arm-none-eabi/5.4.1/../../../../arm-none-eabi/lib/armv6-m\libg_nano.a(lib_a-errno.o)
                              .\CortexM0p\ARM_GCC_541\Debug\Cm0plusStart.o (__errno)
c:/program files (x86)/cypress/psoc creator/4.2/psoc creator/import/gnu/arm/5.4.1/bin/../lib/gcc/arm-none-eabi/5.4.1/../../../../arm-none-eabi/lib/armv6-m\libg_nano.a(lib_a-exit.o)
                              c:/program files (x86)/cypress/psoc creator/4.2/psoc creator/import/gnu/arm/5.4.1/bin/../lib/gcc/arm-none-eabi/5.4.1/../../../../arm-none-eabi/lib/armv6-m/crt0.o (exit)
c:/program files (x86)/cypress/psoc creator/4.2/psoc creator/import/gnu/arm/5.4.1/bin/../lib/gcc/arm-none-eabi/5.4.1/../../../../arm-none-eabi/lib/armv6-m\libg_nano.a(lib_a-impure.o)
                              c:/program files (x86)/cypress/psoc creator/4.2/psoc creator/import/gnu/arm/5.4.1/bin/../lib/gcc/arm-none-eabi/5.4.1/../../../../arm-none-eabi/lib/armv6-m\libg_nano.a(lib_a-exit.o) (_global_impure_ptr)
[...]
Memory Configuration

Name             Origin             Length             Attributes
rom              0x00000000         0x00008000         xr
ram              0x20000000         0x00001000         xrw
*default*        0x00000000         0xffffffff

Linker script and memory map

LOAD c:/program files (x86)/cypress/psoc creator/4.2/psoc creator/import/gnu/arm/5.4.1/bin/../lib/gcc/arm-none-eabi/5.4.1/armv6-m/crti.o
LOAD c:/program files (x86)/cypress/psoc creator/4.2/psoc creator/import/gnu/arm/5.4.1/bin/../lib/gcc/arm-none-eabi/5.4.1/armv6-m/crtbegin.o
LOAD c:/program files (x86)/cypress/psoc creator/4.2/psoc creator/import/gnu/arm/5.4.1/bin/../lib/gcc/arm-none-eabi/5.4.1/../../../../arm-none-eabi/lib/armv6-m/crt0.o
START GROUP
LOAD .\CortexM0p\ARM_GCC_541\Debug\lcd_bipboy.o
LOAD .\CortexM0p\ARM_GCC_541\Debug\adc_bipboy.o
LOAD .\CortexM0p\ARM_GCC_541\Debug\protocol.o
LOAD .\CortexM0p\ARM_GCC_541\Debug\buttons.o
LOAD .\CortexM0p\ARM_GCC_541\Debug\main.o
LOAD .\CortexM0p\ARM_GCC_541\Debug\cyfitter_cfg.o
LOAD .\CortexM0p\ARM_GCC_541\Debug\cymetadata.o
LOAD .\CortexM0p\ARM_GCC_541\Debug\Cm0plusStart.o
LOAD .\CortexM0p\ARM_GCC_541\Debug\lcd.a
LOAD C:\Users\Kozak\Documents\PSoC Creator\4.2\Downloads ( 4.2).cylib\CapSense_P4_v6_0\PSoC4\Library\Capsense_P4Library_GCCp.a
END GROUP
START GROUP
LOAD c:/program files (x86)/cypress/psoc creator/4.2/psoc creator/import/gnu/arm/5.4.1/bin/../lib/gcc/arm-none-eabi/5.4.1/armv6-m\libgcc.a
LOAD c:/program files (x86)/cypress/psoc creator/4.2/psoc creator/import/gnu/arm/5.4.1/bin/../lib/gcc/arm-none-eabi/5.4.1/../../../../arm-none-eabi/lib/armv6-m\libg_nano.a
LOAD c:/program files (x86)/cypress/psoc creator/4.2/psoc creator/import/gnu/arm/5.4.1/bin/../lib/gcc/arm-none-eabi/5.4.1/../../../../arm-none-eabi/lib/armv6-m\libc_nano.a
END GROUP
START GROUP
LOAD c:/program files (x86)/cypress/psoc creator/4.2/psoc creator/import/gnu/arm/5.4.1/bin/../lib/gcc/arm-none-eabi/5.4.1/armv6-m\libgcc.a
LOAD c:/program files (x86)/cypress/psoc creator/4.2/psoc creator/import/gnu/arm/5.4.1/bin/../lib/gcc/arm-none-eabi/5.4.1/../../../../arm-none-eabi/lib/armv6-m\libc_nano.a
END GROUP
LOAD c:/program files (x86)/cypress/psoc creator/4.2/psoc creator/import/gnu/arm/5.4.1/bin/../lib/gcc/arm-none-eabi/5.4.1/armv6-m/crtend.o
LOAD c:/program files (x86)/cypress/psoc creator/4.2/psoc creator/import/gnu/arm/5.4.1/bin/../lib/gcc/arm-none-eabi/5.4.1/armv6-m/crtn.o
START GROUP
LOAD c:/program files (x86)/cypress/psoc creator/4.2/psoc creator/import/gnu/arm/5.4.1/bin/../lib/gcc/arm-none-eabi/5.4.1/armv6-m\libgcc.a
LOAD c:/program files (x86)/cypress/psoc creator/4.2/psoc creator/import/gnu/arm/5.4.1/bin/../lib/gcc/arm-none-eabi/5.4.1/../../../../arm-none-eabi/lib/armv6-m\libc.a
LOAD c:/program files (x86)/cypress/psoc creator/4.2/psoc creator/import/gnu/arm/5.4.1/bin/../lib/gcc/arm-none-eabi/5.4.1/../../../../arm-none-eabi/lib/armv6-m\libnosys.a
END GROUP
                0x00000000                CY_APPL_ORIGIN = 0x0
                0x00000080                CY_FLASH_ROW_SIZE = 0x80
                0x00000001                CY_APPL_NUM = 0x1
                0x00000001                CY_APPL_MAX = 0x1
                0x00000040                CY_METADATA_SIZE = 0x40
                0x00000000                CY_APPL_LOADABLE = 0x0
                0x00000000                CY_CHECKSUM_EXCLUDE_SIZE = ALIGN (0x0, CY_FLASH_ROW_SIZE)
                0x00000000                CY_APP_FOR_STACK_AND_COPIER = 0x0
                [!provide]                PROVIDE (__cy_heap_start, _end)
                0x00000001                PROVIDE (__cy_region_num, ((__cy_regions_end - __cy_regions) / 0x10))
                0x20001000                PROVIDE (__cy_stack, (ORIGIN (ram) + LENGTH (ram)))
                [!provide]                PROVIDE (__cy_heap_end, (__cy_stack - 0x400))

.cybootloader   0x00000000        0x0
 *(.cybootloader)
                0x00000000                appl1_start = CY_APPL_ORIGIN?CY_APPL_ORIGIN:ALIGN (CY_FLASH_ROW_SIZE)
                0x00003f80                appl2_start = (appl1_start + ALIGN ((((LENGTH (rom) - appl1_start) - (0x2 * CY_FLASH_ROW_SIZE)) / 0x2), CY_FLASH_ROW_SIZE))
                0x00000000                appl_start = (CY_APPL_NUM == 0x1)?appl1_start:appl2_start
                0x00000001                cy_project_type_bootloader = (appl_start == 0x0)?0x1:0x0
                0x00000000                cy_project_type_app_for_stack_and_copier = (CY_APP_FOR_STACK_AND_COPIER == 0x1)?0x1:0x0

.text           0x00000000     0x4c88
 CREATE_OBJECT_SYMBOLS
                0x00000000                PROVIDE (__cy_interrupt_vector, RomVectors)
 *(.romvectors)
 .romvectors    0x00000000       0x10 .\CortexM0p\ARM_GCC_541\Debug\Cm0plusStart.o
                0x00000000                RomVectors
                0x00000001                ASSERT ((. != __cy_interrupt_vector), No interrupt vector)
                0x00000001                ASSERT (CY_APPL_ORIGIN?(SIZEOF (.cybootloader) <= CY_APPL_ORIGIN):0x1, Wrong image location)
                0x00000010                PROVIDE (__cy_reset, Reset)
 *(.text.Reset)
 .text.Reset    0x00000010        0xc .\CortexM0p\ARM_GCC_541\Debug\Cm0plusStart.o
                0x00000010                Reset
                0x00000001                ASSERT ((. != __cy_reset), No reset code)
 *(.psocinit)
 .psocinit      0x0000001c      0x138 .\CortexM0p\ARM_GCC_541\Debug\cyfitter_cfg.o
                0x000000a0                cyfitter_cfg
                0x00000154                . = MAX (., 0x100)
 *(.text .text.* .gnu.linkonce.t.*)
 .text          0x00000154       0x60 c:/program files (x86)/cypress/psoc creator/4.2/psoc creator/import/gnu/arm/5.4.1/bin/../lib/gcc/arm-none-eabi/5.4.1/armv6-m/crtbegin.o
 .text.lcd_init
                0x000001b4       0x2c .\CortexM0p\ARM_GCC_541\Debug\lcd_bipboy.o
                0x000001b4                lcd_init
 .text.lcd_main_screen
                0x000001e0       0x24 .\CortexM0p\ARM_GCC_541\Debug\lcd_bipboy.o
                0x000001e0                lcd_main_screen
 .text.adc_init
                0x00000204        0x8 .\CortexM0p\ARM_GCC_541\Debug\adc_bipboy.o
                0x00000204                adc_init
 .text.protocol_init
                0x0000020c       0x34 .\CortexM0p\ARM_GCC_541\Debug\protocol.o
                0x0000020c                protocol_init
 .text.Button_Back_Int_Handler
                0x00000240       0x14 .\CortexM0p\ARM_GCC_541\Debug\buttons.o
                0x00000240                Button_Back_Int_Handler
 .text.Button_Ok_Int_Handler
                0x00000254       0x14 .\CortexM0p\ARM_GCC_541\Debug\buttons.o
                0x00000254                Button_Ok_Int_Handler
 .text.Button_Up_Int_Handler
                0x00000268       0x14 .\CortexM0p\ARM_GCC_541\Debug\buttons.o
                0x00000268                Button_Up_Int_Handler
 .text.Button_Down_Int_Handler
                0x0000027c       0x14 .\CortexM0p\ARM_GCC_541\Debug\buttons.o
                0x0000027c                Button_Down_Int_Handler
 .text.main     0x00000290       0x20 .\CortexM0p\ARM_GCC_541\Debug\main.o
                0x00000290                main
 .text.SetAnalogRoutingPumps
                0x000002b0       0x38 .\CortexM0p\ARM_GCC_541\Debug\cyfitter_cfg.o
                0x000002b0                SetAnalogRoutingPumps
 .text.AnalogSetDefault
                0x000002e8       0x14 .\CortexM0p\ARM_GCC_541\Debug\cyfitter_cfg.o
 .text.IntDefaultHandler
                0x000002fc       0x10 .\CortexM0p\ARM_GCC_541\Debug\Cm0plusStart.o
                0x000002fc                IntDefaultHandler
 .text._sbrk    0x0000030c       0x30 .\CortexM0p\ARM_GCC_541\Debug\Cm0plusStart.o
                0x0000030c                _sbrk
 .text.Start_c  0x0000033c       0x48 .\CortexM0p\ARM_GCC_541\Debug\Cm0plusStart.o
                0x0000033c                Start_c
 .text.initialize_psoc
                0x00000384       0x40 .\CortexM0p\ARM_GCC_541\Debug\Cm0plusStart.o
                0x00000384                initialize_psoc
 .text.LCD_WrCntrlNib
                0x000003c4       0x34 .\CortexM0p\ARM_GCC_541\Debug\lcd.a(LCD.o)
 .text.LCD_WrDatNib
                0x000003f8       0x44 .\CortexM0p\ARM_GCC_541\Debug\lcd.a(LCD.o)
 .text.LCD_IsReady
                0x0000043c       0xb4 .\CortexM0p\ARM_GCC_541\Debug\lcd.a(LCD.o)
                0x0000043c                LCD_IsReady
 .text.LCD_WriteData
                0x000004f0       0x18 .\CortexM0p\ARM_GCC_541\Debug\lcd.a(LCD.o)
                0x000004f0                LCD_WriteData
 .text.LCD_PrintString
                0x00000508       0x1c .\CortexM0p\ARM_GCC_541\Debug\lcd.a(LCD.o)
                0x00000508                LCD_PrintString
 .text.LCD_WriteControl
                0x00000524       0x18 .\CortexM0p\ARM_GCC_541\Debug\lcd.a(LCD.o)
                0x00000524                LCD_WriteControl
 .text.LCD_Init
                0x0000053c       0x74 .\CortexM0p\ARM_GCC_541\Debug\lcd.a(LCD.o)
                0x0000053c                LCD_Init
 .text.LCD_Enable
                0x000005b0       0x14 .\CortexM0p\ARM_GCC_541\Debug\lcd.a(LCD.o)
                0x000005b0                LCD_Enable
 .text.LCD_Start
                0x000005c4       0x20 .\CortexM0p\ARM_GCC_541\Debug\lcd.a(LCD.o)
                0x000005c4                LCD_Start
 .text.LCD_Position
                0x000005e4       0x3c .\CortexM0p\ARM_GCC_541\Debug\lcd.a(LCD.o)
                0x000005e4                LCD_Position
 .text.LCD_PrintU32Number
                0x00000620       0x4c .\CortexM0p\ARM_GCC_541\Debug\lcd.a(LCD.o)
                0x00000620                LCD_PrintU32Number
 .text.LCD_LoadCustomFonts
                0x0000066c       0x2c .\CortexM0p\ARM_GCC_541\Debug\lcd.a(LCD_CustChars.o)
                0x0000066c                LCD_LoadCustomFonts
 .text.ADC_SetNonDedicatedAdcChannel
                0x00000698       0xd4 .\CortexM0p\ARM_GCC_541\Debug\lcd.a(ADC_Adc.o)
                0x00000698                ADC_SetNonDedicatedAdcChannel
 .text.ADC_SetAdcChannel
                0x0000076c        0x8 .\CortexM0p\ARM_GCC_541\Debug\lcd.a(ADC_Adc.o)
                0x0000076c                ADC_SetAdcChannel
 .text.ADC_StartAdcFSM
                0x00000774       0x30 .\CortexM0p\ARM_GCC_541\Debug\lcd.a(ADC_Adc.o)
                0x00000774                ADC_StartAdcFSM
 .text.ADC_IsBusy
                0x000007a4       0x20 .\CortexM0p\ARM_GCC_541\Debug\lcd.a(ADC_Adc.o)
                0x000007a4                ADC_IsBusy
 .text.ADC_ClearAdcChannels
                0x000007c4       0x20 .\CortexM0p\ARM_GCC_541\Debug\lcd.a(ADC_Adc.o)
                0x000007c4                ADC_ClearAdcChannels
 .text.ADC_SetModClkClockDivider
                0x000007e4       0x30 .\CortexM0p\ARM_GCC_541\Debug\lcd.a(ADC_Adc.o)
                0x000007e4                ADC_SetModClkClockDivider
 .text.ADC_ConfigAdcResources
                0x00000814      0x120 .\CortexM0p\ARM_GCC_541\Debug\lcd.a(ADC_Adc.o)
                0x00000814                ADC_ConfigAdcResources
 .text.ADC_AdcCaptureResources
                0x00000934       0x18 .\CortexM0p\ARM_GCC_541\Debug\lcd.a(ADC_Adc.o)
                0x00000934                ADC_AdcCaptureResources
 .text.ADC_Calibrate
                0x0000094c       0xa8 .\CortexM0p\ARM_GCC_541\Debug\lcd.a(ADC_Adc.o)
                0x0000094c                ADC_Calibrate
 .text.ADC_Start
                0x000009f4       0x28 .\CortexM0p\ARM_GCC_541\Debug\lcd.a(ADC_Adc.o)
                0x000009f4                ADC_Start
 .text.ADC_IntrHandler
                0x00000a1c      0x198 .\CortexM0p\ARM_GCC_541\Debug\lcd.a(ADC_Adc_INT.o)
                0x00000a1c                ADC_IntrHandler
 .text.ADC_DsInitialize
                0x00000bb4       0x20 .\CortexM0p\ARM_GCC_541\Debug\lcd.a(ADC_Structure.o)
                0x00000bb4                ADC_DsInitialize
 .text.ADC_ISR_SetVector
                0x00000bd4        0xc .\CortexM0p\ARM_GCC_541\Debug\lcd.a(ADC_ISR.o)
                0x00000bd4                ADC_ISR_SetVector
 .text.ADC_ISR_SetPriority
                0x00000be0       0x24 .\CortexM0p\ARM_GCC_541\Debug\lcd.a(ADC_ISR.o)
                0x00000be0                ADC_ISR_SetPriority
 .text.ADC_ISR_Enable
                0x00000c04       0x10 .\CortexM0p\ARM_GCC_541\Debug\lcd.a(ADC_ISR.o)
                0x00000c04                ADC_ISR_Enable
 .text.ADC_ISR_Disable
                0x00000c14       0x10 .\CortexM0p\ARM_GCC_541\Debug\lcd.a(ADC_ISR.o)
                0x00000c14                ADC_ISR_Disable
 .text.ADC_ISR_StartEx
                0x00000c24       0x1c .\CortexM0p\ARM_GCC_541\Debug\lcd.a(ADC_ISR.o)
                0x00000c24                ADC_ISR_StartEx
 .text.CySysClkImoDisableWcoLock
                0x00000c40       0x4c .\CortexM0p\ARM_GCC_541\Debug\lcd.a(CyLib.o)
                0x00000c40                CySysClkImoDisableWcoLock
 .text.CySysClkImoGetWcoLock
                0x00000c8c       0x14 .\CortexM0p\ARM_GCC_541\Debug\lcd.a(CyLib.o)
                0x00000c8c                CySysClkImoGetWcoLock
 .text.CyHalt   0x00000ca0        0x4 .\CortexM0p\ARM_GCC_541\Debug\lcd.a(CyLib.o)
                0x00000ca0                CyHalt
 .text.CyDelay  0x00000ca4       0x30 .\CortexM0p\ARM_GCC_541\Debug\lcd.a(CyLib.o)
                0x00000ca4                CyDelay
 .text.CySysClkImoEnableWcoLock
                0x00000cd4       0xd0 .\CortexM0p\ARM_GCC_541\Debug\lcd.a(CyLib.o)
                0x00000cd4                CySysClkImoEnableWcoLock
 .text.CySysClkWriteImoFreq
                0x00000da4       0xd8 .\CortexM0p\ARM_GCC_541\Debug\lcd.a(CyLib.o)
                0x00000da4                CySysClkWriteImoFreq
 .text.CyDelayUs
                0x00000e7c       0x14 .\CortexM0p\ARM_GCC_541\Debug\lcd.a(CyLib.o)
                0x00000e7c                CyDelayUs
 .text.CySysClkWcoEnabled
                0x00000e90       0x14 .\CortexM0p\ARM_GCC_541\Debug\lcd.a(CyLFClk.o)
                0x00000e90                CySysClkWcoEnabled
 .text.CySysWdtDisable
                0x00000ea4       0x10 .\CortexM0p\ARM_GCC_541\Debug\lcd.a(CyLFClk.o)
                0x00000ea4                CySysWdtDisable
 .text.Button_Back_Int_SetVector
                0x00000eb4        0xc .\CortexM0p\ARM_GCC_541\Debug\lcd.a(Button_Back_Int.o)
                0x00000eb4                Button_Back_Int_SetVector
 .text.Button_Back_Int_SetPriority
                0x00000ec0       0x24 .\CortexM0p\ARM_GCC_541\Debug\lcd.a(Button_Back_Int.o)
                0x00000ec0                Button_Back_Int_SetPriority
 .text.Button_Back_Int_Enable
                0x00000ee4        0xc .\CortexM0p\ARM_GCC_541\Debug\lcd.a(Button_Back_Int.o)
                0x00000ee4                Button_Back_Int_Enable
 .text.Button_Back_Int_Disable
                0x00000ef0        0xc .\CortexM0p\ARM_GCC_541\Debug\lcd.a(Button_Back_Int.o)
                0x00000ef0                Button_Back_Int_Disable
 .text.Button_Back_Int_StartEx
                0x00000efc       0x1c .\CortexM0p\ARM_GCC_541\Debug\lcd.a(Button_Back_Int.o)
                0x00000efc                Button_Back_Int_StartEx
 .text.Button_Back_ClearInterrupt
                0x00000f18       0x10 .\CortexM0p\ARM_GCC_541\Debug\lcd.a(Button_Back.o)
                0x00000f18                Button_Back_ClearInterrupt
 .text.Button_Ok_ClearInterrupt
                0x00000f28       0x14 .\CortexM0p\ARM_GCC_541\Debug\lcd.a(Button_Ok.o)
                0x00000f28                Button_Ok_ClearInterrupt
 .text.Button_Ok_Int_SetVector
                0x00000f3c        0xc .\CortexM0p\ARM_GCC_541\Debug\lcd.a(Button_Ok_Int.o)
                0x00000f3c                Button_Ok_Int_SetVector
 .text.Button_Ok_Int_SetPriority
                0x00000f48       0x24 .\CortexM0p\ARM_GCC_541\Debug\lcd.a(Button_Ok_Int.o)
                0x00000f48                Button_Ok_Int_SetPriority
 .text.Button_Ok_Int_Enable
                0x00000f6c        0xc .\CortexM0p\ARM_GCC_541\Debug\lcd.a(Button_Ok_Int.o)
                0x00000f6c                Button_Ok_Int_Enable
 .text.Button_Ok_Int_Disable
                0x00000f78        0xc .\CortexM0p\ARM_GCC_541\Debug\lcd.a(Button_Ok_Int.o)
                0x00000f78                Button_Ok_Int_Disable
 .text.Button_Ok_Int_StartEx
                0x00000f84       0x1c .\CortexM0p\ARM_GCC_541\Debug\lcd.a(Button_Ok_Int.o)
                0x00000f84                Button_Ok_Int_StartEx
 .text.Button_Up_ClearInterrupt
                0x00000fa0       0x14 .\CortexM0p\ARM_GCC_541\Debug\lcd.a(Button_Up.o)
                0x00000fa0                Button_Up_ClearInterrupt
 .text.Button_Up_Int_SetVector
                0x00000fb4        0xc .\CortexM0p\ARM_GCC_541\Debug\lcd.a(Button_Up_Int.o)
                0x00000fb4                Button_Up_Int_SetVector
 .text.Button_Up_Int_SetPriority
                0x00000fc0       0x20 .\CortexM0p\ARM_GCC_541\Debug\lcd.a(Button_Up_Int.o)
                0x00000fc0                Button_Up_Int_SetPriority
 .text.Button_Up_Int_Enable
                0x00000fe0        0xc .\CortexM0p\ARM_GCC_541\Debug\lcd.a(Button_Up_Int.o)
                0x00000fe0                Button_Up_Int_Enable
 .text.Button_Up_Int_Disable
                0x00000fec        0xc .\CortexM0p\ARM_GCC_541\Debug\lcd.a(Button_Up_Int.o)
                0x00000fec                Button_Up_Int_Disable
 .text.Button_Up_Int_StartEx
                0x00000ff8       0x1c .\CortexM0p\ARM_GCC_541\Debug\lcd.a(Button_Up_Int.o)
                0x00000ff8                Button_Up_Int_StartEx
 .text.Button_Down_ClearInterrupt
                0x00001014       0x10 .\CortexM0p\ARM_GCC_541\Debug\lcd.a(Button_Down.o)
                0x00001014                Button_Down_ClearInterrupt
 .text.Button_Down_Int_SetVector
                0x00001024        0xc .\CortexM0p\ARM_GCC_541\Debug\lcd.a(Button_Down_Int.o)
                0x00001024                Button_Down_Int_SetVector
 .text.Button_Down_Int_SetPriority
                0x00001030       0x20 .\CortexM0p\ARM_GCC_541\Debug\lcd.a(Button_Down_Int.o)
                0x00001030                Button_Down_Int_SetPriority
 .text.Button_Down_Int_Enable
                0x00001050        0xc .\CortexM0p\ARM_GCC_541\Debug\lcd.a(Button_Down_Int.o)
                0x00001050                Button_Down_Int_Enable
 .text.Button_Down_Int_Disable
                0x0000105c        0xc .\CortexM0p\ARM_GCC_541\Debug\lcd.a(Button_Down_Int.o)
                0x0000105c                Button_Down_Int_Disable
 .text.Button_Down_Int_StartEx
                0x00001068       0x1c .\CortexM0p\ARM_GCC_541\Debug\lcd.a(Button_Down_Int.o)
                0x00001068                Button_Down_Int_StartEx
 .text.UART_ScbModePostEnable
                0x00001084        0x8 .\CortexM0p\ARM_GCC_541\Debug\lcd.a(UART.o)
 .text.UART_Init
                0x0000108c        0x8 .\CortexM0p\ARM_GCC_541\Debug\lcd.a(UART.o)
                0x0000108c                UART_Init
 .text.UART_Enable
                0x00001094       0x18 .\CortexM0p\ARM_GCC_541\Debug\lcd.a(UART.o)
                0x00001094                UART_Enable
 .text.UART_Start
                0x000010ac       0x20 .\CortexM0p\ARM_GCC_541\Debug\lcd.a(UART.o)
                0x000010ac                UART_Start
 .text.UART_SpiUartWriteTxData
                0x000010cc       0x1c .\CortexM0p\ARM_GCC_541\Debug\lcd.a(UART_SPI_UART.o)
                0x000010cc                UART_SpiUartWriteTxData
 .text.UART_UartInit
                0x000010e8       0xa8 .\CortexM0p\ARM_GCC_541\Debug\lcd.a(UART_UART.o)
                0x000010e8                UART_UartInit
 .text.UART_UartPostEnable
                0x00001190       0x2c .\CortexM0p\ARM_GCC_541\Debug\lcd.a(UART_UART.o)
                0x00001190                UART_UartPostEnable
 *fill*         0x000011bc        0x4 
 .text          0x000011c0       0x20 .\CortexM0p\ARM_GCC_541\Debug\lcd.a(CyBootAsmGnu.o)
                0x000011c0                CyDelayCycles
                0x000011d2                CyEnterCriticalSection
                0x000011da                CyExitCriticalSection
 .text.CySysFlashSetWaitCycles
                0x000011e0       0x54 .\CortexM0p\ARM_GCC_541\Debug\lcd.a(CyFlash.o)
                0x000011e0                CySysFlashSetWaitCycles
 .text          0x00001234      0x114 c:/program files (x86)/cypress/psoc creator/4.2/psoc creator/import/gnu/arm/5.4.1/bin/../lib/gcc/arm-none-eabi/5.4.1/armv6-m\libgcc.a(_udivsi3.o)
                0x00001234                __aeabi_uidiv
                0x00001234                __udivsi3
                0x00001340                __aeabi_uidivmod
 .text          0x00001348      0x1d4 c:/program files (x86)/cypress/psoc creator/4.2/psoc creator/import/gnu/arm/5.4.1/bin/../lib/gcc/arm-none-eabi/5.4.1/armv6-m\libgcc.a(_divsi3.o)
                0x00001348                __divsi3
                0x00001348                __aeabi_idiv
                0x00001514                __aeabi_idivmod
 .text          0x0000151c        0x4 c:/program files (x86)/cypress/psoc creator/4.2/psoc creator/import/gnu/arm/5.4.1/bin/../lib/gcc/arm-none-eabi/5.4.1/armv6-m\libgcc.a(_dvmd_tls.o)
                0x0000151c                __aeabi_idiv0
                0x0000151c                __aeabi_ldiv0
 .text.__errno  0x00001520        0xc c:/program files (x86)/cypress/psoc creator/4.2/psoc creator/import/gnu/arm/5.4.1/bin/../lib/gcc/arm-none-eabi/5.4.1/../../../../arm-none-eabi/lib/armv6-m\libg_nano.a(lib_a-errno.o)
                0x00001520                __errno
 .text.__libc_init_array
                0x0000152c       0x4c c:/program files (x86)/cypress/psoc creator/4.2/psoc creator/import/gnu/arm/5.4.1/bin/../lib/gcc/arm-none-eabi/5.4.1/../../../../arm-none-eabi/lib/armv6-m\libg_nano.a(lib_a-init.o)
                0x0000152c                __libc_init_array
 .text.memcpy   0x00001578       0x12 c:/program files (x86)/cypress/psoc creator/4.2/psoc creator/import/gnu/arm/5.4.1/bin/../lib/gcc/arm-none-eabi/5.4.1/../../../../arm-none-eabi/lib/armv6-m\libg_nano.a(lib_a-memcpy-stub.o)
                0x00001578                memcpy
 .text.memset   0x0000158a       0x10 c:/program files (x86)/cypress/psoc creator/4.2/psoc creator/import/gnu/arm/5.4.1/bin/../lib/gcc/arm-none-eabi/5.4.1/../../../../arm-none-eabi/lib/armv6-m\libg_nano.a(lib_a-memset.o)
                0x0000158a                memset
 .text.__cvt    0x0000159a       0xca c:/program files (x86)/cypress/psoc creator/4.2/psoc creator/import/gnu/arm/5.4.1/bin/../lib/gcc/arm-none-eabi/5.4.1/../../../../arm-none-eabi/lib/armv6-m\libg_nano.a(lib_a-nano-vfprintf_float.o)
                0x0000159a                __cvt
 .text.__exponent
                0x00001664       0x62 c:/program files (x86)/cypress/psoc creator/4.2/psoc creator/import/gnu/arm/5.4.1/bin/../lib/gcc/arm-none-eabi/5.4.1/../../../../arm-none-eabi/lib/armv6-m\libg_nano.a(lib_a-nano-vfprintf_float.o)
                0x00001664                __exponent
 *fill*         0x000016c6        0x2 
 .text._printf_float
                0x000016c8      0x4a0 c:/program files (x86)/cypress/psoc creator/4.2/psoc creator/import/gnu/arm/5.4.1/bin/../lib/gcc/arm-none-eabi/5.4.1/../../../../arm-none-eabi/lib/armv6-m\libg_nano.a(lib_a-nano-vfprintf_float.o)
                0x000016c8                _printf_float
 .text._printf_common
                0x00001b68       0xdc c:/program files (x86)/cypress/psoc creator/4.2/psoc creator/import/gnu/arm/5.4.1/bin/../lib/gcc/arm-none-eabi/5.4.1/../../../../arm-none-eabi/lib/armv6-m\libg_nano.a(lib_a-nano-vfprintf_i.o)
                0x00001b68                _printf_common
 .text          0x00001c44        0xe c:/program files (x86)/cypress/psoc creator/4.2/psoc creator/import/gnu/arm/5.4.1/bin/../lib/gcc/arm-none-eabi/5.4.1/../../../../arm-none-eabi/lib/armv6-m\libg_nano.a(lib_a-strlen.o)
                0x00001c44                strlen
 .text.quorem   0x00001c52      0x10c c:/program files (x86)/cypress/psoc creator/4.2/psoc creator/import/gnu/arm/5.4.1/bin/../lib/gcc/arm-none-eabi/5.4.1/../../../../arm-none-eabi/lib/armv6-m\libg_nano.a(lib_a-dtoa.o)
 *fill*         0x00001d5e        0x2 
 .text._dtoa_r  0x00001d60      0xb8c c:/program files (x86)/cypress/psoc creator/4.2/psoc creator/import/gnu/arm/5.4.1/bin/../lib/gcc/arm-none-eabi/5.4.1/../../../../arm-none-eabi/lib/armv6-m\libg_nano.a(lib_a-dtoa.o)
                0x00001d60                _dtoa_r
 .text._localeconv_r
                0x000028ec        0x8 c:/program files (x86)/cypress/psoc creator/4.2/psoc creator/import/gnu/arm/5.4.1/bin/../lib/gcc/arm-none-eabi/5.4.1/../../../../arm-none-eabi/lib/armv6-m\libg_nano.a(lib_a-locale.o)
                0x000028ec                _localeconv_r
 .text.malloc   0x000028f4       0x14 c:/program files (x86)/cypress/psoc creator/4.2/psoc creator/import/gnu/arm/5.4.1/bin/../lib/gcc/arm-none-eabi/5.4.1/../../../../arm-none-eabi/lib/armv6-m\libg_nano.a(lib_a-malloc.o)
                0x000028f4                malloc
 .text._Balloc  0x00002908       0x70 c:/program files (x86)/cypress/psoc creator/4.2/psoc creator/import/gnu/arm/5.4.1/bin/../lib/gcc/arm-none-eabi/5.4.1/../../../../arm-none-eabi/lib/armv6-m\libg_nano.a(lib_a-mprec.o)
                0x00002908                _Balloc
 .text._Bfree   0x00002978       0x32 c:/program files (x86)/cypress/psoc creator/4.2/psoc creator/import/gnu/arm/5.4.1/bin/../lib/gcc/arm-none-eabi/5.4.1/../../../../arm-none-eabi/lib/armv6-m\libg_nano.a(lib_a-mprec.o)
                0x00002978                _Bfree
 .text.__multadd
                0x000029aa       0x7a c:/program files (x86)/cypress/psoc creator/4.2/psoc creator/import/gnu/arm/5.4.1/bin/../lib/gcc/arm-none-eabi/5.4.1/../../../../arm-none-eabi/lib/armv6-m\libg_nano.a(lib_a-mprec.o)
                0x000029aa                __multadd
 .text.__hi0bits
                0x00002a24       0x36 c:/program files (x86)/cypress/psoc creator/4.2/psoc creator/import/gnu/arm/5.4.1/bin/../lib/gcc/arm-none-eabi/5.4.1/../../../../arm-none-eabi/lib/armv6-m\libg_nano.a(lib_a-mprec.o)
                0x00002a24                __hi0bits
 .text.__lo0bits
                0x00002a5a       0x5e c:/program files (x86)/cypress/psoc creator/4.2/psoc creator/import/gnu/arm/5.4.1/bin/../lib/gcc/arm-none-eabi/5.4.1/../../../../arm-none-eabi/lib/armv6-m\libg_nano.a(lib_a-mprec.o)
                0x00002a5a                __lo0bits
 .text.__i2b    0x00002ab8       0x12 c:/program files (x86)/cypress/psoc creator/4.2/psoc creator/import/gnu/arm/5.4.1/bin/../lib/gcc/arm-none-eabi/5.4.1/../../../../arm-none-eabi/lib/armv6-m\libg_nano.a(lib_a-mprec.o)
                0x00002ab8                __i2b
 .text.__multiply
                0x00002aca      0x112 c:/program files (x86)/cypress/psoc creator/4.2/psoc creator/import/gnu/arm/5.4.1/bin/../lib/gcc/arm-none-eabi/5.4.1/../../../../arm-none-eabi/lib/armv6-m\libg_nano.a(lib_a-mprec.o)
                0x00002aca                __multiply
 .text.__pow5mult
                0x00002bdc       0xa8 c:/program files (x86)/cypress/psoc creator/4.2/psoc creator/import/gnu/arm/5.4.1/bin/../lib/gcc/arm-none-eabi/5.4.1/../../../../arm-none-eabi/lib/armv6-m\libg_nano.a(lib_a-mprec.o)
                0x00002bdc                __pow5mult
 .text.__lshift
                0x00002c84       0xa4 c:/program files (x86)/cypress/psoc creator/4.2/psoc creator/import/gnu/arm/5.4.1/bin/../lib/gcc/arm-none-eabi/5.4.1/../../../../arm-none-eabi/lib/armv6-m\libg_nano.a(lib_a-mprec.o)
                0x00002c84                __lshift
 .text.__mcmp   0x00002d28       0x36 c:/program files (x86)/cypress/psoc creator/4.2/psoc creator/import/gnu/arm/5.4.1/bin/../lib/gcc/arm-none-eabi/5.4.1/../../../../arm-none-eabi/lib/armv6-m\libg_nano.a(lib_a-mprec.o)
                0x00002d28                __mcmp
 .text.__mdiff  0x00002d5e       0xd6 c:/program files (x86)/cypress/psoc creator/4.2/psoc creator/import/gnu/arm/5.4.1/bin/../lib/gcc/arm-none-eabi/5.4.1/../../../../arm-none-eabi/lib/armv6-m\libg_nano.a(lib_a-mprec.o)
                0x00002d5e                __mdiff
 .text.__d2b    0x00002e34       0xa8 c:/program files (x86)/cypress/psoc creator/4.2/psoc creator/import/gnu/arm/5.4.1/bin/../lib/gcc/arm-none-eabi/5.4.1/../../../../arm-none-eabi/lib/armv6-m\libg_nano.a(lib_a-mprec.o)
                0x00002e34                __d2b
 .text._calloc_r
                0x00002edc       0x1c c:/program files (x86)/cypress/psoc creator/4.2/psoc creator/import/gnu/arm/5.4.1/bin/../lib/gcc/arm-none-eabi/5.4.1/../../../../arm-none-eabi/lib/armv6-m\libg_nano.a(lib_a-nano-callocr.o)
                0x00002edc                _calloc_r
 .text._malloc_r
                0x00002ef8       0xc0 c:/program files (x86)/cypress/psoc creator/4.2/psoc creator/import/gnu/arm/5.4.1/bin/../lib/gcc/arm-none-eabi/5.4.1/../../../../arm-none-eabi/lib/armv6-m\libg_nano.a(lib_a-nano-mallocr.o)
                0x00002ef8                _malloc_r
 .text._sbrk_r  0x00002fb8       0x24 c:/program files (x86)/cypress/psoc creator/4.2/psoc creator/import/gnu/arm/5.4.1/bin/../lib/gcc/arm-none-eabi/5.4.1/../../../../arm-none-eabi/lib/armv6-m\libg_nano.a(lib_a-sbrkr.o)
                0x00002fb8                _sbrk_r
 .text.__malloc_lock
                0x00002fdc        0x2 c:/program files (x86)/cypress/psoc creator/4.2/psoc creator/import/gnu/arm/5.4.1/bin/../lib/gcc/arm-none-eabi/5.4.1/../../../../arm-none-eabi/lib/armv6-m\libg_nano.a(lib_a-mlock.o)
                0x00002fdc                __malloc_lock
 .text.__malloc_unlock
                0x00002fde        0x2 c:/program files (x86)/cypress/psoc creator/4.2/psoc creator/import/gnu/arm/5.4.1/bin/../lib/gcc/arm-none-eabi/5.4.1/../../../../arm-none-eabi/lib/armv6-m\libg_nano.a(lib_a-mlock.o)
                0x00002fde                __malloc_unlock
 .text          0x00002fe0       0x14 c:/program files (x86)/cypress/psoc creator/4.2/psoc creator/import/gnu/arm/5.4.1/bin/../lib/gcc/arm-none-eabi/5.4.1/armv6-m\libgcc.a(_thumb1_case_uqi.o)
                0x00002fe0                __gnu_thumb1_case_uqi
 .text          0x00002ff4       0x7c c:/program files (x86)/cypress/psoc creator/4.2/psoc creator/import/gnu/arm/5.4.1/bin/../lib/gcc/arm-none-eabi/5.4.1/armv6-m\libgcc.a(_arm_cmpdf2.o)
                0x00002ff4                __aeabi_cdrcmple
                0x00003004                __aeabi_cdcmple
                0x00003004                __aeabi_cdcmpeq
                0x00003014                __aeabi_dcmpeq
                0x00003020                __aeabi_dcmplt
                0x00003034                __aeabi_dcmple
                0x00003048                __aeabi_dcmpgt
                0x0000305c                __aeabi_dcmpge
 .text          0x00003070      0x658 c:/program files (x86)/cypress/psoc creator/4.2/psoc creator/import/gnu/arm/5.4.1/bin/../lib/gcc/arm-none-eabi/5.4.1/armv6-m\libgcc.a(adddf3.o)
                0x00003070                __aeabi_dadd
 .text          0x000036c8      0x62c c:/program files (x86)/cypress/psoc creator/4.2/psoc creator/import/gnu/arm/5.4.1/bin/../lib/gcc/arm-none-eabi/5.4.1/armv6-m\libgcc.a(divdf3.o)
                0x000036c8                __aeabi_ddiv
 .text          0x00003cf4       0x80 c:/program files (x86)/cypress/psoc creator/4.2/psoc creator/import/gnu/arm/5.4.1/bin/../lib/gcc/arm-none-eabi/5.4.1/armv6-m\libgcc.a(eqdf2.o)
                0x00003cf4                __nedf2
                0x00003cf4                __eqdf2
 .text          0x00003d74       0xc8 c:/program files (x86)/cypress/psoc creator/4.2/psoc creator/import/gnu/arm/5.4.1/bin/../lib/gcc/arm-none-eabi/5.4.1/armv6-m\libgcc.a(gedf2.o)
                0x00003d74                __gedf2
                0x00003d74                __gtdf2
 .text          0x00003e3c       0xd4 c:/program files (x86)/cypress/psoc creator/4.2/psoc creator/import/gnu/arm/5.4.1/bin/../lib/gcc/arm-none-eabi/5.4.1/armv6-m\libgcc.a(ledf2.o)
                0x00003e3c                __ledf2
                0x00003e3c                __ltdf2
 .text          0x00003f10      0x4f4 c:/program files (x86)/cypress/psoc creator/4.2/psoc creator/import/gnu/arm/5.4.1/bin/../lib/gcc/arm-none-eabi/5.4.1/armv6-m\libgcc.a(muldf3.o)
                0x00003f10                __aeabi_dmul
 .text          0x00004404      0x6a8 c:/program files (x86)/cypress/psoc creator/4.2/psoc creator/import/gnu/arm/5.4.1/bin/../lib/gcc/arm-none-eabi/5.4.1/armv6-m\libgcc.a(subdf3.o)
                0x00004404                __aeabi_dsub
 .text          0x00004aac       0x40 c:/program files (x86)/cypress/psoc creator/4.2/psoc creator/import/gnu/arm/5.4.1/bin/../lib/gcc/arm-none-eabi/5.4.1/armv6-m\libgcc.a(unorddf2.o)
                0x00004aac                __aeabi_dcmpun
 .text          0x00004aec       0x6c c:/program files (x86)/cypress/psoc creator/4.2/psoc creator/import/gnu/arm/5.4.1/bin/../lib/gcc/arm-none-eabi/5.4.1/armv6-m\libgcc.a(fixdfsi.o)
                0x00004aec                __aeabi_d2iz
 .text          0x00004b58       0x84 c:/program files (x86)/cypress/psoc creator/4.2/psoc creator/import/gnu/arm/5.4.1/bin/../lib/gcc/arm-none-eabi/5.4.1/armv6-m\libgcc.a(floatsidf.o)
                0x00004b58                __aeabi_i2d
 .text          0x00004bdc       0x70 c:/program files (x86)/cypress/psoc creator/4.2/psoc creator/import/gnu/arm/5.4.1/bin/../lib/gcc/arm-none-eabi/5.4.1/armv6-m\libgcc.a(floatunsidf.o)
                0x00004bdc                __aeabi_ui2d
 .text          0x00004c4c       0x3c c:/program files (x86)/cypress/psoc creator/4.2/psoc creator/import/gnu/arm/5.4.1/bin/../lib/gcc/arm-none-eabi/5.4.1/armv6-m\libgcc.a(_clzsi2.o)
                0x00004c4c                __clzsi2
 *(.plt)
 *(.gnu.warning)
 *(.glue_7t)
 .glue_7t       0x00004c88        0x0 linker stubs
 *(.glue_7)
 .glue_7        0x00004c88        0x0 linker stubs
 *(.vfp11_veneer)
 .vfp11_veneer  0x00004c88        0x0 linker stubs
 *(.bootloader)
 *(.ARM.extab* .gnu.linkonce.armextab.*)
 *(.gcc_except_table)

.v4_bx          0x00004c88        0x0
 .v4_bx         0x00004c88        0x0 linker stubs

.iplt           0x00004c88        0x0
 .iplt          0x00004c88        0x0 c:/program files (x86)/cypress/psoc creator/4.2/psoc creator/import/gnu/arm/5.4.1/bin/../lib/gcc/arm-none-eabi/5.4.1/armv6-m/crtbegin.o

.eh_frame_hdr
 *(.eh_frame_hdr)

.eh_frame       0x00004c88        0x4
 *(.eh_frame)
 .eh_frame      0x00004c88        0x0 c:/program files (x86)/cypress/psoc creator/4.2/psoc creator/import/gnu/arm/5.4.1/bin/../lib/gcc/arm-none-eabi/5.4.1/armv6-m/crtbegin.o
 .eh_frame      0x00004c88        0x4 c:/program files (x86)/cypress/psoc creator/4.2/psoc creator/import/gnu/arm/5.4.1/bin/../lib/gcc/arm-none-eabi/5.4.1/armv6-m/crtend.o
                [!provide]                PROVIDE (__exidx_start, .)

.ARM.exidx
 *(.ARM.exidx* .gnu.linkonce.armexidx.*)
                0x00004c8c                __exidx_end = .

.rodata         0x00004c90      0x248
 *(.rodata .rodata.* .gnu.linkonce.r.*)
 .rodata.str1.4
                0x00004c90        0x8 .\CortexM0p\ARM_GCC_541\Debug\lcd_bipboy.o
                                  0x7 (size before relaxing)
 .rodata        0x00004c98       0x40 .\CortexM0p\ARM_GCC_541\Debug\lcd.a(LCD_CustChars.o)
                0x00004c98                LCD_customFonts
 .rodata        0x00004cd8       0x1c .\CortexM0p\ARM_GCC_541\Debug\lcd.a(ADC_Structure.o)
                0x00004cd8                ADC_adcIoList
 .rodata.str1.1
                0x00004cf4        0x2 c:/program files (x86)/cypress/psoc creator/4.2/psoc creator/import/gnu/arm/5.4.1/bin/../lib/gcc/arm-none-eabi/5.4.1/../../../../arm-none-eabi/lib/armv6-m\libg_nano.a(lib_a-impure.o)
 .rodata.str1.1
                0x00004cf6       0x12 c:/program files (x86)/cypress/psoc creator/4.2/psoc creator/import/gnu/arm/5.4.1/bin/../lib/gcc/arm-none-eabi/5.4.1/../../../../arm-none-eabi/lib/armv6-m\libg_nano.a(lib_a-nano-vfprintf_float.o)
 .rodata.str1.1
                0x00004d08        0xd c:/program files (x86)/cypress/psoc creator/4.2/psoc creator/import/gnu/arm/5.4.1/bin/../lib/gcc/arm-none-eabi/5.4.1/../../../../arm-none-eabi/lib/armv6-m\libg_nano.a(lib_a-dtoa.o)
                                  0xf (size before relaxing)
 .rodata.str1.1
                0x00004d15        0x8 c:/program files (x86)/cypress/psoc creator/4.2/psoc creator/import/gnu/arm/5.4.1/bin/../lib/gcc/arm-none-eabi/5.4.1/../../../../arm-none-eabi/lib/armv6-m\libg_nano.a(lib_a-locale.o)
                                  0xb (size before relaxing)
 *fill*         0x00004d1d        0x3 
 .rodata.__mprec_tens
                0x00004d20       0xc8 c:/program files (x86)/cypress/psoc creator/4.2/psoc creator/import/gnu/arm/5.4.1/bin/../lib/gcc/arm-none-eabi/5.4.1/../../../../arm-none-eabi/lib/armv6-m\libg_nano.a(lib_a-mprec.o)
                0x00004d20                __mprec_tens
 .rodata.p05.5408
                0x00004de8        0xc c:/program files (x86)/cypress/psoc creator/4.2/psoc creator/import/gnu/arm/5.4.1/bin/../lib/gcc/arm-none-eabi/5.4.1/../../../../arm-none-eabi/lib/armv6-m\libg_nano.a(lib_a-mprec.o)
 *fill*         0x00004df4        0x4 
 .rodata.__mprec_bigtens
                0x00004df8       0x28 c:/program files (x86)/cypress/psoc creator/4.2/psoc creator/import/gnu/arm/5.4.1/bin/../lib/gcc/arm-none-eabi/5.4.1/../../../../arm-none-eabi/lib/armv6-m\libg_nano.a(lib_a-mprec.o)
                0x00004df8                __mprec_bigtens
 .rodata        0x00004e20       0x40 c:/program files (x86)/cypress/psoc creator/4.2/psoc creator/import/gnu/arm/5.4.1/bin/../lib/gcc/arm-none-eabi/5.4.1/armv6-m\libgcc.a(divdf3.o)
 .rodata        0x00004e60       0x40 c:/program files (x86)/cypress/psoc creator/4.2/psoc creator/import/gnu/arm/5.4.1/bin/../lib/gcc/arm-none-eabi/5.4.1/armv6-m\libgcc.a(muldf3.o)
                0x00004ea0                . = ALIGN (0x4)
 *(.init)
 .init          0x00004ea0        0x4 c:/program files (x86)/cypress/psoc creator/4.2/psoc creator/import/gnu/arm/5.4.1/bin/../lib/gcc/arm-none-eabi/5.4.1/armv6-m/crti.o
                0x00004ea0                _init
 .init          0x00004ea4        0x8 c:/program files (x86)/cypress/psoc creator/4.2/psoc creator/import/gnu/arm/5.4.1/bin/../lib/gcc/arm-none-eabi/5.4.1/armv6-m/crtn.o
                0x00004eac                . = ALIGN (0x4)
                0x00004eac                __preinit_array_start = .
 *(.preinit_array)
                0x00004eac                __preinit_array_end = .
                0x00004eac                . = ALIGN (0x4)
                0x00004eac                __init_array_start = .
 *(SORT(.init_array.*))
 *(.init_array)
 .init_array    0x00004eac        0x4 c:/program files (x86)/cypress/psoc creator/4.2/psoc creator/import/gnu/arm/5.4.1/bin/../lib/gcc/arm-none-eabi/5.4.1/armv6-m/crtbegin.o
 .init_array    0x00004eb0        0x4 .\CortexM0p\ARM_GCC_541\Debug\Cm0plusStart.o
                0x00004eb4                __init_array_end = .
                0x00004eb4                . = ALIGN (0x4)
 *(.fini)
 .fini          0x00004eb4        0x4 c:/program files (x86)/cypress/psoc creator/4.2/psoc creator/import/gnu/arm/5.4.1/bin/../lib/gcc/arm-none-eabi/5.4.1/armv6-m/crti.o
                0x00004eb4                _fini
 .fini          0x00004eb8        0x8 c:/program files (x86)/cypress/psoc creator/4.2/psoc creator/import/gnu/arm/5.4.1/bin/../lib/gcc/arm-none-eabi/5.4.1/armv6-m/crtn.o
                0x00004ec0                . = ALIGN (0x4)
                0x00004ec0                __fini_array_start = .
 *(.fini_array)
 .fini_array    0x00004ec0        0x4 c:/program files (x86)/cypress/psoc creator/4.2/psoc creator/import/gnu/arm/5.4.1/bin/../lib/gcc/arm-none-eabi/5.4.1/armv6-m/crtbegin.o
 *(SORT(.fini_array.*))
                0x00004ec4                __fini_array_end = .
                0x00004ec4                . = ALIGN (0x4)
 *crtbegin.o(.ctors)
 *(EXCLUDE_FILE(*crtend.o) .ctors)
 *(SORT(.ctors.*))
 *crtend.o(.ctors)
                0x00004ec4                . = ALIGN (0x4)
 *crtbegin.o(.dtors)
 *(EXCLUDE_FILE(*crtend.o) .dtors)
 *(SORT(.dtors.*))
 *crtend.o(.dtors)
                0x00004ec4                . = ALIGN (0x4)
                0x00004ec4                __cy_regions = .
                0x00004ec4        0x4 LONG 0x4ed8 __cy_region_init_ram
                0x00004ec8        0x4 LONG 0x20000080 __cy_region_start_data
                0x00004ecc        0x4 LONG 0xc0 __cy_region_init_size_ram
                0x00004ed0        0x4 LONG 0x48 __cy_region_zero_size_ram
                0x00004ed4                __cy_regions_end = .
                0x00004ed8                . = ALIGN (0x8)
 *fill*         0x00004ed4        0x4 
                0x00004ed8                _etext = .

.cy_checksum_exclude
                0x00004ed8        0x0
 *(.cy_checksum_exclude)

.ramvectors     0x20000000       0x80
                0x20000000                __cy_region_start_ram = .
 *(.ramvectors)
 .ramvectors    0x20000000       0x80 .\CortexM0p\ARM_GCC_541\Debug\Cm0plusStart.o
                0x20000000                CyRamVectors

.noinit
 *(.noinit)

.data           0x20000080       0xc0 load address 0x00004ed8
                0x20000080                __cy_region_start_data = .
 *(.jcr)
 .jcr           0x20000080        0x0 c:/program files (x86)/cypress/psoc creator/4.2/psoc creator/import/gnu/arm/5.4.1/bin/../lib/gcc/arm-none-eabi/5.4.1/armv6-m/crtbegin.o
 .jcr           0x20000080        0x4 c:/program files (x86)/cypress/psoc creator/4.2/psoc creator/import/gnu/arm/5.4.1/bin/../lib/gcc/arm-none-eabi/5.4.1/armv6-m/crtend.o
 *(.got.plt)
 *(.got)
 *(.shdata)
 *(.data .data.* .gnu.linkonce.d.*)
 .data          0x20000084        0x2 .\CortexM0p\ARM_GCC_541\Debug\lcd_bipboy.o
                0x20000084                counterX
 *fill*         0x20000086        0x2 
 .data          0x20000088        0x4 .\CortexM0p\ARM_GCC_541\Debug\Cm0plusStart.o
 .data          0x2000008c        0x2 .\CortexM0p\ARM_GCC_541\Debug\lcd.a(ADC_Adc.o)
                0x2000008c                ADC_adcVrefMv
 *fill*         0x2000008e        0x2 
 .data          0x20000090       0x14 .\CortexM0p\ARM_GCC_541\Debug\lcd.a(CyLib.o)
                0x20000090                CySysClkPumpConfig
                0x20000094                cydelay32kMs
                0x20000098                cydelayFreqKhz
                0x2000009c                cydelayFreqMhz
                0x200000a0                cydelayFreqHz
 .data.impure_data
                0x200000a4       0x60 c:/program files (x86)/cypress/psoc creator/4.2/psoc creator/import/gnu/arm/5.4.1/bin/../lib/gcc/arm-none-eabi/5.4.1/../../../../arm-none-eabi/lib/armv6-m\libg_nano.a(lib_a-impure.o)
 .data._impure_ptr
                0x20000104        0x4 c:/program files (x86)/cypress/psoc creator/4.2/psoc creator/import/gnu/arm/5.4.1/bin/../lib/gcc/arm-none-eabi/5.4.1/../../../../arm-none-eabi/lib/armv6-m\libg_nano.a(lib_a-impure.o)
                0x20000104                _impure_ptr
 .data.lconv    0x20000108       0x38 c:/program files (x86)/cypress/psoc creator/4.2/psoc creator/import/gnu/arm/5.4.1/bin/../lib/gcc/arm-none-eabi/5.4.1/../../../../arm-none-eabi/lib/armv6-m\libg_nano.a(lib_a-locale.o)
                0x20000140                . = ALIGN (0x8)
 *(.ram)
                0x20000140                _edata = .

.igot.plt       0x20000140        0x0 load address 0x00004f98
 .igot.plt      0x20000140        0x0 c:/program files (x86)/cypress/psoc creator/4.2/psoc creator/import/gnu/arm/5.4.1/bin/../lib/gcc/arm-none-eabi/5.4.1/armv6-m/crtbegin.o

.bss            0x20000140       0x48 load address 0x00004f98
                0x20000140                PROVIDE (__bss_start__, .)
 *(.shbss)
 *(.bss .bss.* .gnu.linkonce.b.*)
 .bss           0x20000140       0x1c c:/program files (x86)/cypress/psoc creator/4.2/psoc creator/import/gnu/arm/5.4.1/bin/../lib/gcc/arm-none-eabi/5.4.1/armv6-m/crtbegin.o
 .bss           0x2000015c        0x2 .\CortexM0p\ARM_GCC_541\Debug\buttons.o
                0x2000015c                counter
 .bss           0x2000015e        0x2 .\CortexM0p\ARM_GCC_541\Debug\lcd.a(LCD.o)
                0x2000015e                LCD_enableState
                0x2000015f                LCD_initVar
 .bss           0x20000160        0x1 .\CortexM0p\ARM_GCC_541\Debug\lcd.a(ADC_Adc.o)
 *fill*         0x20000161        0x1 
 .bss           0x20000162        0xa .\CortexM0p\ARM_GCC_541\Debug\lcd.a(ADC_Adc_INT.o)
 .bss           0x2000016c        0x4 .\CortexM0p\ARM_GCC_541\Debug\lcd.a(UART.o)
                0x2000016c                UART_initVar
                0x2000016e                UART_IntrTxMask
 .bss.__malloc_sbrk_start
                0x20000170        0x4 c:/program files (x86)/cypress/psoc creator/4.2/psoc creator/import/gnu/arm/5.4.1/bin/../lib/gcc/arm-none-eabi/5.4.1/../../../../arm-none-eabi/lib/armv6-m\libg_nano.a(lib_a-nano-mallocr.o)
                0x20000170                __malloc_sbrk_start
 .bss.__malloc_free_list
                0x20000174        0x4 c:/program files (x86)/cypress/psoc creator/4.2/psoc creator/import/gnu/arm/5.4.1/bin/../lib/gcc/arm-none-eabi/5.4.1/../../../../arm-none-eabi/lib/armv6-m\libg_nano.a(lib_a-nano-mallocr.o)
                0x20000174                __malloc_free_list
 *(COMMON)
 COMMON         0x20000178        0xa .\CortexM0p\ARM_GCC_541\Debug\lcd.a(ADC_Structure.o)
                0x20000178                ADC_dsRam
 *fill*         0x20000182        0x2 
 COMMON         0x20000184        0x4 c:/program files (x86)/cypress/psoc creator/4.2/psoc creator/import/gnu/arm/5.4.1/bin/../lib/gcc/arm-none-eabi/5.4.1/../../../../arm-none-eabi/lib/armv6-m\libg_nano.a(lib_a-reent.o)
                0x20000184                errno
                0x20000188                . = ALIGN (0x8)
 *(.ram.b)
                0x20000188                _end = .
                0x20000188                __end = .
                0x20000188                PROVIDE (end, .)
                0x20000188                PROVIDE (__bss_end__, .)
                0x00004ed8                __cy_region_init_ram = LOADADDR (.data)
                0x000000c0                __cy_region_init_size_ram = (_edata - ADDR (.data))
                0x00000048                __cy_region_zero_size_ram = (_end - _edata)

.heap           0x20000188       0x80 load address 0x00004f98
                0x20000188                . = _end
                0x20000208                . = (. + 0x80)
 *fill*         0x20000188       0x80 
                0x20000208                __cy_heap_limit = .

.stack          0x20000c00      0x400
                0x20000c00                __cy_stack_limit = .
                0x20001000                . = (. + 0x400)
 *fill*         0x20000c00      0x400 
                0x00000001                ASSERT ((__cy_stack_limit >= __cy_heap_limit), region RAM overflowed with stack)
                0x00000000                cy_checksum_exclude_size = (CY_APPL_LOADABLE == 0x1)?SIZEOF (.cy_checksum_exclude):0x0
                0x00000001                ASSERT ((cy_checksum_exclude_size <= CY_CHECKSUM_EXCLUDE_SIZE), CY_BOOT: Section .cy_checksum_exclude size exceedes specified limit.)
                0x00007fc0                cyloadermeta_start = (cy_project_type_bootloader || cy_project_type_app_for_stack_and_copier)?(LENGTH (rom) - CY_METADATA_SIZE):0xf0000000

.cyloadermeta
 *(.cyloadermeta)
                0x00007fc0                cyloadablemeta_start = cy_project_type_app_for_stack_and_copier?((LENGTH (rom) - CY_FLASH_ROW_SIZE) - CY_METADATA_SIZE):((LENGTH (rom) - (CY_FLASH_ROW_SIZE * (CY_APPL_NUM - 0x1))) - CY_METADATA_SIZE)

.cyloadablemeta
 *(.cyloadablemeta)

.cyflashprotect
                0x90400000       0x20
 *(.cyflashprotect)
 .cyflashprotect
                0x90400000       0x20 .\CortexM0p\ARM_GCC_541\Debug\cymetadata.o
                0x90400000                cy_meta_flashprotect

.cymeta         0x90500000        0xc
 *(.cymeta)
 .cymeta        0x90500000        0xc .\CortexM0p\ARM_GCC_541\Debug\cymetadata.o
                0x90500000                cy_metadata

.cychipprotect  0x90600000        0x1
 *(.cychipprotect)
 .cychipprotect
                0x90600000        0x1 .\CortexM0p\ARM_GCC_541\Debug\cymetadata.o
                0x90600000                cy_meta_chipprotect

.rel.dyn        0x00004f98        0x0 load address 0x90600004
 .rel.iplt      0x00004f98        0x0 c:/program files (x86)/cypress/psoc creator/4.2/psoc creator/import/gnu/arm/5.4.1/bin/../lib/gcc/arm-none-eabi/5.4.1/armv6-m/crtbegin.o

.stab
 *(.stab)

.stabstr
 *(.stabstr)

.debug
 *(.debug)

.line
 *(.line)

.debug_srcinfo
 *(.debug_srcinfo)

.debug_sfnames
 *(.debug_sfnames)

.debug_aranges  0x00000000      0xa88
 *(.debug_aranges)
 .debug_aranges
                0x00000000       0x28 .\CortexM0p\ARM_GCC_541\Debug\lcd_bipboy.o
 .debug_aranges
                0x00000028       0x28 .\CortexM0p\ARM_GCC_541\Debug\adc_bipboy.o
 .debug_aranges
                0x00000050       0x20 .\CortexM0p\ARM_GCC_541\Debug\protocol.o
 .debug_aranges
                0x00000070       0x38 .\CortexM0p\ARM_GCC_541\Debug\buttons.o
 .debug_aranges
                0x000000a8       0x20 .\CortexM0p\ARM_GCC_541\Debug\main.o
 .debug_aranges
                0x000000c8       0x38 .\CortexM0p\ARM_GCC_541\Debug\cyfitter_cfg.o
 .debug_aranges
                0x00000100       0x18 .\CortexM0p\ARM_GCC_541\Debug\cymetadata.o
 .debug_aranges
                0x00000118       0x48 .\CortexM0p\ARM_GCC_541\Debug\Cm0plusStart.o
 .debug_aranges
                0x00000160       0x98 .\CortexM0p\ARM_GCC_541\Debug\lcd.a(LCD.o)
 .debug_aranges
                0x000001f8       0x20 .\CortexM0p\ARM_GCC_541\Debug\lcd.a(LCD_CustChars.o)
 .debug_aranges
                0x00000218       0xb0 .\CortexM0p\ARM_GCC_541\Debug\lcd.a(ADC_Adc.o)
 .debug_aranges
                0x000002c8       0x20 .\CortexM0p\ARM_GCC_541\Debug\lcd.a(ADC_Adc_INT.o)
 .debug_aranges
                0x000002e8       0x20 .\CortexM0p\ARM_GCC_541\Debug\lcd.a(ADC_Structure.o)
 .debug_aranges
                0x00000308       0x80 .\CortexM0p\ARM_GCC_541\Debug\lcd.a(ADC_ISR.o)
 .debug_aranges
                0x00000388      0x190 .\CortexM0p\ARM_GCC_541\Debug\lcd.a(CyLib.o)
 .debug_aranges
                0x00000518       0xd8 .\CortexM0p\ARM_GCC_541\Debug\lcd.a(CyLFClk.o)
 .debug_aranges
                0x000005f0       0x80 .\CortexM0p\ARM_GCC_541\Debug\lcd.a(Button_Back_Int.o)
 .debug_aranges
                0x00000670       0x48 .\CortexM0p\ARM_GCC_541\Debug\lcd.a(Button_Back.o)
 .debug_aranges
                0x000006b8       0x48 .\CortexM0p\ARM_GCC_541\Debug\lcd.a(Button_Ok.o)
 .debug_aranges
                0x00000700       0x80 .\CortexM0p\ARM_GCC_541\Debug\lcd.a(Button_Ok_Int.o)
 .debug_aranges
                0x00000780       0x48 .\CortexM0p\ARM_GCC_541\Debug\lcd.a(Button_Up.o)
 .debug_aranges
                0x000007c8       0x80 .\CortexM0p\ARM_GCC_541\Debug\lcd.a(Button_Up_Int.o)
 .debug_aranges
                0x00000848       0x48 .\CortexM0p\ARM_GCC_541\Debug\lcd.a(Button_Down.o)
 .debug_aranges
                0x00000890       0x80 .\CortexM0p\ARM_GCC_541\Debug\lcd.a(Button_Down_Int.o)
 .debug_aranges
                0x00000910       0x58 .\CortexM0p\ARM_GCC_541\Debug\lcd.a(UART.o)
 .debug_aranges
                0x00000968       0x48 .\CortexM0p\ARM_GCC_541\Debug\lcd.a(UART_SPI_UART.o)
 .debug_aranges
                0x000009b0       0x70 .\CortexM0p\ARM_GCC_541\Debug\lcd.a(UART_UART.o)
 .debug_aranges
                0x00000a20       0x20 .\CortexM0p\ARM_GCC_541\Debug\lcd.a(CyBootAsmGnu.o)
 .debug_aranges
                0x00000a40       0x48 .\CortexM0p\ARM_GCC_541\Debug\lcd.a(CyFlash.o)

.debug_pubnames
 *(.debug_pubnames)

.debug_info     0x00000000     0x5287
 *(.debug_info .gnu.linkonce.wi.*)
 .debug_info    0x00000000      0x1aa .\CortexM0p\ARM_GCC_541\Debug\lcd_bipboy.o
 .debug_info    0x000001aa      0x11b .\CortexM0p\ARM_GCC_541\Debug\adc_bipboy.o
 .debug_info    0x000002c5      0x11d .\CortexM0p\ARM_GCC_541\Debug\protocol.o
 .debug_info    0x000003e2      0x154 .\CortexM0p\ARM_GCC_541\Debug\buttons.o
 .debug_info    0x00000536      0x12d .\CortexM0p\ARM_GCC_541\Debug\main.o
 .debug_info    0x00000663      0x168 .\CortexM0p\ARM_GCC_541\Debug\cyfitter_cfg.o
 .debug_info    0x000007cb       0xf8 .\CortexM0p\ARM_GCC_541\Debug\cymetadata.o
 .debug_info    0x000008c3      0x3a5 .\CortexM0p\ARM_GCC_541\Debug\Cm0plusStart.o
 .debug_info    0x00000c68      0x75e .\CortexM0p\ARM_GCC_541\Debug\lcd.a(LCD.o)
 .debug_info    0x000013c6      0x159 .\CortexM0p\ARM_GCC_541\Debug\lcd.a(LCD_CustChars.o)
 .debug_info    0x0000151f      0x7c4 .\CortexM0p\ARM_GCC_541\Debug\lcd.a(ADC_Adc.o)
 .debug_info    0x00001ce3      0x28b .\CortexM0p\ARM_GCC_541\Debug\lcd.a(ADC_Adc_INT.o)
 .debug_info    0x00001f6e      0x23c .\CortexM0p\ARM_GCC_541\Debug\lcd.a(ADC_Structure.o)
 .debug_info    0x000021aa      0x305 .\CortexM0p\ARM_GCC_541\Debug\lcd.a(ADC_ISR.o)
 .debug_info    0x000024af      0xbcd .\CortexM0p\ARM_GCC_541\Debug\lcd.a(CyLib.o)
 .debug_info    0x0000307c      0x444 .\CortexM0p\ARM_GCC_541\Debug\lcd.a(CyLFClk.o)
 .debug_info    0x000034c0      0x305 .\CortexM0p\ARM_GCC_541\Debug\lcd.a(Button_Back_Int.o)
 .debug_info    0x000037c5      0x19b .\CortexM0p\ARM_GCC_541\Debug\lcd.a(Button_Back.o)
 .debug_info    0x00003960      0x19d .\CortexM0p\ARM_GCC_541\Debug\lcd.a(Button_Ok.o)
 .debug_info    0x00003afd      0x305 .\CortexM0p\ARM_GCC_541\Debug\lcd.a(Button_Ok_Int.o)
 .debug_info    0x00003e02      0x19d .\CortexM0p\ARM_GCC_541\Debug\lcd.a(Button_Up.o)
 .debug_info    0x00003f9f      0x305 .\CortexM0p\ARM_GCC_541\Debug\lcd.a(Button_Up_Int.o)
 .debug_info    0x000042a4      0x19b .\CortexM0p\ARM_GCC_541\Debug\lcd.a(Button_Down.o)
 .debug_info    0x0000443f      0x305 .\CortexM0p\ARM_GCC_541\Debug\lcd.a(Button_Down_Int.o)
 .debug_info    0x00004744      0x23a .\CortexM0p\ARM_GCC_541\Debug\lcd.a(UART.o)
 .debug_info    0x0000497e      0x1bf .\CortexM0p\ARM_GCC_541\Debug\lcd.a(UART_SPI_UART.o)
 .debug_info    0x00004b3d      0x2b7 .\CortexM0p\ARM_GCC_541\Debug\lcd.a(UART_UART.o)
 .debug_info    0x00004df4       0x7c .\CortexM0p\ARM_GCC_541\Debug\lcd.a(CyBootAsmGnu.o)
 .debug_info    0x00004e70      0x417 .\CortexM0p\ARM_GCC_541\Debug\lcd.a(CyFlash.o)

.debug_abbrev   0x00000000     0x1f82
 *(.debug_abbrev)
 .debug_abbrev  0x00000000       0xa2 .\CortexM0p\ARM_GCC_541\Debug\lcd_bipboy.o
 .debug_abbrev  0x000000a2       0xa7 .\CortexM0p\ARM_GCC_541\Debug\adc_bipboy.o
 .debug_abbrev  0x00000149       0x60 .\CortexM0p\ARM_GCC_541\Debug\protocol.o
 .debug_abbrev  0x000001a9       0x7e .\CortexM0p\ARM_GCC_541\Debug\buttons.o
 .debug_abbrev  0x00000227       0xa7 .\CortexM0p\ARM_GCC_541\Debug\main.o
 .debug_abbrev  0x000002ce       0xdb .\CortexM0p\ARM_GCC_541\Debug\cyfitter_cfg.o
 .debug_abbrev  0x000003a9       0x5d .\CortexM0p\ARM_GCC_541\Debug\cymetadata.o
 .debug_abbrev  0x00000406      0x1d0 .\CortexM0p\ARM_GCC_541\Debug\Cm0plusStart.o
 .debug_abbrev  0x000005d6      0x182 .\CortexM0p\ARM_GCC_541\Debug\lcd.a(LCD.o)
 .debug_abbrev  0x00000758       0xe2 .\CortexM0p\ARM_GCC_541\Debug\lcd.a(LCD_CustChars.o)
 .debug_abbrev  0x0000083a      0x20c .\CortexM0p\ARM_GCC_541\Debug\lcd.a(ADC_Adc.o)
 .debug_abbrev  0x00000a46       0xf7 .\CortexM0p\ARM_GCC_541\Debug\lcd.a(ADC_Adc_INT.o)
 .debug_abbrev  0x00000b3d       0xd8 .\CortexM0p\ARM_GCC_541\Debug\lcd.a(ADC_Structure.o)
 .debug_abbrev  0x00000c15      0x19a .\CortexM0p\ARM_GCC_541\Debug\lcd.a(ADC_ISR.o)
 .debug_abbrev  0x00000daf      0x202 .\CortexM0p\ARM_GCC_541\Debug\lcd.a(CyLib.o)
 .debug_abbrev  0x00000fb1      0x1af .\CortexM0p\ARM_GCC_541\Debug\lcd.a(CyLFClk.o)
 .debug_abbrev  0x00001160      0x19a .\CortexM0p\ARM_GCC_541\Debug\lcd.a(Button_Back_Int.o)
 .debug_abbrev  0x000012fa       0xc8 .\CortexM0p\ARM_GCC_541\Debug\lcd.a(Button_Back.o)
 .debug_abbrev  0x000013c2       0xc8 .\CortexM0p\ARM_GCC_541\Debug\lcd.a(Button_Ok.o)
 .debug_abbrev  0x0000148a      0x19a .\CortexM0p\ARM_GCC_541\Debug\lcd.a(Button_Ok_Int.o)
 .debug_abbrev  0x00001624       0xc8 .\CortexM0p\ARM_GCC_541\Debug\lcd.a(Button_Up.o)
 .debug_abbrev  0x000016ec      0x19a .\CortexM0p\ARM_GCC_541\Debug\lcd.a(Button_Up_Int.o)
 .debug_abbrev  0x00001886       0xc8 .\CortexM0p\ARM_GCC_541\Debug\lcd.a(Button_Down.o)
 .debug_abbrev  0x0000194e      0x19a .\CortexM0p\ARM_GCC_541\Debug\lcd.a(Button_Down_Int.o)
 .debug_abbrev  0x00001ae8       0xd5 .\CortexM0p\ARM_GCC_541\Debug\lcd.a(UART.o)
 .debug_abbrev  0x00001bbd       0xfd .\CortexM0p\ARM_GCC_541\Debug\lcd.a(UART_SPI_UART.o)
 .debug_abbrev  0x00001cba      0x116 .\CortexM0p\ARM_GCC_541\Debug\lcd.a(UART_UART.o)
 .debug_abbrev  0x00001dd0       0x14 .\CortexM0p\ARM_GCC_541\Debug\lcd.a(CyBootAsmGnu.o)
 .debug_abbrev  0x00001de4      0x19e .\CortexM0p\ARM_GCC_541\Debug\lcd.a(CyFlash.o)

.debug_line     0x00000000     0x24c5
 *(.debug_line)
 .debug_line    0x00000000       0x8c .\CortexM0p\ARM_GCC_541\Debug\lcd_bipboy.o
 .debug_line    0x0000008c       0x7c .\CortexM0p\ARM_GCC_541\Debug\adc_bipboy.o
 .debug_line    0x00000108       0xc6 .\CortexM0p\ARM_GCC_541\Debug\protocol.o
 .debug_line    0x000001ce       0xd4 .\CortexM0p\ARM_GCC_541\Debug\buttons.o
 .debug_line    0x000002a2       0xb0 .\CortexM0p\ARM_GCC_541\Debug\main.o
 .debug_line    0x00000352       0xc3 .\CortexM0p\ARM_GCC_541\Debug\cyfitter_cfg.o
 .debug_line    0x00000415      0x141 .\CortexM0p\ARM_GCC_541\Debug\cymetadata.o
 .debug_line    0x00000556      0x247 .\CortexM0p\ARM_GCC_541\Debug\Cm0plusStart.o
 .debug_line    0x0000079d      0x1f0 .\CortexM0p\ARM_GCC_541\Debug\lcd.a(LCD.o)
 .debug_line    0x0000098d       0x84 .\CortexM0p\ARM_GCC_541\Debug\lcd.a(LCD_CustChars.o)
 .debug_line    0x00000a11      0x2aa .\CortexM0p\ARM_GCC_541\Debug\lcd.a(ADC_Adc.o)
 .debug_line    0x00000cbb       0xd0 .\CortexM0p\ARM_GCC_541\Debug\lcd.a(ADC_Adc_INT.o)
 .debug_line    0x00000d8b       0x7c .\CortexM0p\ARM_GCC_541\Debug\lcd.a(ADC_Structure.o)
 .debug_line    0x00000e07      0x153 .\CortexM0p\ARM_GCC_541\Debug\lcd.a(ADC_ISR.o)
 .debug_line    0x00000f5a      0x4dc .\CortexM0p\ARM_GCC_541\Debug\lcd.a(CyLib.o)
 .debug_line    0x00001436      0x284 .\CortexM0p\ARM_GCC_541\Debug\lcd.a(CyLFClk.o)
 .debug_line    0x000016ba      0x15b .\CortexM0p\ARM_GCC_541\Debug\lcd.a(Button_Back_Int.o)
 .debug_line    0x00001815       0xc2 .\CortexM0p\ARM_GCC_541\Debug\lcd.a(Button_Back.o)
 .debug_line    0x000018d7       0xc1 .\CortexM0p\ARM_GCC_541\Debug\lcd.a(Button_Ok.o)
 .debug_line    0x00001998      0x159 .\CortexM0p\ARM_GCC_541\Debug\lcd.a(Button_Ok_Int.o)
 .debug_line    0x00001af1       0xc1 .\CortexM0p\ARM_GCC_541\Debug\lcd.a(Button_Up.o)
 .debug_line    0x00001bb2      0x155 .\CortexM0p\ARM_GCC_541\Debug\lcd.a(Button_Up_Int.o)
 .debug_line    0x00001d07       0xc2 .\CortexM0p\ARM_GCC_541\Debug\lcd.a(Button_Down.o)
 .debug_line    0x00001dc9      0x15b .\CortexM0p\ARM_GCC_541\Debug\lcd.a(Button_Down_Int.o)
 .debug_line    0x00001f24      0x108 .\CortexM0p\ARM_GCC_541\Debug\lcd.a(UART.o)
 .debug_line    0x0000202c       0xde .\CortexM0p\ARM_GCC_541\Debug\lcd.a(UART_SPI_UART.o)
 .debug_line    0x0000210a      0x172 .\CortexM0p\ARM_GCC_541\Debug\lcd.a(UART_UART.o)
 .debug_line    0x0000227c       0x68 .\CortexM0p\ARM_GCC_541\Debug\lcd.a(CyBootAsmGnu.o)
 .debug_line    0x000022e4      0x1e1 .\CortexM0p\ARM_GCC_541\Debug\lcd.a(CyFlash.o)

.debug_frame    0x00000000     0x1fdc
 *(.debug_frame)
 .debug_frame   0x00000000       0x48 .\CortexM0p\ARM_GCC_541\Debug\lcd_bipboy.o
 .debug_frame   0x00000048       0x48 .\CortexM0p\ARM_GCC_541\Debug\adc_bipboy.o
 .debug_frame   0x00000090       0x2c .\CortexM0p\ARM_GCC_541\Debug\protocol.o
 .debug_frame   0x000000bc       0x80 .\CortexM0p\ARM_GCC_541\Debug\buttons.o
 .debug_frame   0x0000013c       0x2c .\CortexM0p\ARM_GCC_541\Debug\main.o
 .debug_frame   0x00000168       0x74 .\CortexM0p\ARM_GCC_541\Debug\cyfitter_cfg.o
 .debug_frame   0x000001dc       0xbc .\CortexM0p\ARM_GCC_541\Debug\Cm0plusStart.o
 .debug_frame   0x00000298      0x1f0 .\CortexM0p\ARM_GCC_541\Debug\lcd.a(LCD.o)
 .debug_frame   0x00000488       0x30 .\CortexM0p\ARM_GCC_541\Debug\lcd.a(LCD_CustChars.o)
 .debug_frame   0x000004b8      0x1f0 .\CortexM0p\ARM_GCC_541\Debug\lcd.a(ADC_Adc.o)
 .debug_frame   0x000006a8       0x38 .\CortexM0p\ARM_GCC_541\Debug\lcd.a(ADC_Adc_INT.o)
 .debug_frame   0x000006e0       0x2c .\CortexM0p\ARM_GCC_541\Debug\lcd.a(ADC_Structure.o)
 .debug_frame   0x0000070c      0x110 .\CortexM0p\ARM_GCC_541\Debug\lcd.a(ADC_ISR.o)
 .debug_frame   0x0000081c      0x418 .\CortexM0p\ARM_GCC_541\Debug\lcd.a(CyLib.o)
 .debug_frame   0x00000c34      0x1dc .\CortexM0p\ARM_GCC_541\Debug\lcd.a(CyLFClk.o)
 .debug_frame   0x00000e10      0x110 .\CortexM0p\ARM_GCC_541\Debug\lcd.a(Button_Back_Int.o)
 .debug_frame   0x00000f20       0x70 .\CortexM0p\ARM_GCC_541\Debug\lcd.a(Button_Back.o)
 .debug_frame   0x00000f90       0x70 .\CortexM0p\ARM_GCC_541\Debug\lcd.a(Button_Ok.o)
 .debug_frame   0x00001000      0x110 .\CortexM0p\ARM_GCC_541\Debug\lcd.a(Button_Ok_Int.o)
 .debug_frame   0x00001110       0x70 .\CortexM0p\ARM_GCC_541\Debug\lcd.a(Button_Up.o)
 .debug_frame   0x00001180      0x110 .\CortexM0p\ARM_GCC_541\Debug\lcd.a(Button_Up_Int.o)
 .debug_frame   0x00001290       0x70 .\CortexM0p\ARM_GCC_541\Debug\lcd.a(Button_Down.o)
 .debug_frame   0x00001300      0x110 .\CortexM0p\ARM_GCC_541\Debug\lcd.a(Button_Down_Int.o)
 .debug_frame   0x00001410       0xd8 .\CortexM0p\ARM_GCC_541\Debug\lcd.a(UART.o)
 .debug_frame   0x000014e8       0x80 .\CortexM0p\ARM_GCC_541\Debug\lcd.a(UART_SPI_UART.o)
 .debug_frame   0x00001568       0xec .\CortexM0p\ARM_GCC_541\Debug\lcd.a(UART_UART.o)
 .debug_frame   0x00001654       0xa8 .\CortexM0p\ARM_GCC_541\Debug\lcd.a(CyFlash.o)
 .debug_frame   0x000016fc       0x20 c:/program files (x86)/cypress/psoc creator/4.2/psoc creator/import/gnu/arm/5.4.1/bin/../lib/gcc/arm-none-eabi/5.4.1/armv6-m\libgcc.a(_udivsi3.o)
 .debug_frame   0x0000171c       0x20 c:/program files (x86)/cypress/psoc creator/4.2/psoc creator/import/gnu/arm/5.4.1/bin/../lib/gcc/arm-none-eabi/5.4.1/armv6-m\libgcc.a(_divsi3.o)
 .debug_frame   0x0000173c       0x20 c:/program files (x86)/cypress/psoc creator/4.2/psoc creator/import/gnu/arm/5.4.1/bin/../lib/gcc/arm-none-eabi/5.4.1/../../../../arm-none-eabi/lib/armv6-m\libg_nano.a(lib_a-errno.o)
 .debug_frame   0x0000175c       0x28 c:/program files (x86)/cypress/psoc creator/4.2/psoc creator/import/gnu/arm/5.4.1/bin/../lib/gcc/arm-none-eabi/5.4.1/../../../../arm-none-eabi/lib/armv6-m\libg_nano.a(lib_a-exit.o)
 .debug_frame   0x00001784       0x2c c:/program files (x86)/cypress/psoc creator/4.2/psoc creator/import/gnu/arm/5.4.1/bin/../lib/gcc/arm-none-eabi/5.4.1/../../../../arm-none-eabi/lib/armv6-m\libg_nano.a(lib_a-init.o)
 .debug_frame   0x000017b0       0x28 c:/program files (x86)/cypress/psoc creator/4.2/psoc creator/import/gnu/arm/5.4.1/bin/../lib/gcc/arm-none-eabi/5.4.1/../../../../arm-none-eabi/lib/armv6-m\libg_nano.a(lib_a-memcpy-stub.o)
 .debug_frame   0x000017d8       0x20 c:/program files (x86)/cypress/psoc creator/4.2/psoc creator/import/gnu/arm/5.4.1/bin/../lib/gcc/arm-none-eabi/5.4.1/../../../../arm-none-eabi/lib/armv6-m\libg_nano.a(lib_a-memset.o)
 .debug_frame   0x000017f8       0x74 c:/program files (x86)/cypress/psoc creator/4.2/psoc creator/import/gnu/arm/5.4.1/bin/../lib/gcc/arm-none-eabi/5.4.1/../../../../arm-none-eabi/lib/armv6-m\libg_nano.a(lib_a-nano-vfprintf_float.o)
 .debug_frame   0x0000186c       0x54 c:/program files (x86)/cypress/psoc creator/4.2/psoc creator/import/gnu/arm/5.4.1/bin/../lib/gcc/arm-none-eabi/5.4.1/../../../../arm-none-eabi/lib/armv6-m\libg_nano.a(lib_a-nano-vfprintf_i.o)
 .debug_frame   0x000018c0       0x54 c:/program files (x86)/cypress/psoc creator/4.2/psoc creator/import/gnu/arm/5.4.1/bin/../lib/gcc/arm-none-eabi/5.4.1/../../../../arm-none-eabi/lib/armv6-m\libg_nano.a(lib_a-dtoa.o)
 .debug_frame   0x00001914       0xa4 c:/program files (x86)/cypress/psoc creator/4.2/psoc creator/import/gnu/arm/5.4.1/bin/../lib/gcc/arm-none-eabi/5.4.1/../../../../arm-none-eabi/lib/armv6-m\libg_nano.a(lib_a-locale.o)
 .debug_frame   0x000019b8       0x40 c:/program files (x86)/cypress/psoc creator/4.2/psoc creator/import/gnu/arm/5.4.1/bin/../lib/gcc/arm-none-eabi/5.4.1/../../../../arm-none-eabi/lib/armv6-m\libg_nano.a(lib_a-malloc.o)
 .debug_frame   0x000019f8       0x20 c:/program files (x86)/cypress/psoc creator/4.2/psoc creator/import/gnu/arm/5.4.1/bin/../lib/gcc/arm-none-eabi/5.4.1/../../../../arm-none-eabi/lib/armv6-m\libg_nano.a(lib_a-memchr-stub.o)
 .debug_frame   0x00001a18      0x238 c:/program files (x86)/cypress/psoc creator/4.2/psoc creator/import/gnu/arm/5.4.1/bin/../lib/gcc/arm-none-eabi/5.4.1/../../../../arm-none-eabi/lib/armv6-m\libg_nano.a(lib_a-mprec.o)
 .debug_frame   0x00001c50       0x2c c:/program files (x86)/cypress/psoc creator/4.2/psoc creator/import/gnu/arm/5.4.1/bin/../lib/gcc/arm-none-eabi/5.4.1/../../../../arm-none-eabi/lib/armv6-m\libg_nano.a(lib_a-nano-callocr.o)
 .debug_frame   0x00001c7c       0x2c c:/program files (x86)/cypress/psoc creator/4.2/psoc creator/import/gnu/arm/5.4.1/bin/../lib/gcc/arm-none-eabi/5.4.1/../../../../arm-none-eabi/lib/armv6-m\libg_nano.a(lib_a-nano-freer.o)
 .debug_frame   0x00001ca8       0x2c c:/program files (x86)/cypress/psoc creator/4.2/psoc creator/import/gnu/arm/5.4.1/bin/../lib/gcc/arm-none-eabi/5.4.1/../../../../arm-none-eabi/lib/armv6-m\libg_nano.a(lib_a-nano-mallocr.o)
 .debug_frame   0x00001cd4       0x2c c:/program files (x86)/cypress/psoc creator/4.2/psoc creator/import/gnu/arm/5.4.1/bin/../lib/gcc/arm-none-eabi/5.4.1/../../../../arm-none-eabi/lib/armv6-m\libg_nano.a(lib_a-sbrkr.o)
 .debug_frame   0x00001d00       0x20 c:/program files (x86)/cypress/psoc creator/4.2/psoc creator/import/gnu/arm/5.4.1/bin/../lib/gcc/arm-none-eabi/5.4.1/../../../../arm-none-eabi/lib/armv6-m\libg_nano.a(lib_a-strcmp.o)
 .debug_frame   0x00001d20       0x30 c:/program files (x86)/cypress/psoc creator/4.2/psoc creator/import/gnu/arm/5.4.1/bin/../lib/gcc/arm-none-eabi/5.4.1/../../../../arm-none-eabi/lib/armv6-m\libg_nano.a(lib_a-mlock.o)
 .debug_frame   0x00001d50       0x48 c:/program files (x86)/cypress/psoc creator/4.2/psoc creator/import/gnu/arm/5.4.1/bin/../lib/gcc/arm-none-eabi/5.4.1/../../../../arm-none-eabi/lib/armv6-m\libg_nano.a(lib_a-reent.o)
 .debug_frame   0x00001d98       0x3c c:/program files (x86)/cypress/psoc creator/4.2/psoc creator/import/gnu/arm/5.4.1/bin/../lib/gcc/arm-none-eabi/5.4.1/armv6-m\libgcc.a(adddf3.o)
 .debug_frame   0x00001dd4       0x3c c:/program files (x86)/cypress/psoc creator/4.2/psoc creator/import/gnu/arm/5.4.1/bin/../lib/gcc/arm-none-eabi/5.4.1/armv6-m\libgcc.a(divdf3.o)
 .debug_frame   0x00001e10       0x38 c:/program files (x86)/cypress/psoc creator/4.2/psoc creator/import/gnu/arm/5.4.1/bin/../lib/gcc/arm-none-eabi/5.4.1/armv6-m\libgcc.a(eqdf2.o)
 .debug_frame   0x00001e48       0x38 c:/program files (x86)/cypress/psoc creator/4.2/psoc creator/import/gnu/arm/5.4.1/bin/../lib/gcc/arm-none-eabi/5.4.1/armv6-m\libgcc.a(gedf2.o)
 .debug_frame   0x00001e80       0x38 c:/program files (x86)/cypress/psoc creator/4.2/psoc creator/import/gnu/arm/5.4.1/bin/../lib/gcc/arm-none-eabi/5.4.1/armv6-m\libgcc.a(ledf2.o)
 .debug_frame   0x00001eb8       0x3c c:/program files (x86)/cypress/psoc creator/4.2/psoc creator/import/gnu/arm/5.4.1/bin/../lib/gcc/arm-none-eabi/5.4.1/armv6-m\libgcc.a(muldf3.o)
 .debug_frame   0x00001ef4       0x38 c:/program files (x86)/cypress/psoc creator/4.2/psoc creator/import/gnu/arm/5.4.1/bin/../lib/gcc/arm-none-eabi/5.4.1/armv6-m\libgcc.a(subdf3.o)
 .debug_frame   0x00001f2c       0x2c c:/program files (x86)/cypress/psoc creator/4.2/psoc creator/import/gnu/arm/5.4.1/bin/../lib/gcc/arm-none-eabi/5.4.1/armv6-m\libgcc.a(unorddf2.o)
 .debug_frame   0x00001f58       0x2c c:/program files (x86)/cypress/psoc creator/4.2/psoc creator/import/gnu/arm/5.4.1/bin/../lib/gcc/arm-none-eabi/5.4.1/armv6-m\libgcc.a(fixdfsi.o)
 .debug_frame   0x00001f84       0x2c c:/program files (x86)/cypress/psoc creator/4.2/psoc creator/import/gnu/arm/5.4.1/bin/../lib/gcc/arm-none-eabi/5.4.1/armv6-m\libgcc.a(floatsidf.o)
 .debug_frame   0x00001fb0       0x2c c:/program files (x86)/cypress/psoc creator/4.2/psoc creator/import/gnu/arm/5.4.1/bin/../lib/gcc/arm-none-eabi/5.4.1/armv6-m\libgcc.a(floatunsidf.o)

.debug_str      0x00000000     0x1fb4
 *(.debug_str)
 .debug_str     0x00000000      0x1b4 .\CortexM0p\ARM_GCC_541\Debug\lcd_bipboy.o
                                0x1f4 (size before relaxing)
 .debug_str     0x000001b4       0x56 .\CortexM0p\ARM_GCC_541\Debug\adc_bipboy.o
                                0x1ce (size before relaxing)
 .debug_str     0x0000020a       0x75 .\CortexM0p\ARM_GCC_541\Debug\protocol.o
                                0x1f2 (size before relaxing)
 .debug_str     0x0000027f       0xd6 .\CortexM0p\ARM_GCC_541\Debug\buttons.o
                                0x248 (size before relaxing)
 .debug_str     0x00000355       0x36 .\CortexM0p\ARM_GCC_541\Debug\main.o
                                0x1c7 (size before relaxing)
 .debug_str     0x0000038b       0x91 .\CortexM0p\ARM_GCC_541\Debug\cyfitter_cfg.o
                                0x209 (size before relaxing)
 .debug_str     0x0000041c       0x63 .\CortexM0p\ARM_GCC_541\Debug\cymetadata.o
                                0x1b8 (size before relaxing)
 .debug_str     0x0000047f      0x156 .\CortexM0p\ARM_GCC_541\Debug\Cm0plusStart.o
                                0x2ff (size before relaxing)
 .debug_str     0x000005d5      0x162 .\CortexM0p\ARM_GCC_541\Debug\lcd.a(LCD.o)
                                0x340 (size before relaxing)
 .debug_str     0x00000737       0x32 .\CortexM0p\ARM_GCC_541\Debug\lcd.a(LCD_CustChars.o)
                                0x1ee (size before relaxing)
 .debug_str     0x00000769      0x34f .\CortexM0p\ARM_GCC_541\Debug\lcd.a(ADC_Adc.o)
                                0x504 (size before relaxing)
 .debug_str     0x00000ab8       0x89 .\CortexM0p\ARM_GCC_541\Debug\lcd.a(ADC_Adc_INT.o)
                                0x2d5 (size before relaxing)
 .debug_str     0x00000b41       0x2e .\CortexM0p\ARM_GCC_541\Debug\lcd.a(ADC_Structure.o)
                                0x28a (size before relaxing)
 .debug_str     0x00000b6f      0x10a .\CortexM0p\ARM_GCC_541\Debug\lcd.a(ADC_ISR.o)
                                0x2f6 (size before relaxing)
 .debug_str     0x00000c79      0x4d1 .\CortexM0p\ARM_GCC_541\Debug\lcd.a(CyLib.o)
                                0x6fb (size before relaxing)
 .debug_str     0x0000114a      0x2d5 .\CortexM0p\ARM_GCC_541\Debug\lcd.a(CyLFClk.o)
                                0x4aa (size before relaxing)
 .debug_str     0x0000141f      0x15a .\CortexM0p\ARM_GCC_541\Debug\lcd.a(Button_Back_Int.o)
                                0x366 (size before relaxing)
 .debug_str     0x00001579       0xba .\CortexM0p\ARM_GCC_541\Debug\lcd.a(Button_Back.o)
                                0x250 (size before relaxing)
 .debug_str     0x00001633       0x8a .\CortexM0p\ARM_GCC_541\Debug\lcd.a(Button_Ok.o)
                                0x242 (size before relaxing)
 .debug_str     0x000016bd      0x140 .\CortexM0p\ARM_GCC_541\Debug\lcd.a(Button_Ok_Int.o)
                                0x34a (size before relaxing)
 .debug_str     0x000017fd       0x8a .\CortexM0p\ARM_GCC_541\Debug\lcd.a(Button_Up.o)
                                0x242 (size before relaxing)
 .debug_str     0x00001887      0x140 .\CortexM0p\ARM_GCC_541\Debug\lcd.a(Button_Up_Int.o)
                                0x34a (size before relaxing)
 .debug_str     0x000019c7       0x96 .\CortexM0p\ARM_GCC_541\Debug\lcd.a(Button_Down.o)
                                0x250 (size before relaxing)
 .debug_str     0x00001a5d      0x15a .\CortexM0p\ARM_GCC_541\Debug\lcd.a(Button_Down_Int.o)
                                0x366 (size before relaxing)
 .debug_str     0x00001bb7       0xf7 .\CortexM0p\ARM_GCC_541\Debug\lcd.a(UART.o)
                                0x287 (size before relaxing)
 .debug_str     0x00001cae       0xc9 .\CortexM0p\ARM_GCC_541\Debug\lcd.a(UART_SPI_UART.o)
                                0x26a (size before relaxing)
 .debug_str     0x00001d77      0x119 .\CortexM0p\ARM_GCC_541\Debug\lcd.a(UART_UART.o)
                                0x30e (size before relaxing)
 .debug_str     0x00001e90      0x124 .\CortexM0p\ARM_GCC_541\Debug\lcd.a(CyFlash.o)
                                0x312 (size before relaxing)

.debug_loc      0x00000000     0x1dd7
 *(.debug_loc)
 .debug_loc     0x00000000       0x21 .\CortexM0p\ARM_GCC_541\Debug\adc_bipboy.o
 .debug_loc     0x00000021       0x35 .\CortexM0p\ARM_GCC_541\Debug\cyfitter_cfg.o
 .debug_loc     0x00000056      0x14f .\CortexM0p\ARM_GCC_541\Debug\Cm0plusStart.o
 .debug_loc     0x000001a5      0x3e3 .\CortexM0p\ARM_GCC_541\Debug\lcd.a(LCD.o)
 .debug_loc     0x00000588       0x56 .\CortexM0p\ARM_GCC_541\Debug\lcd.a(LCD_CustChars.o)
 .debug_loc     0x000005de      0x3ce .\CortexM0p\ARM_GCC_541\Debug\lcd.a(ADC_Adc.o)
 .debug_loc     0x000009ac      0x21c .\CortexM0p\ARM_GCC_541\Debug\lcd.a(ADC_Adc_INT.o)
 .debug_loc     0x00000bc8       0x82 .\CortexM0p\ARM_GCC_541\Debug\lcd.a(ADC_ISR.o)
 .debug_loc     0x00000c4a      0x5d9 .\CortexM0p\ARM_GCC_541\Debug\lcd.a(CyLib.o)
 .debug_loc     0x00001223      0x354 .\CortexM0p\ARM_GCC_541\Debug\lcd.a(CyLFClk.o)
 .debug_loc     0x00001577       0x82 .\CortexM0p\ARM_GCC_541\Debug\lcd.a(Button_Back_Int.o)
 .debug_loc     0x000015f9       0x81 .\CortexM0p\ARM_GCC_541\Debug\lcd.a(Button_Back.o)
 .debug_loc     0x0000167a       0xa2 .\CortexM0p\ARM_GCC_541\Debug\lcd.a(Button_Ok.o)
 .debug_loc     0x0000171c       0x82 .\CortexM0p\ARM_GCC_541\Debug\lcd.a(Button_Ok_Int.o)
 .debug_loc     0x0000179e       0xa2 .\CortexM0p\ARM_GCC_541\Debug\lcd.a(Button_Up.o)
 .debug_loc     0x00001840       0x82 .\CortexM0p\ARM_GCC_541\Debug\lcd.a(Button_Up_Int.o)
 .debug_loc     0x000018c2       0x81 .\CortexM0p\ARM_GCC_541\Debug\lcd.a(Button_Down.o)
 .debug_loc     0x00001943       0x82 .\CortexM0p\ARM_GCC_541\Debug\lcd.a(Button_Down_Int.o)
 .debug_loc     0x000019c5       0x7e .\CortexM0p\ARM_GCC_541\Debug\lcd.a(UART.o)
 .debug_loc     0x00001a43       0x77 .\CortexM0p\ARM_GCC_541\Debug\lcd.a(UART_SPI_UART.o)
 .debug_loc     0x00001aba      0x160 .\CortexM0p\ARM_GCC_541\Debug\lcd.a(UART_UART.o)
 .debug_loc     0x00001c1a      0x1bd .\CortexM0p\ARM_GCC_541\Debug\lcd.a(CyFlash.o)

.debug_macinfo
 *(.debug_macinfo)

.debug_ranges   0x00000000      0x8a0
 *(.debug_ranges)
 .debug_ranges  0x00000000       0x18 .\CortexM0p\ARM_GCC_541\Debug\lcd_bipboy.o
 .debug_ranges  0x00000018       0x18 .\CortexM0p\ARM_GCC_541\Debug\adc_bipboy.o
 .debug_ranges  0x00000030       0x10 .\CortexM0p\ARM_GCC_541\Debug\protocol.o
 .debug_ranges  0x00000040       0x28 .\CortexM0p\ARM_GCC_541\Debug\buttons.o
 .debug_ranges  0x00000068       0x10 .\CortexM0p\ARM_GCC_541\Debug\main.o
 .debug_ranges  0x00000078       0x28 .\CortexM0p\ARM_GCC_541\Debug\cyfitter_cfg.o
 .debug_ranges  0x000000a0       0x38 .\CortexM0p\ARM_GCC_541\Debug\Cm0plusStart.o
 .debug_ranges  0x000000d8       0x88 .\CortexM0p\ARM_GCC_541\Debug\lcd.a(LCD.o)
 .debug_ranges  0x00000160       0x10 .\CortexM0p\ARM_GCC_541\Debug\lcd.a(LCD_CustChars.o)
 .debug_ranges  0x00000170       0xa0 .\CortexM0p\ARM_GCC_541\Debug\lcd.a(ADC_Adc.o)
 .debug_ranges  0x00000210       0x10 .\CortexM0p\ARM_GCC_541\Debug\lcd.a(ADC_Adc_INT.o)
 .debug_ranges  0x00000220       0x10 .\CortexM0p\ARM_GCC_541\Debug\lcd.a(ADC_Structure.o)
 .debug_ranges  0x00000230       0x70 .\CortexM0p\ARM_GCC_541\Debug\lcd.a(ADC_ISR.o)
 .debug_ranges  0x000002a0      0x180 .\CortexM0p\ARM_GCC_541\Debug\lcd.a(CyLib.o)
 .debug_ranges  0x00000420       0xc8 .\CortexM0p\ARM_GCC_541\Debug\lcd.a(CyLFClk.o)
 .debug_ranges  0x000004e8       0x70 .\CortexM0p\ARM_GCC_541\Debug\lcd.a(Button_Back_Int.o)
 .debug_ranges  0x00000558       0x38 .\CortexM0p\ARM_GCC_541\Debug\lcd.a(Button_Back.o)
 .debug_ranges  0x00000590       0x38 .\CortexM0p\ARM_GCC_541\Debug\lcd.a(Button_Ok.o)
 .debug_ranges  0x000005c8       0x70 .\CortexM0p\ARM_GCC_541\Debug\lcd.a(Button_Ok_Int.o)
 .debug_ranges  0x00000638       0x38 .\CortexM0p\ARM_GCC_541\Debug\lcd.a(Button_Up.o)
 .debug_ranges  0x00000670       0x70 .\CortexM0p\ARM_GCC_541\Debug\lcd.a(Button_Up_Int.o)
 .debug_ranges  0x000006e0       0x38 .\CortexM0p\ARM_GCC_541\Debug\lcd.a(Button_Down.o)
 .debug_ranges  0x00000718       0x70 .\CortexM0p\ARM_GCC_541\Debug\lcd.a(Button_Down_Int.o)
 .debug_ranges  0x00000788       0x48 .\CortexM0p\ARM_GCC_541\Debug\lcd.a(UART.o)
 .debug_ranges  0x000007d0       0x38 .\CortexM0p\ARM_GCC_541\Debug\lcd.a(UART_SPI_UART.o)
 .debug_ranges  0x00000808       0x60 .\CortexM0p\ARM_GCC_541\Debug\lcd.a(UART_UART.o)
 .debug_ranges  0x00000868       0x38 .\CortexM0p\ARM_GCC_541\Debug\lcd.a(CyFlash.o)

.comment        0x00000000       0x6e
 .comment       0x00000000       0x6e .\CortexM0p\ARM_GCC_541\Debug\lcd_bipboy.o
                                 0x6f (size before relaxing)
 .comment       0x0000006e       0x6f .\CortexM0p\ARM_GCC_541\Debug\adc_bipboy.o
 .comment       0x0000006e       0x6f .\CortexM0p\ARM_GCC_541\Debug\protocol.o
 .comment       0x0000006e       0x6f .\CortexM0p\ARM_GCC_541\Debug\buttons.o
 .comment       0x0000006e       0x6f .\CortexM0p\ARM_GCC_541\Debug\main.o
 .comment       0x0000006e       0x6f .\CortexM0p\ARM_GCC_541\Debug\cyfitter_cfg.o
 .comment       0x0000006e       0x6f .\CortexM0p\ARM_GCC_541\Debug\cymetadata.o
 .comment       0x0000006e       0x6f .\CortexM0p\ARM_GCC_541\Debug\Cm0plusStart.o
 .comment       0x0000006e       0x6f .\CortexM0p\ARM_GCC_541\Debug\lcd.a(LCD.o)
 .comment       0x0000006e       0x6f .\CortexM0p\ARM_GCC_541\Debug\lcd.a(LCD_CustChars.o)
 .comment       0x0000006e       0x6f .\CortexM0p\ARM_GCC_541\Debug\lcd.a(ADC_Adc.o)
 .comment       0x0000006e       0x6f .\CortexM0p\ARM_GCC_541\Debug\lcd.a(ADC_Adc_INT.o)
 .comment       0x0000006e       0x6f .\CortexM0p\ARM_GCC_541\Debug\lcd.a(ADC_Structure.o)
 .comment       0x0000006e       0x6f .\CortexM0p\ARM_GCC_541\Debug\lcd.a(ADC_ISR.o)
 .comment       0x0000006e       0x6f .\CortexM0p\ARM_GCC_541\Debug\lcd.a(CyLib.o)
 .comment       0x0000006e       0x6f .\CortexM0p\ARM_GCC_541\Debug\lcd.a(CyLFClk.o)
 .comment       0x0000006e       0x6f .\CortexM0p\ARM_GCC_541\Debug\lcd.a(Button_Back_Int.o)
 .comment       0x0000006e       0x6f .\CortexM0p\ARM_GCC_541\Debug\lcd.a(Button_Back.o)
 .comment       0x0000006e       0x6f .\CortexM0p\ARM_GCC_541\Debug\lcd.a(Button_Ok.o)
 .comment       0x0000006e       0x6f .\CortexM0p\ARM_GCC_541\Debug\lcd.a(Button_Ok_Int.o)
 .comment       0x0000006e       0x6f .\CortexM0p\ARM_GCC_541\Debug\lcd.a(Button_Up.o)
 .comment       0x0000006e       0x6f .\CortexM0p\ARM_GCC_541\Debug\lcd.a(Button_Up_Int.o)
 .comment       0x0000006e       0x6f .\CortexM0p\ARM_GCC_541\Debug\lcd.a(Button_Down.o)
 .comment       0x0000006e       0x6f .\CortexM0p\ARM_GCC_541\Debug\lcd.a(Button_Down_Int.o)
 .comment       0x0000006e       0x6f .\CortexM0p\ARM_GCC_541\Debug\lcd.a(UART.o)
 .comment       0x0000006e       0x6f .\CortexM0p\ARM_GCC_541\Debug\lcd.a(UART_SPI_UART.o)
 .comment       0x0000006e       0x6f .\CortexM0p\ARM_GCC_541\Debug\lcd.a(UART_UART.o)
 .comment       0x0000006e       0x6f .\CortexM0p\ARM_GCC_541\Debug\lcd.a(CyFlash.o)

.debug_weaknames
 *(.debug_weaknames)

.debug_funcnames
 *(.debug_funcnames)

.debug_typenames
 *(.debug_typenames)

.debug_varnames
 *(.debug_varnames)

.note.gnu.arm.ident
 *(.note.gnu.arm.ident)

.ARM.attributes
                0x00000000       0x28
 *(.ARM.attributes)
 .ARM.attributes
                0x00000000       0x1e c:/program files (x86)/cypress/psoc creator/4.2/psoc creator/import/gnu/arm/5.4.1/bin/../lib/gcc/arm-none-eabi/5.4.1/armv6-m/crti.o
 .ARM.attributes
                0x0000001e       0x2c c:/program files (x86)/cypress/psoc creator/4.2/psoc creator/import/gnu/arm/5.4.1/bin/../lib/gcc/arm-none-eabi/5.4.1/armv6-m/crtbegin.o
 .ARM.attributes
                0x0000004a       0x1b c:/program files (x86)/cypress/psoc creator/4.2/psoc creator/import/gnu/arm/5.4.1/bin/../lib/gcc/arm-none-eabi/5.4.1/../../../../arm-none-eabi/lib/armv6-m/crt0.o
 .ARM.attributes
                0x00000065       0x32 .\CortexM0p\ARM_GCC_541\Debug\lcd_bipboy.o
 .ARM.attributes
                0x00000097       0x32 .\CortexM0p\ARM_GCC_541\Debug\adc_bipboy.o
 .ARM.attributes
                0x000000c9       0x32 .\CortexM0p\ARM_GCC_541\Debug\protocol.o
 .ARM.attributes
                0x000000fb       0x32 .\CortexM0p\ARM_GCC_541\Debug\buttons.o
 .ARM.attributes
                0x0000012d       0x32 .\CortexM0p\ARM_GCC_541\Debug\main.o
 .ARM.attributes
                0x0000015f       0x32 .\CortexM0p\ARM_GCC_541\Debug\cyfitter_cfg.o
 .ARM.attributes
                0x00000191       0x32 .\CortexM0p\ARM_GCC_541\Debug\cymetadata.o
 .ARM.attributes
                0x000001c3       0x32 .\CortexM0p\ARM_GCC_541\Debug\Cm0plusStart.o
 .ARM.attributes
                0x000001f5       0x32 .\CortexM0p\ARM_GCC_541\Debug\lcd.a(LCD.o)
 .ARM.attributes
                0x00000227       0x32 .\CortexM0p\ARM_GCC_541\Debug\lcd.a(LCD_CustChars.o)
 .ARM.attributes
                0x00000259       0x32 .\CortexM0p\ARM_GCC_541\Debug\lcd.a(ADC_Adc.o)
 .ARM.attributes
                0x0000028b       0x32 .\CortexM0p\ARM_GCC_541\Debug\lcd.a(ADC_Adc_INT.o)
 .ARM.attributes
                0x000002bd       0x32 .\CortexM0p\ARM_GCC_541\Debug\lcd.a(ADC_Structure.o)
 .ARM.attributes
                0x000002ef       0x32 .\CortexM0p\ARM_GCC_541\Debug\lcd.a(ADC_ISR.o)
 .ARM.attributes
                0x00000321       0x32 .\CortexM0p\ARM_GCC_541\Debug\lcd.a(CyLib.o)
 .ARM.attributes
                0x00000353       0x32 .\CortexM0p\ARM_GCC_541\Debug\lcd.a(CyLFClk.o)
 .ARM.attributes
                0x00000385       0x32 .\CortexM0p\ARM_GCC_541\Debug\lcd.a(Button_Back_Int.o)
 .ARM.attributes
                0x000003b7       0x32 .\CortexM0p\ARM_GCC_541\Debug\lcd.a(Button_Back.o)
 .ARM.attributes
                0x000003e9       0x32 .\CortexM0p\ARM_GCC_541\Debug\lcd.a(Button_Ok.o)
 .ARM.attributes
                0x0000041b       0x32 .\CortexM0p\ARM_GCC_541\Debug\lcd.a(Button_Ok_Int.o)
 .ARM.attributes
                0x0000044d       0x32 .\CortexM0p\ARM_GCC_541\Debug\lcd.a(Button_Up.o)
 .ARM.attributes
                0x0000047f       0x32 .\CortexM0p\ARM_GCC_541\Debug\lcd.a(Button_Up_Int.o)
 .ARM.attributes
                0x000004b1       0x32 .\CortexM0p\ARM_GCC_541\Debug\lcd.a(Button_Down.o)
 .ARM.attributes
                0x000004e3       0x32 .\CortexM0p\ARM_GCC_541\Debug\lcd.a(Button_Down_Int.o)
 .ARM.attributes
                0x00000515       0x32 .\CortexM0p\ARM_GCC_541\Debug\lcd.a(UART.o)
 .ARM.attributes
                0x00000547       0x32 .\CortexM0p\ARM_GCC_541\Debug\lcd.a(UART_SPI_UART.o)
 .ARM.attributes
                0x00000579       0x32 .\CortexM0p\ARM_GCC_541\Debug\lcd.a(UART_UART.o)
 .ARM.attributes
                0x000005ab       0x22 .\CortexM0p\ARM_GCC_541\Debug\lcd.a(CyBootAsmGnu.o)
 .ARM.attributes
                0x000005cd       0x32 .\CortexM0p\ARM_GCC_541\Debug\lcd.a(CyFlash.o)
 .ARM.attributes
                0x000005ff       0x1e c:/program files (x86)/cypress/psoc creator/4.2/psoc creator/import/gnu/arm/5.4.1/bin/../lib/gcc/arm-none-eabi/5.4.1/armv6-m\libgcc.a(_udivsi3.o)
 .ARM.attributes
                0x0000061d       0x1e c:/program files (x86)/cypress/psoc creator/4.2/psoc creator/import/gnu/arm/5.4.1/bin/../lib/gcc/arm-none-eabi/5.4.1/armv6-m\libgcc.a(_divsi3.o)
 .ARM.attributes
                0x0000063b       0x1e c:/program files (x86)/cypress/psoc creator/4.2/psoc creator/import/gnu/arm/5.4.1/bin/../lib/gcc/arm-none-eabi/5.4.1/armv6-m\libgcc.a(_dvmd_tls.o)
 .ARM.attributes
                0x00000659       0x2c c:/program files (x86)/cypress/psoc creator/4.2/psoc creator/import/gnu/arm/5.4.1/bin/../lib/gcc/arm-none-eabi/5.4.1/../../../../arm-none-eabi/lib/armv6-m\libg_nano.a(lib_a-errno.o)
 .ARM.attributes
                0x00000685       0x2c c:/program files (x86)/cypress/psoc creator/4.2/psoc creator/import/gnu/arm/5.4.1/bin/../lib/gcc/arm-none-eabi/5.4.1/../../../../arm-none-eabi/lib/armv6-m\libg_nano.a(lib_a-exit.o)
 .ARM.attributes
                0x000006b1       0x2c c:/program files (x86)/cypress/psoc creator/4.2/psoc creator/import/gnu/arm/5.4.1/bin/../lib/gcc/arm-none-eabi/5.4.1/../../../../arm-none-eabi/lib/armv6-m\libg_nano.a(lib_a-impure.o)
 .ARM.attributes
                0x000006dd       0x2c c:/program files (x86)/cypress/psoc creator/4.2/psoc creator/import/gnu/arm/5.4.1/bin/../lib/gcc/arm-none-eabi/5.4.1/../../../../arm-none-eabi/lib/armv6-m\libg_nano.a(lib_a-init.o)
 .ARM.attributes
                0x00000709       0x2c c:/program files (x86)/cypress/psoc creator/4.2/psoc creator/import/gnu/arm/5.4.1/bin/../lib/gcc/arm-none-eabi/5.4.1/../../../../arm-none-eabi/lib/armv6-m\libg_nano.a(lib_a-memcpy-stub.o)
 .ARM.attributes
                0x00000735       0x2c c:/program files (x86)/cypress/psoc creator/4.2/psoc creator/import/gnu/arm/5.4.1/bin/../lib/gcc/arm-none-eabi/5.4.1/../../../../arm-none-eabi/lib/armv6-m\libg_nano.a(lib_a-memset.o)
 .ARM.attributes
                0x00000761       0x2c c:/program files (x86)/cypress/psoc creator/4.2/psoc creator/import/gnu/arm/5.4.1/bin/../lib/gcc/arm-none-eabi/5.4.1/../../../../arm-none-eabi/lib/armv6-m\libg_nano.a(lib_a-nano-vfprintf_float.o)
 .ARM.attributes
                0x0000078d       0x2c c:/program files (x86)/cypress/psoc creator/4.2/psoc creator/import/gnu/arm/5.4.1/bin/../lib/gcc/arm-none-eabi/5.4.1/../../../../arm-none-eabi/lib/armv6-m\libg_nano.a(lib_a-nano-vfprintf_i.o)
 .ARM.attributes
                0x000007b9       0x1c c:/program files (x86)/cypress/psoc creator/4.2/psoc creator/import/gnu/arm/5.4.1/bin/../lib/gcc/arm-none-eabi/5.4.1/../../../../arm-none-eabi/lib/armv6-m\libg_nano.a(lib_a-strlen.o)
 .ARM.attributes
                0x000007d5       0x2c c:/program files (x86)/cypress/psoc creator/4.2/psoc creator/import/gnu/arm/5.4.1/bin/../lib/gcc/arm-none-eabi/5.4.1/../../../../arm-none-eabi/lib/armv6-m\libg_nano.a(lib_a-dtoa.o)
 .ARM.attributes
                0x00000801       0x2c c:/program files (x86)/cypress/psoc creator/4.2/psoc creator/import/gnu/arm/5.4.1/bin/../lib/gcc/arm-none-eabi/5.4.1/../../../../arm-none-eabi/lib/armv6-m\libg_nano.a(lib_a-locale.o)
 .ARM.attributes
                0x0000082d       0x2c c:/program files (x86)/cypress/psoc creator/4.2/psoc creator/import/gnu/arm/5.4.1/bin/../lib/gcc/arm-none-eabi/5.4.1/../../../../arm-none-eabi/lib/armv6-m\libg_nano.a(lib_a-malloc.o)
 .ARM.attributes
                0x00000859       0x2c c:/program files (x86)/cypress/psoc creator/4.2/psoc creator/import/gnu/arm/5.4.1/bin/../lib/gcc/arm-none-eabi/5.4.1/../../../../arm-none-eabi/lib/armv6-m\libg_nano.a(lib_a-memchr-stub.o)
 .ARM.attributes
                0x00000885       0x2c c:/program files (x86)/cypress/psoc creator/4.2/psoc creator/import/gnu/arm/5.4.1/bin/../lib/gcc/arm-none-eabi/5.4.1/../../../../arm-none-eabi/lib/armv6-m\libg_nano.a(lib_a-mprec.o)
 .ARM.attributes
                0x000008b1       0x2c c:/program files (x86)/cypress/psoc creator/4.2/psoc creator/import/gnu/arm/5.4.1/bin/../lib/gcc/arm-none-eabi/5.4.1/../../../../arm-none-eabi/lib/armv6-m\libg_nano.a(lib_a-nano-callocr.o)
 .ARM.attributes
                0x000008dd       0x2c c:/program files (x86)/cypress/psoc creator/4.2/psoc creator/import/gnu/arm/5.4.1/bin/../lib/gcc/arm-none-eabi/5.4.1/../../../../arm-none-eabi/lib/armv6-m\libg_nano.a(lib_a-nano-freer.o)
 .ARM.attributes
                0x00000909       0x2c c:/program files (x86)/cypress/psoc creator/4.2/psoc creator/import/gnu/arm/5.4.1/bin/../lib/gcc/arm-none-eabi/5.4.1/../../../../arm-none-eabi/lib/armv6-m\libg_nano.a(lib_a-nano-mallocr.o)
 .ARM.attributes
                0x00000935       0x2c c:/program files (x86)/cypress/psoc creator/4.2/psoc creator/import/gnu/arm/5.4.1/bin/../lib/gcc/arm-none-eabi/5.4.1/../../../../arm-none-eabi/lib/armv6-m\libg_nano.a(lib_a-sbrkr.o)
 .ARM.attributes
                0x00000961       0x1c c:/program files (x86)/cypress/psoc creator/4.2/psoc creator/import/gnu/arm/5.4.1/bin/../lib/gcc/arm-none-eabi/5.4.1/../../../../arm-none-eabi/lib/armv6-m\libg_nano.a(lib_a-strcmp.o)
 .ARM.attributes
                0x0000097d       0x2c c:/program files (x86)/cypress/psoc creator/4.2/psoc creator/import/gnu/arm/5.4.1/bin/../lib/gcc/arm-none-eabi/5.4.1/../../../../arm-none-eabi/lib/armv6-m\libg_nano.a(lib_a-mlock.o)
 .ARM.attributes
                0x000009a9       0x2c c:/program files (x86)/cypress/psoc creator/4.2/psoc creator/import/gnu/arm/5.4.1/bin/../lib/gcc/arm-none-eabi/5.4.1/../../../../arm-none-eabi/lib/armv6-m\libg_nano.a(lib_a-reent.o)
 .ARM.attributes
                0x000009d5       0x1e c:/program files (x86)/cypress/psoc creator/4.2/psoc creator/import/gnu/arm/5.4.1/bin/../lib/gcc/arm-none-eabi/5.4.1/armv6-m\libgcc.a(_thumb1_case_uqi.o)
 .ARM.attributes
                0x000009f3       0x1e c:/program files (x86)/cypress/psoc creator/4.2/psoc creator/import/gnu/arm/5.4.1/bin/../lib/gcc/arm-none-eabi/5.4.1/armv6-m\libgcc.a(_arm_cmpdf2.o)
 .ARM.attributes
                0x00000a11       0x2c c:/program files (x86)/cypress/psoc creator/4.2/psoc creator/import/gnu/arm/5.4.1/bin/../lib/gcc/arm-none-eabi/5.4.1/armv6-m\libgcc.a(adddf3.o)
 .ARM.attributes
                0x00000a3d       0x2c c:/program files (x86)/cypress/psoc creator/4.2/psoc creator/import/gnu/arm/5.4.1/bin/../lib/gcc/arm-none-eabi/5.4.1/armv6-m\libgcc.a(divdf3.o)
 .ARM.attributes
                0x00000a69       0x2c c:/program files (x86)/cypress/psoc creator/4.2/psoc creator/import/gnu/arm/5.4.1/bin/../lib/gcc/arm-none-eabi/5.4.1/armv6-m\libgcc.a(eqdf2.o)
 .ARM.attributes
                0x00000a95       0x2c c:/program files (x86)/cypress/psoc creator/4.2/psoc creator/import/gnu/arm/5.4.1/bin/../lib/gcc/arm-none-eabi/5.4.1/armv6-m\libgcc.a(gedf2.o)
 .ARM.attributes
                0x00000ac1       0x2c c:/program files (x86)/cypress/psoc creator/4.2/psoc creator/import/gnu/arm/5.4.1/bin/../lib/gcc/arm-none-eabi/5.4.1/armv6-m\libgcc.a(ledf2.o)
 .ARM.attributes
                0x00000aed       0x2c c:/program files (x86)/cypress/psoc creator/4.2/psoc creator/import/gnu/arm/5.4.1/bin/../lib/gcc/arm-none-eabi/5.4.1/armv6-m\libgcc.a(muldf3.o)
 .ARM.attributes
                0x00000b19       0x2c c:/program files (x86)/cypress/psoc creator/4.2/psoc creator/import/gnu/arm/5.4.1/bin/../lib/gcc/arm-none-eabi/5.4.1/armv6-m\libgcc.a(subdf3.o)
 .ARM.attributes
                0x00000b45       0x2c c:/program files (x86)/cypress/psoc creator/4.2/psoc creator/import/gnu/arm/5.4.1/bin/../lib/gcc/arm-none-eabi/5.4.1/armv6-m\libgcc.a(unorddf2.o)
 .ARM.attributes
                0x00000b71       0x2c c:/program files (x86)/cypress/psoc creator/4.2/psoc creator/import/gnu/arm/5.4.1/bin/../lib/gcc/arm-none-eabi/5.4.1/armv6-m\libgcc.a(fixdfsi.o)
 .ARM.attributes
                0x00000b9d       0x2c c:/program files (x86)/cypress/psoc creator/4.2/psoc creator/import/gnu/arm/5.4.1/bin/../lib/gcc/arm-none-eabi/5.4.1/armv6-m\libgcc.a(floatsidf.o)
 .ARM.attributes
                0x00000bc9       0x2c c:/program files (x86)/cypress/psoc creator/4.2/psoc creator/import/gnu/arm/5.4.1/bin/../lib/gcc/arm-none-eabi/5.4.1/armv6-m\libgcc.a(floatunsidf.o)
 .ARM.attributes
                0x00000bf5       0x1e c:/program files (x86)/cypress/psoc creator/4.2/psoc creator/import/gnu/arm/5.4.1/bin/../lib/gcc/arm-none-eabi/5.4.1/armv6-m\libgcc.a(_clzsi2.o)
 .ARM.attributes
                0x00000c13       0x2c c:/program files (x86)/cypress/psoc creator/4.2/psoc creator/import/gnu/arm/5.4.1/bin/../lib/gcc/arm-none-eabi/5.4.1/armv6-m/crtend.o
 .ARM.attributes
                0x00000c3f       0x1e c:/program files (x86)/cypress/psoc creator/4.2/psoc creator/import/gnu/arm/5.4.1/bin/../lib/gcc/arm-none-eabi/5.4.1/armv6-m/crtn.o

/DISCARD/
 *(.note.GNU-stack)
OUTPUT(C:\My\Bipboy\bipboy\BipBoyWorkspace\lcd.cydsn\CortexM0p\ARM_GCC_541\Debug\lcd.elf elf32-littlearm)
