ARM GAS  C:\Users\ADMIN\AppData\Local\Temp\ccxnwXcP.s 			page 1


   1              		.syntax unified
   2              		.cpu cortex-m0plus
   3              		.fpu softvfp
   4              		.eabi_attribute 20, 1
   5              		.eabi_attribute 21, 1
   6              		.eabi_attribute 23, 3
   7              		.eabi_attribute 24, 1
   8              		.eabi_attribute 25, 1
   9              		.eabi_attribute 26, 1
  10              		.eabi_attribute 30, 1
  11              		.eabi_attribute 34, 0
  12              		.eabi_attribute 18, 4
  13              		.thumb
  14              		.syntax unified
  15              		.file	"cyfitter_cfg.c"
  16              		.text
  17              	.Ltext0:
  18              		.cfi_sections	.debug_frame
  19              		.section	.psocinit,"ax",%progbits
  20              		.align	2
  21              		.code	16
  22              		.thumb_func
  23              		.type	ClockSetup, %function
  24              	ClockSetup:
  25              	.LFB4:
  26              		.file 1 "Generated_Source\\PSoC4\\cyfitter_cfg.c"
   1:Generated_Source\PSoC4/cyfitter_cfg.c **** 
   2:Generated_Source\PSoC4/cyfitter_cfg.c **** /*******************************************************************************
   3:Generated_Source\PSoC4/cyfitter_cfg.c **** * File Name: cyfitter_cfg.c
   4:Generated_Source\PSoC4/cyfitter_cfg.c **** * 
   5:Generated_Source\PSoC4/cyfitter_cfg.c **** * PSoC Creator  4.2
   6:Generated_Source\PSoC4/cyfitter_cfg.c **** *
   7:Generated_Source\PSoC4/cyfitter_cfg.c **** * Description:
   8:Generated_Source\PSoC4/cyfitter_cfg.c **** * This file contains device initialization code.
   9:Generated_Source\PSoC4/cyfitter_cfg.c **** * Except for the user defined sections in CyClockStartupError(), this file should not be modified.
  10:Generated_Source\PSoC4/cyfitter_cfg.c **** * This file is automatically generated by PSoC Creator.
  11:Generated_Source\PSoC4/cyfitter_cfg.c **** *
  12:Generated_Source\PSoC4/cyfitter_cfg.c **** ********************************************************************************
  13:Generated_Source\PSoC4/cyfitter_cfg.c **** * Copyright (c) 2007-2018 Cypress Semiconductor.  All rights reserved.
  14:Generated_Source\PSoC4/cyfitter_cfg.c **** * You may use this file only in accordance with the license, terms, conditions, 
  15:Generated_Source\PSoC4/cyfitter_cfg.c **** * disclaimers, and limitations in the end user license agreement accompanying 
  16:Generated_Source\PSoC4/cyfitter_cfg.c **** * the software package with which this file was provided.
  17:Generated_Source\PSoC4/cyfitter_cfg.c **** ********************************************************************************/
  18:Generated_Source\PSoC4/cyfitter_cfg.c **** 
  19:Generated_Source\PSoC4/cyfitter_cfg.c **** #include <string.h>
  20:Generated_Source\PSoC4/cyfitter_cfg.c **** #include "cytypes.h"
  21:Generated_Source\PSoC4/cyfitter_cfg.c **** #include "cydevice_trm.h"
  22:Generated_Source\PSoC4/cyfitter_cfg.c **** #include "cyfitter.h"
  23:Generated_Source\PSoC4/cyfitter_cfg.c **** #include "CyLib.h"
  24:Generated_Source\PSoC4/cyfitter_cfg.c **** #include "cyfitter_cfg.h"
  25:Generated_Source\PSoC4/cyfitter_cfg.c **** #include "cyapicallbacks.h"
  26:Generated_Source\PSoC4/cyfitter_cfg.c **** 
  27:Generated_Source\PSoC4/cyfitter_cfg.c **** 
  28:Generated_Source\PSoC4/cyfitter_cfg.c **** #if defined(__GNUC__) || defined(__ARMCC_VERSION)
  29:Generated_Source\PSoC4/cyfitter_cfg.c ****     #define CYPACKED 
  30:Generated_Source\PSoC4/cyfitter_cfg.c ****     #define CYPACKED_ATTR __attribute__ ((packed))
  31:Generated_Source\PSoC4/cyfitter_cfg.c ****     #define CYALIGNED __attribute__ ((aligned))
ARM GAS  C:\Users\ADMIN\AppData\Local\Temp\ccxnwXcP.s 			page 2


  32:Generated_Source\PSoC4/cyfitter_cfg.c ****     #define CY_CFG_UNUSED __attribute__ ((unused))
  33:Generated_Source\PSoC4/cyfitter_cfg.c ****     #ifndef CY_CFG_SECTION
  34:Generated_Source\PSoC4/cyfitter_cfg.c ****         #define CY_CFG_SECTION __attribute__ ((section(".psocinit")))
  35:Generated_Source\PSoC4/cyfitter_cfg.c ****     #endif
  36:Generated_Source\PSoC4/cyfitter_cfg.c ****     
  37:Generated_Source\PSoC4/cyfitter_cfg.c ****     #if defined(__ARMCC_VERSION)
  38:Generated_Source\PSoC4/cyfitter_cfg.c ****         #define CY_CFG_MEMORY_BARRIER() __memory_changed()
  39:Generated_Source\PSoC4/cyfitter_cfg.c ****     #else
  40:Generated_Source\PSoC4/cyfitter_cfg.c ****         #define CY_CFG_MEMORY_BARRIER() __sync_synchronize()
  41:Generated_Source\PSoC4/cyfitter_cfg.c ****     #endif
  42:Generated_Source\PSoC4/cyfitter_cfg.c ****     
  43:Generated_Source\PSoC4/cyfitter_cfg.c **** #elif defined(__ICCARM__)
  44:Generated_Source\PSoC4/cyfitter_cfg.c ****     #include <intrinsics.h>
  45:Generated_Source\PSoC4/cyfitter_cfg.c **** 
  46:Generated_Source\PSoC4/cyfitter_cfg.c ****     #define CYPACKED __packed
  47:Generated_Source\PSoC4/cyfitter_cfg.c ****     #define CYPACKED_ATTR 
  48:Generated_Source\PSoC4/cyfitter_cfg.c ****     #define CYALIGNED _Pragma("data_alignment=4")
  49:Generated_Source\PSoC4/cyfitter_cfg.c ****     #define CY_CFG_UNUSED _Pragma("diag_suppress=Pe177")
  50:Generated_Source\PSoC4/cyfitter_cfg.c ****     #define CY_CFG_SECTION _Pragma("location=\".psocinit\"")
  51:Generated_Source\PSoC4/cyfitter_cfg.c ****     
  52:Generated_Source\PSoC4/cyfitter_cfg.c ****     #define CY_CFG_MEMORY_BARRIER() __DMB()
  53:Generated_Source\PSoC4/cyfitter_cfg.c ****     
  54:Generated_Source\PSoC4/cyfitter_cfg.c **** #else
  55:Generated_Source\PSoC4/cyfitter_cfg.c ****     #error Unsupported toolchain
  56:Generated_Source\PSoC4/cyfitter_cfg.c **** #endif
  57:Generated_Source\PSoC4/cyfitter_cfg.c **** 
  58:Generated_Source\PSoC4/cyfitter_cfg.c **** #ifndef CYCODE
  59:Generated_Source\PSoC4/cyfitter_cfg.c ****     #define CYCODE
  60:Generated_Source\PSoC4/cyfitter_cfg.c **** #endif
  61:Generated_Source\PSoC4/cyfitter_cfg.c **** #ifndef CYDATA
  62:Generated_Source\PSoC4/cyfitter_cfg.c ****     #define CYDATA
  63:Generated_Source\PSoC4/cyfitter_cfg.c **** #endif
  64:Generated_Source\PSoC4/cyfitter_cfg.c **** #ifndef CYFAR
  65:Generated_Source\PSoC4/cyfitter_cfg.c ****     #define CYFAR
  66:Generated_Source\PSoC4/cyfitter_cfg.c **** #endif
  67:Generated_Source\PSoC4/cyfitter_cfg.c **** #ifndef CYXDATA
  68:Generated_Source\PSoC4/cyfitter_cfg.c ****     #define CYXDATA
  69:Generated_Source\PSoC4/cyfitter_cfg.c **** #endif
  70:Generated_Source\PSoC4/cyfitter_cfg.c **** 
  71:Generated_Source\PSoC4/cyfitter_cfg.c **** 
  72:Generated_Source\PSoC4/cyfitter_cfg.c **** CY_CFG_UNUSED
  73:Generated_Source\PSoC4/cyfitter_cfg.c **** static void CYMEMZERO(void *s, size_t n);
  74:Generated_Source\PSoC4/cyfitter_cfg.c **** CY_CFG_UNUSED
  75:Generated_Source\PSoC4/cyfitter_cfg.c **** static void CYMEMZERO(void *s, size_t n)
  76:Generated_Source\PSoC4/cyfitter_cfg.c **** {
  77:Generated_Source\PSoC4/cyfitter_cfg.c **** 	(void)memset(s, 0, n);
  78:Generated_Source\PSoC4/cyfitter_cfg.c **** }
  79:Generated_Source\PSoC4/cyfitter_cfg.c **** CY_CFG_UNUSED
  80:Generated_Source\PSoC4/cyfitter_cfg.c **** static void CYCONFIGCPY(void *dest, const void *src, size_t n);
  81:Generated_Source\PSoC4/cyfitter_cfg.c **** CY_CFG_UNUSED
  82:Generated_Source\PSoC4/cyfitter_cfg.c **** static void CYCONFIGCPY(void *dest, const void *src, size_t n)
  83:Generated_Source\PSoC4/cyfitter_cfg.c **** {
  84:Generated_Source\PSoC4/cyfitter_cfg.c **** 	(void)memcpy(dest, src, n);
  85:Generated_Source\PSoC4/cyfitter_cfg.c **** }
  86:Generated_Source\PSoC4/cyfitter_cfg.c **** CY_CFG_UNUSED
  87:Generated_Source\PSoC4/cyfitter_cfg.c **** static void CYCONFIGCPYCODE(void *dest, const void *src, size_t n);
  88:Generated_Source\PSoC4/cyfitter_cfg.c **** CY_CFG_UNUSED
ARM GAS  C:\Users\ADMIN\AppData\Local\Temp\ccxnwXcP.s 			page 3


  89:Generated_Source\PSoC4/cyfitter_cfg.c **** static void CYCONFIGCPYCODE(void *dest, const void *src, size_t n)
  90:Generated_Source\PSoC4/cyfitter_cfg.c **** {
  91:Generated_Source\PSoC4/cyfitter_cfg.c **** 	(void)memcpy(dest, src, n);
  92:Generated_Source\PSoC4/cyfitter_cfg.c **** }
  93:Generated_Source\PSoC4/cyfitter_cfg.c **** 
  94:Generated_Source\PSoC4/cyfitter_cfg.c **** 
  95:Generated_Source\PSoC4/cyfitter_cfg.c **** 
  96:Generated_Source\PSoC4/cyfitter_cfg.c **** 
  97:Generated_Source\PSoC4/cyfitter_cfg.c **** /* Clock startup error codes                                                   */
  98:Generated_Source\PSoC4/cyfitter_cfg.c **** #define CYCLOCKSTART_NO_ERROR    0u
  99:Generated_Source\PSoC4/cyfitter_cfg.c **** #define CYCLOCKSTART_XTAL_ERROR  1u
 100:Generated_Source\PSoC4/cyfitter_cfg.c **** #define CYCLOCKSTART_32KHZ_ERROR 2u
 101:Generated_Source\PSoC4/cyfitter_cfg.c **** #define CYCLOCKSTART_PLL_ERROR   3u
 102:Generated_Source\PSoC4/cyfitter_cfg.c **** #define CYCLOCKSTART_FLL_ERROR   4u
 103:Generated_Source\PSoC4/cyfitter_cfg.c **** #define CYCLOCKSTART_WCO_ERROR   5u
 104:Generated_Source\PSoC4/cyfitter_cfg.c **** 
 105:Generated_Source\PSoC4/cyfitter_cfg.c **** 
 106:Generated_Source\PSoC4/cyfitter_cfg.c **** #ifdef CY_NEED_CYCLOCKSTARTUPERROR
 107:Generated_Source\PSoC4/cyfitter_cfg.c **** /*******************************************************************************
 108:Generated_Source\PSoC4/cyfitter_cfg.c **** * Function Name: CyClockStartupError
 109:Generated_Source\PSoC4/cyfitter_cfg.c **** ********************************************************************************
 110:Generated_Source\PSoC4/cyfitter_cfg.c **** * Summary:
 111:Generated_Source\PSoC4/cyfitter_cfg.c **** *  If an error is encountered during clock configuration (crystal startup error,
 112:Generated_Source\PSoC4/cyfitter_cfg.c **** *  PLL lock error, etc.), the system will end up here.  Unless reimplemented by
 113:Generated_Source\PSoC4/cyfitter_cfg.c **** *  the customer, this function will stop in an infinite loop.
 114:Generated_Source\PSoC4/cyfitter_cfg.c **** *
 115:Generated_Source\PSoC4/cyfitter_cfg.c **** * Parameters:
 116:Generated_Source\PSoC4/cyfitter_cfg.c **** *   void
 117:Generated_Source\PSoC4/cyfitter_cfg.c **** *
 118:Generated_Source\PSoC4/cyfitter_cfg.c **** * Return:
 119:Generated_Source\PSoC4/cyfitter_cfg.c **** *   void
 120:Generated_Source\PSoC4/cyfitter_cfg.c **** *
 121:Generated_Source\PSoC4/cyfitter_cfg.c **** *******************************************************************************/
 122:Generated_Source\PSoC4/cyfitter_cfg.c **** CY_CFG_UNUSED
 123:Generated_Source\PSoC4/cyfitter_cfg.c **** static void CyClockStartupError(uint8 errorCode);
 124:Generated_Source\PSoC4/cyfitter_cfg.c **** CY_CFG_UNUSED
 125:Generated_Source\PSoC4/cyfitter_cfg.c **** static void CyClockStartupError(uint8 errorCode)
 126:Generated_Source\PSoC4/cyfitter_cfg.c **** {
 127:Generated_Source\PSoC4/cyfitter_cfg.c ****     /* To remove the compiler warning if errorCode not used.                */
 128:Generated_Source\PSoC4/cyfitter_cfg.c ****     errorCode = errorCode;
 129:Generated_Source\PSoC4/cyfitter_cfg.c **** 
 130:Generated_Source\PSoC4/cyfitter_cfg.c ****     /* If we have a clock startup error (bad MHz crystal, PLL lock, etc.),  */
 131:Generated_Source\PSoC4/cyfitter_cfg.c ****     /* we will end up here to allow the customer to implement something to  */
 132:Generated_Source\PSoC4/cyfitter_cfg.c ****     /* deal with the clock condition.                                       */
 133:Generated_Source\PSoC4/cyfitter_cfg.c **** 
 134:Generated_Source\PSoC4/cyfitter_cfg.c **** #ifdef CY_CFG_CLOCK_STARTUP_ERROR_CALLBACK
 135:Generated_Source\PSoC4/cyfitter_cfg.c ****     CY_CFG_Clock_Startup_ErrorCallback();
 136:Generated_Source\PSoC4/cyfitter_cfg.c **** #else
 137:Generated_Source\PSoC4/cyfitter_cfg.c ****     /*  If not using CY_CFG_CLOCK_STARTUP_ERROR_CALLBACK, place your clock startup code here. */
 138:Generated_Source\PSoC4/cyfitter_cfg.c ****     /* `#START CyClockStartupError` */
 139:Generated_Source\PSoC4/cyfitter_cfg.c **** 
 140:Generated_Source\PSoC4/cyfitter_cfg.c **** 
 141:Generated_Source\PSoC4/cyfitter_cfg.c **** 
 142:Generated_Source\PSoC4/cyfitter_cfg.c ****     /* `#END` */
 143:Generated_Source\PSoC4/cyfitter_cfg.c **** 
 144:Generated_Source\PSoC4/cyfitter_cfg.c ****     while(1) {}
 145:Generated_Source\PSoC4/cyfitter_cfg.c **** #endif /* CY_CFG_CLOCK_STARTUP_ERROR_CALLBACK */
ARM GAS  C:\Users\ADMIN\AppData\Local\Temp\ccxnwXcP.s 			page 4


 146:Generated_Source\PSoC4/cyfitter_cfg.c **** }
 147:Generated_Source\PSoC4/cyfitter_cfg.c **** #endif
 148:Generated_Source\PSoC4/cyfitter_cfg.c **** 
 149:Generated_Source\PSoC4/cyfitter_cfg.c **** 
 150:Generated_Source\PSoC4/cyfitter_cfg.c **** 
 151:Generated_Source\PSoC4/cyfitter_cfg.c **** /*******************************************************************************
 152:Generated_Source\PSoC4/cyfitter_cfg.c **** * Function Name: ClockSetup
 153:Generated_Source\PSoC4/cyfitter_cfg.c **** ********************************************************************************
 154:Generated_Source\PSoC4/cyfitter_cfg.c **** *
 155:Generated_Source\PSoC4/cyfitter_cfg.c **** * Summary:
 156:Generated_Source\PSoC4/cyfitter_cfg.c **** *   Performs the initialization of all of the clocks in the device based on the
 157:Generated_Source\PSoC4/cyfitter_cfg.c **** *   settings in the Clock tab of the DWR.  This includes enabling the requested
 158:Generated_Source\PSoC4/cyfitter_cfg.c **** *   clocks and setting the necessary dividers to produce the desired frequency. 
 159:Generated_Source\PSoC4/cyfitter_cfg.c **** *
 160:Generated_Source\PSoC4/cyfitter_cfg.c **** * Parameters:
 161:Generated_Source\PSoC4/cyfitter_cfg.c **** *   void
 162:Generated_Source\PSoC4/cyfitter_cfg.c **** *
 163:Generated_Source\PSoC4/cyfitter_cfg.c **** * Return:
 164:Generated_Source\PSoC4/cyfitter_cfg.c **** *   void
 165:Generated_Source\PSoC4/cyfitter_cfg.c **** *
 166:Generated_Source\PSoC4/cyfitter_cfg.c **** *******************************************************************************/
 167:Generated_Source\PSoC4/cyfitter_cfg.c **** static void ClockSetup(void);
 168:Generated_Source\PSoC4/cyfitter_cfg.c **** CY_CFG_SECTION
 169:Generated_Source\PSoC4/cyfitter_cfg.c **** static void ClockSetup(void)
 170:Generated_Source\PSoC4/cyfitter_cfg.c **** {
  27              		.loc 1 170 0
  28              		.cfi_startproc
  29              		@ args = 0, pretend = 0, frame = 0
  30              		@ frame_needed = 0, uses_anonymous_args = 0
  31 0000 10B5     		push	{r4, lr}
  32              		.cfi_def_cfa_offset 8
  33              		.cfi_offset 4, -8
  34              		.cfi_offset 14, -4
 171:Generated_Source\PSoC4/cyfitter_cfg.c **** 
 172:Generated_Source\PSoC4/cyfitter_cfg.c **** 	/* Set Flash Cycles based on max possible frequency in case a glitch occurs during ClockSetup(). *
 173:Generated_Source\PSoC4/cyfitter_cfg.c **** 	CY_SET_REG32((void CYXDATA *)(CYREG_CPUSS_FLASH_CTL), (0x0012u));
  35              		.loc 1 173 0
  36 0002 1C4C     		ldr	r4, .L2
  37 0004 1223     		movs	r3, #18
  38 0006 2360     		str	r3, [r4]
 174:Generated_Source\PSoC4/cyfitter_cfg.c **** 	/* Update IMO to new clock speed. */
 175:Generated_Source\PSoC4/cyfitter_cfg.c **** 	CySysClkWriteImoFreq(24u);
  39              		.loc 1 175 0
  40 0008 1820     		movs	r0, #24
  41 000a FFF7FEFF 		bl	CySysClkWriteImoFreq
  42              	.LVL0:
 176:Generated_Source\PSoC4/cyfitter_cfg.c **** 
 177:Generated_Source\PSoC4/cyfitter_cfg.c **** 	/* Setup phase aligned clocks */
 178:Generated_Source\PSoC4/cyfitter_cfg.c **** 	CY_SET_REG32((void *)CYREG_PERI_DIV_16_CTL4, 0x00F60F00u);
  43              		.loc 1 178 0
  44 000e 1A4A     		ldr	r2, .L2+4
  45 0010 1A4B     		ldr	r3, .L2+8
  46 0012 1A60     		str	r2, [r3]
 179:Generated_Source\PSoC4/cyfitter_cfg.c **** 	CY_SET_REG32((void *)CYREG_PERI_DIV_CMD, 0x8000FF44u);
  47              		.loc 1 179 0
  48 0014 1A4B     		ldr	r3, .L2+12
  49 0016 1B4A     		ldr	r2, .L2+16
ARM GAS  C:\Users\ADMIN\AppData\Local\Temp\ccxnwXcP.s 			page 5


  50 0018 1A60     		str	r2, [r3]
 180:Generated_Source\PSoC4/cyfitter_cfg.c **** 	CY_SET_REG32((void *)CYREG_PERI_DIV_16_CTL3, 0x002EDF00u);
  51              		.loc 1 180 0
  52 001a 1B49     		ldr	r1, .L2+20
  53 001c 1B4A     		ldr	r2, .L2+24
  54 001e 1160     		str	r1, [r2]
 181:Generated_Source\PSoC4/cyfitter_cfg.c **** 	CY_SET_REG32((void *)CYREG_PERI_DIV_CMD, 0x8000FF43u);
  55              		.loc 1 181 0
  56 0020 1B4A     		ldr	r2, .L2+28
  57 0022 1A60     		str	r2, [r3]
 182:Generated_Source\PSoC4/cyfitter_cfg.c **** 	CY_SET_REG32((void *)CYREG_PERI_DIV_16_CTL0, 0x0000FE00u);
  58              		.loc 1 182 0
  59 0024 FE21     		movs	r1, #254
  60 0026 0902     		lsls	r1, r1, #8
  61 0028 1A4A     		ldr	r2, .L2+32
  62 002a 1160     		str	r1, [r2]
 183:Generated_Source\PSoC4/cyfitter_cfg.c **** 	CY_SET_REG32((void *)CYREG_PERI_DIV_CMD, 0x8000FF40u);
  63              		.loc 1 183 0
  64 002c 1A4A     		ldr	r2, .L2+36
  65 002e 1A60     		str	r2, [r3]
 184:Generated_Source\PSoC4/cyfitter_cfg.c **** 	CY_SET_REG32((void *)CYREG_PERI_DIV_16_CTL2, 0x00001000u);
  66              		.loc 1 184 0
  67 0030 8021     		movs	r1, #128
  68 0032 4901     		lsls	r1, r1, #5
  69 0034 194A     		ldr	r2, .L2+40
  70 0036 1160     		str	r1, [r2]
 185:Generated_Source\PSoC4/cyfitter_cfg.c **** 	CY_SET_REG32((void *)CYREG_PERI_DIV_CMD, 0x8000FF42u);
  71              		.loc 1 185 0
  72 0038 194A     		ldr	r2, .L2+44
  73 003a 1A60     		str	r2, [r3]
 186:Generated_Source\PSoC4/cyfitter_cfg.c **** 	CY_SET_REG32((void *)CYREG_PERI_DIV_16_CTL1, 0x00000E00u);
  74              		.loc 1 186 0
  75 003c E021     		movs	r1, #224
  76 003e 0901     		lsls	r1, r1, #4
  77 0040 184A     		ldr	r2, .L2+48
  78 0042 1160     		str	r1, [r2]
 187:Generated_Source\PSoC4/cyfitter_cfg.c **** 	CY_SET_REG32((void *)CYREG_PERI_DIV_CMD, 0x8000FF41u);
  79              		.loc 1 187 0
  80 0044 184A     		ldr	r2, .L2+52
  81 0046 1A60     		str	r2, [r3]
 188:Generated_Source\PSoC4/cyfitter_cfg.c **** 
 189:Generated_Source\PSoC4/cyfitter_cfg.c **** 	/* CYDEV_CLK_SELECT Starting address: CYDEV_CLK_SELECT */
 190:Generated_Source\PSoC4/cyfitter_cfg.c **** 	CY_SET_REG32((void *)(CYREG_CLK_SELECT), 0x00000000u);
  82              		.loc 1 190 0
  83 0048 0022     		movs	r2, #0
  84 004a 184B     		ldr	r3, .L2+56
  85 004c 1A60     		str	r2, [r3]
 191:Generated_Source\PSoC4/cyfitter_cfg.c **** 
 192:Generated_Source\PSoC4/cyfitter_cfg.c **** 	/* CYDEV_PERI_PCLK_CTL7 Starting address: CYDEV_PERI_PCLK_CTL7 */
 193:Generated_Source\PSoC4/cyfitter_cfg.c **** 	CY_SET_REG32((void *)(CYREG_PERI_PCLK_CTL7), 0x00000044u);
  86              		.loc 1 193 0
  87 004e 4432     		adds	r2, r2, #68
  88 0050 174B     		ldr	r3, .L2+60
  89 0052 1A60     		str	r2, [r3]
 194:Generated_Source\PSoC4/cyfitter_cfg.c **** 
 195:Generated_Source\PSoC4/cyfitter_cfg.c **** 	/* CYDEV_PERI_PCLK_CTL6 Starting address: CYDEV_PERI_PCLK_CTL6 */
 196:Generated_Source\PSoC4/cyfitter_cfg.c **** 	CY_SET_REG32((void *)(CYREG_PERI_PCLK_CTL6), 0x00000043u);
ARM GAS  C:\Users\ADMIN\AppData\Local\Temp\ccxnwXcP.s 			page 6


  90              		.loc 1 196 0
  91 0054 013A     		subs	r2, r2, #1
  92 0056 174B     		ldr	r3, .L2+64
  93 0058 1A60     		str	r2, [r3]
 197:Generated_Source\PSoC4/cyfitter_cfg.c **** 
 198:Generated_Source\PSoC4/cyfitter_cfg.c **** 	/* CYDEV_PERI_PCLK_CTL2 Starting address: CYDEV_PERI_PCLK_CTL2 */
 199:Generated_Source\PSoC4/cyfitter_cfg.c **** 	CY_SET_REG32((void *)(CYREG_PERI_PCLK_CTL2), 0x00000040u);
  94              		.loc 1 199 0
  95 005a 033A     		subs	r2, r2, #3
  96 005c 164B     		ldr	r3, .L2+68
  97 005e 1A60     		str	r2, [r3]
 200:Generated_Source\PSoC4/cyfitter_cfg.c **** 
 201:Generated_Source\PSoC4/cyfitter_cfg.c **** 	/* CYDEV_PERI_PCLK_CTL1 Starting address: CYDEV_PERI_PCLK_CTL1 */
 202:Generated_Source\PSoC4/cyfitter_cfg.c **** 	CY_SET_REG32((void *)(CYREG_PERI_PCLK_CTL1), 0x00000042u);
  98              		.loc 1 202 0
  99 0060 0232     		adds	r2, r2, #2
 100 0062 164B     		ldr	r3, .L2+72
 101 0064 1A60     		str	r2, [r3]
 203:Generated_Source\PSoC4/cyfitter_cfg.c **** 
 204:Generated_Source\PSoC4/cyfitter_cfg.c **** 	/* CYDEV_PERI_PCLK_CTL0 Starting address: CYDEV_PERI_PCLK_CTL0 */
 205:Generated_Source\PSoC4/cyfitter_cfg.c **** 	CY_SET_REG32((void *)(CYREG_PERI_PCLK_CTL0), 0x00000041u);
 102              		.loc 1 205 0
 103 0066 013A     		subs	r2, r2, #1
 104 0068 154B     		ldr	r3, .L2+76
 105 006a 1A60     		str	r2, [r3]
 206:Generated_Source\PSoC4/cyfitter_cfg.c **** 
 207:Generated_Source\PSoC4/cyfitter_cfg.c **** 	/* Set Flash Cycles based on newly configured 24.00MHz HFCLK. */
 208:Generated_Source\PSoC4/cyfitter_cfg.c **** 	CY_SET_REG32((void CYXDATA *)(CYREG_CPUSS_FLASH_CTL), (0x0011u));
 106              		.loc 1 208 0
 107 006c 1123     		movs	r3, #17
 108 006e 2360     		str	r3, [r4]
 209:Generated_Source\PSoC4/cyfitter_cfg.c **** }
 109              		.loc 1 209 0
 110              		@ sp needed
 111 0070 10BD     		pop	{r4, pc}
 112              	.L3:
 113 0072 C046     		.align	2
 114              	.L2:
 115 0074 30001040 		.word	1074790448
 116 0078 000FF600 		.word	16125696
 117 007c 10030140 		.word	1073808144
 118 0080 00000140 		.word	1073807360
 119 0084 44FF0080 		.word	-2147418300
 120 0088 00DF2E00 		.word	3071744
 121 008c 0C030140 		.word	1073808140
 122 0090 43FF0080 		.word	-2147418301
 123 0094 00030140 		.word	1073808128
 124 0098 40FF0080 		.word	-2147418304
 125 009c 08030140 		.word	1073808136
 126 00a0 42FF0080 		.word	-2147418302
 127 00a4 04030140 		.word	1073808132
 128 00a8 41FF0080 		.word	-2147418303
 129 00ac 28000340 		.word	1073938472
 130 00b0 1C010140 		.word	1073807644
 131 00b4 18010140 		.word	1073807640
 132 00b8 08010140 		.word	1073807624
 133 00bc 04010140 		.word	1073807620
ARM GAS  C:\Users\ADMIN\AppData\Local\Temp\ccxnwXcP.s 			page 7


 134 00c0 00010140 		.word	1073807616
 135              		.cfi_endproc
 136              	.LFE4:
 137              		.size	ClockSetup, .-ClockSetup
 138              		.section	.text.SetAnalogRoutingPumps,"ax",%progbits
 139              		.align	2
 140              		.global	SetAnalogRoutingPumps
 141              		.code	16
 142              		.thumb_func
 143              		.type	SetAnalogRoutingPumps, %function
 144              	SetAnalogRoutingPumps:
 145              	.LFB6:
 210:Generated_Source\PSoC4/cyfitter_cfg.c **** 
 211:Generated_Source\PSoC4/cyfitter_cfg.c **** 
 212:Generated_Source\PSoC4/cyfitter_cfg.c **** /* Analog API Functions */
 213:Generated_Source\PSoC4/cyfitter_cfg.c **** 
 214:Generated_Source\PSoC4/cyfitter_cfg.c **** 
 215:Generated_Source\PSoC4/cyfitter_cfg.c **** /*******************************************************************************
 216:Generated_Source\PSoC4/cyfitter_cfg.c **** * Function Name: AnalogSetDefault
 217:Generated_Source\PSoC4/cyfitter_cfg.c **** ********************************************************************************
 218:Generated_Source\PSoC4/cyfitter_cfg.c **** *
 219:Generated_Source\PSoC4/cyfitter_cfg.c **** * Summary:
 220:Generated_Source\PSoC4/cyfitter_cfg.c **** *  Sets up the analog portions of the chip to default values based on chip
 221:Generated_Source\PSoC4/cyfitter_cfg.c **** *  configuration options from the project.
 222:Generated_Source\PSoC4/cyfitter_cfg.c **** *
 223:Generated_Source\PSoC4/cyfitter_cfg.c **** * Parameters:
 224:Generated_Source\PSoC4/cyfitter_cfg.c **** *  void
 225:Generated_Source\PSoC4/cyfitter_cfg.c **** *
 226:Generated_Source\PSoC4/cyfitter_cfg.c **** * Return:
 227:Generated_Source\PSoC4/cyfitter_cfg.c **** *  void
 228:Generated_Source\PSoC4/cyfitter_cfg.c **** *
 229:Generated_Source\PSoC4/cyfitter_cfg.c **** *******************************************************************************/
 230:Generated_Source\PSoC4/cyfitter_cfg.c **** static void AnalogSetDefault(void);
 231:Generated_Source\PSoC4/cyfitter_cfg.c **** static void AnalogSetDefault(void)
 232:Generated_Source\PSoC4/cyfitter_cfg.c **** {
 233:Generated_Source\PSoC4/cyfitter_cfg.c **** 	CY_SET_XTND_REG32((void CYFAR *)CYREG_CSD_SW_REFGEN_SEL, 0x00000010u);
 234:Generated_Source\PSoC4/cyfitter_cfg.c **** 	SetAnalogRoutingPumps(1);
 235:Generated_Source\PSoC4/cyfitter_cfg.c **** }
 236:Generated_Source\PSoC4/cyfitter_cfg.c **** 
 237:Generated_Source\PSoC4/cyfitter_cfg.c **** 
 238:Generated_Source\PSoC4/cyfitter_cfg.c **** /*******************************************************************************
 239:Generated_Source\PSoC4/cyfitter_cfg.c **** * Function Name: SetAnalogRoutingPumps
 240:Generated_Source\PSoC4/cyfitter_cfg.c **** ********************************************************************************
 241:Generated_Source\PSoC4/cyfitter_cfg.c **** *
 242:Generated_Source\PSoC4/cyfitter_cfg.c **** * Summary:
 243:Generated_Source\PSoC4/cyfitter_cfg.c **** * Enables or disables the analog pumps feeding analog routing switches.
 244:Generated_Source\PSoC4/cyfitter_cfg.c **** * Intended to be called at startup, based on the Vdda system configuration;
 245:Generated_Source\PSoC4/cyfitter_cfg.c **** * may be called during operation when the user informs us that the Vdda voltage crossed the pump th
 246:Generated_Source\PSoC4/cyfitter_cfg.c **** *
 247:Generated_Source\PSoC4/cyfitter_cfg.c **** * Parameters:
 248:Generated_Source\PSoC4/cyfitter_cfg.c **** *  enabled - 1 to enable the pumps, 0 to disable the pumps
 249:Generated_Source\PSoC4/cyfitter_cfg.c **** *
 250:Generated_Source\PSoC4/cyfitter_cfg.c **** * Return:
 251:Generated_Source\PSoC4/cyfitter_cfg.c **** *  void
 252:Generated_Source\PSoC4/cyfitter_cfg.c **** *
 253:Generated_Source\PSoC4/cyfitter_cfg.c **** *******************************************************************************/
 254:Generated_Source\PSoC4/cyfitter_cfg.c **** void SetAnalogRoutingPumps(uint8 enabled)
ARM GAS  C:\Users\ADMIN\AppData\Local\Temp\ccxnwXcP.s 			page 8


 255:Generated_Source\PSoC4/cyfitter_cfg.c **** {
 146              		.loc 1 255 0
 147              		.cfi_startproc
 148              		@ args = 0, pretend = 0, frame = 0
 149              		@ frame_needed = 0, uses_anonymous_args = 0
 150              		@ link register save eliminated.
 151              	.LVL1:
 256:Generated_Source\PSoC4/cyfitter_cfg.c **** 	uint32 regValue = CY_GET_XTND_REG32((void *)(CYREG_HSIOM_PUMP_CTL));
 152              		.loc 1 256 0
 153 0000 0B4B     		ldr	r3, .L9
 154 0002 1B68     		ldr	r3, [r3]
 155              	.LVL2:
 257:Generated_Source\PSoC4/cyfitter_cfg.c **** 	if (enabled != 0u)
 156              		.loc 1 257 0
 157 0004 0028     		cmp	r0, #0
 158 0006 03D0     		beq	.L5
 258:Generated_Source\PSoC4/cyfitter_cfg.c **** 	{
 259:Generated_Source\PSoC4/cyfitter_cfg.c **** 		regValue |= 0x80000000u;
 159              		.loc 1 259 0
 160 0008 8022     		movs	r2, #128
 161 000a 1206     		lsls	r2, r2, #24
 162 000c 1343     		orrs	r3, r2
 163              	.LVL3:
 164 000e 01E0     		b	.L6
 165              	.L5:
 260:Generated_Source\PSoC4/cyfitter_cfg.c **** 	}
 261:Generated_Source\PSoC4/cyfitter_cfg.c **** 	else
 262:Generated_Source\PSoC4/cyfitter_cfg.c **** 	{
 263:Generated_Source\PSoC4/cyfitter_cfg.c **** 		regValue &= ~0x80000000u;
 166              		.loc 1 263 0
 167 0010 5B00     		lsls	r3, r3, #1
 168              	.LVL4:
 169 0012 5B08     		lsrs	r3, r3, #1
 170              	.LVL5:
 171              	.L6:
 264:Generated_Source\PSoC4/cyfitter_cfg.c **** 	}
 265:Generated_Source\PSoC4/cyfitter_cfg.c **** 	CY_SET_XTND_REG32((void *)(CYREG_HSIOM_PUMP_CTL), regValue);
 172              		.loc 1 265 0
 173 0014 064A     		ldr	r2, .L9
 174 0016 1360     		str	r3, [r2]
 266:Generated_Source\PSoC4/cyfitter_cfg.c **** 	regValue = CY_GET_XTND_REG32((void *)(CYREG_CLK_SELECT));
 175              		.loc 1 266 0
 176 0018 064B     		ldr	r3, .L9+4
 177              	.LVL6:
 178 001a 1B68     		ldr	r3, [r3]
 179              	.LVL7:
 267:Generated_Source\PSoC4/cyfitter_cfg.c **** 	if (enabled != 0u)
 180              		.loc 1 267 0
 181 001c 0028     		cmp	r0, #0
 182 001e 02D0     		beq	.L7
 268:Generated_Source\PSoC4/cyfitter_cfg.c **** 	{
 269:Generated_Source\PSoC4/cyfitter_cfg.c **** 		regValue |= 0x00000020u;
 183              		.loc 1 269 0
 184 0020 2022     		movs	r2, #32
 185 0022 1343     		orrs	r3, r2
 186              	.LVL8:
 187 0024 01E0     		b	.L8
ARM GAS  C:\Users\ADMIN\AppData\Local\Temp\ccxnwXcP.s 			page 9


 188              	.L7:
 270:Generated_Source\PSoC4/cyfitter_cfg.c **** 	}
 271:Generated_Source\PSoC4/cyfitter_cfg.c **** 	else
 272:Generated_Source\PSoC4/cyfitter_cfg.c **** 	{
 273:Generated_Source\PSoC4/cyfitter_cfg.c **** 		regValue &= ~0x00000020u;
 189              		.loc 1 273 0
 190 0026 2022     		movs	r2, #32
 191 0028 9343     		bics	r3, r2
 192              	.LVL9:
 193              	.L8:
 274:Generated_Source\PSoC4/cyfitter_cfg.c **** 	}
 275:Generated_Source\PSoC4/cyfitter_cfg.c **** 	CY_SET_XTND_REG32((void *)(CYREG_CLK_SELECT), regValue);
 194              		.loc 1 275 0
 195 002a 024A     		ldr	r2, .L9+4
 196 002c 1360     		str	r3, [r2]
 276:Generated_Source\PSoC4/cyfitter_cfg.c **** }
 197              		.loc 1 276 0
 198              		@ sp needed
 199 002e 7047     		bx	lr
 200              	.L10:
 201              		.align	2
 202              	.L9:
 203 0030 00200240 		.word	1073881088
 204 0034 28000340 		.word	1073938472
 205              		.cfi_endproc
 206              	.LFE6:
 207              		.size	SetAnalogRoutingPumps, .-SetAnalogRoutingPumps
 208              		.section	.text.AnalogSetDefault,"ax",%progbits
 209              		.align	2
 210              		.code	16
 211              		.thumb_func
 212              		.type	AnalogSetDefault, %function
 213              	AnalogSetDefault:
 214              	.LFB5:
 232:Generated_Source\PSoC4/cyfitter_cfg.c **** 	CY_SET_XTND_REG32((void CYFAR *)CYREG_CSD_SW_REFGEN_SEL, 0x00000010u);
 215              		.loc 1 232 0
 216              		.cfi_startproc
 217              		@ args = 0, pretend = 0, frame = 0
 218              		@ frame_needed = 0, uses_anonymous_args = 0
 219 0000 10B5     		push	{r4, lr}
 220              		.cfi_def_cfa_offset 8
 221              		.cfi_offset 4, -8
 222              		.cfi_offset 14, -4
 233:Generated_Source\PSoC4/cyfitter_cfg.c **** 	SetAnalogRoutingPumps(1);
 223              		.loc 1 233 0
 224 0002 1022     		movs	r2, #16
 225 0004 024B     		ldr	r3, .L12
 226 0006 1A60     		str	r2, [r3]
 234:Generated_Source\PSoC4/cyfitter_cfg.c **** }
 227              		.loc 1 234 0
 228 0008 0120     		movs	r0, #1
 229 000a FFF7FEFF 		bl	SetAnalogRoutingPumps
 230              	.LVL10:
 235:Generated_Source\PSoC4/cyfitter_cfg.c **** 
 231              		.loc 1 235 0
 232              		@ sp needed
 233 000e 10BD     		pop	{r4, pc}
ARM GAS  C:\Users\ADMIN\AppData\Local\Temp\ccxnwXcP.s 			page 10


 234              	.L13:
 235              		.align	2
 236              	.L12:
 237 0010 A8020B40 		.word	1074463400
 238              		.cfi_endproc
 239              	.LFE5:
 240              		.size	AnalogSetDefault, .-AnalogSetDefault
 241              		.section	.psocinit
 242              		.align	2
 243              		.global	cyfitter_cfg
 244              		.code	16
 245              		.thumb_func
 246              		.type	cyfitter_cfg, %function
 247              	cyfitter_cfg:
 248              	.LFB7:
 277:Generated_Source\PSoC4/cyfitter_cfg.c **** 
 278:Generated_Source\PSoC4/cyfitter_cfg.c **** 
 279:Generated_Source\PSoC4/cyfitter_cfg.c **** 
 280:Generated_Source\PSoC4/cyfitter_cfg.c **** 
 281:Generated_Source\PSoC4/cyfitter_cfg.c **** /*******************************************************************************
 282:Generated_Source\PSoC4/cyfitter_cfg.c **** * Function Name: cyfitter_cfg
 283:Generated_Source\PSoC4/cyfitter_cfg.c **** ********************************************************************************
 284:Generated_Source\PSoC4/cyfitter_cfg.c **** * Summary:
 285:Generated_Source\PSoC4/cyfitter_cfg.c **** *  This function is called by the start-up code for the selected device. It
 286:Generated_Source\PSoC4/cyfitter_cfg.c **** *  performs all of the necessary device configuration based on the design
 287:Generated_Source\PSoC4/cyfitter_cfg.c **** *  settings.  This includes settings from the Design Wide Resources (DWR) such
 288:Generated_Source\PSoC4/cyfitter_cfg.c **** *  as Clocks and Pins as well as any component configuration that is necessary.
 289:Generated_Source\PSoC4/cyfitter_cfg.c **** *
 290:Generated_Source\PSoC4/cyfitter_cfg.c **** * Parameters:
 291:Generated_Source\PSoC4/cyfitter_cfg.c **** *   void
 292:Generated_Source\PSoC4/cyfitter_cfg.c **** *
 293:Generated_Source\PSoC4/cyfitter_cfg.c **** * Return:
 294:Generated_Source\PSoC4/cyfitter_cfg.c **** *   void
 295:Generated_Source\PSoC4/cyfitter_cfg.c **** *
 296:Generated_Source\PSoC4/cyfitter_cfg.c **** *******************************************************************************/
 297:Generated_Source\PSoC4/cyfitter_cfg.c **** CY_CFG_SECTION
 298:Generated_Source\PSoC4/cyfitter_cfg.c **** void cyfitter_cfg(void)
 299:Generated_Source\PSoC4/cyfitter_cfg.c **** {
 249              		.loc 1 299 0
 250              		.cfi_startproc
 251              		@ args = 0, pretend = 0, frame = 0
 252              		@ frame_needed = 0, uses_anonymous_args = 0
 253 00c4 10B5     		push	{r4, lr}
 254              		.cfi_def_cfa_offset 8
 255              		.cfi_offset 4, -8
 256              		.cfi_offset 14, -4
 300:Generated_Source\PSoC4/cyfitter_cfg.c **** 	/* Disable interrupts by default. Let user enable if/when they want. */
 301:Generated_Source\PSoC4/cyfitter_cfg.c **** 	CyGlobalIntDisable;
 257              		.loc 1 301 0
 258              		.syntax divided
 259              	@ 301 "Generated_Source\PSoC4\cyfitter_cfg.c" 1
 260 00c6 72B6     		CPSID   i
 261              	@ 0 "" 2
 302:Generated_Source\PSoC4/cyfitter_cfg.c **** 
 303:Generated_Source\PSoC4/cyfitter_cfg.c **** 	{
 304:Generated_Source\PSoC4/cyfitter_cfg.c **** 		/* HSIOM Starting address: CYDEV_HSIOM_BASE */
 305:Generated_Source\PSoC4/cyfitter_cfg.c **** 		CY_SET_REG32((void *)(CYREG_HSIOM_PORT_SEL1), 0x000008EEu);
ARM GAS  C:\Users\ADMIN\AppData\Local\Temp\ccxnwXcP.s 			page 11


 262              		.loc 1 305 0
 263              		.thumb
 264              		.syntax unified
 265 00c8 174A     		ldr	r2, .L15
 266 00ca 184B     		ldr	r3, .L15+4
 267 00cc 1A60     		str	r2, [r3]
 306:Generated_Source\PSoC4/cyfitter_cfg.c **** 		CY_SET_REG32((void *)(CYREG_HSIOM_PORT_SEL2), 0x00000080u);
 268              		.loc 1 306 0
 269 00ce 8023     		movs	r3, #128
 270 00d0 174A     		ldr	r2, .L15+8
 271 00d2 1360     		str	r3, [r2]
 307:Generated_Source\PSoC4/cyfitter_cfg.c **** 		CY_SET_REG32((void *)(CYREG_HSIOM_PORT_SEL3), 0x0000EE99u);
 272              		.loc 1 307 0
 273 00d4 1749     		ldr	r1, .L15+12
 274 00d6 184A     		ldr	r2, .L15+16
 275 00d8 1160     		str	r1, [r2]
 308:Generated_Source\PSoC4/cyfitter_cfg.c **** 
 309:Generated_Source\PSoC4/cyfitter_cfg.c **** 	}
 310:Generated_Source\PSoC4/cyfitter_cfg.c **** 
 311:Generated_Source\PSoC4/cyfitter_cfg.c **** 	/* Perform second pass device configuration. These items must be configured in specific order afte
 312:Generated_Source\PSoC4/cyfitter_cfg.c **** 	/* IOPINS0_0 Starting address: CYDEV_GPIO_PRT0_BASE */
 313:Generated_Source\PSoC4/cyfitter_cfg.c **** 	CY_SET_REG32((void *)(CYDEV_GPIO_PRT0_BASE), 0x00000080u);
 276              		.loc 1 313 0
 277 00da 184A     		ldr	r2, .L15+20
 278 00dc 1360     		str	r3, [r2]
 314:Generated_Source\PSoC4/cyfitter_cfg.c **** 	CY_SET_REG32((void *)(CYREG_GPIO_PRT0_PC), 0x00400000u);
 279              		.loc 1 314 0
 280 00de 8022     		movs	r2, #128
 281 00e0 D203     		lsls	r2, r2, #15
 282 00e2 174B     		ldr	r3, .L15+24
 283 00e4 1A60     		str	r2, [r3]
 315:Generated_Source\PSoC4/cyfitter_cfg.c **** 	CY_SET_REG32((void *)(CYREG_GPIO_PRT0_INTR_CFG), 0x00008000u);
 284              		.loc 1 315 0
 285 00e6 8022     		movs	r2, #128
 286 00e8 1202     		lsls	r2, r2, #8
 287 00ea 164B     		ldr	r3, .L15+28
 288 00ec 1A60     		str	r2, [r3]
 316:Generated_Source\PSoC4/cyfitter_cfg.c **** 	CY_SET_REG32((void *)(CYREG_GPIO_PRT0_PC2), 0x00000002u);
 289              		.loc 1 316 0
 290 00ee 0223     		movs	r3, #2
 291 00f0 154A     		ldr	r2, .L15+32
 292 00f2 1360     		str	r3, [r2]
 317:Generated_Source\PSoC4/cyfitter_cfg.c **** 
 318:Generated_Source\PSoC4/cyfitter_cfg.c **** 	/* IOPINS0_1 Starting address: CYDEV_GPIO_PRT1_BASE */
 319:Generated_Source\PSoC4/cyfitter_cfg.c **** 	CY_SET_REG32((void *)(CYDEV_GPIO_PRT1_BASE), 0x00000007u);
 293              		.loc 1 319 0
 294 00f4 0721     		movs	r1, #7
 295 00f6 154A     		ldr	r2, .L15+36
 296 00f8 1160     		str	r1, [r2]
 320:Generated_Source\PSoC4/cyfitter_cfg.c **** 	CY_SET_REG32((void *)(CYREG_GPIO_PRT1_PC), 0x000001A4u);
 297              		.loc 1 320 0
 298 00fa 9E31     		adds	r1, r1, #158
 299 00fc FF31     		adds	r1, r1, #255
 300 00fe 144A     		ldr	r2, .L15+40
 301 0100 1160     		str	r1, [r2]
 321:Generated_Source\PSoC4/cyfitter_cfg.c **** 
 322:Generated_Source\PSoC4/cyfitter_cfg.c **** 	/* IOPINS0_2 Starting address: CYDEV_GPIO_PRT2_BASE */
ARM GAS  C:\Users\ADMIN\AppData\Local\Temp\ccxnwXcP.s 			page 12


 323:Generated_Source\PSoC4/cyfitter_cfg.c **** 	CY_SET_REG32((void *)(CYDEV_GPIO_PRT2_BASE), 0x00000022u);
 302              		.loc 1 323 0
 303 0102 8339     		subs	r1, r1, #131
 304 0104 FF39     		subs	r1, r1, #255
 305 0106 134A     		ldr	r2, .L15+44
 306 0108 1160     		str	r1, [r2]
 324:Generated_Source\PSoC4/cyfitter_cfg.c **** 	CY_SET_REG32((void *)(CYREG_GPIO_PRT2_PC), 0x00030030u);
 307              		.loc 1 324 0
 308 010a 1349     		ldr	r1, .L15+48
 309 010c 134A     		ldr	r2, .L15+52
 310 010e 1160     		str	r1, [r2]
 325:Generated_Source\PSoC4/cyfitter_cfg.c **** 
 326:Generated_Source\PSoC4/cyfitter_cfg.c **** 	/* IOPINS0_3 Starting address: CYDEV_GPIO_PRT3_BASE */
 327:Generated_Source\PSoC4/cyfitter_cfg.c **** 	CY_SET_REG32((void *)(CYDEV_GPIO_PRT3_BASE), 0x00000002u);
 311              		.loc 1 327 0
 312 0110 134A     		ldr	r2, .L15+56
 313 0112 1360     		str	r3, [r2]
 328:Generated_Source\PSoC4/cyfitter_cfg.c **** 	CY_SET_REG32((void *)(CYREG_GPIO_PRT3_PC), 0x00000DB1u);
 314              		.loc 1 328 0
 315 0114 1349     		ldr	r1, .L15+60
 316 0116 144A     		ldr	r2, .L15+64
 317 0118 1160     		str	r1, [r2]
 329:Generated_Source\PSoC4/cyfitter_cfg.c **** 	CY_SET_REG32((void *)(CYREG_GPIO_PRT3_PC2), 0x00000002u);
 318              		.loc 1 329 0
 319 011a 144A     		ldr	r2, .L15+68
 320 011c 1360     		str	r3, [r2]
 330:Generated_Source\PSoC4/cyfitter_cfg.c **** 
 331:Generated_Source\PSoC4/cyfitter_cfg.c **** 
 332:Generated_Source\PSoC4/cyfitter_cfg.c **** 	/* Setup clocks based on selections from Clock DWR */
 333:Generated_Source\PSoC4/cyfitter_cfg.c **** 	ClockSetup();
 321              		.loc 1 333 0
 322 011e FFF76FFF 		bl	ClockSetup
 323              	.LVL11:
 334:Generated_Source\PSoC4/cyfitter_cfg.c **** 
 335:Generated_Source\PSoC4/cyfitter_cfg.c **** 	/* Perform basic analog initialization to defaults */
 336:Generated_Source\PSoC4/cyfitter_cfg.c **** 	AnalogSetDefault();
 324              		.loc 1 336 0
 325 0122 FFF7FEFF 		bl	AnalogSetDefault
 326              	.LVL12:
 337:Generated_Source\PSoC4/cyfitter_cfg.c **** 
 338:Generated_Source\PSoC4/cyfitter_cfg.c **** }
 327              		.loc 1 338 0
 328              		@ sp needed
 329 0126 10BD     		pop	{r4, pc}
 330              	.L16:
 331              		.align	2
 332              	.L15:
 333 0128 EE080000 		.word	2286
 334 012c 00010240 		.word	1073873152
 335 0130 00020240 		.word	1073873408
 336 0134 99EE0000 		.word	61081
 337 0138 00030240 		.word	1073873664
 338 013c 00000440 		.word	1074003968
 339 0140 08000440 		.word	1074003976
 340 0144 0C000440 		.word	1074003980
 341 0148 18000440 		.word	1074003992
 342 014c 00010440 		.word	1074004224
ARM GAS  C:\Users\ADMIN\AppData\Local\Temp\ccxnwXcP.s 			page 13


 343 0150 08010440 		.word	1074004232
 344 0154 00020440 		.word	1074004480
 345 0158 30000300 		.word	196656
 346 015c 08020440 		.word	1074004488
 347 0160 00030440 		.word	1074004736
 348 0164 B10D0000 		.word	3505
 349 0168 08030440 		.word	1074004744
 350 016c 18030440 		.word	1074004760
 351              		.cfi_endproc
 352              	.LFE7:
 353              		.size	cyfitter_cfg, .-cyfitter_cfg
 354              		.text
 355              	.Letext0:
 356              		.file 2 "Generated_Source\\PSoC4\\cytypes.h"
 357              		.file 3 "Generated_Source\\PSoC4\\CyLib.h"
 358              		.section	.debug_info,"",%progbits
 359              	.Ldebug_info0:
 360 0000 65010000 		.4byte	0x165
 361 0004 0400     		.2byte	0x4
 362 0006 00000000 		.4byte	.Ldebug_abbrev0
 363 000a 04       		.byte	0x4
 364 000b 01       		.uleb128 0x1
 365 000c 40010000 		.4byte	.LASF21
 366 0010 0C       		.byte	0xc
 367 0011 15000000 		.4byte	.LASF22
 368 0015 DB010000 		.4byte	.LASF23
 369 0019 00000000 		.4byte	.Ldebug_ranges0+0
 370 001d 00000000 		.4byte	0
 371 0021 00000000 		.4byte	.Ldebug_line0
 372 0025 02       		.uleb128 0x2
 373 0026 04       		.byte	0x4
 374 0027 05       		.byte	0x5
 375 0028 696E7400 		.ascii	"int\000"
 376 002c 03       		.uleb128 0x3
 377 002d 04       		.byte	0x4
 378 002e 07       		.byte	0x7
 379 002f 3B000000 		.4byte	.LASF0
 380 0033 03       		.uleb128 0x3
 381 0034 08       		.byte	0x8
 382 0035 05       		.byte	0x5
 383 0036 00000000 		.4byte	.LASF1
 384 003a 03       		.uleb128 0x3
 385 003b 08       		.byte	0x8
 386 003c 04       		.byte	0x4
 387 003d 19010000 		.4byte	.LASF2
 388 0041 03       		.uleb128 0x3
 389 0042 01       		.byte	0x1
 390 0043 06       		.byte	0x6
 391 0044 0D010000 		.4byte	.LASF3
 392 0048 03       		.uleb128 0x3
 393 0049 01       		.byte	0x1
 394 004a 08       		.byte	0x8
 395 004b B5000000 		.4byte	.LASF4
 396 004f 03       		.uleb128 0x3
 397 0050 02       		.byte	0x2
 398 0051 05       		.byte	0x5
 399 0052 36010000 		.4byte	.LASF5
ARM GAS  C:\Users\ADMIN\AppData\Local\Temp\ccxnwXcP.s 			page 14


 400 0056 03       		.uleb128 0x3
 401 0057 02       		.byte	0x2
 402 0058 07       		.byte	0x7
 403 0059 FA000000 		.4byte	.LASF6
 404 005d 03       		.uleb128 0x3
 405 005e 04       		.byte	0x4
 406 005f 05       		.byte	0x5
 407 0060 C8000000 		.4byte	.LASF7
 408 0064 03       		.uleb128 0x3
 409 0065 04       		.byte	0x4
 410 0066 07       		.byte	0x7
 411 0067 4E000000 		.4byte	.LASF8
 412 006b 03       		.uleb128 0x3
 413 006c 08       		.byte	0x8
 414 006d 07       		.byte	0x7
 415 006e 6D000000 		.4byte	.LASF9
 416 0072 03       		.uleb128 0x3
 417 0073 04       		.byte	0x4
 418 0074 07       		.byte	0x7
 419 0075 D2010000 		.4byte	.LASF10
 420 0079 03       		.uleb128 0x3
 421 007a 01       		.byte	0x1
 422 007b 08       		.byte	0x8
 423 007c C3000000 		.4byte	.LASF11
 424 0080 04       		.uleb128 0x4
 425 0081 48000000 		.4byte	.LASF12
 426 0085 02       		.byte	0x2
 427 0086 E401     		.2byte	0x1e4
 428 0088 48000000 		.4byte	0x48
 429 008c 04       		.uleb128 0x4
 430 008d 0E000000 		.4byte	.LASF13
 431 0091 02       		.byte	0x2
 432 0092 E601     		.2byte	0x1e6
 433 0094 64000000 		.4byte	0x64
 434 0098 03       		.uleb128 0x3
 435 0099 04       		.byte	0x4
 436 009a 04       		.byte	0x4
 437 009b 84000000 		.4byte	.LASF14
 438 009f 03       		.uleb128 0x3
 439 00a0 08       		.byte	0x8
 440 00a1 04       		.byte	0x4
 441 00a2 ED000000 		.4byte	.LASF15
 442 00a6 04       		.uleb128 0x4
 443 00a7 F4000000 		.4byte	.LASF16
 444 00ab 02       		.byte	0x2
 445 00ac 9002     		.2byte	0x290
 446 00ae B2000000 		.4byte	0xb2
 447 00b2 05       		.uleb128 0x5
 448 00b3 8C000000 		.4byte	0x8c
 449 00b7 06       		.uleb128 0x6
 450 00b8 E2000000 		.4byte	.LASF17
 451 00bc 01       		.byte	0x1
 452 00bd A9       		.byte	0xa9
 453 00be 00000000 		.4byte	.LFB4
 454 00c2 C4000000 		.4byte	.LFE4-.LFB4
 455 00c6 01       		.uleb128 0x1
 456 00c7 9C       		.byte	0x9c
ARM GAS  C:\Users\ADMIN\AppData\Local\Temp\ccxnwXcP.s 			page 15


 457 00c8 DC000000 		.4byte	0xdc
 458 00cc 07       		.uleb128 0x7
 459 00cd 0E000000 		.4byte	.LVL0
 460 00d1 5D010000 		.4byte	0x15d
 461 00d5 08       		.uleb128 0x8
 462 00d6 01       		.uleb128 0x1
 463 00d7 50       		.byte	0x50
 464 00d8 01       		.uleb128 0x1
 465 00d9 48       		.byte	0x48
 466 00da 00       		.byte	0
 467 00db 00       		.byte	0
 468 00dc 09       		.uleb128 0x9
 469 00dd 8A000000 		.4byte	.LASF19
 470 00e1 01       		.byte	0x1
 471 00e2 FE       		.byte	0xfe
 472 00e3 00000000 		.4byte	.LFB6
 473 00e7 38000000 		.4byte	.LFE6-.LFB6
 474 00eb 01       		.uleb128 0x1
 475 00ec 9C       		.byte	0x9c
 476 00ed 0F010000 		.4byte	0x10f
 477 00f1 0A       		.uleb128 0xa
 478 00f2 25010000 		.4byte	.LASF24
 479 00f6 01       		.byte	0x1
 480 00f7 FE       		.byte	0xfe
 481 00f8 80000000 		.4byte	0x80
 482 00fc 01       		.uleb128 0x1
 483 00fd 50       		.byte	0x50
 484 00fe 0B       		.uleb128 0xb
 485 00ff 2D010000 		.4byte	.LASF25
 486 0103 01       		.byte	0x1
 487 0104 0001     		.2byte	0x100
 488 0106 8C000000 		.4byte	0x8c
 489 010a 00000000 		.4byte	.LLST0
 490 010e 00       		.byte	0
 491 010f 06       		.uleb128 0x6
 492 0110 D1000000 		.4byte	.LASF18
 493 0114 01       		.byte	0x1
 494 0115 E7       		.byte	0xe7
 495 0116 00000000 		.4byte	.LFB5
 496 011a 14000000 		.4byte	.LFE5-.LFB5
 497 011e 01       		.uleb128 0x1
 498 011f 9C       		.byte	0x9c
 499 0120 34010000 		.4byte	0x134
 500 0124 07       		.uleb128 0x7
 501 0125 0E000000 		.4byte	.LVL10
 502 0129 DC000000 		.4byte	0xdc
 503 012d 08       		.uleb128 0x8
 504 012e 01       		.uleb128 0x1
 505 012f 50       		.byte	0x50
 506 0130 01       		.uleb128 0x1
 507 0131 31       		.byte	0x31
 508 0132 00       		.byte	0
 509 0133 00       		.byte	0
 510 0134 0C       		.uleb128 0xc
 511 0135 60000000 		.4byte	.LASF20
 512 0139 01       		.byte	0x1
 513 013a 2A01     		.2byte	0x12a
ARM GAS  C:\Users\ADMIN\AppData\Local\Temp\ccxnwXcP.s 			page 16


 514 013c C4000000 		.4byte	.LFB7
 515 0140 AC000000 		.4byte	.LFE7-.LFB7
 516 0144 01       		.uleb128 0x1
 517 0145 9C       		.byte	0x9c
 518 0146 5D010000 		.4byte	0x15d
 519 014a 0D       		.uleb128 0xd
 520 014b 22010000 		.4byte	.LVL11
 521 014f B7000000 		.4byte	0xb7
 522 0153 0D       		.uleb128 0xd
 523 0154 26010000 		.4byte	.LVL12
 524 0158 0F010000 		.4byte	0x10f
 525 015c 00       		.byte	0
 526 015d 0E       		.uleb128 0xe
 527 015e A0000000 		.4byte	.LASF26
 528 0162 A0000000 		.4byte	.LASF26
 529 0166 03       		.byte	0x3
 530 0167 6C       		.byte	0x6c
 531 0168 00       		.byte	0
 532              		.section	.debug_abbrev,"",%progbits
 533              	.Ldebug_abbrev0:
 534 0000 01       		.uleb128 0x1
 535 0001 11       		.uleb128 0x11
 536 0002 01       		.byte	0x1
 537 0003 25       		.uleb128 0x25
 538 0004 0E       		.uleb128 0xe
 539 0005 13       		.uleb128 0x13
 540 0006 0B       		.uleb128 0xb
 541 0007 03       		.uleb128 0x3
 542 0008 0E       		.uleb128 0xe
 543 0009 1B       		.uleb128 0x1b
 544 000a 0E       		.uleb128 0xe
 545 000b 55       		.uleb128 0x55
 546 000c 17       		.uleb128 0x17
 547 000d 11       		.uleb128 0x11
 548 000e 01       		.uleb128 0x1
 549 000f 10       		.uleb128 0x10
 550 0010 17       		.uleb128 0x17
 551 0011 00       		.byte	0
 552 0012 00       		.byte	0
 553 0013 02       		.uleb128 0x2
 554 0014 24       		.uleb128 0x24
 555 0015 00       		.byte	0
 556 0016 0B       		.uleb128 0xb
 557 0017 0B       		.uleb128 0xb
 558 0018 3E       		.uleb128 0x3e
 559 0019 0B       		.uleb128 0xb
 560 001a 03       		.uleb128 0x3
 561 001b 08       		.uleb128 0x8
 562 001c 00       		.byte	0
 563 001d 00       		.byte	0
 564 001e 03       		.uleb128 0x3
 565 001f 24       		.uleb128 0x24
 566 0020 00       		.byte	0
 567 0021 0B       		.uleb128 0xb
 568 0022 0B       		.uleb128 0xb
 569 0023 3E       		.uleb128 0x3e
 570 0024 0B       		.uleb128 0xb
ARM GAS  C:\Users\ADMIN\AppData\Local\Temp\ccxnwXcP.s 			page 17


 571 0025 03       		.uleb128 0x3
 572 0026 0E       		.uleb128 0xe
 573 0027 00       		.byte	0
 574 0028 00       		.byte	0
 575 0029 04       		.uleb128 0x4
 576 002a 16       		.uleb128 0x16
 577 002b 00       		.byte	0
 578 002c 03       		.uleb128 0x3
 579 002d 0E       		.uleb128 0xe
 580 002e 3A       		.uleb128 0x3a
 581 002f 0B       		.uleb128 0xb
 582 0030 3B       		.uleb128 0x3b
 583 0031 05       		.uleb128 0x5
 584 0032 49       		.uleb128 0x49
 585 0033 13       		.uleb128 0x13
 586 0034 00       		.byte	0
 587 0035 00       		.byte	0
 588 0036 05       		.uleb128 0x5
 589 0037 35       		.uleb128 0x35
 590 0038 00       		.byte	0
 591 0039 49       		.uleb128 0x49
 592 003a 13       		.uleb128 0x13
 593 003b 00       		.byte	0
 594 003c 00       		.byte	0
 595 003d 06       		.uleb128 0x6
 596 003e 2E       		.uleb128 0x2e
 597 003f 01       		.byte	0x1
 598 0040 03       		.uleb128 0x3
 599 0041 0E       		.uleb128 0xe
 600 0042 3A       		.uleb128 0x3a
 601 0043 0B       		.uleb128 0xb
 602 0044 3B       		.uleb128 0x3b
 603 0045 0B       		.uleb128 0xb
 604 0046 27       		.uleb128 0x27
 605 0047 19       		.uleb128 0x19
 606 0048 11       		.uleb128 0x11
 607 0049 01       		.uleb128 0x1
 608 004a 12       		.uleb128 0x12
 609 004b 06       		.uleb128 0x6
 610 004c 40       		.uleb128 0x40
 611 004d 18       		.uleb128 0x18
 612 004e 9742     		.uleb128 0x2117
 613 0050 19       		.uleb128 0x19
 614 0051 01       		.uleb128 0x1
 615 0052 13       		.uleb128 0x13
 616 0053 00       		.byte	0
 617 0054 00       		.byte	0
 618 0055 07       		.uleb128 0x7
 619 0056 898201   		.uleb128 0x4109
 620 0059 01       		.byte	0x1
 621 005a 11       		.uleb128 0x11
 622 005b 01       		.uleb128 0x1
 623 005c 31       		.uleb128 0x31
 624 005d 13       		.uleb128 0x13
 625 005e 00       		.byte	0
 626 005f 00       		.byte	0
 627 0060 08       		.uleb128 0x8
ARM GAS  C:\Users\ADMIN\AppData\Local\Temp\ccxnwXcP.s 			page 18


 628 0061 8A8201   		.uleb128 0x410a
 629 0064 00       		.byte	0
 630 0065 02       		.uleb128 0x2
 631 0066 18       		.uleb128 0x18
 632 0067 9142     		.uleb128 0x2111
 633 0069 18       		.uleb128 0x18
 634 006a 00       		.byte	0
 635 006b 00       		.byte	0
 636 006c 09       		.uleb128 0x9
 637 006d 2E       		.uleb128 0x2e
 638 006e 01       		.byte	0x1
 639 006f 3F       		.uleb128 0x3f
 640 0070 19       		.uleb128 0x19
 641 0071 03       		.uleb128 0x3
 642 0072 0E       		.uleb128 0xe
 643 0073 3A       		.uleb128 0x3a
 644 0074 0B       		.uleb128 0xb
 645 0075 3B       		.uleb128 0x3b
 646 0076 0B       		.uleb128 0xb
 647 0077 27       		.uleb128 0x27
 648 0078 19       		.uleb128 0x19
 649 0079 11       		.uleb128 0x11
 650 007a 01       		.uleb128 0x1
 651 007b 12       		.uleb128 0x12
 652 007c 06       		.uleb128 0x6
 653 007d 40       		.uleb128 0x40
 654 007e 18       		.uleb128 0x18
 655 007f 9742     		.uleb128 0x2117
 656 0081 19       		.uleb128 0x19
 657 0082 01       		.uleb128 0x1
 658 0083 13       		.uleb128 0x13
 659 0084 00       		.byte	0
 660 0085 00       		.byte	0
 661 0086 0A       		.uleb128 0xa
 662 0087 05       		.uleb128 0x5
 663 0088 00       		.byte	0
 664 0089 03       		.uleb128 0x3
 665 008a 0E       		.uleb128 0xe
 666 008b 3A       		.uleb128 0x3a
 667 008c 0B       		.uleb128 0xb
 668 008d 3B       		.uleb128 0x3b
 669 008e 0B       		.uleb128 0xb
 670 008f 49       		.uleb128 0x49
 671 0090 13       		.uleb128 0x13
 672 0091 02       		.uleb128 0x2
 673 0092 18       		.uleb128 0x18
 674 0093 00       		.byte	0
 675 0094 00       		.byte	0
 676 0095 0B       		.uleb128 0xb
 677 0096 34       		.uleb128 0x34
 678 0097 00       		.byte	0
 679 0098 03       		.uleb128 0x3
 680 0099 0E       		.uleb128 0xe
 681 009a 3A       		.uleb128 0x3a
 682 009b 0B       		.uleb128 0xb
 683 009c 3B       		.uleb128 0x3b
 684 009d 05       		.uleb128 0x5
ARM GAS  C:\Users\ADMIN\AppData\Local\Temp\ccxnwXcP.s 			page 19


 685 009e 49       		.uleb128 0x49
 686 009f 13       		.uleb128 0x13
 687 00a0 02       		.uleb128 0x2
 688 00a1 17       		.uleb128 0x17
 689 00a2 00       		.byte	0
 690 00a3 00       		.byte	0
 691 00a4 0C       		.uleb128 0xc
 692 00a5 2E       		.uleb128 0x2e
 693 00a6 01       		.byte	0x1
 694 00a7 3F       		.uleb128 0x3f
 695 00a8 19       		.uleb128 0x19
 696 00a9 03       		.uleb128 0x3
 697 00aa 0E       		.uleb128 0xe
 698 00ab 3A       		.uleb128 0x3a
 699 00ac 0B       		.uleb128 0xb
 700 00ad 3B       		.uleb128 0x3b
 701 00ae 05       		.uleb128 0x5
 702 00af 27       		.uleb128 0x27
 703 00b0 19       		.uleb128 0x19
 704 00b1 11       		.uleb128 0x11
 705 00b2 01       		.uleb128 0x1
 706 00b3 12       		.uleb128 0x12
 707 00b4 06       		.uleb128 0x6
 708 00b5 40       		.uleb128 0x40
 709 00b6 18       		.uleb128 0x18
 710 00b7 9742     		.uleb128 0x2117
 711 00b9 19       		.uleb128 0x19
 712 00ba 01       		.uleb128 0x1
 713 00bb 13       		.uleb128 0x13
 714 00bc 00       		.byte	0
 715 00bd 00       		.byte	0
 716 00be 0D       		.uleb128 0xd
 717 00bf 898201   		.uleb128 0x4109
 718 00c2 00       		.byte	0
 719 00c3 11       		.uleb128 0x11
 720 00c4 01       		.uleb128 0x1
 721 00c5 31       		.uleb128 0x31
 722 00c6 13       		.uleb128 0x13
 723 00c7 00       		.byte	0
 724 00c8 00       		.byte	0
 725 00c9 0E       		.uleb128 0xe
 726 00ca 2E       		.uleb128 0x2e
 727 00cb 00       		.byte	0
 728 00cc 3F       		.uleb128 0x3f
 729 00cd 19       		.uleb128 0x19
 730 00ce 3C       		.uleb128 0x3c
 731 00cf 19       		.uleb128 0x19
 732 00d0 6E       		.uleb128 0x6e
 733 00d1 0E       		.uleb128 0xe
 734 00d2 03       		.uleb128 0x3
 735 00d3 0E       		.uleb128 0xe
 736 00d4 3A       		.uleb128 0x3a
 737 00d5 0B       		.uleb128 0xb
 738 00d6 3B       		.uleb128 0x3b
 739 00d7 0B       		.uleb128 0xb
 740 00d8 00       		.byte	0
 741 00d9 00       		.byte	0
ARM GAS  C:\Users\ADMIN\AppData\Local\Temp\ccxnwXcP.s 			page 20


 742 00da 00       		.byte	0
 743              		.section	.debug_loc,"",%progbits
 744              	.Ldebug_loc0:
 745              	.LLST0:
 746 0000 04000000 		.4byte	.LVL2
 747 0004 12000000 		.4byte	.LVL4
 748 0008 0100     		.2byte	0x1
 749 000a 53       		.byte	0x53
 750 000b 14000000 		.4byte	.LVL5
 751 000f 1A000000 		.4byte	.LVL6
 752 0013 0100     		.2byte	0x1
 753 0015 53       		.byte	0x53
 754 0016 1A000000 		.4byte	.LVL6
 755 001a 1C000000 		.4byte	.LVL7
 756 001e 0200     		.2byte	0x2
 757 0020 72       		.byte	0x72
 758 0021 00       		.sleb128 0
 759 0022 1C000000 		.4byte	.LVL7
 760 0026 38000000 		.4byte	.LFE6
 761 002a 0100     		.2byte	0x1
 762 002c 53       		.byte	0x53
 763 002d 00000000 		.4byte	0
 764 0031 00000000 		.4byte	0
 765              		.section	.debug_aranges,"",%progbits
 766 0000 34000000 		.4byte	0x34
 767 0004 0200     		.2byte	0x2
 768 0006 00000000 		.4byte	.Ldebug_info0
 769 000a 04       		.byte	0x4
 770 000b 00       		.byte	0
 771 000c 0000     		.2byte	0
 772 000e 0000     		.2byte	0
 773 0010 00000000 		.4byte	.LFB4
 774 0014 C4000000 		.4byte	.LFE4-.LFB4
 775 0018 00000000 		.4byte	.LFB6
 776 001c 38000000 		.4byte	.LFE6-.LFB6
 777 0020 00000000 		.4byte	.LFB5
 778 0024 14000000 		.4byte	.LFE5-.LFB5
 779 0028 C4000000 		.4byte	.LFB7
 780 002c AC000000 		.4byte	.LFE7-.LFB7
 781 0030 00000000 		.4byte	0
 782 0034 00000000 		.4byte	0
 783              		.section	.debug_ranges,"",%progbits
 784              	.Ldebug_ranges0:
 785 0000 00000000 		.4byte	.LFB4
 786 0004 C4000000 		.4byte	.LFE4
 787 0008 00000000 		.4byte	.LFB6
 788 000c 38000000 		.4byte	.LFE6
 789 0010 00000000 		.4byte	.LFB5
 790 0014 14000000 		.4byte	.LFE5
 791 0018 C4000000 		.4byte	.LFB7
 792 001c 70010000 		.4byte	.LFE7
 793 0020 00000000 		.4byte	0
 794 0024 00000000 		.4byte	0
 795              		.section	.debug_line,"",%progbits
 796              	.Ldebug_line0:
 797 0000 C4000000 		.section	.debug_str,"MS",%progbits,1
 797      02005400 
ARM GAS  C:\Users\ADMIN\AppData\Local\Temp\ccxnwXcP.s 			page 21


 797      00000201 
 797      FB0E0D00 
 797      01010101 
 798              	.LASF1:
 799 0000 6C6F6E67 		.ascii	"long long int\000"
 799      206C6F6E 
 799      6720696E 
 799      7400
 800              	.LASF13:
 801 000e 75696E74 		.ascii	"uint32\000"
 801      333200
 802              	.LASF22:
 803 0015 47656E65 		.ascii	"Generated_Source\\PSoC4\\cyfitter_cfg.c\000"
 803      72617465 
 803      645F536F 
 803      75726365 
 803      5C50536F 
 804              	.LASF0:
 805 003b 756E7369 		.ascii	"unsigned int\000"
 805      676E6564 
 805      20696E74 
 805      00
 806              	.LASF12:
 807 0048 75696E74 		.ascii	"uint8\000"
 807      3800
 808              	.LASF8:
 809 004e 6C6F6E67 		.ascii	"long unsigned int\000"
 809      20756E73 
 809      69676E65 
 809      6420696E 
 809      7400
 810              	.LASF20:
 811 0060 63796669 		.ascii	"cyfitter_cfg\000"
 811      74746572 
 811      5F636667 
 811      00
 812              	.LASF9:
 813 006d 6C6F6E67 		.ascii	"long long unsigned int\000"
 813      206C6F6E 
 813      6720756E 
 813      7369676E 
 813      65642069 
 814              	.LASF14:
 815 0084 666C6F61 		.ascii	"float\000"
 815      7400
 816              	.LASF19:
 817 008a 53657441 		.ascii	"SetAnalogRoutingPumps\000"
 817      6E616C6F 
 817      67526F75 
 817      74696E67 
 817      50756D70 
 818              	.LASF26:
 819 00a0 43795379 		.ascii	"CySysClkWriteImoFreq\000"
 819      73436C6B 
 819      57726974 
 819      65496D6F 
 819      46726571 
ARM GAS  C:\Users\ADMIN\AppData\Local\Temp\ccxnwXcP.s 			page 22


 820              	.LASF4:
 821 00b5 756E7369 		.ascii	"unsigned char\000"
 821      676E6564 
 821      20636861 
 821      7200
 822              	.LASF11:
 823 00c3 63686172 		.ascii	"char\000"
 823      00
 824              	.LASF7:
 825 00c8 6C6F6E67 		.ascii	"long int\000"
 825      20696E74 
 825      00
 826              	.LASF18:
 827 00d1 416E616C 		.ascii	"AnalogSetDefault\000"
 827      6F675365 
 827      74446566 
 827      61756C74 
 827      00
 828              	.LASF17:
 829 00e2 436C6F63 		.ascii	"ClockSetup\000"
 829      6B536574 
 829      757000
 830              	.LASF15:
 831 00ed 646F7562 		.ascii	"double\000"
 831      6C6500
 832              	.LASF16:
 833 00f4 72656733 		.ascii	"reg32\000"
 833      3200
 834              	.LASF6:
 835 00fa 73686F72 		.ascii	"short unsigned int\000"
 835      7420756E 
 835      7369676E 
 835      65642069 
 835      6E7400
 836              	.LASF3:
 837 010d 7369676E 		.ascii	"signed char\000"
 837      65642063 
 837      68617200 
 838              	.LASF2:
 839 0119 6C6F6E67 		.ascii	"long double\000"
 839      20646F75 
 839      626C6500 
 840              	.LASF24:
 841 0125 656E6162 		.ascii	"enabled\000"
 841      6C656400 
 842              	.LASF25:
 843 012d 72656756 		.ascii	"regValue\000"
 843      616C7565 
 843      00
 844              	.LASF5:
 845 0136 73686F72 		.ascii	"short int\000"
 845      7420696E 
 845      7400
 846              	.LASF21:
 847 0140 474E5520 		.ascii	"GNU C11 5.4.1 20160609 (release) [ARM/embedded-5-br"
 847      43313120 
 847      352E342E 
ARM GAS  C:\Users\ADMIN\AppData\Local\Temp\ccxnwXcP.s 			page 23


 847      31203230 
 847      31363036 
 848 0173 616E6368 		.ascii	"anch revision 237715] -mcpu=cortex-m0plus -mthumb -"
 848      20726576 
 848      6973696F 
 848      6E203233 
 848      37373135 
 849 01a6 67202D4F 		.ascii	"g -Og -ffunction-sections -ffat-lto-objects\000"
 849      67202D66 
 849      66756E63 
 849      74696F6E 
 849      2D736563 
 850              	.LASF10:
 851 01d2 73697A65 		.ascii	"sizetype\000"
 851      74797065 
 851      00
 852              	.LASF23:
 853 01db 443A5C50 		.ascii	"D:\\Programming\\PSoC\\GitGoalKitchen\\Goal\\GOAL-M"
 853      726F6772 
 853      616D6D69 
 853      6E675C50 
 853      536F435C 
 854 0209 41535445 		.ascii	"ASTER.cydsn\000"
 854      522E6379 
 854      64736E00 
 855              		.ident	"GCC: (GNU Tools for ARM Embedded Processors) 5.4.1 20160609 (release) [ARM/embedded-5-bran
