Archive member included to satisfy reference by file (symbol)

.\CortexM0p\ARM_GCC_541\Debug\GOAL-MASTER.a(I2C_Master.o)
                              .\CortexM0p\ARM_GCC_541\Debug\protocol.o (I2C_Master_Start)
.\CortexM0p\ARM_GCC_541\Debug\GOAL-MASTER.a(I2C_Master_I2C.o)
                              .\CortexM0p\ARM_GCC_541\Debug\GOAL-MASTER.a(I2C_Master.o) (I2C_Master_I2CInit)
.\CortexM0p\ARM_GCC_541\Debug\GOAL-MASTER.a(I2C_Master_I2C_MASTER.o)
                              .\CortexM0p\ARM_GCC_541\Debug\GOAL-MASTER.a(I2C_Master_I2C.o) (I2C_Master_mstrRdBufIndex)
.\CortexM0p\ARM_GCC_541\Debug\GOAL-MASTER.a(LED_Conect.o)
                              .\CortexM0p\ARM_GCC_541\Debug\main.o (LED_Conect_Write)
.\CortexM0p\ARM_GCC_541\Debug\GOAL-MASTER.a(CyLib.o)
                              .\CortexM0p\ARM_GCC_541\Debug\GOAL-MASTER.a(I2C_Master.o) (CyIntEnable)
.\CortexM0p\ARM_GCC_541\Debug\GOAL-MASTER.a(CyLFClk.o)
                              .\CortexM0p\ARM_GCC_541\Debug\GOAL-MASTER.a(CyLib.o) (CySysClkWcoEnabled)
.\CortexM0p\ARM_GCC_541\Debug\GOAL-MASTER.a(ADC_Adc.o)
                              .\CortexM0p\ARM_GCC_541\Debug\protocol.o (ADC_Start)
.\CortexM0p\ARM_GCC_541\Debug\GOAL-MASTER.a(ADC_Adc_INT.o)
                              .\CortexM0p\ARM_GCC_541\Debug\GOAL-MASTER.a(ADC_Adc.o) (ADC_IntrHandler)
.\CortexM0p\ARM_GCC_541\Debug\GOAL-MASTER.a(ADC_Structure.o)
                              .\CortexM0p\ARM_GCC_541\Debug\GOAL-MASTER.a(ADC_Adc.o) (ADC_DsInitialize)
.\CortexM0p\ARM_GCC_541\Debug\GOAL-MASTER.a(ADC_ISR.o)
                              .\CortexM0p\ARM_GCC_541\Debug\GOAL-MASTER.a(ADC_Adc.o) (ADC_ISR_StartEx)
.\CortexM0p\ARM_GCC_541\Debug\GOAL-MASTER.a(PWM_Buzzer.o)
                              .\CortexM0p\ARM_GCC_541\Debug\sensors.o (PWM_Buzzer_WriteCompare)
.\CortexM0p\ARM_GCC_541\Debug\GOAL-MASTER.a(Button_INT.o)
                              .\CortexM0p\ARM_GCC_541\Debug\protocol.o (Button_INT_StartEx)
.\CortexM0p\ARM_GCC_541\Debug\GOAL-MASTER.a(Button.o)
                              .\CortexM0p\ARM_GCC_541\Debug\buttons.o (Button_ClearInterrupt)
.\CortexM0p\ARM_GCC_541\Debug\GOAL-MASTER.a(PWM_Servo.o)
                              .\CortexM0p\ARM_GCC_541\Debug\sensors.o (PWM_Servo_WriteCompare)
.\CortexM0p\ARM_GCC_541\Debug\GOAL-MASTER.a(CyBootAsmGnu.o)
                              .\CortexM0p\ARM_GCC_541\Debug\GOAL-MASTER.a(CyLib.o) (CyDelayCycles)
.\CortexM0p\ARM_GCC_541\Debug\GOAL-MASTER.a(I2C_Master_I2C_INT.o)
                              .\CortexM0p\ARM_GCC_541\Debug\GOAL-MASTER.a(I2C_Master_I2C.o) (I2C_Master_I2C_ISR)
.\CortexM0p\ARM_GCC_541\Debug\GOAL-MASTER.a(CyFlash.o)
                              .\CortexM0p\ARM_GCC_541\Debug\GOAL-MASTER.a(CyLib.o) (CySysFlashSetWaitCycles)
c:/program files (x86)/cypress/psoc creator/4.2/psoc creator/import/gnu/arm/5.4.1/bin/../lib/gcc/arm-none-eabi/5.4.1/armv6-m\libgcc.a(_udivsi3.o)
                              .\CortexM0p\ARM_GCC_541\Debug\sensors.o (__aeabi_uidiv)
c:/program files (x86)/cypress/psoc creator/4.2/psoc creator/import/gnu/arm/5.4.1/bin/../lib/gcc/arm-none-eabi/5.4.1/armv6-m\libgcc.a(_divsi3.o)
                              .\CortexM0p\ARM_GCC_541\Debug\GOAL-MASTER.a(ADC_Adc_INT.o) (__aeabi_idiv)
c:/program files (x86)/cypress/psoc creator/4.2/psoc creator/import/gnu/arm/5.4.1/bin/../lib/gcc/arm-none-eabi/5.4.1/armv6-m\libgcc.a(_dvmd_tls.o)
                              c:/program files (x86)/cypress/psoc creator/4.2/psoc creator/import/gnu/arm/5.4.1/bin/../lib/gcc/arm-none-eabi/5.4.1/armv6-m\libgcc.a(_udivsi3.o) (__aeabi_idiv0)
c:/program files (x86)/cypress/psoc creator/4.2/psoc creator/import/gnu/arm/5.4.1/bin/../lib/gcc/arm-none-eabi/5.4.1/../../../../arm-none-eabi/lib/armv6-m\libg_nano.a(lib_a-errno.o)
                              .\CortexM0p\ARM_GCC_541\Debug\Cm0plusStart.o (__errno)
c:/program files (x86)/cypress/psoc creator/4.2/psoc creator/import/gnu/arm/5.4.1/bin/../lib/gcc/arm-none-eabi/5.4.1/../../../../arm-none-eabi/lib/armv6-m\libg_nano.a(lib_a-exit.o)
                              c:/program files (x86)/cypress/psoc creator/4.2/psoc creator/import/gnu/arm/5.4.1/bin/../lib/gcc/arm-none-eabi/5.4.1/../../../../arm-none-eabi/lib/armv6-m/crt0.o (exit)
c:/program files (x86)/cypress/psoc creator/4.2/psoc creator/import/gnu/arm/5.4.1/bin/../lib/gcc/arm-none-eabi/5.4.1/../../../../arm-none-eabi/lib/armv6-m\libg_nano.a(lib_a-impure.o)
                              c:/program files (x86)/cypress/psoc creator/4.2/psoc creator/import/gnu/arm/5.4.1/bin/../lib/gcc/arm-none-eabi/5.4.1/../../../../arm-none-eabi/lib/armv6-m\libg_nano.a(lib_a-exit.o) (_global_impure_ptr)
c:/program files (x86)/cypress/psoc creator/4.2/psoc creator/import/gnu/arm/5.4.1/bin/../lib/gcc/arm-none-eabi/5.4.1/../../../../arm-none-eabi/lib/armv6-m\libg_nano.a(lib_a-init.o)
[...]
Memory Configuration

Name             Origin             Length             Attributes
rom              0x00000000         0x00008000         xr
ram              0x20000000         0x00001000         xrw
*default*        0x00000000         0xffffffff

Linker script and memory map

LOAD c:/program files (x86)/cypress/psoc creator/4.2/psoc creator/import/gnu/arm/5.4.1/bin/../lib/gcc/arm-none-eabi/5.4.1/armv6-m/crti.o
LOAD c:/program files (x86)/cypress/psoc creator/4.2/psoc creator/import/gnu/arm/5.4.1/bin/../lib/gcc/arm-none-eabi/5.4.1/armv6-m/crtbegin.o
LOAD c:/program files (x86)/cypress/psoc creator/4.2/psoc creator/import/gnu/arm/5.4.1/bin/../lib/gcc/arm-none-eabi/5.4.1/../../../../arm-none-eabi/lib/armv6-m/crt0.o
START GROUP
LOAD .\CortexM0p\ARM_GCC_541\Debug\i2c_goal.o
LOAD .\CortexM0p\ARM_GCC_541\Debug\protocol.o
LOAD .\CortexM0p\ARM_GCC_541\Debug\sensors.o
LOAD .\CortexM0p\ARM_GCC_541\Debug\buttons.o
LOAD .\CortexM0p\ARM_GCC_541\Debug\main.o
LOAD .\CortexM0p\ARM_GCC_541\Debug\cyfitter_cfg.o
LOAD .\CortexM0p\ARM_GCC_541\Debug\cymetadata.o
LOAD .\CortexM0p\ARM_GCC_541\Debug\Cm0plusStart.o
LOAD .\CortexM0p\ARM_GCC_541\Debug\GOAL-MASTER.a
LOAD C:\Users\ADMIN\Documents\PSoC Creator\4.2\Downloads ( 4.2).cylib\CapSense_P4_v6_0\PSoC4\Library\Capsense_P4Library_GCCp.a
END GROUP
START GROUP
LOAD c:/program files (x86)/cypress/psoc creator/4.2/psoc creator/import/gnu/arm/5.4.1/bin/../lib/gcc/arm-none-eabi/5.4.1/armv6-m\libgcc.a
LOAD c:/program files (x86)/cypress/psoc creator/4.2/psoc creator/import/gnu/arm/5.4.1/bin/../lib/gcc/arm-none-eabi/5.4.1/../../../../arm-none-eabi/lib/armv6-m\libg_nano.a
LOAD c:/program files (x86)/cypress/psoc creator/4.2/psoc creator/import/gnu/arm/5.4.1/bin/../lib/gcc/arm-none-eabi/5.4.1/../../../../arm-none-eabi/lib/armv6-m\libc_nano.a
END GROUP
START GROUP
LOAD c:/program files (x86)/cypress/psoc creator/4.2/psoc creator/import/gnu/arm/5.4.1/bin/../lib/gcc/arm-none-eabi/5.4.1/armv6-m\libgcc.a
LOAD c:/program files (x86)/cypress/psoc creator/4.2/psoc creator/import/gnu/arm/5.4.1/bin/../lib/gcc/arm-none-eabi/5.4.1/../../../../arm-none-eabi/lib/armv6-m\libc_nano.a
END GROUP
LOAD c:/program files (x86)/cypress/psoc creator/4.2/psoc creator/import/gnu/arm/5.4.1/bin/../lib/gcc/arm-none-eabi/5.4.1/armv6-m/crtend.o
LOAD c:/program files (x86)/cypress/psoc creator/4.2/psoc creator/import/gnu/arm/5.4.1/bin/../lib/gcc/arm-none-eabi/5.4.1/armv6-m/crtn.o
START GROUP
LOAD c:/program files (x86)/cypress/psoc creator/4.2/psoc creator/import/gnu/arm/5.4.1/bin/../lib/gcc/arm-none-eabi/5.4.1/armv6-m\libgcc.a
LOAD c:/program files (x86)/cypress/psoc creator/4.2/psoc creator/import/gnu/arm/5.4.1/bin/../lib/gcc/arm-none-eabi/5.4.1/../../../../arm-none-eabi/lib/armv6-m\libc.a
LOAD c:/program files (x86)/cypress/psoc creator/4.2/psoc creator/import/gnu/arm/5.4.1/bin/../lib/gcc/arm-none-eabi/5.4.1/../../../../arm-none-eabi/lib/armv6-m\libnosys.a
END GROUP
                0x00000000                CY_APPL_ORIGIN = 0x0
                0x00000080                CY_FLASH_ROW_SIZE = 0x80
                0x00000001                CY_APPL_NUM = 0x1
                0x00000001                CY_APPL_MAX = 0x1
                0x00000040                CY_METADATA_SIZE = 0x40
                0x00000000                CY_APPL_LOADABLE = 0x0
                0x00000000                CY_CHECKSUM_EXCLUDE_SIZE = ALIGN (0x0, CY_FLASH_ROW_SIZE)
                0x00000000                CY_APP_FOR_STACK_AND_COPIER = 0x0
                [!provide]                PROVIDE (__cy_heap_start, _end)
                0x00000001                PROVIDE (__cy_region_num, ((__cy_regions_end - __cy_regions) / 0x10))
                0x20001000                PROVIDE (__cy_stack, (ORIGIN (ram) + LENGTH (ram)))
                [!provide]                PROVIDE (__cy_heap_end, (__cy_stack - 0x400))

.cybootloader   0x00000000        0x0
 *(.cybootloader)
                0x00000000                appl1_start = CY_APPL_ORIGIN?CY_APPL_ORIGIN:ALIGN (CY_FLASH_ROW_SIZE)
                0x00003f80                appl2_start = (appl1_start + ALIGN ((((LENGTH (rom) - appl1_start) - (0x2 * CY_FLASH_ROW_SIZE)) / 0x2), CY_FLASH_ROW_SIZE))
                0x00000000                appl_start = (CY_APPL_NUM == 0x1)?appl1_start:appl2_start
                0x00000001                cy_project_type_bootloader = (appl_start == 0x0)?0x1:0x0
                0x00000000                cy_project_type_app_for_stack_and_copier = (CY_APP_FOR_STACK_AND_COPIER == 0x1)?0x1:0x0

.text           0x00000000     0x5198
 CREATE_OBJECT_SYMBOLS
                0x00000000                PROVIDE (__cy_interrupt_vector, RomVectors)
 *(.romvectors)
 .romvectors    0x00000000       0x10 .\CortexM0p\ARM_GCC_541\Debug\Cm0plusStart.o
                0x00000000                RomVectors
                0x00000001                ASSERT ((. != __cy_interrupt_vector), No interrupt vector)
                0x00000001                ASSERT (CY_APPL_ORIGIN?(SIZEOF (.cybootloader) <= CY_APPL_ORIGIN):0x1, Wrong image location)
                0x00000010                PROVIDE (__cy_reset, Reset)
 *(.text.Reset)
 .text.Reset    0x00000010        0xc .\CortexM0p\ARM_GCC_541\Debug\Cm0plusStart.o
                0x00000010                Reset
                0x00000001                ASSERT ((. != __cy_reset), No reset code)
 *(.psocinit)
 .psocinit      0x0000001c      0x170 .\CortexM0p\ARM_GCC_541\Debug\cyfitter_cfg.o
                0x000000e0                cyfitter_cfg
                0x0000018c                . = MAX (., 0x100)
 *(.text .text.* .gnu.linkonce.t.*)
 .text          0x0000018c       0x60 c:/program files (x86)/cypress/psoc creator/4.2/psoc creator/import/gnu/arm/5.4.1/bin/../lib/gcc/arm-none-eabi/5.4.1/armv6-m/crtbegin.o
 .text.i2c_main_loop
                0x000001ec       0x30 .\CortexM0p\ARM_GCC_541\Debug\i2c_goal.o
                0x000001ec                i2c_main_loop
 .text.get_data_from_ble
                0x0000021c        0xc .\CortexM0p\ARM_GCC_541\Debug\i2c_goal.o
                0x0000021c                get_data_from_ble
 .text.set_data_from_mcu
                0x00000228        0xc .\CortexM0p\ARM_GCC_541\Debug\i2c_goal.o
                0x00000228                set_data_from_mcu
 .text.protocol_init
                0x00000234       0x20 .\CortexM0p\ARM_GCC_541\Debug\protocol.o
                0x00000234                protocol_init
 .text.gas_sensor_signalization
                0x00000254       0x40 .\CortexM0p\ARM_GCC_541\Debug\sensors.o
                0x00000254                gas_sensor_signalization
 .text.signalization_state
                0x00000294        0xc .\CortexM0p\ARM_GCC_541\Debug\sensors.o
                0x00000294                signalization_state
 .text.button_handler
                0x000002a0       0x10 .\CortexM0p\ARM_GCC_541\Debug\buttons.o
                0x000002a0                button_handler
 .text.main     0x000002b0       0x2c .\CortexM0p\ARM_GCC_541\Debug\main.o
                0x000002b0                main
 .text.SetAnalogRoutingPumps
                0x000002dc       0x38 .\CortexM0p\ARM_GCC_541\Debug\cyfitter_cfg.o
                0x000002dc                SetAnalogRoutingPumps
 .text.AnalogSetDefault
                0x00000314       0x14 .\CortexM0p\ARM_GCC_541\Debug\cyfitter_cfg.o
 .text.IntDefaultHandler
                0x00000328       0x10 .\CortexM0p\ARM_GCC_541\Debug\Cm0plusStart.o
                0x00000328                IntDefaultHandler
 .text._sbrk    0x00000338       0x30 .\CortexM0p\ARM_GCC_541\Debug\Cm0plusStart.o
                0x00000338                _sbrk
 .text.Start_c  0x00000368       0x48 .\CortexM0p\ARM_GCC_541\Debug\Cm0plusStart.o
                0x00000368                Start_c
 .text.initialize_psoc
                0x000003b0       0x40 .\CortexM0p\ARM_GCC_541\Debug\Cm0plusStart.o
                0x000003b0                initialize_psoc
 .text.I2C_Master_ScbEnableIntr
                0x000003f0        0xc .\CortexM0p\ARM_GCC_541\Debug\GOAL-MASTER.a(I2C_Master.o)
 .text.I2C_Master_Init
                0x000003fc        0x8 .\CortexM0p\ARM_GCC_541\Debug\GOAL-MASTER.a(I2C_Master.o)
                0x000003fc                I2C_Master_Init
 .text.I2C_Master_Enable
                0x00000404       0x18 .\CortexM0p\ARM_GCC_541\Debug\GOAL-MASTER.a(I2C_Master.o)
                0x00000404                I2C_Master_Enable
 .text.I2C_Master_Start
                0x0000041c       0x20 .\CortexM0p\ARM_GCC_541\Debug\GOAL-MASTER.a(I2C_Master.o)
                0x0000041c                I2C_Master_Start
 .text.I2C_Master_I2CInit
                0x0000043c       0xb8 .\CortexM0p\ARM_GCC_541\Debug\GOAL-MASTER.a(I2C_Master_I2C.o)
                0x0000043c                I2C_Master_I2CInit
 .text.I2C_Master_I2CFwBlockReset
                0x000004f4       0x5c .\CortexM0p\ARM_GCC_541\Debug\GOAL-MASTER.a(I2C_Master_I2C.o)
                0x000004f4                I2C_Master_I2CFwBlockReset
 .text.I2C_Master_I2CMasterStatus
                0x00000550       0x30 .\CortexM0p\ARM_GCC_541\Debug\GOAL-MASTER.a(I2C_Master_I2C_MASTER.o)
                0x00000550                I2C_Master_I2CMasterStatus
 .text.I2C_Master_I2CMasterClearStatus
                0x00000580       0x20 .\CortexM0p\ARM_GCC_541\Debug\GOAL-MASTER.a(I2C_Master_I2C_MASTER.o)
                0x00000580                I2C_Master_I2CMasterClearStatus
 .text.I2C_Master_I2CReStartGeneration
                0x000005a0       0x20 .\CortexM0p\ARM_GCC_541\Debug\GOAL-MASTER.a(I2C_Master_I2C_MASTER.o)
                0x000005a0                I2C_Master_I2CReStartGeneration
 .text.I2C_Master_I2CMasterWriteBuf
                0x000005c0       0xf8 .\CortexM0p\ARM_GCC_541\Debug\GOAL-MASTER.a(I2C_Master_I2C_MASTER.o)
                0x000005c0                I2C_Master_I2CMasterWriteBuf
 .text.I2C_Master_I2CMasterReadBuf
                0x000006b8      0x108 .\CortexM0p\ARM_GCC_541\Debug\GOAL-MASTER.a(I2C_Master_I2C_MASTER.o)
                0x000006b8                I2C_Master_I2CMasterReadBuf
 .text.LED_Conect_Write
                0x000007c0       0x18 .\CortexM0p\ARM_GCC_541\Debug\GOAL-MASTER.a(LED_Conect.o)
                0x000007c0                LED_Conect_Write
 .text.CySysClkImoDisableWcoLock
                0x000007d8       0x4c .\CortexM0p\ARM_GCC_541\Debug\GOAL-MASTER.a(CyLib.o)
                0x000007d8                CySysClkImoDisableWcoLock
 .text.CySysClkImoGetWcoLock
                0x00000824       0x14 .\CortexM0p\ARM_GCC_541\Debug\GOAL-MASTER.a(CyLib.o)
                0x00000824                CySysClkImoGetWcoLock
 .text.CyIntEnable
                0x00000838       0x14 .\CortexM0p\ARM_GCC_541\Debug\GOAL-MASTER.a(CyLib.o)
                0x00000838                CyIntEnable
 .text.CyIntDisable
                0x0000084c       0x14 .\CortexM0p\ARM_GCC_541\Debug\GOAL-MASTER.a(CyLib.o)
                0x0000084c                CyIntDisable
 .text.CyHalt   0x00000860        0x4 .\CortexM0p\ARM_GCC_541\Debug\GOAL-MASTER.a(CyLib.o)
                0x00000860                CyHalt
 .text.CyIntSetVector
                0x00000864       0x24 .\CortexM0p\ARM_GCC_541\Debug\GOAL-MASTER.a(CyLib.o)
                0x00000864                CyIntSetVector
 .text.CyIntSetPriority
                0x00000888       0x4c .\CortexM0p\ARM_GCC_541\Debug\GOAL-MASTER.a(CyLib.o)
                0x00000888                CyIntSetPriority
 .text.CyDelay  0x000008d4       0x30 .\CortexM0p\ARM_GCC_541\Debug\GOAL-MASTER.a(CyLib.o)
                0x000008d4                CyDelay
 .text.CySysClkImoEnableWcoLock
                0x00000904       0xd0 .\CortexM0p\ARM_GCC_541\Debug\GOAL-MASTER.a(CyLib.o)
                0x00000904                CySysClkImoEnableWcoLock
 .text.CySysClkWriteImoFreq
                0x000009d4       0xd8 .\CortexM0p\ARM_GCC_541\Debug\GOAL-MASTER.a(CyLib.o)
                0x000009d4                CySysClkWriteImoFreq
 .text.CyDelayUs
                0x00000aac       0x14 .\CortexM0p\ARM_GCC_541\Debug\GOAL-MASTER.a(CyLib.o)
                0x00000aac                CyDelayUs
 .text.CySysClkWcoEnabled
                0x00000ac0       0x14 .\CortexM0p\ARM_GCC_541\Debug\GOAL-MASTER.a(CyLFClk.o)
                0x00000ac0                CySysClkWcoEnabled
 .text.CySysWdtDisable
                0x00000ad4       0x10 .\CortexM0p\ARM_GCC_541\Debug\GOAL-MASTER.a(CyLFClk.o)
                0x00000ad4                CySysWdtDisable
 .text.ADC_SetNonDedicatedAdcChannel
                0x00000ae4       0xd4 .\CortexM0p\ARM_GCC_541\Debug\GOAL-MASTER.a(ADC_Adc.o)
                0x00000ae4                ADC_SetNonDedicatedAdcChannel
 .text.ADC_SetAdcChannel
                0x00000bb8        0x8 .\CortexM0p\ARM_GCC_541\Debug\GOAL-MASTER.a(ADC_Adc.o)
                0x00000bb8                ADC_SetAdcChannel
 .text.ADC_StartAdcFSM
                0x00000bc0       0x30 .\CortexM0p\ARM_GCC_541\Debug\GOAL-MASTER.a(ADC_Adc.o)
                0x00000bc0                ADC_StartAdcFSM
 .text.ADC_IsBusy
                0x00000bf0       0x20 .\CortexM0p\ARM_GCC_541\Debug\GOAL-MASTER.a(ADC_Adc.o)
                0x00000bf0                ADC_IsBusy
 .text.ADC_GetResult_mVolts
                0x00000c10       0x1c .\CortexM0p\ARM_GCC_541\Debug\GOAL-MASTER.a(ADC_Adc.o)
                0x00000c10                ADC_GetResult_mVolts
 .text.ADC_ClearAdcChannels
                0x00000c2c       0x20 .\CortexM0p\ARM_GCC_541\Debug\GOAL-MASTER.a(ADC_Adc.o)
                0x00000c2c                ADC_ClearAdcChannels
 .text.ADC_SetModClkClockDivider
                0x00000c4c       0x30 .\CortexM0p\ARM_GCC_541\Debug\GOAL-MASTER.a(ADC_Adc.o)
                0x00000c4c                ADC_SetModClkClockDivider
 .text.ADC_ConfigAdcResources
                0x00000c7c      0x120 .\CortexM0p\ARM_GCC_541\Debug\GOAL-MASTER.a(ADC_Adc.o)
                0x00000c7c                ADC_ConfigAdcResources
 .text.ADC_AdcCaptureResources
                0x00000d9c       0x18 .\CortexM0p\ARM_GCC_541\Debug\GOAL-MASTER.a(ADC_Adc.o)
                0x00000d9c                ADC_AdcCaptureResources
 .text.ADC_Calibrate
                0x00000db4       0xa8 .\CortexM0p\ARM_GCC_541\Debug\GOAL-MASTER.a(ADC_Adc.o)
                0x00000db4                ADC_Calibrate
 .text.ADC_Start
                0x00000e5c       0x28 .\CortexM0p\ARM_GCC_541\Debug\GOAL-MASTER.a(ADC_Adc.o)
                0x00000e5c                ADC_Start
 .text.ADC_StartConvert
                0x00000e84       0x7c .\CortexM0p\ARM_GCC_541\Debug\GOAL-MASTER.a(ADC_Adc.o)
                0x00000e84                ADC_StartConvert
 .text.ADC_ReadResult_mVolts
                0x00000f00       0x38 .\CortexM0p\ARM_GCC_541\Debug\GOAL-MASTER.a(ADC_Adc.o)
                0x00000f00                ADC_ReadResult_mVolts
 .text.ADC_IntrHandler
                0x00000f38      0x194 .\CortexM0p\ARM_GCC_541\Debug\GOAL-MASTER.a(ADC_Adc_INT.o)
                0x00000f38                ADC_IntrHandler
 .text.ADC_DsInitialize
                0x000010cc       0x20 .\CortexM0p\ARM_GCC_541\Debug\GOAL-MASTER.a(ADC_Structure.o)
                0x000010cc                ADC_DsInitialize
 .text.ADC_ISR_SetVector
                0x000010ec        0xc .\CortexM0p\ARM_GCC_541\Debug\GOAL-MASTER.a(ADC_ISR.o)
                0x000010ec                ADC_ISR_SetVector
 .text.ADC_ISR_SetPriority
                0x000010f8       0x24 .\CortexM0p\ARM_GCC_541\Debug\GOAL-MASTER.a(ADC_ISR.o)
                0x000010f8                ADC_ISR_SetPriority
 .text.ADC_ISR_Enable
                0x0000111c       0x10 .\CortexM0p\ARM_GCC_541\Debug\GOAL-MASTER.a(ADC_ISR.o)
                0x0000111c                ADC_ISR_Enable
 .text.ADC_ISR_Disable
                0x0000112c       0x10 .\CortexM0p\ARM_GCC_541\Debug\GOAL-MASTER.a(ADC_ISR.o)
                0x0000112c                ADC_ISR_Disable
 .text.ADC_ISR_StartEx
                0x0000113c       0x1c .\CortexM0p\ARM_GCC_541\Debug\GOAL-MASTER.a(ADC_ISR.o)
                0x0000113c                ADC_ISR_StartEx
 .text.PWM_Buzzer_WriteCounter
                0x00001158       0x10 .\CortexM0p\ARM_GCC_541\Debug\GOAL-MASTER.a(PWM_Buzzer.o)
                0x00001158                PWM_Buzzer_WriteCounter
 .text.PWM_Buzzer_WritePeriod
                0x00001168       0x10 .\CortexM0p\ARM_GCC_541\Debug\GOAL-MASTER.a(PWM_Buzzer.o)
                0x00001168                PWM_Buzzer_WritePeriod
 .text.PWM_Buzzer_WriteCompare
                0x00001178       0x10 .\CortexM0p\ARM_GCC_541\Debug\GOAL-MASTER.a(PWM_Buzzer.o)
                0x00001178                PWM_Buzzer_WriteCompare
 .text.PWM_Buzzer_TriggerCommand
                0x00001188       0x1c .\CortexM0p\ARM_GCC_541\Debug\GOAL-MASTER.a(PWM_Buzzer.o)
                0x00001188                PWM_Buzzer_TriggerCommand
 .text.PWM_Buzzer_Enable
                0x000011a4       0x24 .\CortexM0p\ARM_GCC_541\Debug\GOAL-MASTER.a(PWM_Buzzer.o)
                0x000011a4                PWM_Buzzer_Enable
 .text.PWM_Buzzer_SetInterruptMode
                0x000011c8        0xc .\CortexM0p\ARM_GCC_541\Debug\GOAL-MASTER.a(PWM_Buzzer.o)
                0x000011c8                PWM_Buzzer_SetInterruptMode
 .text.PWM_Buzzer_Init
                0x000011d4       0x44 .\CortexM0p\ARM_GCC_541\Debug\GOAL-MASTER.a(PWM_Buzzer.o)
                0x000011d4                PWM_Buzzer_Init
 .text.PWM_Buzzer_Start
                0x00001218       0x20 .\CortexM0p\ARM_GCC_541\Debug\GOAL-MASTER.a(PWM_Buzzer.o)
                0x00001218                PWM_Buzzer_Start
 .text.Button_INT_SetVector
                0x00001238        0xc .\CortexM0p\ARM_GCC_541\Debug\GOAL-MASTER.a(Button_INT.o)
                0x00001238                Button_INT_SetVector
 .text.Button_INT_SetPriority
                0x00001244       0x20 .\CortexM0p\ARM_GCC_541\Debug\GOAL-MASTER.a(Button_INT.o)
                0x00001244                Button_INT_SetPriority
 .text.Button_INT_Enable
                0x00001264        0xc .\CortexM0p\ARM_GCC_541\Debug\GOAL-MASTER.a(Button_INT.o)
                0x00001264                Button_INT_Enable
 .text.Button_INT_Disable
                0x00001270        0xc .\CortexM0p\ARM_GCC_541\Debug\GOAL-MASTER.a(Button_INT.o)
                0x00001270                Button_INT_Disable
 .text.Button_INT_StartEx
                0x0000127c       0x1c .\CortexM0p\ARM_GCC_541\Debug\GOAL-MASTER.a(Button_INT.o)
                0x0000127c                Button_INT_StartEx
 .text.Button_ClearInterrupt
                0x00001298       0x14 .\CortexM0p\ARM_GCC_541\Debug\GOAL-MASTER.a(Button.o)
                0x00001298                Button_ClearInterrupt
 .text.PWM_Servo_WriteCounter
                0x000012ac       0x10 .\CortexM0p\ARM_GCC_541\Debug\GOAL-MASTER.a(PWM_Servo.o)
                0x000012ac                PWM_Servo_WriteCounter
 .text.PWM_Servo_WritePeriod
                0x000012bc       0x10 .\CortexM0p\ARM_GCC_541\Debug\GOAL-MASTER.a(PWM_Servo.o)
                0x000012bc                PWM_Servo_WritePeriod
 .text.PWM_Servo_WriteCompare
                0x000012cc       0x10 .\CortexM0p\ARM_GCC_541\Debug\GOAL-MASTER.a(PWM_Servo.o)
                0x000012cc                PWM_Servo_WriteCompare
 .text.PWM_Servo_TriggerCommand
                0x000012dc       0x1c .\CortexM0p\ARM_GCC_541\Debug\GOAL-MASTER.a(PWM_Servo.o)
                0x000012dc                PWM_Servo_TriggerCommand
 .text.PWM_Servo_Enable
                0x000012f8       0x24 .\CortexM0p\ARM_GCC_541\Debug\GOAL-MASTER.a(PWM_Servo.o)
                0x000012f8                PWM_Servo_Enable
 .text.PWM_Servo_SetInterruptMode
                0x0000131c        0xc .\CortexM0p\ARM_GCC_541\Debug\GOAL-MASTER.a(PWM_Servo.o)
                0x0000131c                PWM_Servo_SetInterruptMode
 .text.PWM_Servo_Init
                0x00001328       0x44 .\CortexM0p\ARM_GCC_541\Debug\GOAL-MASTER.a(PWM_Servo.o)
                0x00001328                PWM_Servo_Init
 .text.PWM_Servo_Start
                0x0000136c       0x20 .\CortexM0p\ARM_GCC_541\Debug\GOAL-MASTER.a(PWM_Servo.o)
                0x0000136c                PWM_Servo_Start
 *fill*         0x0000138c        0x4 
 .text          0x00001390       0x20 .\CortexM0p\ARM_GCC_541\Debug\GOAL-MASTER.a(CyBootAsmGnu.o)
                0x00001390                CyDelayCycles
                0x000013a2                CyEnterCriticalSection
                0x000013aa                CyExitCriticalSection
 .text.I2C_Master_I2C_ISR
                0x000013b0      0x340 .\CortexM0p\ARM_GCC_541\Debug\GOAL-MASTER.a(I2C_Master_I2C_INT.o)
                0x000013b0                I2C_Master_I2C_ISR
 .text.CySysFlashSetWaitCycles
                0x000016f0       0x54 .\CortexM0p\ARM_GCC_541\Debug\GOAL-MASTER.a(CyFlash.o)
                0x000016f0                CySysFlashSetWaitCycles
 .text          0x00001744      0x114 c:/program files (x86)/cypress/psoc creator/4.2/psoc creator/import/gnu/arm/5.4.1/bin/../lib/gcc/arm-none-eabi/5.4.1/armv6-m\libgcc.a(_udivsi3.o)
                0x00001744                __aeabi_uidiv
                0x00001744                __udivsi3
                0x00001850                __aeabi_uidivmod
 .text          0x00001858      0x1d4 c:/program files (x86)/cypress/psoc creator/4.2/psoc creator/import/gnu/arm/5.4.1/bin/../lib/gcc/arm-none-eabi/5.4.1/armv6-m\libgcc.a(_divsi3.o)
                0x00001858                __divsi3
                0x00001858                __aeabi_idiv
                0x00001a24                __aeabi_idivmod
 .text          0x00001a2c        0x4 c:/program files (x86)/cypress/psoc creator/4.2/psoc creator/import/gnu/arm/5.4.1/bin/../lib/gcc/arm-none-eabi/5.4.1/armv6-m\libgcc.a(_dvmd_tls.o)
                0x00001a2c                __aeabi_idiv0
                0x00001a2c                __aeabi_ldiv0
 .text.__errno  0x00001a30        0xc c:/program files (x86)/cypress/psoc creator/4.2/psoc creator/import/gnu/arm/5.4.1/bin/../lib/gcc/arm-none-eabi/5.4.1/../../../../arm-none-eabi/lib/armv6-m\libg_nano.a(lib_a-errno.o)
                0x00001a30                __errno
 .text.__libc_init_array
                0x00001a3c       0x4c c:/program files (x86)/cypress/psoc creator/4.2/psoc creator/import/gnu/arm/5.4.1/bin/../lib/gcc/arm-none-eabi/5.4.1/../../../../arm-none-eabi/lib/armv6-m\libg_nano.a(lib_a-init.o)
                0x00001a3c                __libc_init_array
 .text.memcpy   0x00001a88       0x12 c:/program files (x86)/cypress/psoc creator/4.2/psoc creator/import/gnu/arm/5.4.1/bin/../lib/gcc/arm-none-eabi/5.4.1/../../../../arm-none-eabi/lib/armv6-m\libg_nano.a(lib_a-memcpy-stub.o)
                0x00001a88                memcpy
 .text.memset   0x00001a9a       0x10 c:/program files (x86)/cypress/psoc creator/4.2/psoc creator/import/gnu/arm/5.4.1/bin/../lib/gcc/arm-none-eabi/5.4.1/../../../../arm-none-eabi/lib/armv6-m\libg_nano.a(lib_a-memset.o)
                0x00001a9a                memset
 .text.__cvt    0x00001aaa       0xca c:/program files (x86)/cypress/psoc creator/4.2/psoc creator/import/gnu/arm/5.4.1/bin/../lib/gcc/arm-none-eabi/5.4.1/../../../../arm-none-eabi/lib/armv6-m\libg_nano.a(lib_a-nano-vfprintf_float.o)
                0x00001aaa                __cvt
 .text.__exponent
                0x00001b74       0x62 c:/program files (x86)/cypress/psoc creator/4.2/psoc creator/import/gnu/arm/5.4.1/bin/../lib/gcc/arm-none-eabi/5.4.1/../../../../arm-none-eabi/lib/armv6-m\libg_nano.a(lib_a-nano-vfprintf_float.o)
                0x00001b74                __exponent
 *fill*         0x00001bd6        0x2 
 .text._printf_float
                0x00001bd8      0x4a0 c:/program files (x86)/cypress/psoc creator/4.2/psoc creator/import/gnu/arm/5.4.1/bin/../lib/gcc/arm-none-eabi/5.4.1/../../../../arm-none-eabi/lib/armv6-m\libg_nano.a(lib_a-nano-vfprintf_float.o)
                0x00001bd8                _printf_float
 .text._printf_common
                0x00002078       0xdc c:/program files (x86)/cypress/psoc creator/4.2/psoc creator/import/gnu/arm/5.4.1/bin/../lib/gcc/arm-none-eabi/5.4.1/../../../../arm-none-eabi/lib/armv6-m\libg_nano.a(lib_a-nano-vfprintf_i.o)
                0x00002078                _printf_common
 .text          0x00002154        0xe c:/program files (x86)/cypress/psoc creator/4.2/psoc creator/import/gnu/arm/5.4.1/bin/../lib/gcc/arm-none-eabi/5.4.1/../../../../arm-none-eabi/lib/armv6-m\libg_nano.a(lib_a-strlen.o)
                0x00002154                strlen
 .text.quorem   0x00002162      0x10c c:/program files (x86)/cypress/psoc creator/4.2/psoc creator/import/gnu/arm/5.4.1/bin/../lib/gcc/arm-none-eabi/5.4.1/../../../../arm-none-eabi/lib/armv6-m\libg_nano.a(lib_a-dtoa.o)
 *fill*         0x0000226e        0x2 
 .text._dtoa_r  0x00002270      0xb8c c:/program files (x86)/cypress/psoc creator/4.2/psoc creator/import/gnu/arm/5.4.1/bin/../lib/gcc/arm-none-eabi/5.4.1/../../../../arm-none-eabi/lib/armv6-m\libg_nano.a(lib_a-dtoa.o)
                0x00002270                _dtoa_r
 .text._localeconv_r
                0x00002dfc        0x8 c:/program files (x86)/cypress/psoc creator/4.2/psoc creator/import/gnu/arm/5.4.1/bin/../lib/gcc/arm-none-eabi/5.4.1/../../../../arm-none-eabi/lib/armv6-m\libg_nano.a(lib_a-locale.o)
                0x00002dfc                _localeconv_r
 .text.malloc   0x00002e04       0x14 c:/program files (x86)/cypress/psoc creator/4.2/psoc creator/import/gnu/arm/5.4.1/bin/../lib/gcc/arm-none-eabi/5.4.1/../../../../arm-none-eabi/lib/armv6-m\libg_nano.a(lib_a-malloc.o)
                0x00002e04                malloc
 .text._Balloc  0x00002e18       0x70 c:/program files (x86)/cypress/psoc creator/4.2/psoc creator/import/gnu/arm/5.4.1/bin/../lib/gcc/arm-none-eabi/5.4.1/../../../../arm-none-eabi/lib/armv6-m\libg_nano.a(lib_a-mprec.o)
                0x00002e18                _Balloc
 .text._Bfree   0x00002e88       0x32 c:/program files (x86)/cypress/psoc creator/4.2/psoc creator/import/gnu/arm/5.4.1/bin/../lib/gcc/arm-none-eabi/5.4.1/../../../../arm-none-eabi/lib/armv6-m\libg_nano.a(lib_a-mprec.o)
                0x00002e88                _Bfree
 .text.__multadd
                0x00002eba       0x7a c:/program files (x86)/cypress/psoc creator/4.2/psoc creator/import/gnu/arm/5.4.1/bin/../lib/gcc/arm-none-eabi/5.4.1/../../../../arm-none-eabi/lib/armv6-m\libg_nano.a(lib_a-mprec.o)
                0x00002eba                __multadd
 .text.__hi0bits
                0x00002f34       0x36 c:/program files (x86)/cypress/psoc creator/4.2/psoc creator/import/gnu/arm/5.4.1/bin/../lib/gcc/arm-none-eabi/5.4.1/../../../../arm-none-eabi/lib/armv6-m\libg_nano.a(lib_a-mprec.o)
                0x00002f34                __hi0bits
 .text.__lo0bits
                0x00002f6a       0x5e c:/program files (x86)/cypress/psoc creator/4.2/psoc creator/import/gnu/arm/5.4.1/bin/../lib/gcc/arm-none-eabi/5.4.1/../../../../arm-none-eabi/lib/armv6-m\libg_nano.a(lib_a-mprec.o)
                0x00002f6a                __lo0bits
 .text.__i2b    0x00002fc8       0x12 c:/program files (x86)/cypress/psoc creator/4.2/psoc creator/import/gnu/arm/5.4.1/bin/../lib/gcc/arm-none-eabi/5.4.1/../../../../arm-none-eabi/lib/armv6-m\libg_nano.a(lib_a-mprec.o)
                0x00002fc8                __i2b
 .text.__multiply
                0x00002fda      0x112 c:/program files (x86)/cypress/psoc creator/4.2/psoc creator/import/gnu/arm/5.4.1/bin/../lib/gcc/arm-none-eabi/5.4.1/../../../../arm-none-eabi/lib/armv6-m\libg_nano.a(lib_a-mprec.o)
                0x00002fda                __multiply
 .text.__pow5mult
                0x000030ec       0xa8 c:/program files (x86)/cypress/psoc creator/4.2/psoc creator/import/gnu/arm/5.4.1/bin/../lib/gcc/arm-none-eabi/5.4.1/../../../../arm-none-eabi/lib/armv6-m\libg_nano.a(lib_a-mprec.o)
                0x000030ec                __pow5mult
 .text.__lshift
                0x00003194       0xa4 c:/program files (x86)/cypress/psoc creator/4.2/psoc creator/import/gnu/arm/5.4.1/bin/../lib/gcc/arm-none-eabi/5.4.1/../../../../arm-none-eabi/lib/armv6-m\libg_nano.a(lib_a-mprec.o)
                0x00003194                __lshift
 .text.__mcmp   0x00003238       0x36 c:/program files (x86)/cypress/psoc creator/4.2/psoc creator/import/gnu/arm/5.4.1/bin/../lib/gcc/arm-none-eabi/5.4.1/../../../../arm-none-eabi/lib/armv6-m\libg_nano.a(lib_a-mprec.o)
                0x00003238                __mcmp
 .text.__mdiff  0x0000326e       0xd6 c:/program files (x86)/cypress/psoc creator/4.2/psoc creator/import/gnu/arm/5.4.1/bin/../lib/gcc/arm-none-eabi/5.4.1/../../../../arm-none-eabi/lib/armv6-m\libg_nano.a(lib_a-mprec.o)
                0x0000326e                __mdiff
 .text.__d2b    0x00003344       0xa8 c:/program files (x86)/cypress/psoc creator/4.2/psoc creator/import/gnu/arm/5.4.1/bin/../lib/gcc/arm-none-eabi/5.4.1/../../../../arm-none-eabi/lib/armv6-m\libg_nano.a(lib_a-mprec.o)
                0x00003344                __d2b
 .text._calloc_r
                0x000033ec       0x1c c:/program files (x86)/cypress/psoc creator/4.2/psoc creator/import/gnu/arm/5.4.1/bin/../lib/gcc/arm-none-eabi/5.4.1/../../../../arm-none-eabi/lib/armv6-m\libg_nano.a(lib_a-nano-callocr.o)
                0x000033ec                _calloc_r
 .text._malloc_r
                0x00003408       0xc0 c:/program files (x86)/cypress/psoc creator/4.2/psoc creator/import/gnu/arm/5.4.1/bin/../lib/gcc/arm-none-eabi/5.4.1/../../../../arm-none-eabi/lib/armv6-m\libg_nano.a(lib_a-nano-mallocr.o)
                0x00003408                _malloc_r
 .text._sbrk_r  0x000034c8       0x24 c:/program files (x86)/cypress/psoc creator/4.2/psoc creator/import/gnu/arm/5.4.1/bin/../lib/gcc/arm-none-eabi/5.4.1/../../../../arm-none-eabi/lib/armv6-m\libg_nano.a(lib_a-sbrkr.o)
                0x000034c8                _sbrk_r
 .text.__malloc_lock
                0x000034ec        0x2 c:/program files (x86)/cypress/psoc creator/4.2/psoc creator/import/gnu/arm/5.4.1/bin/../lib/gcc/arm-none-eabi/5.4.1/../../../../arm-none-eabi/lib/armv6-m\libg_nano.a(lib_a-mlock.o)
                0x000034ec                __malloc_lock
 .text.__malloc_unlock
                0x000034ee        0x2 c:/program files (x86)/cypress/psoc creator/4.2/psoc creator/import/gnu/arm/5.4.1/bin/../lib/gcc/arm-none-eabi/5.4.1/../../../../arm-none-eabi/lib/armv6-m\libg_nano.a(lib_a-mlock.o)
                0x000034ee                __malloc_unlock
 .text          0x000034f0       0x14 c:/program files (x86)/cypress/psoc creator/4.2/psoc creator/import/gnu/arm/5.4.1/bin/../lib/gcc/arm-none-eabi/5.4.1/armv6-m\libgcc.a(_thumb1_case_uqi.o)
                0x000034f0                __gnu_thumb1_case_uqi
 .text          0x00003504       0x7c c:/program files (x86)/cypress/psoc creator/4.2/psoc creator/import/gnu/arm/5.4.1/bin/../lib/gcc/arm-none-eabi/5.4.1/armv6-m\libgcc.a(_arm_cmpdf2.o)
                0x00003504                __aeabi_cdrcmple
                0x00003514                __aeabi_cdcmple
                0x00003514                __aeabi_cdcmpeq
                0x00003524                __aeabi_dcmpeq
                0x00003530                __aeabi_dcmplt
                0x00003544                __aeabi_dcmple
                0x00003558                __aeabi_dcmpgt
                0x0000356c                __aeabi_dcmpge
 .text          0x00003580      0x658 c:/program files (x86)/cypress/psoc creator/4.2/psoc creator/import/gnu/arm/5.4.1/bin/../lib/gcc/arm-none-eabi/5.4.1/armv6-m\libgcc.a(adddf3.o)
                0x00003580                __aeabi_dadd
 .text          0x00003bd8      0x62c c:/program files (x86)/cypress/psoc creator/4.2/psoc creator/import/gnu/arm/5.4.1/bin/../lib/gcc/arm-none-eabi/5.4.1/armv6-m\libgcc.a(divdf3.o)
                0x00003bd8                __aeabi_ddiv
 .text          0x00004204       0x80 c:/program files (x86)/cypress/psoc creator/4.2/psoc creator/import/gnu/arm/5.4.1/bin/../lib/gcc/arm-none-eabi/5.4.1/armv6-m\libgcc.a(eqdf2.o)
                0x00004204                __nedf2
                0x00004204                __eqdf2
 .text          0x00004284       0xc8 c:/program files (x86)/cypress/psoc creator/4.2/psoc creator/import/gnu/arm/5.4.1/bin/../lib/gcc/arm-none-eabi/5.4.1/armv6-m\libgcc.a(gedf2.o)
                0x00004284                __gedf2
                0x00004284                __gtdf2
 .text          0x0000434c       0xd4 c:/program files (x86)/cypress/psoc creator/4.2/psoc creator/import/gnu/arm/5.4.1/bin/../lib/gcc/arm-none-eabi/5.4.1/armv6-m\libgcc.a(ledf2.o)
                0x0000434c                __ledf2
                0x0000434c                __ltdf2
 .text          0x00004420      0x4f4 c:/program files (x86)/cypress/psoc creator/4.2/psoc creator/import/gnu/arm/5.4.1/bin/../lib/gcc/arm-none-eabi/5.4.1/armv6-m\libgcc.a(muldf3.o)
                0x00004420                __aeabi_dmul
 .text          0x00004914      0x6a8 c:/program files (x86)/cypress/psoc creator/4.2/psoc creator/import/gnu/arm/5.4.1/bin/../lib/gcc/arm-none-eabi/5.4.1/armv6-m\libgcc.a(subdf3.o)
                0x00004914                __aeabi_dsub
 .text          0x00004fbc       0x40 c:/program files (x86)/cypress/psoc creator/4.2/psoc creator/import/gnu/arm/5.4.1/bin/../lib/gcc/arm-none-eabi/5.4.1/armv6-m\libgcc.a(unorddf2.o)
                0x00004fbc                __aeabi_dcmpun
 .text          0x00004ffc       0x6c c:/program files (x86)/cypress/psoc creator/4.2/psoc creator/import/gnu/arm/5.4.1/bin/../lib/gcc/arm-none-eabi/5.4.1/armv6-m\libgcc.a(fixdfsi.o)
                0x00004ffc                __aeabi_d2iz
 .text          0x00005068       0x84 c:/program files (x86)/cypress/psoc creator/4.2/psoc creator/import/gnu/arm/5.4.1/bin/../lib/gcc/arm-none-eabi/5.4.1/armv6-m\libgcc.a(floatsidf.o)
                0x00005068                __aeabi_i2d
 .text          0x000050ec       0x70 c:/program files (x86)/cypress/psoc creator/4.2/psoc creator/import/gnu/arm/5.4.1/bin/../lib/gcc/arm-none-eabi/5.4.1/armv6-m\libgcc.a(floatunsidf.o)
                0x000050ec                __aeabi_ui2d
 .text          0x0000515c       0x3c c:/program files (x86)/cypress/psoc creator/4.2/psoc creator/import/gnu/arm/5.4.1/bin/../lib/gcc/arm-none-eabi/5.4.1/armv6-m\libgcc.a(_clzsi2.o)
                0x0000515c                __clzsi2
 *(.plt)
 *(.gnu.warning)
 *(.glue_7t)
 .glue_7t       0x00005198        0x0 linker stubs
 *(.glue_7)
 .glue_7        0x00005198        0x0 linker stubs
 *(.vfp11_veneer)
 .vfp11_veneer  0x00005198        0x0 linker stubs
 *(.bootloader)
 *(.ARM.extab* .gnu.linkonce.armextab.*)
 *(.gcc_except_table)

.v4_bx          0x00005198        0x0
 .v4_bx         0x00005198        0x0 linker stubs

.iplt           0x00005198        0x0
 .iplt          0x00005198        0x0 c:/program files (x86)/cypress/psoc creator/4.2/psoc creator/import/gnu/arm/5.4.1/bin/../lib/gcc/arm-none-eabi/5.4.1/armv6-m/crtbegin.o

.eh_frame_hdr
 *(.eh_frame_hdr)

.eh_frame       0x00005198        0x4
 *(.eh_frame)
 .eh_frame      0x00005198        0x0 c:/program files (x86)/cypress/psoc creator/4.2/psoc creator/import/gnu/arm/5.4.1/bin/../lib/gcc/arm-none-eabi/5.4.1/armv6-m/crtbegin.o
 .eh_frame      0x00005198        0x4 c:/program files (x86)/cypress/psoc creator/4.2/psoc creator/import/gnu/arm/5.4.1/bin/../lib/gcc/arm-none-eabi/5.4.1/armv6-m/crtend.o
                [!provide]                PROVIDE (__exidx_start, .)

.ARM.exidx
 *(.ARM.exidx* .gnu.linkonce.armexidx.*)
                0x0000519c                __exidx_end = .

.rodata         0x000051a0      0x200
 *(.rodata .rodata.* .gnu.linkonce.r.*)
 .rodata        0x000051a0       0x1c .\CortexM0p\ARM_GCC_541\Debug\GOAL-MASTER.a(ADC_Structure.o)
                0x000051a0                ADC_adcIoList
 .rodata.str1.1
                0x000051bc        0x2 c:/program files (x86)/cypress/psoc creator/4.2/psoc creator/import/gnu/arm/5.4.1/bin/../lib/gcc/arm-none-eabi/5.4.1/../../../../arm-none-eabi/lib/armv6-m\libg_nano.a(lib_a-impure.o)
 .rodata.str1.1
                0x000051be       0x12 c:/program files (x86)/cypress/psoc creator/4.2/psoc creator/import/gnu/arm/5.4.1/bin/../lib/gcc/arm-none-eabi/5.4.1/../../../../arm-none-eabi/lib/armv6-m\libg_nano.a(lib_a-nano-vfprintf_float.o)
 .rodata.str1.1
                0x000051d0        0xd c:/program files (x86)/cypress/psoc creator/4.2/psoc creator/import/gnu/arm/5.4.1/bin/../lib/gcc/arm-none-eabi/5.4.1/../../../../arm-none-eabi/lib/armv6-m\libg_nano.a(lib_a-dtoa.o)
                                  0xf (size before relaxing)
 .rodata.str1.1
                0x000051dd        0x8 c:/program files (x86)/cypress/psoc creator/4.2/psoc creator/import/gnu/arm/5.4.1/bin/../lib/gcc/arm-none-eabi/5.4.1/../../../../arm-none-eabi/lib/armv6-m\libg_nano.a(lib_a-locale.o)
                                  0xb (size before relaxing)
 *fill*         0x000051e5        0x3 
 .rodata.__mprec_tens
                0x000051e8       0xc8 c:/program files (x86)/cypress/psoc creator/4.2/psoc creator/import/gnu/arm/5.4.1/bin/../lib/gcc/arm-none-eabi/5.4.1/../../../../arm-none-eabi/lib/armv6-m\libg_nano.a(lib_a-mprec.o)
                0x000051e8                __mprec_tens
 .rodata.p05.5408
                0x000052b0        0xc c:/program files (x86)/cypress/psoc creator/4.2/psoc creator/import/gnu/arm/5.4.1/bin/../lib/gcc/arm-none-eabi/5.4.1/../../../../arm-none-eabi/lib/armv6-m\libg_nano.a(lib_a-mprec.o)
 *fill*         0x000052bc        0x4 
 .rodata.__mprec_bigtens
                0x000052c0       0x28 c:/program files (x86)/cypress/psoc creator/4.2/psoc creator/import/gnu/arm/5.4.1/bin/../lib/gcc/arm-none-eabi/5.4.1/../../../../arm-none-eabi/lib/armv6-m\libg_nano.a(lib_a-mprec.o)
                0x000052c0                __mprec_bigtens
 .rodata        0x000052e8       0x40 c:/program files (x86)/cypress/psoc creator/4.2/psoc creator/import/gnu/arm/5.4.1/bin/../lib/gcc/arm-none-eabi/5.4.1/armv6-m\libgcc.a(divdf3.o)
 .rodata        0x00005328       0x40 c:/program files (x86)/cypress/psoc creator/4.2/psoc creator/import/gnu/arm/5.4.1/bin/../lib/gcc/arm-none-eabi/5.4.1/armv6-m\libgcc.a(muldf3.o)
                0x00005368                . = ALIGN (0x4)
 *(.init)
 .init          0x00005368        0x4 c:/program files (x86)/cypress/psoc creator/4.2/psoc creator/import/gnu/arm/5.4.1/bin/../lib/gcc/arm-none-eabi/5.4.1/armv6-m/crti.o
                0x00005368                _init
 .init          0x0000536c        0x8 c:/program files (x86)/cypress/psoc creator/4.2/psoc creator/import/gnu/arm/5.4.1/bin/../lib/gcc/arm-none-eabi/5.4.1/armv6-m/crtn.o
                0x00005374                . = ALIGN (0x4)
                0x00005374                __preinit_array_start = .
 *(.preinit_array)
                0x00005374                __preinit_array_end = .
                0x00005374                . = ALIGN (0x4)
                0x00005374                __init_array_start = .
 *(SORT(.init_array.*))
 *(.init_array)
 .init_array    0x00005374        0x4 c:/program files (x86)/cypress/psoc creator/4.2/psoc creator/import/gnu/arm/5.4.1/bin/../lib/gcc/arm-none-eabi/5.4.1/armv6-m/crtbegin.o
 .init_array    0x00005378        0x4 .\CortexM0p\ARM_GCC_541\Debug\Cm0plusStart.o
                0x0000537c                __init_array_end = .
                0x0000537c                . = ALIGN (0x4)
 *(.fini)
 .fini          0x0000537c        0x4 c:/program files (x86)/cypress/psoc creator/4.2/psoc creator/import/gnu/arm/5.4.1/bin/../lib/gcc/arm-none-eabi/5.4.1/armv6-m/crti.o
                0x0000537c                _fini
 .fini          0x00005380        0x8 c:/program files (x86)/cypress/psoc creator/4.2/psoc creator/import/gnu/arm/5.4.1/bin/../lib/gcc/arm-none-eabi/5.4.1/armv6-m/crtn.o
                0x00005388                . = ALIGN (0x4)
                0x00005388                __fini_array_start = .
 *(.fini_array)
 .fini_array    0x00005388        0x4 c:/program files (x86)/cypress/psoc creator/4.2/psoc creator/import/gnu/arm/5.4.1/bin/../lib/gcc/arm-none-eabi/5.4.1/armv6-m/crtbegin.o
 *(SORT(.fini_array.*))
                0x0000538c                __fini_array_end = .
                0x0000538c                . = ALIGN (0x4)
 *crtbegin.o(.ctors)
 *(EXCLUDE_FILE(*crtend.o) .ctors)
 *(SORT(.ctors.*))
 *crtend.o(.ctors)
                0x0000538c                . = ALIGN (0x4)
 *crtbegin.o(.dtors)
 *(EXCLUDE_FILE(*crtend.o) .dtors)
 *(SORT(.dtors.*))
 *crtend.o(.dtors)
                0x0000538c                . = ALIGN (0x4)
                0x0000538c                __cy_regions = .
                0x0000538c        0x4 LONG 0x53a0 __cy_region_init_ram
                0x00005390        0x4 LONG 0x20000080 __cy_region_start_data
                0x00005394        0x4 LONG 0xc8 __cy_region_init_size_ram
                0x00005398        0x4 LONG 0x70 __cy_region_zero_size_ram
                0x0000539c                __cy_regions_end = .
                0x000053a0                . = ALIGN (0x8)
 *fill*         0x0000539c        0x4 
                0x000053a0                _etext = .

.cy_checksum_exclude
                0x000053a0        0x0
 *(.cy_checksum_exclude)

.ramvectors     0x20000000       0x80
                0x20000000                __cy_region_start_ram = .
 *(.ramvectors)
 .ramvectors    0x20000000       0x80 .\CortexM0p\ARM_GCC_541\Debug\Cm0plusStart.o
                0x20000000                CyRamVectors

.noinit
 *(.noinit)

.data           0x20000080       0xc8 load address 0x000053a0
                0x20000080                __cy_region_start_data = .
 *(.jcr)
 .jcr           0x20000080        0x0 c:/program files (x86)/cypress/psoc creator/4.2/psoc creator/import/gnu/arm/5.4.1/bin/../lib/gcc/arm-none-eabi/5.4.1/armv6-m/crtbegin.o
 .jcr           0x20000080        0x4 c:/program files (x86)/cypress/psoc creator/4.2/psoc creator/import/gnu/arm/5.4.1/bin/../lib/gcc/arm-none-eabi/5.4.1/armv6-m/crtend.o
 *(.got.plt)
 *(.got)
 *(.shdata)
 *(.data .data.* .gnu.linkonce.d.*)
 .data          0x20000084        0x4 .\CortexM0p\ARM_GCC_541\Debug\i2c_goal.o
                0x20000084                data_from_mcu
 .data          0x20000088        0x1 .\CortexM0p\ARM_GCC_541\Debug\sensors.o
                0x20000088                state
 *fill*         0x20000089        0x3 
 .data          0x2000008c        0x4 .\CortexM0p\ARM_GCC_541\Debug\Cm0plusStart.o
 .data          0x20000090       0x14 .\CortexM0p\ARM_GCC_541\Debug\GOAL-MASTER.a(CyLib.o)
                0x20000090                CySysClkPumpConfig
                0x20000094                cydelay32kMs
                0x20000098                cydelayFreqKhz
                0x2000009c                cydelayFreqMhz
                0x200000a0                cydelayFreqHz
 .data          0x200000a4        0x2 .\CortexM0p\ARM_GCC_541\Debug\GOAL-MASTER.a(ADC_Adc.o)
                0x200000a4                ADC_adcVrefMv
 *fill*         0x200000a6        0x2 
 .data.impure_data
                0x200000a8       0x60 c:/program files (x86)/cypress/psoc creator/4.2/psoc creator/import/gnu/arm/5.4.1/bin/../lib/gcc/arm-none-eabi/5.4.1/../../../../arm-none-eabi/lib/armv6-m\libg_nano.a(lib_a-impure.o)
 .data._impure_ptr
                0x20000108        0x4 c:/program files (x86)/cypress/psoc creator/4.2/psoc creator/import/gnu/arm/5.4.1/bin/../lib/gcc/arm-none-eabi/5.4.1/../../../../arm-none-eabi/lib/armv6-m\libg_nano.a(lib_a-impure.o)
                0x20000108                _impure_ptr
 .data.lconv    0x2000010c       0x38 c:/program files (x86)/cypress/psoc creator/4.2/psoc creator/import/gnu/arm/5.4.1/bin/../lib/gcc/arm-none-eabi/5.4.1/../../../../arm-none-eabi/lib/armv6-m\libg_nano.a(lib_a-locale.o)
                0x20000148                . = ALIGN (0x8)
 *fill*         0x20000144        0x4 
 *(.ram)
                0x20000148                _edata = .

.igot.plt       0x20000148        0x0 load address 0x00005468
 .igot.plt      0x20000148        0x0 c:/program files (x86)/cypress/psoc creator/4.2/psoc creator/import/gnu/arm/5.4.1/bin/../lib/gcc/arm-none-eabi/5.4.1/armv6-m/crtbegin.o

.bss            0x20000148       0x70 load address 0x00005468
                0x20000148                PROVIDE (__bss_start__, .)
 *(.shbss)
 *(.bss .bss.* .gnu.linkonce.b.*)
 .bss           0x20000148       0x1c c:/program files (x86)/cypress/psoc creator/4.2/psoc creator/import/gnu/arm/5.4.1/bin/../lib/gcc/arm-none-eabi/5.4.1/armv6-m/crtbegin.o
 .bss           0x20000164        0x8 .\CortexM0p\ARM_GCC_541\Debug\GOAL-MASTER.a(I2C_Master.o)
                0x20000164                I2C_Master_initVar
                0x20000168                I2C_Master_customIntrHandler
 .bss           0x2000016c        0x1 .\CortexM0p\ARM_GCC_541\Debug\GOAL-MASTER.a(ADC_Adc.o)
 *fill*         0x2000016d        0x1 
 .bss           0x2000016e        0xa .\CortexM0p\ARM_GCC_541\Debug\GOAL-MASTER.a(ADC_Adc_INT.o)
 .bss           0x20000178        0x1 .\CortexM0p\ARM_GCC_541\Debug\GOAL-MASTER.a(PWM_Buzzer.o)
                0x20000178                PWM_Buzzer_initVar
 .bss           0x20000179        0x1 .\CortexM0p\ARM_GCC_541\Debug\GOAL-MASTER.a(PWM_Servo.o)
                0x20000179                PWM_Servo_initVar
 *fill*         0x2000017a        0x2 
 .bss.__malloc_sbrk_start
                0x2000017c        0x4 c:/program files (x86)/cypress/psoc creator/4.2/psoc creator/import/gnu/arm/5.4.1/bin/../lib/gcc/arm-none-eabi/5.4.1/../../../../arm-none-eabi/lib/armv6-m\libg_nano.a(lib_a-nano-mallocr.o)
                0x2000017c                __malloc_sbrk_start
 .bss.__malloc_free_list
                0x20000180        0x4 c:/program files (x86)/cypress/psoc creator/4.2/psoc creator/import/gnu/arm/5.4.1/bin/../lib/gcc/arm-none-eabi/5.4.1/../../../../arm-none-eabi/lib/armv6-m\libg_nano.a(lib_a-nano-mallocr.o)
                0x20000180                __malloc_free_list
 *(COMMON)
 COMMON         0x20000184        0x1 .\CortexM0p\ARM_GCC_541\Debug\i2c_goal.o
                0x20000184                data_from_ble
 COMMON         0x20000185        0x1 .\CortexM0p\ARM_GCC_541\Debug\GOAL-MASTER.a(I2C_Master_I2C.o)
                0x20000185                I2C_Master_state
 *fill*         0x20000186        0x2 
 COMMON         0x20000188       0x20 .\CortexM0p\ARM_GCC_541\Debug\GOAL-MASTER.a(I2C_Master_I2C_MASTER.o)
                0x20000188                I2C_Master_mstrWrBufIndexTmp
                0x2000018c                I2C_Master_mstrRdBufIndex
                0x20000190                I2C_Master_mstrWrBufIndex
                0x20000194                I2C_Master_mstrWrBufSize
                0x20000198                I2C_Master_mstrWrBufPtr
                0x2000019c                I2C_Master_mstrRdBufPtr
                0x200001a0                I2C_Master_mstrControl
                0x200001a2                I2C_Master_mstrStatus
                0x200001a4                I2C_Master_mstrRdBufSize
 COMMON         0x200001a8        0xa .\CortexM0p\ARM_GCC_541\Debug\GOAL-MASTER.a(ADC_Structure.o)
                0x200001a8                ADC_dsRam
 *fill*         0x200001b2        0x2 
 COMMON         0x200001b4        0x4 c:/program files (x86)/cypress/psoc creator/4.2/psoc creator/import/gnu/arm/5.4.1/bin/../lib/gcc/arm-none-eabi/5.4.1/../../../../arm-none-eabi/lib/armv6-m\libg_nano.a(lib_a-reent.o)
                0x200001b4                errno
                0x200001b8                . = ALIGN (0x8)
 *(.ram.b)
                0x200001b8                _end = .
                0x200001b8                __end = .
                0x200001b8                PROVIDE (end, .)
                0x200001b8                PROVIDE (__bss_end__, .)
                0x000053a0                __cy_region_init_ram = LOADADDR (.data)
                0x000000c8                __cy_region_init_size_ram = (_edata - ADDR (.data))
                0x00000070                __cy_region_zero_size_ram = (_end - _edata)

.heap           0x200001b8       0x80 load address 0x00005468
                0x200001b8                . = _end
                0x20000238                . = (. + 0x80)
 *fill*         0x200001b8       0x80 
                0x20000238                __cy_heap_limit = .

.stack          0x20000c00      0x400
                0x20000c00                __cy_stack_limit = .
                0x20001000                . = (. + 0x400)
 *fill*         0x20000c00      0x400 
                0x00000001                ASSERT ((__cy_stack_limit >= __cy_heap_limit), region RAM overflowed with stack)
                0x00000000                cy_checksum_exclude_size = (CY_APPL_LOADABLE == 0x1)?SIZEOF (.cy_checksum_exclude):0x0
                0x00000001                ASSERT ((cy_checksum_exclude_size <= CY_CHECKSUM_EXCLUDE_SIZE), CY_BOOT: Section .cy_checksum_exclude size exceedes specified limit.)
                0x00007fc0                cyloadermeta_start = (cy_project_type_bootloader || cy_project_type_app_for_stack_and_copier)?(LENGTH (rom) - CY_METADATA_SIZE):0xf0000000

.cyloadermeta
 *(.cyloadermeta)
                0x00007fc0                cyloadablemeta_start = cy_project_type_app_for_stack_and_copier?((LENGTH (rom) - CY_FLASH_ROW_SIZE) - CY_METADATA_SIZE):((LENGTH (rom) - (CY_FLASH_ROW_SIZE * (CY_APPL_NUM - 0x1))) - CY_METADATA_SIZE)

.cyloadablemeta
 *(.cyloadablemeta)

.cyflashprotect
                0x90400000       0x20
 *(.cyflashprotect)
 .cyflashprotect
                0x90400000       0x20 .\CortexM0p\ARM_GCC_541\Debug\cymetadata.o
                0x90400000                cy_meta_flashprotect

.cymeta         0x90500000        0xc
 *(.cymeta)
 .cymeta        0x90500000        0xc .\CortexM0p\ARM_GCC_541\Debug\cymetadata.o
                0x90500000                cy_metadata

.cychipprotect  0x90600000        0x1
 *(.cychipprotect)
 .cychipprotect
                0x90600000        0x1 .\CortexM0p\ARM_GCC_541\Debug\cymetadata.o
                0x90600000                cy_meta_chipprotect

.rel.dyn        0x00005468        0x0 load address 0x90600004
 .rel.iplt      0x00005468        0x0 c:/program files (x86)/cypress/psoc creator/4.2/psoc creator/import/gnu/arm/5.4.1/bin/../lib/gcc/arm-none-eabi/5.4.1/armv6-m/crtbegin.o

.stab
 *(.stab)

.stabstr
 *(.stabstr)

.debug
 *(.debug)

.line
 *(.line)

.debug_srcinfo
 *(.debug_srcinfo)

.debug_sfnames
 *(.debug_sfnames)

.debug_aranges  0x00000000      0xa98
 *(.debug_aranges)
 .debug_aranges
                0x00000000       0x30 .\CortexM0p\ARM_GCC_541\Debug\i2c_goal.o
 .debug_aranges
                0x00000030       0x20 .\CortexM0p\ARM_GCC_541\Debug\protocol.o
 .debug_aranges
                0x00000050       0x28 .\CortexM0p\ARM_GCC_541\Debug\sensors.o
 .debug_aranges
                0x00000078       0x20 .\CortexM0p\ARM_GCC_541\Debug\buttons.o
 .debug_aranges
                0x00000098       0x20 .\CortexM0p\ARM_GCC_541\Debug\main.o
 .debug_aranges
                0x000000b8       0x38 .\CortexM0p\ARM_GCC_541\Debug\cyfitter_cfg.o
 .debug_aranges
                0x000000f0       0x18 .\CortexM0p\ARM_GCC_541\Debug\cymetadata.o
 .debug_aranges
                0x00000108       0x48 .\CortexM0p\ARM_GCC_541\Debug\Cm0plusStart.o
 .debug_aranges
                0x00000150       0x60 .\CortexM0p\ARM_GCC_541\Debug\GOAL-MASTER.a(I2C_Master.o)
 .debug_aranges
                0x000001b0       0x30 .\CortexM0p\ARM_GCC_541\Debug\GOAL-MASTER.a(I2C_Master_I2C.o)
 .debug_aranges
                0x000001e0       0x98 .\CortexM0p\ARM_GCC_541\Debug\GOAL-MASTER.a(I2C_Master_I2C_MASTER.o)
 .debug_aranges
                0x00000278       0x48 .\CortexM0p\ARM_GCC_541\Debug\GOAL-MASTER.a(LED_Conect.o)
 .debug_aranges
                0x000002c0      0x190 .\CortexM0p\ARM_GCC_541\Debug\GOAL-MASTER.a(CyLib.o)
 .debug_aranges
                0x00000450       0xd8 .\CortexM0p\ARM_GCC_541\Debug\GOAL-MASTER.a(CyLFClk.o)
 .debug_aranges
                0x00000528       0xb0 .\CortexM0p\ARM_GCC_541\Debug\GOAL-MASTER.a(ADC_Adc.o)
 .debug_aranges
                0x000005d8       0x20 .\CortexM0p\ARM_GCC_541\Debug\GOAL-MASTER.a(ADC_Adc_INT.o)
 .debug_aranges
                0x000005f8       0x20 .\CortexM0p\ARM_GCC_541\Debug\GOAL-MASTER.a(ADC_Structure.o)
 .debug_aranges
                0x00000618       0x80 .\CortexM0p\ARM_GCC_541\Debug\GOAL-MASTER.a(ADC_ISR.o)
 .debug_aranges
                0x00000698      0x158 .\CortexM0p\ARM_GCC_541\Debug\GOAL-MASTER.a(PWM_Buzzer.o)
 .debug_aranges
                0x000007f0       0x80 .\CortexM0p\ARM_GCC_541\Debug\GOAL-MASTER.a(Button_INT.o)
 .debug_aranges
                0x00000870       0x48 .\CortexM0p\ARM_GCC_541\Debug\GOAL-MASTER.a(Button.o)
 .debug_aranges
                0x000008b8      0x158 .\CortexM0p\ARM_GCC_541\Debug\GOAL-MASTER.a(PWM_Servo.o)
 .debug_aranges
                0x00000a10       0x20 .\CortexM0p\ARM_GCC_541\Debug\GOAL-MASTER.a(CyBootAsmGnu.o)
 .debug_aranges
                0x00000a30       0x20 .\CortexM0p\ARM_GCC_541\Debug\GOAL-MASTER.a(I2C_Master_I2C_INT.o)
 .debug_aranges
                0x00000a50       0x48 .\CortexM0p\ARM_GCC_541\Debug\GOAL-MASTER.a(CyFlash.o)

.debug_pubnames
 *(.debug_pubnames)

.debug_info     0x00000000     0x5744
 *(.debug_info .gnu.linkonce.wi.*)
 .debug_info    0x00000000      0x1e2 .\CortexM0p\ARM_GCC_541\Debug\i2c_goal.o
 .debug_info    0x000001e2      0x10b .\CortexM0p\ARM_GCC_541\Debug\protocol.o
 .debug_info    0x000002ed      0x170 .\CortexM0p\ARM_GCC_541\Debug\sensors.o
 .debug_info    0x0000045d       0xd7 .\CortexM0p\ARM_GCC_541\Debug\buttons.o
 .debug_info    0x00000534      0x193 .\CortexM0p\ARM_GCC_541\Debug\main.o
 .debug_info    0x000006c7      0x169 .\CortexM0p\ARM_GCC_541\Debug\cyfitter_cfg.o
 .debug_info    0x00000830       0xf8 .\CortexM0p\ARM_GCC_541\Debug\cymetadata.o
 .debug_info    0x00000928      0x3a5 .\CortexM0p\ARM_GCC_541\Debug\Cm0plusStart.o
 .debug_info    0x00000ccd      0x298 .\CortexM0p\ARM_GCC_541\Debug\GOAL-MASTER.a(I2C_Master.o)
 .debug_info    0x00000f65      0x195 .\CortexM0p\ARM_GCC_541\Debug\GOAL-MASTER.a(I2C_Master_I2C.o)
 .debug_info    0x000010fa      0x813 .\CortexM0p\ARM_GCC_541\Debug\GOAL-MASTER.a(I2C_Master_I2C_MASTER.o)
 .debug_info    0x0000190d      0x19d .\CortexM0p\ARM_GCC_541\Debug\GOAL-MASTER.a(LED_Conect.o)
 .debug_info    0x00001aaa      0xbcd .\CortexM0p\ARM_GCC_541\Debug\GOAL-MASTER.a(CyLib.o)
 .debug_info    0x00002677      0x444 .\CortexM0p\ARM_GCC_541\Debug\GOAL-MASTER.a(CyLFClk.o)
 .debug_info    0x00002abb      0x7c4 .\CortexM0p\ARM_GCC_541\Debug\GOAL-MASTER.a(ADC_Adc.o)
 .debug_info    0x0000327f      0x28b .\CortexM0p\ARM_GCC_541\Debug\GOAL-MASTER.a(ADC_Adc_INT.o)
 .debug_info    0x0000350a      0x23c .\CortexM0p\ARM_GCC_541\Debug\GOAL-MASTER.a(ADC_Structure.o)
 .debug_info    0x00003746      0x305 .\CortexM0p\ARM_GCC_541\Debug\GOAL-MASTER.a(ADC_ISR.o)
 .debug_info    0x00003a4b      0x908 .\CortexM0p\ARM_GCC_541\Debug\GOAL-MASTER.a(PWM_Buzzer.o)
 .debug_info    0x00004353      0x305 .\CortexM0p\ARM_GCC_541\Debug\GOAL-MASTER.a(Button_INT.o)
 .debug_info    0x00004658      0x19d .\CortexM0p\ARM_GCC_541\Debug\GOAL-MASTER.a(Button.o)
 .debug_info    0x000047f5      0x908 .\CortexM0p\ARM_GCC_541\Debug\GOAL-MASTER.a(PWM_Servo.o)
 .debug_info    0x000050fd       0x88 .\CortexM0p\ARM_GCC_541\Debug\GOAL-MASTER.a(CyBootAsmGnu.o)
 .debug_info    0x00005185      0x1a8 .\CortexM0p\ARM_GCC_541\Debug\GOAL-MASTER.a(I2C_Master_I2C_INT.o)
 .debug_info    0x0000532d      0x417 .\CortexM0p\ARM_GCC_541\Debug\GOAL-MASTER.a(CyFlash.o)

.debug_abbrev   0x00000000     0x1ae9
 *(.debug_abbrev)
 .debug_abbrev  0x00000000       0xee .\CortexM0p\ARM_GCC_541\Debug\i2c_goal.o
 .debug_abbrev  0x000000ee       0x71 .\CortexM0p\ARM_GCC_541\Debug\protocol.o
 .debug_abbrev  0x0000015f       0xe0 .\CortexM0p\ARM_GCC_541\Debug\sensors.o
 .debug_abbrev  0x0000023f       0x79 .\CortexM0p\ARM_GCC_541\Debug\buttons.o
 .debug_abbrev  0x000002b8       0xb0 .\CortexM0p\ARM_GCC_541\Debug\main.o
 .debug_abbrev  0x00000368       0xdb .\CortexM0p\ARM_GCC_541\Debug\cyfitter_cfg.o
 .debug_abbrev  0x00000443       0x5d .\CortexM0p\ARM_GCC_541\Debug\cymetadata.o
 .debug_abbrev  0x000004a0      0x1d0 .\CortexM0p\ARM_GCC_541\Debug\Cm0plusStart.o
 .debug_abbrev  0x00000670      0x118 .\CortexM0p\ARM_GCC_541\Debug\GOAL-MASTER.a(I2C_Master.o)
 .debug_abbrev  0x00000788       0xc7 .\CortexM0p\ARM_GCC_541\Debug\GOAL-MASTER.a(I2C_Master_I2C.o)
 .debug_abbrev  0x0000084f      0x1c2 .\CortexM0p\ARM_GCC_541\Debug\GOAL-MASTER.a(I2C_Master_I2C_MASTER.o)
 .debug_abbrev  0x00000a11       0xc8 .\CortexM0p\ARM_GCC_541\Debug\GOAL-MASTER.a(LED_Conect.o)
 .debug_abbrev  0x00000ad9      0x202 .\CortexM0p\ARM_GCC_541\Debug\GOAL-MASTER.a(CyLib.o)
 .debug_abbrev  0x00000cdb      0x1af .\CortexM0p\ARM_GCC_541\Debug\GOAL-MASTER.a(CyLFClk.o)
 .debug_abbrev  0x00000e8a      0x20c .\CortexM0p\ARM_GCC_541\Debug\GOAL-MASTER.a(ADC_Adc.o)
 .debug_abbrev  0x00001096       0xf7 .\CortexM0p\ARM_GCC_541\Debug\GOAL-MASTER.a(ADC_Adc_INT.o)
 .debug_abbrev  0x0000118d       0xd8 .\CortexM0p\ARM_GCC_541\Debug\GOAL-MASTER.a(ADC_Structure.o)
 .debug_abbrev  0x00001265      0x19a .\CortexM0p\ARM_GCC_541\Debug\GOAL-MASTER.a(ADC_ISR.o)
 .debug_abbrev  0x000013ff      0x119 .\CortexM0p\ARM_GCC_541\Debug\GOAL-MASTER.a(PWM_Buzzer.o)
 .debug_abbrev  0x00001518      0x19a .\CortexM0p\ARM_GCC_541\Debug\GOAL-MASTER.a(Button_INT.o)
 .debug_abbrev  0x000016b2       0xc8 .\CortexM0p\ARM_GCC_541\Debug\GOAL-MASTER.a(Button.o)
 .debug_abbrev  0x0000177a      0x119 .\CortexM0p\ARM_GCC_541\Debug\GOAL-MASTER.a(PWM_Servo.o)
 .debug_abbrev  0x00001893       0x14 .\CortexM0p\ARM_GCC_541\Debug\GOAL-MASTER.a(CyBootAsmGnu.o)
 .debug_abbrev  0x000018a7       0xa4 .\CortexM0p\ARM_GCC_541\Debug\GOAL-MASTER.a(I2C_Master_I2C_INT.o)
 .debug_abbrev  0x0000194b      0x19e .\CortexM0p\ARM_GCC_541\Debug\GOAL-MASTER.a(CyFlash.o)

.debug_line     0x00000000     0x2698
 *(.debug_line)
 .debug_line    0x00000000       0x9b .\CortexM0p\ARM_GCC_541\Debug\i2c_goal.o
 .debug_line    0x0000009b       0xa1 .\CortexM0p\ARM_GCC_541\Debug\protocol.o
 .debug_line    0x0000013c       0xa0 .\CortexM0p\ARM_GCC_541\Debug\sensors.o
 .debug_line    0x000001dc       0x6a .\CortexM0p\ARM_GCC_541\Debug\buttons.o
 .debug_line    0x00000246       0xbc .\CortexM0p\ARM_GCC_541\Debug\main.o
 .debug_line    0x00000302       0xc8 .\CortexM0p\ARM_GCC_541\Debug\cyfitter_cfg.o
 .debug_line    0x000003ca      0x141 .\CortexM0p\ARM_GCC_541\Debug\cymetadata.o
 .debug_line    0x0000050b      0x247 .\CortexM0p\ARM_GCC_541\Debug\Cm0plusStart.o
 .debug_line    0x00000752      0x132 .\CortexM0p\ARM_GCC_541\Debug\GOAL-MASTER.a(I2C_Master.o)
 .debug_line    0x00000884       0xd0 .\CortexM0p\ARM_GCC_541\Debug\GOAL-MASTER.a(I2C_Master_I2C.o)
 .debug_line    0x00000954      0x30a .\CortexM0p\ARM_GCC_541\Debug\GOAL-MASTER.a(I2C_Master_I2C_MASTER.o)
 .debug_line    0x00000c5e       0xc2 .\CortexM0p\ARM_GCC_541\Debug\GOAL-MASTER.a(LED_Conect.o)
 .debug_line    0x00000d20      0x4dc .\CortexM0p\ARM_GCC_541\Debug\GOAL-MASTER.a(CyLib.o)
 .debug_line    0x000011fc      0x284 .\CortexM0p\ARM_GCC_541\Debug\GOAL-MASTER.a(CyLFClk.o)
 .debug_line    0x00001480      0x2aa .\CortexM0p\ARM_GCC_541\Debug\GOAL-MASTER.a(ADC_Adc.o)
 .debug_line    0x0000172a       0xd0 .\CortexM0p\ARM_GCC_541\Debug\GOAL-MASTER.a(ADC_Adc_INT.o)
 .debug_line    0x000017fa       0x7c .\CortexM0p\ARM_GCC_541\Debug\GOAL-MASTER.a(ADC_Structure.o)
 .debug_line    0x00001876      0x153 .\CortexM0p\ARM_GCC_541\Debug\GOAL-MASTER.a(ADC_ISR.o)
 .debug_line    0x000019c9      0x383 .\CortexM0p\ARM_GCC_541\Debug\GOAL-MASTER.a(PWM_Buzzer.o)
 .debug_line    0x00001d4c      0x152 .\CortexM0p\ARM_GCC_541\Debug\GOAL-MASTER.a(Button_INT.o)
 .debug_line    0x00001e9e       0xbe .\CortexM0p\ARM_GCC_541\Debug\GOAL-MASTER.a(Button.o)
 .debug_line    0x00001f5c      0x382 .\CortexM0p\ARM_GCC_541\Debug\GOAL-MASTER.a(PWM_Servo.o)
 .debug_line    0x000022de       0x68 .\CortexM0p\ARM_GCC_541\Debug\GOAL-MASTER.a(CyBootAsmGnu.o)
 .debug_line    0x00002346      0x171 .\CortexM0p\ARM_GCC_541\Debug\GOAL-MASTER.a(I2C_Master_I2C_INT.o)
 .debug_line    0x000024b7      0x1e1 .\CortexM0p\ARM_GCC_541\Debug\GOAL-MASTER.a(CyFlash.o)

.debug_frame    0x00000000     0x2190
 *(.debug_frame)
 .debug_frame   0x00000000       0x4c .\CortexM0p\ARM_GCC_541\Debug\i2c_goal.o
 .debug_frame   0x0000004c       0x2c .\CortexM0p\ARM_GCC_541\Debug\protocol.o
 .debug_frame   0x00000078       0x3c .\CortexM0p\ARM_GCC_541\Debug\sensors.o
 .debug_frame   0x000000b4       0x2c .\CortexM0p\ARM_GCC_541\Debug\buttons.o
 .debug_frame   0x000000e0       0x2c .\CortexM0p\ARM_GCC_541\Debug\main.o
 .debug_frame   0x0000010c       0x74 .\CortexM0p\ARM_GCC_541\Debug\cyfitter_cfg.o
 .debug_frame   0x00000180       0xbc .\CortexM0p\ARM_GCC_541\Debug\Cm0plusStart.o
 .debug_frame   0x0000023c       0xe8 .\CortexM0p\ARM_GCC_541\Debug\GOAL-MASTER.a(I2C_Master.o)
 .debug_frame   0x00000324       0x58 .\CortexM0p\ARM_GCC_541\Debug\GOAL-MASTER.a(I2C_Master_I2C.o)
 .debug_frame   0x0000037c      0x1d8 .\CortexM0p\ARM_GCC_541\Debug\GOAL-MASTER.a(I2C_Master_I2C_MASTER.o)
 .debug_frame   0x00000554       0x70 .\CortexM0p\ARM_GCC_541\Debug\GOAL-MASTER.a(LED_Conect.o)
 .debug_frame   0x000005c4      0x418 .\CortexM0p\ARM_GCC_541\Debug\GOAL-MASTER.a(CyLib.o)
 .debug_frame   0x000009dc      0x1dc .\CortexM0p\ARM_GCC_541\Debug\GOAL-MASTER.a(CyLFClk.o)
 .debug_frame   0x00000bb8      0x1f0 .\CortexM0p\ARM_GCC_541\Debug\GOAL-MASTER.a(ADC_Adc.o)
 .debug_frame   0x00000da8       0x38 .\CortexM0p\ARM_GCC_541\Debug\GOAL-MASTER.a(ADC_Adc_INT.o)
 .debug_frame   0x00000de0       0x2c .\CortexM0p\ARM_GCC_541\Debug\GOAL-MASTER.a(ADC_Structure.o)
 .debug_frame   0x00000e0c      0x110 .\CortexM0p\ARM_GCC_541\Debug\GOAL-MASTER.a(ADC_ISR.o)
 .debug_frame   0x00000f1c      0x3a0 .\CortexM0p\ARM_GCC_541\Debug\GOAL-MASTER.a(PWM_Buzzer.o)
 .debug_frame   0x000012bc      0x110 .\CortexM0p\ARM_GCC_541\Debug\GOAL-MASTER.a(Button_INT.o)
 .debug_frame   0x000013cc       0x70 .\CortexM0p\ARM_GCC_541\Debug\GOAL-MASTER.a(Button.o)
 .debug_frame   0x0000143c      0x3a0 .\CortexM0p\ARM_GCC_541\Debug\GOAL-MASTER.a(PWM_Servo.o)
 .debug_frame   0x000017dc       0x2c .\CortexM0p\ARM_GCC_541\Debug\GOAL-MASTER.a(I2C_Master_I2C_INT.o)
 .debug_frame   0x00001808       0xa8 .\CortexM0p\ARM_GCC_541\Debug\GOAL-MASTER.a(CyFlash.o)
 .debug_frame   0x000018b0       0x20 c:/program files (x86)/cypress/psoc creator/4.2/psoc creator/import/gnu/arm/5.4.1/bin/../lib/gcc/arm-none-eabi/5.4.1/armv6-m\libgcc.a(_udivsi3.o)
 .debug_frame   0x000018d0       0x20 c:/program files (x86)/cypress/psoc creator/4.2/psoc creator/import/gnu/arm/5.4.1/bin/../lib/gcc/arm-none-eabi/5.4.1/armv6-m\libgcc.a(_divsi3.o)
 .debug_frame   0x000018f0       0x20 c:/program files (x86)/cypress/psoc creator/4.2/psoc creator/import/gnu/arm/5.4.1/bin/../lib/gcc/arm-none-eabi/5.4.1/../../../../arm-none-eabi/lib/armv6-m\libg_nano.a(lib_a-errno.o)
 .debug_frame   0x00001910       0x28 c:/program files (x86)/cypress/psoc creator/4.2/psoc creator/import/gnu/arm/5.4.1/bin/../lib/gcc/arm-none-eabi/5.4.1/../../../../arm-none-eabi/lib/armv6-m\libg_nano.a(lib_a-exit.o)
 .debug_frame   0x00001938       0x2c c:/program files (x86)/cypress/psoc creator/4.2/psoc creator/import/gnu/arm/5.4.1/bin/../lib/gcc/arm-none-eabi/5.4.1/../../../../arm-none-eabi/lib/armv6-m\libg_nano.a(lib_a-init.o)
 .debug_frame   0x00001964       0x28 c:/program files (x86)/cypress/psoc creator/4.2/psoc creator/import/gnu/arm/5.4.1/bin/../lib/gcc/arm-none-eabi/5.4.1/../../../../arm-none-eabi/lib/armv6-m\libg_nano.a(lib_a-memcpy-stub.o)
 .debug_frame   0x0000198c       0x20 c:/program files (x86)/cypress/psoc creator/4.2/psoc creator/import/gnu/arm/5.4.1/bin/../lib/gcc/arm-none-eabi/5.4.1/../../../../arm-none-eabi/lib/armv6-m\libg_nano.a(lib_a-memset.o)
 .debug_frame   0x000019ac       0x74 c:/program files (x86)/cypress/psoc creator/4.2/psoc creator/import/gnu/arm/5.4.1/bin/../lib/gcc/arm-none-eabi/5.4.1/../../../../arm-none-eabi/lib/armv6-m\libg_nano.a(lib_a-nano-vfprintf_float.o)
 .debug_frame   0x00001a20       0x54 c:/program files (x86)/cypress/psoc creator/4.2/psoc creator/import/gnu/arm/5.4.1/bin/../lib/gcc/arm-none-eabi/5.4.1/../../../../arm-none-eabi/lib/armv6-m\libg_nano.a(lib_a-nano-vfprintf_i.o)
 .debug_frame   0x00001a74       0x54 c:/program files (x86)/cypress/psoc creator/4.2/psoc creator/import/gnu/arm/5.4.1/bin/../lib/gcc/arm-none-eabi/5.4.1/../../../../arm-none-eabi/lib/armv6-m\libg_nano.a(lib_a-dtoa.o)
 .debug_frame   0x00001ac8       0xa4 c:/program files (x86)/cypress/psoc creator/4.2/psoc creator/import/gnu/arm/5.4.1/bin/../lib/gcc/arm-none-eabi/5.4.1/../../../../arm-none-eabi/lib/armv6-m\libg_nano.a(lib_a-locale.o)
 .debug_frame   0x00001b6c       0x40 c:/program files (x86)/cypress/psoc creator/4.2/psoc creator/import/gnu/arm/5.4.1/bin/../lib/gcc/arm-none-eabi/5.4.1/../../../../arm-none-eabi/lib/armv6-m\libg_nano.a(lib_a-malloc.o)
 .debug_frame   0x00001bac       0x20 c:/program files (x86)/cypress/psoc creator/4.2/psoc creator/import/gnu/arm/5.4.1/bin/../lib/gcc/arm-none-eabi/5.4.1/../../../../arm-none-eabi/lib/armv6-m\libg_nano.a(lib_a-memchr-stub.o)
 .debug_frame   0x00001bcc      0x238 c:/program files (x86)/cypress/psoc creator/4.2/psoc creator/import/gnu/arm/5.4.1/bin/../lib/gcc/arm-none-eabi/5.4.1/../../../../arm-none-eabi/lib/armv6-m\libg_nano.a(lib_a-mprec.o)
 .debug_frame   0x00001e04       0x2c c:/program files (x86)/cypress/psoc creator/4.2/psoc creator/import/gnu/arm/5.4.1/bin/../lib/gcc/arm-none-eabi/5.4.1/../../../../arm-none-eabi/lib/armv6-m\libg_nano.a(lib_a-nano-callocr.o)
 .debug_frame   0x00001e30       0x2c c:/program files (x86)/cypress/psoc creator/4.2/psoc creator/import/gnu/arm/5.4.1/bin/../lib/gcc/arm-none-eabi/5.4.1/../../../../arm-none-eabi/lib/armv6-m\libg_nano.a(lib_a-nano-freer.o)
 .debug_frame   0x00001e5c       0x2c c:/program files (x86)/cypress/psoc creator/4.2/psoc creator/import/gnu/arm/5.4.1/bin/../lib/gcc/arm-none-eabi/5.4.1/../../../../arm-none-eabi/lib/armv6-m\libg_nano.a(lib_a-nano-mallocr.o)
 .debug_frame   0x00001e88       0x2c c:/program files (x86)/cypress/psoc creator/4.2/psoc creator/import/gnu/arm/5.4.1/bin/../lib/gcc/arm-none-eabi/5.4.1/../../../../arm-none-eabi/lib/armv6-m\libg_nano.a(lib_a-sbrkr.o)
 .debug_frame   0x00001eb4       0x20 c:/program files (x86)/cypress/psoc creator/4.2/psoc creator/import/gnu/arm/5.4.1/bin/../lib/gcc/arm-none-eabi/5.4.1/../../../../arm-none-eabi/lib/armv6-m\libg_nano.a(lib_a-strcmp.o)
 .debug_frame   0x00001ed4       0x30 c:/program files (x86)/cypress/psoc creator/4.2/psoc creator/import/gnu/arm/5.4.1/bin/../lib/gcc/arm-none-eabi/5.4.1/../../../../arm-none-eabi/lib/armv6-m\libg_nano.a(lib_a-mlock.o)
 .debug_frame   0x00001f04       0x48 c:/program files (x86)/cypress/psoc creator/4.2/psoc creator/import/gnu/arm/5.4.1/bin/../lib/gcc/arm-none-eabi/5.4.1/../../../../arm-none-eabi/lib/armv6-m\libg_nano.a(lib_a-reent.o)
 .debug_frame   0x00001f4c       0x3c c:/program files (x86)/cypress/psoc creator/4.2/psoc creator/import/gnu/arm/5.4.1/bin/../lib/gcc/arm-none-eabi/5.4.1/armv6-m\libgcc.a(adddf3.o)
 .debug_frame   0x00001f88       0x3c c:/program files (x86)/cypress/psoc creator/4.2/psoc creator/import/gnu/arm/5.4.1/bin/../lib/gcc/arm-none-eabi/5.4.1/armv6-m\libgcc.a(divdf3.o)
 .debug_frame   0x00001fc4       0x38 c:/program files (x86)/cypress/psoc creator/4.2/psoc creator/import/gnu/arm/5.4.1/bin/../lib/gcc/arm-none-eabi/5.4.1/armv6-m\libgcc.a(eqdf2.o)
 .debug_frame   0x00001ffc       0x38 c:/program files (x86)/cypress/psoc creator/4.2/psoc creator/import/gnu/arm/5.4.1/bin/../lib/gcc/arm-none-eabi/5.4.1/armv6-m\libgcc.a(gedf2.o)
 .debug_frame   0x00002034       0x38 c:/program files (x86)/cypress/psoc creator/4.2/psoc creator/import/gnu/arm/5.4.1/bin/../lib/gcc/arm-none-eabi/5.4.1/armv6-m\libgcc.a(ledf2.o)
 .debug_frame   0x0000206c       0x3c c:/program files (x86)/cypress/psoc creator/4.2/psoc creator/import/gnu/arm/5.4.1/bin/../lib/gcc/arm-none-eabi/5.4.1/armv6-m\libgcc.a(muldf3.o)
 .debug_frame   0x000020a8       0x38 c:/program files (x86)/cypress/psoc creator/4.2/psoc creator/import/gnu/arm/5.4.1/bin/../lib/gcc/arm-none-eabi/5.4.1/armv6-m\libgcc.a(subdf3.o)
 .debug_frame   0x000020e0       0x2c c:/program files (x86)/cypress/psoc creator/4.2/psoc creator/import/gnu/arm/5.4.1/bin/../lib/gcc/arm-none-eabi/5.4.1/armv6-m\libgcc.a(unorddf2.o)
 .debug_frame   0x0000210c       0x2c c:/program files (x86)/cypress/psoc creator/4.2/psoc creator/import/gnu/arm/5.4.1/bin/../lib/gcc/arm-none-eabi/5.4.1/armv6-m\libgcc.a(fixdfsi.o)
 .debug_frame   0x00002138       0x2c c:/program files (x86)/cypress/psoc creator/4.2/psoc creator/import/gnu/arm/5.4.1/bin/../lib/gcc/arm-none-eabi/5.4.1/armv6-m\libgcc.a(floatsidf.o)
 .debug_frame   0x00002164       0x2c c:/program files (x86)/cypress/psoc creator/4.2/psoc creator/import/gnu/arm/5.4.1/bin/../lib/gcc/arm-none-eabi/5.4.1/armv6-m\libgcc.a(floatunsidf.o)

.debug_str      0x00000000     0x2342
 *(.debug_str)
 .debug_str     0x00000000      0x1fb .\CortexM0p\ARM_GCC_541\Debug\i2c_goal.o
                                0x25d (size before relaxing)
 .debug_str     0x000001fb       0x68 .\CortexM0p\ARM_GCC_541\Debug\protocol.o
                                0x1df (size before relaxing)
 .debug_str     0x00000263       0x7c .\CortexM0p\ARM_GCC_541\Debug\sensors.o
                                0x211 (size before relaxing)
 .debug_str     0x000002df       0x2f .\CortexM0p\ARM_GCC_541\Debug\buttons.o
                                0x1ba (size before relaxing)
 .debug_str     0x0000030e       0x2f .\CortexM0p\ARM_GCC_541\Debug\main.o
                                0x212 (size before relaxing)
 .debug_str     0x0000033d       0x98 .\CortexM0p\ARM_GCC_541\Debug\cyfitter_cfg.o
                                0x215 (size before relaxing)
 .debug_str     0x000003d5       0x92 .\CortexM0p\ARM_GCC_541\Debug\cymetadata.o
                                0x1b9 (size before relaxing)
 .debug_str     0x00000467      0x156 .\CortexM0p\ARM_GCC_541\Debug\Cm0plusStart.o
                                0x30b (size before relaxing)
 .debug_str     0x000005bd      0x181 .\CortexM0p\ARM_GCC_541\Debug\GOAL-MASTER.a(I2C_Master.o)
                                0x31c (size before relaxing)
 .debug_str     0x0000073e       0xbe .\CortexM0p\ARM_GCC_541\Debug\GOAL-MASTER.a(I2C_Master_I2C.o)
                                0x282 (size before relaxing)
 .debug_str     0x000007fc      0x2db .\CortexM0p\ARM_GCC_541\Debug\GOAL-MASTER.a(I2C_Master_I2C_MASTER.o)
                                0x576 (size before relaxing)
 .debug_str     0x00000ad7       0xbd .\CortexM0p\ARM_GCC_541\Debug\GOAL-MASTER.a(LED_Conect.o)
                                0x255 (size before relaxing)
 .debug_str     0x00000b94      0x4e2 .\CortexM0p\ARM_GCC_541\Debug\GOAL-MASTER.a(CyLib.o)
                                0x707 (size before relaxing)
 .debug_str     0x00001076      0x2d9 .\CortexM0p\ARM_GCC_541\Debug\GOAL-MASTER.a(CyLFClk.o)
                                0x4b6 (size before relaxing)
 .debug_str     0x0000134f      0x2fa .\CortexM0p\ARM_GCC_541\Debug\GOAL-MASTER.a(ADC_Adc.o)
                                0x510 (size before relaxing)
 .debug_str     0x00001649       0x89 .\CortexM0p\ARM_GCC_541\Debug\GOAL-MASTER.a(ADC_Adc_INT.o)
                                0x2e1 (size before relaxing)
 .debug_str     0x000016d2       0x2e .\CortexM0p\ARM_GCC_541\Debug\GOAL-MASTER.a(ADC_Structure.o)
                                0x296 (size before relaxing)
 .debug_str     0x00001700      0x101 .\CortexM0p\ARM_GCC_541\Debug\GOAL-MASTER.a(ADC_ISR.o)
                                0x302 (size before relaxing)
 .debug_str     0x00001801      0x48f .\CortexM0p\ARM_GCC_541\Debug\GOAL-MASTER.a(PWM_Buzzer.o)
                                0x67f (size before relaxing)
 .debug_str     0x00001c90      0x119 .\CortexM0p\ARM_GCC_541\Debug\GOAL-MASTER.a(Button_INT.o)
                                0x32c (size before relaxing)
 .debug_str     0x00001da9       0x78 .\CortexM0p\ARM_GCC_541\Debug\GOAL-MASTER.a(Button.o)
                                0x239 (size before relaxing)
 .debug_str     0x00001e21      0x3a8 .\CortexM0p\ARM_GCC_541\Debug\GOAL-MASTER.a(PWM_Servo.o)
                                0x655 (size before relaxing)
 .debug_str     0x000021c9       0x55 .\CortexM0p\ARM_GCC_541\Debug\GOAL-MASTER.a(I2C_Master_I2C_INT.o)
                                0x31c (size before relaxing)
 .debug_str     0x0000221e      0x124 .\CortexM0p\ARM_GCC_541\Debug\GOAL-MASTER.a(CyFlash.o)
                                0x31e (size before relaxing)

.debug_loc      0x00000000     0x2b72
 *(.debug_loc)
 .debug_loc     0x00000000       0x21 .\CortexM0p\ARM_GCC_541\Debug\i2c_goal.o
 .debug_loc     0x00000021       0x1e .\CortexM0p\ARM_GCC_541\Debug\sensors.o
 .debug_loc     0x0000003f       0x32 .\CortexM0p\ARM_GCC_541\Debug\main.o
 .debug_loc     0x00000071       0x35 .\CortexM0p\ARM_GCC_541\Debug\cyfitter_cfg.o
 .debug_loc     0x000000a6      0x14f .\CortexM0p\ARM_GCC_541\Debug\Cm0plusStart.o
 .debug_loc     0x000001f5       0x7e .\CortexM0p\ARM_GCC_541\Debug\GOAL-MASTER.a(I2C_Master.o)
 .debug_loc     0x00000273      0xa49 .\CortexM0p\ARM_GCC_541\Debug\GOAL-MASTER.a(I2C_Master_I2C_MASTER.o)
 .debug_loc     0x00000cbc       0xa2 .\CortexM0p\ARM_GCC_541\Debug\GOAL-MASTER.a(LED_Conect.o)
 .debug_loc     0x00000d5e      0x5d9 .\CortexM0p\ARM_GCC_541\Debug\GOAL-MASTER.a(CyLib.o)
 .debug_loc     0x00001337      0x354 .\CortexM0p\ARM_GCC_541\Debug\GOAL-MASTER.a(CyLFClk.o)
 .debug_loc     0x0000168b      0x3ce .\CortexM0p\ARM_GCC_541\Debug\GOAL-MASTER.a(ADC_Adc.o)
 .debug_loc     0x00001a59      0x21c .\CortexM0p\ARM_GCC_541\Debug\GOAL-MASTER.a(ADC_Adc_INT.o)
 .debug_loc     0x00001c75       0x82 .\CortexM0p\ARM_GCC_541\Debug\GOAL-MASTER.a(ADC_ISR.o)
 .debug_loc     0x00001cf7      0x547 .\CortexM0p\ARM_GCC_541\Debug\GOAL-MASTER.a(PWM_Buzzer.o)
 .debug_loc     0x0000223e       0x82 .\CortexM0p\ARM_GCC_541\Debug\GOAL-MASTER.a(Button_INT.o)
 .debug_loc     0x000022c0       0xa2 .\CortexM0p\ARM_GCC_541\Debug\GOAL-MASTER.a(Button.o)
 .debug_loc     0x00002362      0x547 .\CortexM0p\ARM_GCC_541\Debug\GOAL-MASTER.a(PWM_Servo.o)
 .debug_loc     0x000028a9      0x10c .\CortexM0p\ARM_GCC_541\Debug\GOAL-MASTER.a(I2C_Master_I2C_INT.o)
 .debug_loc     0x000029b5      0x1bd .\CortexM0p\ARM_GCC_541\Debug\GOAL-MASTER.a(CyFlash.o)

.debug_macinfo
 *(.debug_macinfo)

.debug_ranges   0x00000000      0x8f0
 *(.debug_ranges)
 .debug_ranges  0x00000000       0x20 .\CortexM0p\ARM_GCC_541\Debug\i2c_goal.o
 .debug_ranges  0x00000020       0x10 .\CortexM0p\ARM_GCC_541\Debug\protocol.o
 .debug_ranges  0x00000030       0x18 .\CortexM0p\ARM_GCC_541\Debug\sensors.o
 .debug_ranges  0x00000048       0x10 .\CortexM0p\ARM_GCC_541\Debug\buttons.o
 .debug_ranges  0x00000058       0x10 .\CortexM0p\ARM_GCC_541\Debug\main.o
 .debug_ranges  0x00000068       0x28 .\CortexM0p\ARM_GCC_541\Debug\cyfitter_cfg.o
 .debug_ranges  0x00000090       0x38 .\CortexM0p\ARM_GCC_541\Debug\Cm0plusStart.o
 .debug_ranges  0x000000c8       0x50 .\CortexM0p\ARM_GCC_541\Debug\GOAL-MASTER.a(I2C_Master.o)
 .debug_ranges  0x00000118       0x20 .\CortexM0p\ARM_GCC_541\Debug\GOAL-MASTER.a(I2C_Master_I2C.o)
 .debug_ranges  0x00000138       0x88 .\CortexM0p\ARM_GCC_541\Debug\GOAL-MASTER.a(I2C_Master_I2C_MASTER.o)
 .debug_ranges  0x000001c0       0x38 .\CortexM0p\ARM_GCC_541\Debug\GOAL-MASTER.a(LED_Conect.o)
 .debug_ranges  0x000001f8      0x180 .\CortexM0p\ARM_GCC_541\Debug\GOAL-MASTER.a(CyLib.o)
 .debug_ranges  0x00000378       0xc8 .\CortexM0p\ARM_GCC_541\Debug\GOAL-MASTER.a(CyLFClk.o)
 .debug_ranges  0x00000440       0xa0 .\CortexM0p\ARM_GCC_541\Debug\GOAL-MASTER.a(ADC_Adc.o)
 .debug_ranges  0x000004e0       0x10 .\CortexM0p\ARM_GCC_541\Debug\GOAL-MASTER.a(ADC_Adc_INT.o)
 .debug_ranges  0x000004f0       0x10 .\CortexM0p\ARM_GCC_541\Debug\GOAL-MASTER.a(ADC_Structure.o)
 .debug_ranges  0x00000500       0x70 .\CortexM0p\ARM_GCC_541\Debug\GOAL-MASTER.a(ADC_ISR.o)
 .debug_ranges  0x00000570      0x148 .\CortexM0p\ARM_GCC_541\Debug\GOAL-MASTER.a(PWM_Buzzer.o)
 .debug_ranges  0x000006b8       0x70 .\CortexM0p\ARM_GCC_541\Debug\GOAL-MASTER.a(Button_INT.o)
 .debug_ranges  0x00000728       0x38 .\CortexM0p\ARM_GCC_541\Debug\GOAL-MASTER.a(Button.o)
 .debug_ranges  0x00000760      0x148 .\CortexM0p\ARM_GCC_541\Debug\GOAL-MASTER.a(PWM_Servo.o)
 .debug_ranges  0x000008a8       0x10 .\CortexM0p\ARM_GCC_541\Debug\GOAL-MASTER.a(I2C_Master_I2C_INT.o)
 .debug_ranges  0x000008b8       0x38 .\CortexM0p\ARM_GCC_541\Debug\GOAL-MASTER.a(CyFlash.o)

.comment        0x00000000       0x6e
 .comment       0x00000000       0x6e .\CortexM0p\ARM_GCC_541\Debug\i2c_goal.o
                                 0x6f (size before relaxing)
 .comment       0x0000006e       0x6f .\CortexM0p\ARM_GCC_541\Debug\protocol.o
 .comment       0x0000006e       0x6f .\CortexM0p\ARM_GCC_541\Debug\sensors.o
 .comment       0x0000006e       0x6f .\CortexM0p\ARM_GCC_541\Debug\buttons.o
 .comment       0x0000006e       0x6f .\CortexM0p\ARM_GCC_541\Debug\main.o
 .comment       0x0000006e       0x6f .\CortexM0p\ARM_GCC_541\Debug\cyfitter_cfg.o
 .comment       0x0000006e       0x6f .\CortexM0p\ARM_GCC_541\Debug\cymetadata.o
 .comment       0x0000006e       0x6f .\CortexM0p\ARM_GCC_541\Debug\Cm0plusStart.o
 .comment       0x0000006e       0x6f .\CortexM0p\ARM_GCC_541\Debug\GOAL-MASTER.a(I2C_Master.o)
 .comment       0x0000006e       0x6f .\CortexM0p\ARM_GCC_541\Debug\GOAL-MASTER.a(I2C_Master_I2C.o)
 .comment       0x0000006e       0x6f .\CortexM0p\ARM_GCC_541\Debug\GOAL-MASTER.a(I2C_Master_I2C_MASTER.o)
 .comment       0x0000006e       0x6f .\CortexM0p\ARM_GCC_541\Debug\GOAL-MASTER.a(LED_Conect.o)
 .comment       0x0000006e       0x6f .\CortexM0p\ARM_GCC_541\Debug\GOAL-MASTER.a(CyLib.o)
 .comment       0x0000006e       0x6f .\CortexM0p\ARM_GCC_541\Debug\GOAL-MASTER.a(CyLFClk.o)
 .comment       0x0000006e       0x6f .\CortexM0p\ARM_GCC_541\Debug\GOAL-MASTER.a(ADC_Adc.o)
 .comment       0x0000006e       0x6f .\CortexM0p\ARM_GCC_541\Debug\GOAL-MASTER.a(ADC_Adc_INT.o)
 .comment       0x0000006e       0x6f .\CortexM0p\ARM_GCC_541\Debug\GOAL-MASTER.a(ADC_Structure.o)
 .comment       0x0000006e       0x6f .\CortexM0p\ARM_GCC_541\Debug\GOAL-MASTER.a(ADC_ISR.o)
 .comment       0x0000006e       0x6f .\CortexM0p\ARM_GCC_541\Debug\GOAL-MASTER.a(PWM_Buzzer.o)
 .comment       0x0000006e       0x6f .\CortexM0p\ARM_GCC_541\Debug\GOAL-MASTER.a(Button_INT.o)
 .comment       0x0000006e       0x6f .\CortexM0p\ARM_GCC_541\Debug\GOAL-MASTER.a(Button.o)
 .comment       0x0000006e       0x6f .\CortexM0p\ARM_GCC_541\Debug\GOAL-MASTER.a(PWM_Servo.o)
 .comment       0x0000006e       0x6f .\CortexM0p\ARM_GCC_541\Debug\GOAL-MASTER.a(I2C_Master_I2C_INT.o)
 .comment       0x0000006e       0x6f .\CortexM0p\ARM_GCC_541\Debug\GOAL-MASTER.a(CyFlash.o)

.debug_weaknames
 *(.debug_weaknames)

.debug_funcnames
 *(.debug_funcnames)

.debug_typenames
 *(.debug_typenames)

.debug_varnames
 *(.debug_varnames)

.note.gnu.arm.ident
 *(.note.gnu.arm.ident)

.ARM.attributes
                0x00000000       0x28
 *(.ARM.attributes)
 .ARM.attributes
                0x00000000       0x1e c:/program files (x86)/cypress/psoc creator/4.2/psoc creator/import/gnu/arm/5.4.1/bin/../lib/gcc/arm-none-eabi/5.4.1/armv6-m/crti.o
 .ARM.attributes
                0x0000001e       0x2c c:/program files (x86)/cypress/psoc creator/4.2/psoc creator/import/gnu/arm/5.4.1/bin/../lib/gcc/arm-none-eabi/5.4.1/armv6-m/crtbegin.o
 .ARM.attributes
                0x0000004a       0x1b c:/program files (x86)/cypress/psoc creator/4.2/psoc creator/import/gnu/arm/5.4.1/bin/../lib/gcc/arm-none-eabi/5.4.1/../../../../arm-none-eabi/lib/armv6-m/crt0.o
 .ARM.attributes
                0x00000065       0x32 .\CortexM0p\ARM_GCC_541\Debug\i2c_goal.o
 .ARM.attributes
                0x00000097       0x32 .\CortexM0p\ARM_GCC_541\Debug\protocol.o
 .ARM.attributes
                0x000000c9       0x32 .\CortexM0p\ARM_GCC_541\Debug\sensors.o
 .ARM.attributes
                0x000000fb       0x32 .\CortexM0p\ARM_GCC_541\Debug\buttons.o
 .ARM.attributes
                0x0000012d       0x32 .\CortexM0p\ARM_GCC_541\Debug\main.o
 .ARM.attributes
                0x0000015f       0x32 .\CortexM0p\ARM_GCC_541\Debug\cyfitter_cfg.o
 .ARM.attributes
                0x00000191       0x32 .\CortexM0p\ARM_GCC_541\Debug\cymetadata.o
 .ARM.attributes
                0x000001c3       0x32 .\CortexM0p\ARM_GCC_541\Debug\Cm0plusStart.o
 .ARM.attributes
                0x000001f5       0x32 .\CortexM0p\ARM_GCC_541\Debug\GOAL-MASTER.a(I2C_Master.o)
 .ARM.attributes
                0x00000227       0x32 .\CortexM0p\ARM_GCC_541\Debug\GOAL-MASTER.a(I2C_Master_I2C.o)
 .ARM.attributes
                0x00000259       0x32 .\CortexM0p\ARM_GCC_541\Debug\GOAL-MASTER.a(I2C_Master_I2C_MASTER.o)
 .ARM.attributes
                0x0000028b       0x32 .\CortexM0p\ARM_GCC_541\Debug\GOAL-MASTER.a(LED_Conect.o)
 .ARM.attributes
                0x000002bd       0x32 .\CortexM0p\ARM_GCC_541\Debug\GOAL-MASTER.a(CyLib.o)
 .ARM.attributes
                0x000002ef       0x32 .\CortexM0p\ARM_GCC_541\Debug\GOAL-MASTER.a(CyLFClk.o)
 .ARM.attributes
                0x00000321       0x32 .\CortexM0p\ARM_GCC_541\Debug\GOAL-MASTER.a(ADC_Adc.o)
 .ARM.attributes
                0x00000353       0x32 .\CortexM0p\ARM_GCC_541\Debug\GOAL-MASTER.a(ADC_Adc_INT.o)
 .ARM.attributes
                0x00000385       0x32 .\CortexM0p\ARM_GCC_541\Debug\GOAL-MASTER.a(ADC_Structure.o)
 .ARM.attributes
                0x000003b7       0x32 .\CortexM0p\ARM_GCC_541\Debug\GOAL-MASTER.a(ADC_ISR.o)
 .ARM.attributes
                0x000003e9       0x32 .\CortexM0p\ARM_GCC_541\Debug\GOAL-MASTER.a(PWM_Buzzer.o)
 .ARM.attributes
                0x0000041b       0x32 .\CortexM0p\ARM_GCC_541\Debug\GOAL-MASTER.a(Button_INT.o)
 .ARM.attributes
                0x0000044d       0x32 .\CortexM0p\ARM_GCC_541\Debug\GOAL-MASTER.a(Button.o)
 .ARM.attributes
                0x0000047f       0x32 .\CortexM0p\ARM_GCC_541\Debug\GOAL-MASTER.a(PWM_Servo.o)
 .ARM.attributes
                0x000004b1       0x22 .\CortexM0p\ARM_GCC_541\Debug\GOAL-MASTER.a(CyBootAsmGnu.o)
 .ARM.attributes
                0x000004d3       0x32 .\CortexM0p\ARM_GCC_541\Debug\GOAL-MASTER.a(I2C_Master_I2C_INT.o)
 .ARM.attributes
                0x00000505       0x32 .\CortexM0p\ARM_GCC_541\Debug\GOAL-MASTER.a(CyFlash.o)
 .ARM.attributes
                0x00000537       0x1e c:/program files (x86)/cypress/psoc creator/4.2/psoc creator/import/gnu/arm/5.4.1/bin/../lib/gcc/arm-none-eabi/5.4.1/armv6-m\libgcc.a(_udivsi3.o)
 .ARM.attributes
                0x00000555       0x1e c:/program files (x86)/cypress/psoc creator/4.2/psoc creator/import/gnu/arm/5.4.1/bin/../lib/gcc/arm-none-eabi/5.4.1/armv6-m\libgcc.a(_divsi3.o)
 .ARM.attributes
                0x00000573       0x1e c:/program files (x86)/cypress/psoc creator/4.2/psoc creator/import/gnu/arm/5.4.1/bin/../lib/gcc/arm-none-eabi/5.4.1/armv6-m\libgcc.a(_dvmd_tls.o)
 .ARM.attributes
                0x00000591       0x2c c:/program files (x86)/cypress/psoc creator/4.2/psoc creator/import/gnu/arm/5.4.1/bin/../lib/gcc/arm-none-eabi/5.4.1/../../../../arm-none-eabi/lib/armv6-m\libg_nano.a(lib_a-errno.o)
 .ARM.attributes
                0x000005bd       0x2c c:/program files (x86)/cypress/psoc creator/4.2/psoc creator/import/gnu/arm/5.4.1/bin/../lib/gcc/arm-none-eabi/5.4.1/../../../../arm-none-eabi/lib/armv6-m\libg_nano.a(lib_a-exit.o)
 .ARM.attributes
                0x000005e9       0x2c c:/program files (x86)/cypress/psoc creator/4.2/psoc creator/import/gnu/arm/5.4.1/bin/../lib/gcc/arm-none-eabi/5.4.1/../../../../arm-none-eabi/lib/armv6-m\libg_nano.a(lib_a-impure.o)
 .ARM.attributes
                0x00000615       0x2c c:/program files (x86)/cypress/psoc creator/4.2/psoc creator/import/gnu/arm/5.4.1/bin/../lib/gcc/arm-none-eabi/5.4.1/../../../../arm-none-eabi/lib/armv6-m\libg_nano.a(lib_a-init.o)
 .ARM.attributes
                0x00000641       0x2c c:/program files (x86)/cypress/psoc creator/4.2/psoc creator/import/gnu/arm/5.4.1/bin/../lib/gcc/arm-none-eabi/5.4.1/../../../../arm-none-eabi/lib/armv6-m\libg_nano.a(lib_a-memcpy-stub.o)
 .ARM.attributes
                0x0000066d       0x2c c:/program files (x86)/cypress/psoc creator/4.2/psoc creator/import/gnu/arm/5.4.1/bin/../lib/gcc/arm-none-eabi/5.4.1/../../../../arm-none-eabi/lib/armv6-m\libg_nano.a(lib_a-memset.o)
 .ARM.attributes
                0x00000699       0x2c c:/program files (x86)/cypress/psoc creator/4.2/psoc creator/import/gnu/arm/5.4.1/bin/../lib/gcc/arm-none-eabi/5.4.1/../../../../arm-none-eabi/lib/armv6-m\libg_nano.a(lib_a-nano-vfprintf_float.o)
 .ARM.attributes
                0x000006c5       0x2c c:/program files (x86)/cypress/psoc creator/4.2/psoc creator/import/gnu/arm/5.4.1/bin/../lib/gcc/arm-none-eabi/5.4.1/../../../../arm-none-eabi/lib/armv6-m\libg_nano.a(lib_a-nano-vfprintf_i.o)
 .ARM.attributes
                0x000006f1       0x1c c:/program files (x86)/cypress/psoc creator/4.2/psoc creator/import/gnu/arm/5.4.1/bin/../lib/gcc/arm-none-eabi/5.4.1/../../../../arm-none-eabi/lib/armv6-m\libg_nano.a(lib_a-strlen.o)
 .ARM.attributes
                0x0000070d       0x2c c:/program files (x86)/cypress/psoc creator/4.2/psoc creator/import/gnu/arm/5.4.1/bin/../lib/gcc/arm-none-eabi/5.4.1/../../../../arm-none-eabi/lib/armv6-m\libg_nano.a(lib_a-dtoa.o)
 .ARM.attributes
                0x00000739       0x2c c:/program files (x86)/cypress/psoc creator/4.2/psoc creator/import/gnu/arm/5.4.1/bin/../lib/gcc/arm-none-eabi/5.4.1/../../../../arm-none-eabi/lib/armv6-m\libg_nano.a(lib_a-locale.o)
 .ARM.attributes
                0x00000765       0x2c c:/program files (x86)/cypress/psoc creator/4.2/psoc creator/import/gnu/arm/5.4.1/bin/../lib/gcc/arm-none-eabi/5.4.1/../../../../arm-none-eabi/lib/armv6-m\libg_nano.a(lib_a-malloc.o)
 .ARM.attributes
                0x00000791       0x2c c:/program files (x86)/cypress/psoc creator/4.2/psoc creator/import/gnu/arm/5.4.1/bin/../lib/gcc/arm-none-eabi/5.4.1/../../../../arm-none-eabi/lib/armv6-m\libg_nano.a(lib_a-memchr-stub.o)
 .ARM.attributes
                0x000007bd       0x2c c:/program files (x86)/cypress/psoc creator/4.2/psoc creator/import/gnu/arm/5.4.1/bin/../lib/gcc/arm-none-eabi/5.4.1/../../../../arm-none-eabi/lib/armv6-m\libg_nano.a(lib_a-mprec.o)
 .ARM.attributes
                0x000007e9       0x2c c:/program files (x86)/cypress/psoc creator/4.2/psoc creator/import/gnu/arm/5.4.1/bin/../lib/gcc/arm-none-eabi/5.4.1/../../../../arm-none-eabi/lib/armv6-m\libg_nano.a(lib_a-nano-callocr.o)
 .ARM.attributes
                0x00000815       0x2c c:/program files (x86)/cypress/psoc creator/4.2/psoc creator/import/gnu/arm/5.4.1/bin/../lib/gcc/arm-none-eabi/5.4.1/../../../../arm-none-eabi/lib/armv6-m\libg_nano.a(lib_a-nano-freer.o)
 .ARM.attributes
                0x00000841       0x2c c:/program files (x86)/cypress/psoc creator/4.2/psoc creator/import/gnu/arm/5.4.1/bin/../lib/gcc/arm-none-eabi/5.4.1/../../../../arm-none-eabi/lib/armv6-m\libg_nano.a(lib_a-nano-mallocr.o)
 .ARM.attributes
                0x0000086d       0x2c c:/program files (x86)/cypress/psoc creator/4.2/psoc creator/import/gnu/arm/5.4.1/bin/../lib/gcc/arm-none-eabi/5.4.1/../../../../arm-none-eabi/lib/armv6-m\libg_nano.a(lib_a-sbrkr.o)
 .ARM.attributes
                0x00000899       0x1c c:/program files (x86)/cypress/psoc creator/4.2/psoc creator/import/gnu/arm/5.4.1/bin/../lib/gcc/arm-none-eabi/5.4.1/../../../../arm-none-eabi/lib/armv6-m\libg_nano.a(lib_a-strcmp.o)
 .ARM.attributes
                0x000008b5       0x2c c:/program files (x86)/cypress/psoc creator/4.2/psoc creator/import/gnu/arm/5.4.1/bin/../lib/gcc/arm-none-eabi/5.4.1/../../../../arm-none-eabi/lib/armv6-m\libg_nano.a(lib_a-mlock.o)
 .ARM.attributes
                0x000008e1       0x2c c:/program files (x86)/cypress/psoc creator/4.2/psoc creator/import/gnu/arm/5.4.1/bin/../lib/gcc/arm-none-eabi/5.4.1/../../../../arm-none-eabi/lib/armv6-m\libg_nano.a(lib_a-reent.o)
 .ARM.attributes
                0x0000090d       0x1e c:/program files (x86)/cypress/psoc creator/4.2/psoc creator/import/gnu/arm/5.4.1/bin/../lib/gcc/arm-none-eabi/5.4.1/armv6-m\libgcc.a(_thumb1_case_uqi.o)
 .ARM.attributes
                0x0000092b       0x1e c:/program files (x86)/cypress/psoc creator/4.2/psoc creator/import/gnu/arm/5.4.1/bin/../lib/gcc/arm-none-eabi/5.4.1/armv6-m\libgcc.a(_arm_cmpdf2.o)
 .ARM.attributes
                0x00000949       0x2c c:/program files (x86)/cypress/psoc creator/4.2/psoc creator/import/gnu/arm/5.4.1/bin/../lib/gcc/arm-none-eabi/5.4.1/armv6-m\libgcc.a(adddf3.o)
 .ARM.attributes
                0x00000975       0x2c c:/program files (x86)/cypress/psoc creator/4.2/psoc creator/import/gnu/arm/5.4.1/bin/../lib/gcc/arm-none-eabi/5.4.1/armv6-m\libgcc.a(divdf3.o)
 .ARM.attributes
                0x000009a1       0x2c c:/program files (x86)/cypress/psoc creator/4.2/psoc creator/import/gnu/arm/5.4.1/bin/../lib/gcc/arm-none-eabi/5.4.1/armv6-m\libgcc.a(eqdf2.o)
 .ARM.attributes
                0x000009cd       0x2c c:/program files (x86)/cypress/psoc creator/4.2/psoc creator/import/gnu/arm/5.4.1/bin/../lib/gcc/arm-none-eabi/5.4.1/armv6-m\libgcc.a(gedf2.o)
 .ARM.attributes
                0x000009f9       0x2c c:/program files (x86)/cypress/psoc creator/4.2/psoc creator/import/gnu/arm/5.4.1/bin/../lib/gcc/arm-none-eabi/5.4.1/armv6-m\libgcc.a(ledf2.o)
 .ARM.attributes
                0x00000a25       0x2c c:/program files (x86)/cypress/psoc creator/4.2/psoc creator/import/gnu/arm/5.4.1/bin/../lib/gcc/arm-none-eabi/5.4.1/armv6-m\libgcc.a(muldf3.o)
 .ARM.attributes
                0x00000a51       0x2c c:/program files (x86)/cypress/psoc creator/4.2/psoc creator/import/gnu/arm/5.4.1/bin/../lib/gcc/arm-none-eabi/5.4.1/armv6-m\libgcc.a(subdf3.o)
 .ARM.attributes
                0x00000a7d       0x2c c:/program files (x86)/cypress/psoc creator/4.2/psoc creator/import/gnu/arm/5.4.1/bin/../lib/gcc/arm-none-eabi/5.4.1/armv6-m\libgcc.a(unorddf2.o)
 .ARM.attributes
                0x00000aa9       0x2c c:/program files (x86)/cypress/psoc creator/4.2/psoc creator/import/gnu/arm/5.4.1/bin/../lib/gcc/arm-none-eabi/5.4.1/armv6-m\libgcc.a(fixdfsi.o)
 .ARM.attributes
                0x00000ad5       0x2c c:/program files (x86)/cypress/psoc creator/4.2/psoc creator/import/gnu/arm/5.4.1/bin/../lib/gcc/arm-none-eabi/5.4.1/armv6-m\libgcc.a(floatsidf.o)
 .ARM.attributes
                0x00000b01       0x2c c:/program files (x86)/cypress/psoc creator/4.2/psoc creator/import/gnu/arm/5.4.1/bin/../lib/gcc/arm-none-eabi/5.4.1/armv6-m\libgcc.a(floatunsidf.o)
 .ARM.attributes
                0x00000b2d       0x1e c:/program files (x86)/cypress/psoc creator/4.2/psoc creator/import/gnu/arm/5.4.1/bin/../lib/gcc/arm-none-eabi/5.4.1/armv6-m\libgcc.a(_clzsi2.o)
 .ARM.attributes
                0x00000b4b       0x2c c:/program files (x86)/cypress/psoc creator/4.2/psoc creator/import/gnu/arm/5.4.1/bin/../lib/gcc/arm-none-eabi/5.4.1/armv6-m/crtend.o
 .ARM.attributes
                0x00000b77       0x1e c:/program files (x86)/cypress/psoc creator/4.2/psoc creator/import/gnu/arm/5.4.1/bin/../lib/gcc/arm-none-eabi/5.4.1/armv6-m/crtn.o

/DISCARD/
 *(.note.GNU-stack)
OUTPUT(D:\Programming\PSoC\GitGoalKitchen\Goal\GOAL-MASTER.cydsn\CortexM0p\ARM_GCC_541\Debug\GOAL-MASTER.elf elf32-littlearm)
