Archive member included to satisfy reference by file (symbol)

.\CortexM0\ARM_GCC_541\Debug\GOAL-EZ-BLE.a(BLE.o)
                              .\CortexM0\ARM_GCC_541\Debug\protocol.o (CyBle_Start)
.\CortexM0\ARM_GCC_541\Debug\GOAL-EZ-BLE.a(BLE_gatt.o)
                              .\CortexM0\ARM_GCC_541\Debug\GOAL-EZ-BLE.a(BLE.o) (cyBle_state)
.\CortexM0\ARM_GCC_541\Debug\GOAL-EZ-BLE.a(BLE_eventHandler.o)
                              .\CortexM0\ARM_GCC_541\Debug\ble_update.o (cyBle_connHandle)
.\CortexM0\ARM_GCC_541\Debug\GOAL-EZ-BLE.a(BLE_custom.o)
                              .\CortexM0\ARM_GCC_541\Debug\GOAL-EZ-BLE.a(BLE.o) (CyBle_CustomInit)
.\CortexM0\ARM_GCC_541\Debug\GOAL-EZ-BLE.a(I2C.o)
                              .\CortexM0\ARM_GCC_541\Debug\i2c_goal.o (I2C_Start)
.\CortexM0\ARM_GCC_541\Debug\GOAL-EZ-BLE.a(I2C_EZI2C.o)
                              .\CortexM0\ARM_GCC_541\Debug\GOAL-EZ-BLE.a(I2C.o) (I2C_EzI2CInit)
.\CortexM0\ARM_GCC_541\Debug\GOAL-EZ-BLE.a(I2C_EZI2C_INT.o)
                              .\CortexM0\ARM_GCC_541\Debug\GOAL-EZ-BLE.a(I2C_EZI2C.o) (I2C_EZI2C_STRETCH_ISR)
.\CortexM0\ARM_GCC_541\Debug\GOAL-EZ-BLE.a(CyLib.o)
                              .\CortexM0\ARM_GCC_541\Debug\cyfitter_cfg.o (CySysClkWriteImoFreq)
.\CortexM0\ARM_GCC_541\Debug\GOAL-EZ-BLE.a(CyLFClk.o)
                              .\CortexM0\ARM_GCC_541\Debug\cyfitter_cfg.o (CySysClkWcoStart)
.\CortexM0\ARM_GCC_541\Debug\GOAL-EZ-BLE.a(CyBootAsmGnu.o)
                              .\CortexM0\ARM_GCC_541\Debug\cyfitter_cfg.o (CyDelayCycles)
C:\Users\Roi\Documents\PSoC Creator\4.2\Downloads ( 4.2).cylib\BLE_v3_66\Library\gccCyBLEStack_BLE_SOC_PERIPHERAL.a(CyBle.o)
                              .\CortexM0\ARM_GCC_541\Debug\GOAL-EZ-BLE.a(BLE_eventHandler.o) (CyBle_EnableDefaultDevicePrivacy)
C:\Users\Roi\Documents\PSoC Creator\4.2\Downloads ( 4.2).cylib\BLE_v3_66\Library\gccCyBLEStack_BLE_SOC_PERIPHERAL.a(CyBleStackMgrIP_Interface.o)
                              C:\Users\Roi\Documents\PSoC Creator\4.2\Downloads ( 4.2).cylib\BLE_v3_66\Library\gccCyBLEStack_BLE_SOC_PERIPHERAL.a(CyBle.o) (CyBleStackMgr_Init)
C:\Users\Roi\Documents\PSoC Creator\4.2\Downloads ( 4.2).cylib\BLE_v3_66\Library\gccCyBLEStack_BLE_SOC_PERIPHERAL.a(BT_os.o)
                              C:\Users\Roi\Documents\PSoC Creator\4.2\Downloads ( 4.2).cylib\BLE_v3_66\Library\gccCyBLEStack_BLE_SOC_PERIPHERAL.a(CyBleStackMgrIP_Interface.o) (cyBleStackMemoryConfig)
C:\Users\Roi\Documents\PSoC Creator\4.2\Downloads ( 4.2).cylib\BLE_v3_66\Library\gccCyBLEStack_BLE_SOC_PERIPHERAL.a(BT_timer.o)
                              C:\Users\Roi\Documents\PSoC Creator\4.2\Downloads ( 4.2).cylib\BLE_v3_66\Library\gccCyBLEStack_BLE_SOC_PERIPHERAL.a(CyBleStackMgrIP_Interface.o) (timer_init)
C:\Users\Roi\Documents\PSoC Creator\4.2\Downloads ( 4.2).cylib\BLE_v3_66\Library\gccCyBLEStack_BLE_SOC_PERIPHERAL.a(CyBleStackMgr_StackTaskHandler.o)
                              C:\Users\Roi\Documents\PSoC Creator\4.2\Downloads ( 4.2).cylib\BLE_v3_66\Library\gccCyBLEStack_BLE_SOC_PERIPHERAL.a(BT_timer.o) (BLE_STACK_TASK_EVT)
C:\Users\Roi\Documents\PSoC Creator\4.2\Downloads ( 4.2).cylib\BLE_v3_66\Library\gccCyBLEStack_BLE_SOC_PERIPHERAL.a(transport_sf.o)
                              C:\Users\Roi\Documents\PSoC Creator\4.2\Downloads ( 4.2).cylib\BLE_v3_66\Library\gccCyBLEStack_BLE_SOC_PERIPHERAL.a(CyBleStackMgr_StackTaskHandler.o) (hci_soft_transport_notify_data_received)
C:\Users\Roi\Documents\PSoC Creator\4.2\Downloads ( 4.2).cylib\BLE_v3_66\Library\gccCyBLEStack_BLE_SOC_PERIPHERAL.a(CyBleStackMgr_PSoCHal.o)
                              C:\Users\Roi\Documents\PSoC Creator\4.2\Downloads ( 4.2).cylib\BLE_v3_66\Library\gccCyBLEStack_BLE_SOC_PERIPHERAL.a(BT_timer.o) (CyBleStackMgr_GetTime)
C:\Users\Roi\Documents\PSoC Creator\4.2\Downloads ( 4.2).cylib\BLE_v3_66\Library\gccCyBLEStack_BLE_SOC_PERIPHERAL.a(CyBleStackMgr_BleSSDriver.o)
                              C:\Users\Roi\Documents\PSoC Creator\4.2\Downloads ( 4.2).cylib\BLE_v3_66\Library\gccCyBLEStack_BLE_SOC_PERIPHERAL.a(CyBleStackMgrIP_Interface.o) (CyBleStackMgr_BleSSInit)
C:\Users\Roi\Documents\PSoC Creator\4.2\Downloads ( 4.2).cylib\BLE_v3_66\Library\gccCyBLEStack_BLE_SOC_PERIPHERAL.a(config_bin.o)
                              C:\Users\Roi\Documents\PSoC Creator\4.2\Downloads ( 4.2).cylib\BLE_v3_66\Library\gccCyBLEStack_BLE_SOC_PERIPHERAL.a(CyBleStackMgr_PSoCHal.o) (bt_cfg_pdata)
C:\Users\Roi\Documents\PSoC Creator\4.2\Downloads ( 4.2).cylib\BLE_v3_66\Library\gccCyBLEStack_BLE_SOC_PERIPHERAL.a(storage_pl.o)
                              C:\Users\Roi\Documents\PSoC Creator\4.2\Downloads ( 4.2).cylib\BLE_v3_66\Library\gccCyBLEStack_BLE_SOC_PERIPHERAL.a(CyBle.o) (storage_register_flash_pointer)
C:\Users\Roi\Documents\PSoC Creator\4.2\Downloads ( 4.2).cylib\BLE_v3_66\Library\gccCyBLEStack_BLE_SOC_PERIPHERAL.a(mint_os.o)
[...]
Memory Configuration

Name             Origin             Length             Attributes
rom              0x00000000         0x00020000         xr
ram              0x20000000         0x00004000         xrw
*default*        0x00000000         0xffffffff

Linker script and memory map

LOAD c:/program files (x86)/cypress/psoc creator/4.2/psoc creator/import/gnu/arm/5.4.1/bin/../lib/gcc/arm-none-eabi/5.4.1/armv6-m/crti.o
LOAD c:/program files (x86)/cypress/psoc creator/4.2/psoc creator/import/gnu/arm/5.4.1/bin/../lib/gcc/arm-none-eabi/5.4.1/armv6-m/crtbegin.o
LOAD c:/program files (x86)/cypress/psoc creator/4.2/psoc creator/import/gnu/arm/5.4.1/bin/../lib/gcc/arm-none-eabi/5.4.1/../../../../arm-none-eabi/lib/armv6-m/crt0.o
START GROUP
LOAD .\CortexM0\ARM_GCC_541\Debug\i2c_goal.o
LOAD .\CortexM0\ARM_GCC_541\Debug\ez_ble_goal.o
LOAD .\CortexM0\ARM_GCC_541\Debug\protocol.o
LOAD .\CortexM0\ARM_GCC_541\Debug\ble_update.o
LOAD .\CortexM0\ARM_GCC_541\Debug\main.o
LOAD .\CortexM0\ARM_GCC_541\Debug\cyfitter_cfg.o
LOAD .\CortexM0\ARM_GCC_541\Debug\cymetadata.o
LOAD .\CortexM0\ARM_GCC_541\Debug\Cm0Start.o
LOAD .\CortexM0\ARM_GCC_541\Debug\GOAL-EZ-BLE.a
LOAD C:\Users\Roi\Documents\PSoC Creator\4.2\Downloads ( 4.2).cylib\BLE_v3_66\Library\gccCyBLEStack_BLE_SOC_PERIPHERAL.a
END GROUP
START GROUP
LOAD c:/program files (x86)/cypress/psoc creator/4.2/psoc creator/import/gnu/arm/5.4.1/bin/../lib/gcc/arm-none-eabi/5.4.1/armv6-m\libgcc.a
LOAD c:/program files (x86)/cypress/psoc creator/4.2/psoc creator/import/gnu/arm/5.4.1/bin/../lib/gcc/arm-none-eabi/5.4.1/../../../../arm-none-eabi/lib/armv6-m\libg_nano.a
LOAD c:/program files (x86)/cypress/psoc creator/4.2/psoc creator/import/gnu/arm/5.4.1/bin/../lib/gcc/arm-none-eabi/5.4.1/../../../../arm-none-eabi/lib/armv6-m\libc_nano.a
END GROUP
START GROUP
LOAD c:/program files (x86)/cypress/psoc creator/4.2/psoc creator/import/gnu/arm/5.4.1/bin/../lib/gcc/arm-none-eabi/5.4.1/armv6-m\libgcc.a
LOAD c:/program files (x86)/cypress/psoc creator/4.2/psoc creator/import/gnu/arm/5.4.1/bin/../lib/gcc/arm-none-eabi/5.4.1/../../../../arm-none-eabi/lib/armv6-m\libc_nano.a
END GROUP
LOAD c:/program files (x86)/cypress/psoc creator/4.2/psoc creator/import/gnu/arm/5.4.1/bin/../lib/gcc/arm-none-eabi/5.4.1/armv6-m/crtend.o
LOAD c:/program files (x86)/cypress/psoc creator/4.2/psoc creator/import/gnu/arm/5.4.1/bin/../lib/gcc/arm-none-eabi/5.4.1/armv6-m/crtn.o
START GROUP
LOAD c:/program files (x86)/cypress/psoc creator/4.2/psoc creator/import/gnu/arm/5.4.1/bin/../lib/gcc/arm-none-eabi/5.4.1/armv6-m\libgcc.a
LOAD c:/program files (x86)/cypress/psoc creator/4.2/psoc creator/import/gnu/arm/5.4.1/bin/../lib/gcc/arm-none-eabi/5.4.1/../../../../arm-none-eabi/lib/armv6-m\libc.a
LOAD c:/program files (x86)/cypress/psoc creator/4.2/psoc creator/import/gnu/arm/5.4.1/bin/../lib/gcc/arm-none-eabi/5.4.1/../../../../arm-none-eabi/lib/armv6-m\libnosys.a
END GROUP
                0x00000000                CY_APPL_ORIGIN = 0x0
                0x00000080                CY_FLASH_ROW_SIZE = 0x80
                0x00000001                CY_APPL_NUM = 0x1
                0x00000001                CY_APPL_MAX = 0x1
                0x00000040                CY_METADATA_SIZE = 0x40
                0x00000000                CY_APPL_LOADABLE = 0x0
                0x00000000                CY_CHECKSUM_EXCLUDE_SIZE = ALIGN (0x0, CY_FLASH_ROW_SIZE)
                0x00000000                CY_APP_FOR_STACK_AND_COPIER = 0x0
                [!provide]                PROVIDE (__cy_heap_start, _end)
                0x00000001                PROVIDE (__cy_region_num, ((__cy_regions_end - __cy_regions) / 0x10))
                0x20004000                PROVIDE (__cy_stack, (ORIGIN (ram) + LENGTH (ram)))
                [!provide]                PROVIDE (__cy_heap_end, (__cy_stack - 0x800))

.cybootloader   0x00000000        0x0
 *(.cybootloader)
                0x00000000                appl1_start = CY_APPL_ORIGIN?CY_APPL_ORIGIN:ALIGN (CY_FLASH_ROW_SIZE)
                0x0000ff80                appl2_start = (appl1_start + ALIGN ((((LENGTH (rom) - appl1_start) - (0x2 * CY_FLASH_ROW_SIZE)) / 0x2), CY_FLASH_ROW_SIZE))
                0x00000000                appl_start = (CY_APPL_NUM == 0x1)?appl1_start:appl2_start
                0x00000001                cy_project_type_bootloader = (appl_start == 0x0)?0x1:0x0
                0x00000000                cy_project_type_app_for_stack_and_copier = (CY_APP_FOR_STACK_AND_COPIER == 0x1)?0x1:0x0

.text           0x00000000     0x23dc
 CREATE_OBJECT_SYMBOLS
                0x00000000                PROVIDE (__cy_interrupt_vector, RomVectors)
 *(.romvectors)
 .romvectors    0x00000000       0x10 .\CortexM0\ARM_GCC_541\Debug\Cm0Start.o
                0x00000000                RomVectors
                0x00000001                ASSERT ((. != __cy_interrupt_vector), No interrupt vector)
                0x00000001                ASSERT (CY_APPL_ORIGIN?(SIZEOF (.cybootloader) <= CY_APPL_ORIGIN):0x1, Wrong image location)
                0x00000010                PROVIDE (__cy_reset, Reset)
 *(.text.Reset)
 .text.Reset    0x00000010        0x8 .\CortexM0\ARM_GCC_541\Debug\Cm0Start.o
                0x00000010                Reset
                0x00000001                ASSERT ((. != __cy_reset), No reset code)
 *(.psocinit)
 .psocinit      0x00000018      0x1c4 .\CortexM0\ARM_GCC_541\Debug\cyfitter_cfg.o
                0x00000108                cyfitter_cfg
                0x000001dc                . = MAX (., 0x100)
 *(.text .text.* .gnu.linkonce.t.*)
 .text          0x000001dc       0x60 c:/program files (x86)/cypress/psoc creator/4.2/psoc creator/import/gnu/arm/5.4.1/bin/../lib/gcc/arm-none-eabi/5.4.1/armv6-m/crtbegin.o
 .text.i2c_init
                0x0000023c       0x30 .\CortexM0\ARM_GCC_541\Debug\i2c_goal.o
                0x0000023c                i2c_init
 .text.set_data_mcu
                0x0000026c       0x2c .\CortexM0\ARM_GCC_541\Debug\i2c_goal.o
                0x0000026c                set_data_mcu
 .text.get_data_mcu
                0x00000298       0x24 .\CortexM0\ARM_GCC_541\Debug\i2c_goal.o
                0x00000298                get_data_mcu
 .text.BleCallBack
                0x000002bc       0x54 .\CortexM0\ARM_GCC_541\Debug\ez_ble_goal.o
                0x000002bc                BleCallBack
 .text.protocol_init
                0x00000310       0x1c .\CortexM0\ARM_GCC_541\Debug\protocol.o
                0x00000310                protocol_init
 .text.main_loop
                0x0000032c       0x14 .\CortexM0\ARM_GCC_541\Debug\protocol.o
                0x0000032c                main_loop
 .text.read     0x00000340       0x40 .\CortexM0\ARM_GCC_541\Debug\ble_update.o
                0x00000340                read
 .text.write    0x00000380       0x5c .\CortexM0\ARM_GCC_541\Debug\ble_update.o
                0x00000380                write
 .text.main     0x000003dc       0x14 .\CortexM0\ARM_GCC_541\Debug\main.o
                0x000003dc                main
 .text.CYMEMZERO
                0x000003f0       0x20 .\CortexM0\ARM_GCC_541\Debug\cyfitter_cfg.o
 .text.AnalogSetDefault
                0x00000410       0x28 .\CortexM0\ARM_GCC_541\Debug\cyfitter_cfg.o
 .text.IntDefaultHandler
                0x00000438       0x14 .\CortexM0\ARM_GCC_541\Debug\Cm0Start.o
                0x00000438                IntDefaultHandler
 .text.Start_c  0x0000044c       0x98 .\CortexM0\ARM_GCC_541\Debug\Cm0Start.o
                0x0000044c                Start_c
 .text.initialize_psoc
                0x000004e4       0x70 .\CortexM0\ARM_GCC_541\Debug\Cm0Start.o
                0x000004e4                initialize_psoc
 .text.CyBle_Init
                0x00000554       0x40 .\CortexM0\ARM_GCC_541\Debug\GOAL-EZ-BLE.a(BLE.o)
                0x00000554                CyBle_Init
 .text.CyBle_ServiceInit
                0x00000594       0x10 .\CortexM0\ARM_GCC_541\Debug\GOAL-EZ-BLE.a(BLE.o)
                0x00000594                CyBle_ServiceInit
 .text.CyBle_Start
                0x000005a4      0x130 .\CortexM0\ARM_GCC_541\Debug\GOAL-EZ-BLE.a(BLE.o)
                0x000005a4                CyBle_Start
 .text.CyBle_GappStartAdvertisement
                0x000006d4       0xd4 .\CortexM0\ARM_GCC_541\Debug\GOAL-EZ-BLE.a(BLE.o)
                0x000006d4                CyBle_GappStartAdvertisement
 .text.CyBle_ChangeAdDeviceAddress
                0x000007a8       0x64 .\CortexM0\ARM_GCC_541\Debug\GOAL-EZ-BLE.a(BLE.o)
                0x000007a8                CyBle_ChangeAdDeviceAddress
 .text.CyBle_Get16ByPtr
                0x0000080c       0x28 .\CortexM0\ARM_GCC_541\Debug\GOAL-EZ-BLE.a(BLE.o)
                0x0000080c                CyBle_Get16ByPtr
 .text.CyBle_GattsWriteEventHandler
                0x00000834       0x98 .\CortexM0\ARM_GCC_541\Debug\GOAL-EZ-BLE.a(BLE_gatt.o)
                0x00000834                CyBle_GattsWriteEventHandler
 .text.CyBle_WriteReqHandler
                0x000008cc       0x74 .\CortexM0\ARM_GCC_541\Debug\GOAL-EZ-BLE.a(BLE_eventHandler.o)
 .text.CyBle_ValueConfirmation
                0x00000940       0x10 .\CortexM0\ARM_GCC_541\Debug\GOAL-EZ-BLE.a(BLE_eventHandler.o)
 .text.CyBle_GattDisconnectEventHandler
                0x00000950       0x1c .\CortexM0\ARM_GCC_541\Debug\GOAL-EZ-BLE.a(BLE_eventHandler.o)
 .text.CyBle_TimeOutEventHandler
                0x0000096c       0x10 .\CortexM0\ARM_GCC_541\Debug\GOAL-EZ-BLE.a(BLE_eventHandler.o)
 .text.CyBle_GattConnectReqHandler
                0x0000097c        0xc .\CortexM0\ARM_GCC_541\Debug\GOAL-EZ-BLE.a(BLE_eventHandler.o)
 .text.CyBle_IsDeviceAddressValid
                0x00000988       0x60 .\CortexM0\ARM_GCC_541\Debug\GOAL-EZ-BLE.a(BLE_eventHandler.o)
                0x00000988                CyBle_IsDeviceAddressValid
 .text.CyBle_L2Cap_ConnParamUpdateRspEventHandler
                0x000009e8       0x14 .\CortexM0\ARM_GCC_541\Debug\GOAL-EZ-BLE.a(BLE_eventHandler.o)
 .text.CyBle_GapConnUpdateCompleteEventHandler
                0x000009fc       0x10 .\CortexM0\ARM_GCC_541\Debug\GOAL-EZ-BLE.a(BLE_eventHandler.o)
 .text.CyBle_EventHandler
                0x00000a0c      0x3fc .\CortexM0\ARM_GCC_541\Debug\GOAL-EZ-BLE.a(BLE_eventHandler.o)
                0x00000a0c                CyBle_EventHandler
 .text.CyBle_CustomInit
                0x00000e08        0xc .\CortexM0\ARM_GCC_541\Debug\GOAL-EZ-BLE.a(BLE_custom.o)
                0x00000e08                CyBle_CustomInit
 .text.I2C_Init
                0x00000e14       0x10 .\CortexM0\ARM_GCC_541\Debug\GOAL-EZ-BLE.a(I2C.o)
                0x00000e14                I2C_Init
 .text.I2C_Enable
                0x00000e24       0x24 .\CortexM0\ARM_GCC_541\Debug\GOAL-EZ-BLE.a(I2C.o)
                0x00000e24                I2C_Enable
 .text.I2C_Start
                0x00000e48       0x24 .\CortexM0\ARM_GCC_541\Debug\GOAL-EZ-BLE.a(I2C.o)
                0x00000e48                I2C_Start
 .text.I2C_ScbEnableIntr
                0x00000e6c       0x10 .\CortexM0\ARM_GCC_541\Debug\GOAL-EZ-BLE.a(I2C.o)
 .text.I2C_ScbModePostEnable
                0x00000e7c        0xc .\CortexM0\ARM_GCC_541\Debug\GOAL-EZ-BLE.a(I2C.o)
 .text.I2C_EzI2CInit
                0x00000e88      0x108 .\CortexM0\ARM_GCC_541\Debug\GOAL-EZ-BLE.a(I2C_EZI2C.o)
                0x00000e88                I2C_EzI2CInit
 .text.I2C_EzI2CSetBuffer1
                0x00000f90       0x48 .\CortexM0\ARM_GCC_541\Debug\GOAL-EZ-BLE.a(I2C_EZI2C.o)
                0x00000f90                I2C_EzI2CSetBuffer1
 .text.I2C_EzI2CSetBuffer2
                0x00000fd8       0x48 .\CortexM0\ARM_GCC_541\Debug\GOAL-EZ-BLE.a(I2C_EZI2C.o)
                0x00000fd8                I2C_EzI2CSetBuffer2
 .text.I2C_EZI2C_STRETCH_ISR
                0x00001020      0x5b4 .\CortexM0\ARM_GCC_541\Debug\GOAL-EZ-BLE.a(I2C_EZI2C_INT.o)
                0x00001020                I2C_EZI2C_STRETCH_ISR
 .text.CySysClkWriteImoFreq
                0x000015d4       0x9c .\CortexM0\ARM_GCC_541\Debug\GOAL-EZ-BLE.a(CyLib.o)
                0x000015d4                CySysClkWriteImoFreq
 .text.CySysClkEcoStart
                0x00001670       0x74 .\CortexM0\ARM_GCC_541\Debug\GOAL-EZ-BLE.a(CyLib.o)
                0x00001670                CySysClkEcoStart
 .text.CySysClkEcoReadStatus
                0x000016e4       0x20 .\CortexM0\ARM_GCC_541\Debug\GOAL-EZ-BLE.a(CyLib.o)
                0x000016e4                CySysClkEcoReadStatus
 .text.CyIntSetVector
                0x00001704       0x4c .\CortexM0\ARM_GCC_541\Debug\GOAL-EZ-BLE.a(CyLib.o)
                0x00001704                CyIntSetVector
 .text.CyIntSetPriority
                0x00001750       0xa8 .\CortexM0\ARM_GCC_541\Debug\GOAL-EZ-BLE.a(CyLib.o)
                0x00001750                CyIntSetPriority
 .text.CyIntEnable
                0x000017f8       0x2c .\CortexM0\ARM_GCC_541\Debug\GOAL-EZ-BLE.a(CyLib.o)
                0x000017f8                CyIntEnable
 .text.CyIntDisable
                0x00001824       0x2c .\CortexM0\ARM_GCC_541\Debug\GOAL-EZ-BLE.a(CyLib.o)
                0x00001824                CyIntDisable
 .text.CyHalt   0x00001850       0x18 .\CortexM0\ARM_GCC_541\Debug\GOAL-EZ-BLE.a(CyLib.o)
                0x00001850                CyHalt
 .text.CyDelay  0x00001868       0x4c .\CortexM0\ARM_GCC_541\Debug\GOAL-EZ-BLE.a(CyLib.o)
                0x00001868                CyDelay
 .text.CyDelayUs
                0x000018b4       0x28 .\CortexM0\ARM_GCC_541\Debug\GOAL-EZ-BLE.a(CyLib.o)
                0x000018b4                CyDelayUs
 .text.CySysClkWcoSetHighPowerMode
                0x000018dc       0x4c .\CortexM0\ARM_GCC_541\Debug\GOAL-EZ-BLE.a(CyLFClk.o)
 .text.CySysClkWcoSetLowPowerMode
                0x00001928       0x4c .\CortexM0\ARM_GCC_541\Debug\GOAL-EZ-BLE.a(CyLFClk.o)
 .text.CySysClkWcoStart
                0x00001974       0x20 .\CortexM0\ARM_GCC_541\Debug\GOAL-EZ-BLE.a(CyLFClk.o)
                0x00001974                CySysClkWcoStart
 .text.CySysClkWcoSetPowerMode
                0x00001994       0x40 .\CortexM0\ARM_GCC_541\Debug\GOAL-EZ-BLE.a(CyLFClk.o)
                0x00001994                CySysClkWcoSetPowerMode
 .text.CySysWdtLock
                0x000019d4       0x34 .\CortexM0\ARM_GCC_541\Debug\GOAL-EZ-BLE.a(CyLFClk.o)
                0x000019d4                CySysWdtLock
 .text.CySysWdtLocked
                0x00001a08       0x20 .\CortexM0\ARM_GCC_541\Debug\GOAL-EZ-BLE.a(CyLFClk.o)
 .text.CySysWdtUnlock
                0x00001a28       0x50 .\CortexM0\ARM_GCC_541\Debug\GOAL-EZ-BLE.a(CyLFClk.o)
                0x00001a28                CySysWdtUnlock
 .text.CySysWdtClearInterrupt
                0x00001a78       0x70 .\CortexM0\ARM_GCC_541\Debug\GOAL-EZ-BLE.a(CyLFClk.o)
                0x00001a78                CySysWdtClearInterrupt
 .text.CySysWdtIsr
                0x00001ae8       0xec .\CortexM0\ARM_GCC_541\Debug\GOAL-EZ-BLE.a(CyLFClk.o)
                0x00001ae8                CySysWdtIsr
 *fill*         0x00001bd4        0x4 
 .text          0x00001bd8       0x20 .\CortexM0\ARM_GCC_541\Debug\GOAL-EZ-BLE.a(CyBootAsmGnu.o)
                0x00001bd8                CyDelayCycles
                0x00001bea                CyEnterCriticalSection
                0x00001bf2                CyExitCriticalSection
 .text.CyBLE_Bless_LlRegWrite
                0x00001bf8       0x20 .\CortexM0\ARM_GCC_541\Debug\GOAL-EZ-BLE.a(BLE_HAL_PVT.o)
                0x00001bf8                CyBLE_Bless_LlRegWrite
 .text.CyBLE_Bless_RfRegWrite
                0x00001c18       0x20 .\CortexM0\ARM_GCC_541\Debug\GOAL-EZ-BLE.a(BLE_HAL_PVT.o)
                0x00001c18                CyBLE_Bless_RfRegWrite
 .text.CyBLE_BlessDeviceConfig
                0x00001c38      0x194 .\CortexM0\ARM_GCC_541\Debug\GOAL-EZ-BLE.a(BLE_HAL_PVT.o)
                0x00001c38                CyBLE_BlessDeviceConfig
 .text.CyBleHal_DelayUs
                0x00001dcc       0x20 .\CortexM0\ARM_GCC_541\Debug\GOAL-EZ-BLE.a(BLE_HAL_PVT.o)
                0x00001dcc                CyBleHal_DelayUs
 .text.CyBleHal_DelayMs
                0x00001dec       0x18 .\CortexM0\ARM_GCC_541\Debug\GOAL-EZ-BLE.a(BLE_HAL_PVT.o)
                0x00001dec                CyBleHal_DelayMs
 .text.CyBleHal_EnableGlobalInterrupts
                0x00001e04       0x10 .\CortexM0\ARM_GCC_541\Debug\GOAL-EZ-BLE.a(BLE_HAL_PVT.o)
                0x00001e04                CyBleHal_EnableGlobalInterrupts
 .text.CyBleHal_DisableGlobalInterrupts
                0x00001e14       0x10 .\CortexM0\ARM_GCC_541\Debug\GOAL-EZ-BLE.a(BLE_HAL_PVT.o)
                0x00001e14                CyBleHal_DisableGlobalInterrupts
 .text.CyBle_HalInit
                0x00001e24       0x20 .\CortexM0\ARM_GCC_541\Debug\GOAL-EZ-BLE.a(BLE_HAL_PVT.o)
                0x00001e24                CyBle_HalInit
 .text.CYBLE_BlessStart
                0x00001e44       0x18 .\CortexM0\ARM_GCC_541\Debug\GOAL-EZ-BLE.a(BLE_HAL_PVT.o)
                0x00001e44                CYBLE_BlessStart
 .text.CyBLE_GetIpBlockVersion
                0x00001e5c       0x10 .\CortexM0\ARM_GCC_541\Debug\GOAL-EZ-BLE.a(BLE_HAL_PVT.o)
                0x00001e5c                CyBLE_GetIpBlockVersion
 .text.CyBle_Hal_pairing_local_public_key_handler
                0x00001e6c       0x14 .\CortexM0\ARM_GCC_541\Debug\GOAL-EZ-BLE.a(BLE_HAL_PVT.o)
                0x00001e6c                CyBle_Hal_pairing_local_public_key_handler
 .text.CyBle_Hal_pairing_remote_key_handler
                0x00001e80       0x14 .\CortexM0\ARM_GCC_541\Debug\GOAL-EZ-BLE.a(BLE_HAL_PVT.o)
                0x00001e80                CyBle_Hal_pairing_remote_key_handler
 .text.CyBle_Hal_pairing_dhkey_handler
                0x00001e94       0x14 .\CortexM0\ARM_GCC_541\Debug\GOAL-EZ-BLE.a(BLE_HAL_PVT.o)
                0x00001e94                CyBle_Hal_pairing_dhkey_handler
 .text.CyBle_Hal_pairing_dhkey_check_handler
                0x00001ea8       0x14 .\CortexM0\ARM_GCC_541\Debug\GOAL-EZ-BLE.a(BLE_HAL_PVT.o)
                0x00001ea8                CyBle_Hal_pairing_dhkey_check_handler
 .text.CyBle_Hal_pairing_keypress_notification_handler
                0x00001ebc       0x14 .\CortexM0\ARM_GCC_541\Debug\GOAL-EZ-BLE.a(BLE_HAL_PVT.o)
                0x00001ebc                CyBle_Hal_pairing_keypress_notification_handler
 .text.CyBle_Hal_pairing_rand_handler
                0x00001ed0       0x14 .\CortexM0\ARM_GCC_541\Debug\GOAL-EZ-BLE.a(BLE_HAL_PVT.o)
                0x00001ed0                CyBle_Hal_pairing_rand_handler
 .text.CyBle_Hal_pairing_confirm_handler
                0x00001ee4       0x14 .\CortexM0\ARM_GCC_541\Debug\GOAL-EZ-BLE.a(BLE_HAL_PVT.o)
                0x00001ee4                CyBle_Hal_pairing_confirm_handler
 .text.CyBle_Hal_pairing_lr_confirming_handler
                0x00001ef8       0x14 .\CortexM0\ARM_GCC_541\Debug\GOAL-EZ-BLE.a(BLE_HAL_PVT.o)
                0x00001ef8                CyBle_Hal_pairing_lr_confirming_handler
 .text.CyBle_Hal_pairing_sc_tbx_local_pubkey_generate_complete
                0x00001f0c        0xc .\CortexM0\ARM_GCC_541\Debug\GOAL-EZ-BLE.a(BLE_HAL_PVT.o)
                0x00001f0c                CyBle_Hal_pairing_sc_tbx_local_pubkey_generate_complete
 .text.CyBle_Hal_pairing_sc_generate_local_P256_public_key
                0x00001f18       0x18 .\CortexM0\ARM_GCC_541\Debug\GOAL-EZ-BLE.a(BLE_HAL_PVT.o)
                0x00001f18                CyBle_Hal_pairing_sc_generate_local_P256_public_key
 .text.CyBle_Hal_se_smp_sc_user_passkey_handler
                0x00001f30       0x14 .\CortexM0\ARM_GCC_541\Debug\GOAL-EZ-BLE.a(BLE_HAL_PVT.o)
                0x00001f30                CyBle_Hal_se_smp_sc_user_passkey_handler
 .text.CyBle_Hal_EccPointMult
                0x00001f44        0xc .\CortexM0\ARM_GCC_541\Debug\GOAL-EZ-BLE.a(BLE_HAL_PVT.o)
                0x00001f44                CyBle_Hal_EccPointMult
 .text.BLE_bless_isr_StartEx
                0x00001f50       0x28 .\CortexM0\ARM_GCC_541\Debug\GOAL-EZ-BLE.a(BLE_bless_isr.o)
                0x00001f50                BLE_bless_isr_StartEx
 .text.BLE_bless_isr_SetVector
                0x00001f78       0x1c .\CortexM0\ARM_GCC_541\Debug\GOAL-EZ-BLE.a(BLE_bless_isr.o)
                0x00001f78                BLE_bless_isr_SetVector
 .text.BLE_bless_isr_SetPriority
                0x00001f94       0x50 .\CortexM0\ARM_GCC_541\Debug\GOAL-EZ-BLE.a(BLE_bless_isr.o)
                0x00001f94                BLE_bless_isr_SetPriority
 .text.BLE_bless_isr_Enable
                0x00001fe4       0x18 .\CortexM0\ARM_GCC_541\Debug\GOAL-EZ-BLE.a(BLE_bless_isr.o)
                0x00001fe4                BLE_bless_isr_Enable
 .text.BLE_bless_isr_Disable
                0x00001ffc       0x18 .\CortexM0\ARM_GCC_541\Debug\GOAL-EZ-BLE.a(BLE_bless_isr.o)
                0x00001ffc                BLE_bless_isr_Disable
 .text.CySysPmSleep
                0x00002014       0x34 .\CortexM0\ARM_GCC_541\Debug\GOAL-EZ-BLE.a(cyPm.o)
                0x00002014                CySysPmSleep
 .text.CyBLE_Bless_Interrupt
                0x00002048       0x10 .\CortexM0\ARM_GCC_541\Debug\GOAL-EZ-BLE.a(BLE_HAL_INT.o)
                0x00002048                CyBLE_Bless_Interrupt
 .text          0x00002058      0x114 c:/program files (x86)/cypress/psoc creator/4.2/psoc creator/import/gnu/arm/5.4.1/bin/../lib/gcc/arm-none-eabi/5.4.1/armv6-m\libgcc.a(_udivsi3.o)
                0x00002058                __aeabi_uidiv
                0x00002058                __udivsi3
                0x00002164                __aeabi_uidivmod
 .text          0x0000216c      0x1d4 c:/program files (x86)/cypress/psoc creator/4.2/psoc creator/import/gnu/arm/5.4.1/bin/../lib/gcc/arm-none-eabi/5.4.1/armv6-m\libgcc.a(_divsi3.o)
                0x0000216c                __divsi3
                0x0000216c                __aeabi_idiv
                0x00002338                __aeabi_idivmod
 .text          0x00002340        0x4 c:/program files (x86)/cypress/psoc creator/4.2/psoc creator/import/gnu/arm/5.4.1/bin/../lib/gcc/arm-none-eabi/5.4.1/armv6-m\libgcc.a(_dvmd_tls.o)
                0x00002340                __aeabi_idiv0
                0x00002340                __aeabi_ldiv0
 .text.__errno  0x00002344        0xc c:/program files (x86)/cypress/psoc creator/4.2/psoc creator/import/gnu/arm/5.4.1/bin/../lib/gcc/arm-none-eabi/5.4.1/../../../../arm-none-eabi/lib/armv6-m\libg_nano.a(lib_a-errno.o)
                0x00002344                __errno
 .text.__libc_init_array
                0x00002350       0x4c c:/program files (x86)/cypress/psoc creator/4.2/psoc creator/import/gnu/arm/5.4.1/bin/../lib/gcc/arm-none-eabi/5.4.1/../../../../arm-none-eabi/lib/armv6-m\libg_nano.a(lib_a-init.o)
                0x00002350                __libc_init_array
 .text.memcmp   0x0000239c       0x1e c:/program files (x86)/cypress/psoc creator/4.2/psoc creator/import/gnu/arm/5.4.1/bin/../lib/gcc/arm-none-eabi/5.4.1/../../../../arm-none-eabi/lib/armv6-m\libg_nano.a(lib_a-memcmp.o)
                0x0000239c                memcmp
 .text.memcpy   0x000023ba       0x12 c:/program files (x86)/cypress/psoc creator/4.2/psoc creator/import/gnu/arm/5.4.1/bin/../lib/gcc/arm-none-eabi/5.4.1/../../../../arm-none-eabi/lib/armv6-m\libg_nano.a(lib_a-memcpy-stub.o)
                0x000023ba                memcpy
 .text.memset   0x000023cc       0x10 c:/program files (x86)/cypress/psoc creator/4.2/psoc creator/import/gnu/arm/5.4.1/bin/../lib/gcc/arm-none-eabi/5.4.1/../../../../arm-none-eabi/lib/armv6-m\libg_nano.a(lib_a-memset.o)
                0x000023cc                memset
 *(.plt)
 *(.gnu.warning)
 *(.glue_7t)
 .glue_7t       0x000023dc        0x0 linker stubs
 *(.glue_7)
 .glue_7        0x000023dc        0x0 linker stubs
 *(.vfp11_veneer)
 .vfp11_veneer  0x000023dc        0x0 linker stubs
 *(.bootloader)
 *(.ARM.extab* .gnu.linkonce.armextab.*)
 *(.gcc_except_table)

.v4_bx          0x000023dc        0x0
 .v4_bx         0x000023dc        0x0 linker stubs

.iplt           0x000023dc        0x0
 .iplt          0x000023dc        0x0 c:/program files (x86)/cypress/psoc creator/4.2/psoc creator/import/gnu/arm/5.4.1/bin/../lib/gcc/arm-none-eabi/5.4.1/armv6-m/crtbegin.o

i.CyBle_ControllerGetFeatureHeapReq
                0x000023dc       0x58
 i.CyBle_ControllerGetFeatureHeapReq
                0x000023dc       0x58 C:\Users\Roi\Documents\PSoC Creator\4.2\Downloads ( 4.2).cylib\BLE_v3_66\Library\gccCyBLEStack_BLE_SOC_PERIPHERAL.a(CyBle.o)
                0x000023dc                CyBle_ControllerGetFeatureHeapReq

i.CyBle_EnableDefaultDevicePrivacy
                0x00002434        0x8
 i.CyBle_EnableDefaultDevicePrivacy
                0x00002434        0x8 C:\Users\Roi\Documents\PSoC Creator\4.2\Downloads ( 4.2).cylib\BLE_v3_66\Library\gccCyBLEStack_BLE_SOC_PERIPHERAL.a(CyBle.o)
                0x00002434                CyBle_EnableDefaultDevicePrivacy

i.CyBle_EnterLPM
                0x0000243c        0x8
 i.CyBle_EnterLPM
                0x0000243c        0x8 C:\Users\Roi\Documents\PSoC Creator\4.2\Downloads ( 4.2).cylib\BLE_v3_66\Library\gccCyBLEStack_BLE_SOC_PERIPHERAL.a(CyBle.o)
                0x0000243c                CyBle_EnterLPM

i.CyBle_ExitLPM
                0x00002444        0x8
 i.CyBle_ExitLPM
                0x00002444        0x8 C:\Users\Roi\Documents\PSoC Creator\4.2\Downloads ( 4.2).cylib\BLE_v3_66\Library\gccCyBLEStack_BLE_SOC_PERIPHERAL.a(CyBle.o)
                0x00002444                CyBle_ExitLPM

i.CyBle_ProcessEvents
                0x0000244c        0x8
 i.CyBle_ProcessEvents
                0x0000244c        0x8 C:\Users\Roi\Documents\PSoC Creator\4.2\Downloads ( 4.2).cylib\BLE_v3_66\Library\gccCyBLEStack_BLE_SOC_PERIPHERAL.a(CyBle.o)
                0x0000244c                CyBle_ProcessEvents

i.CyBle_SetDeviceAddress
                0x00002454       0x24
 i.CyBle_SetDeviceAddress
                0x00002454       0x24 C:\Users\Roi\Documents\PSoC Creator\4.2\Downloads ( 4.2).cylib\BLE_v3_66\Library\gccCyBLEStack_BLE_SOC_PERIPHERAL.a(CyBle.o)
                0x00002454                CyBle_SetDeviceAddress

i.CyBle_StackGetFeatureConfig
                0x00002478       0x38
 i.CyBle_StackGetFeatureConfig
                0x00002478       0x38 C:\Users\Roi\Documents\PSoC Creator\4.2\Downloads ( 4.2).cylib\BLE_v3_66\Library\gccCyBLEStack_BLE_SOC_PERIPHERAL.a(CyBle.o)
                0x00002478                CyBle_StackGetFeatureConfig

i.CyBle_StackInit
                0x000024b0      0x154
 i.CyBle_StackInit
                0x000024b0      0x154 C:\Users\Roi\Documents\PSoC Creator\4.2\Downloads ( 4.2).cylib\BLE_v3_66\Library\gccCyBLEStack_BLE_SOC_PERIPHERAL.a(CyBle.o)
                0x000024b0                CyBle_StackInit

i.CyBle_StackSetFeatureConfig
                0x00002604       0xe8
 i.CyBle_StackSetFeatureConfig
                0x00002604       0xe8 C:\Users\Roi\Documents\PSoC Creator\4.2\Downloads ( 4.2).cylib\BLE_v3_66\Library\gccCyBLEStack_BLE_SOC_PERIPHERAL.a(CyBle.o)
                0x00002604                CyBle_StackSetFeatureConfig

i.CyBle_StackValidateInputParams
                0x000026ec       0xf4
 i.CyBle_StackValidateInputParams
                0x000026ec       0xf4 C:\Users\Roi\Documents\PSoC Creator\4.2\Downloads ( 4.2).cylib\BLE_v3_66\Library\gccCyBLEStack_BLE_SOC_PERIPHERAL.a(CyBle.o)

i.__ARM_common_switch8
                0x000027e0       0x1a
 i.__ARM_common_switch8
                0x000027e0       0x1a C:\Users\Roi\Documents\PSoC Creator\4.2\Downloads ( 4.2).cylib\BLE_v3_66\Library\gccCyBLEStack_BLE_SOC_PERIPHERAL.a(CyBle.o)
                0x000027e0                __ARM_common_switch8

i.CyBleStackMgr_Init
                0x000027fc      0x10c
 i.CyBleStackMgr_Init
                0x000027fc      0x10c C:\Users\Roi\Documents\PSoC Creator\4.2\Downloads ( 4.2).cylib\BLE_v3_66\Library\gccCyBLEStack_BLE_SOC_PERIPHERAL.a(CyBleStackMgrIP_Interface.o)
                0x000027fc                CyBleStackMgr_Init

i.CyBleStackMgr_ProcessBleEvents
                0x00002908       0x14
 i.CyBleStackMgr_ProcessBleEvents
                0x00002908       0x14 C:\Users\Roi\Documents\PSoC Creator\4.2\Downloads ( 4.2).cylib\BLE_v3_66\Library\gccCyBLEStack_BLE_SOC_PERIPHERAL.a(CyBleStackMgrIP_Interface.o)
                0x00002908                CyBleStackMgr_ProcessBleEvents

i.CyBle_GetHeapMemory
                0x0000291c       0x28
 i.CyBle_GetHeapMemory
                0x0000291c       0x28 C:\Users\Roi\Documents\PSoC Creator\4.2\Downloads ( 4.2).cylib\BLE_v3_66\Library\gccCyBLEStack_BLE_SOC_PERIPHERAL.a(CyBleStackMgrIP_Interface.o)
                0x0000291c                CyBle_GetHeapMemory

i.CyBle_GetNumAppBufferPools
                0x00002944        0xc
 i.CyBle_GetNumAppBufferPools
                0x00002944        0xc C:\Users\Roi\Documents\PSoC Creator\4.2\Downloads ( 4.2).cylib\BLE_v3_66\Library\gccCyBLEStack_BLE_SOC_PERIPHERAL.a(CyBleStackMgrIP_Interface.o)
                0x00002944                CyBle_GetNumAppBufferPools

i.CyBle_HostStackBufferPoolInit
                0x00002950       0xec
 i.CyBle_HostStackBufferPoolInit
                0x00002950       0xec C:\Users\Roi\Documents\PSoC Creator\4.2\Downloads ( 4.2).cylib\BLE_v3_66\Library\gccCyBLEStack_BLE_SOC_PERIPHERAL.a(CyBleStackMgrIP_Interface.o)

i.ble_stack_idle_task_callback
                0x00002a3c        0x2
 i.ble_stack_idle_task_callback
                0x00002a3c        0x2 C:\Users\Roi\Documents\PSoC Creator\4.2\Downloads ( 4.2).cylib\BLE_v3_66\Library\gccCyBLEStack_BLE_SOC_PERIPHERAL.a(CyBleStackMgrIP_Interface.o)
                0x00002a3c                ble_stack_idle_task_callback

i.BT_OSFreeBuf  0x00002a40       0x20
 i.BT_OSFreeBuf
                0x00002a40       0x20 C:\Users\Roi\Documents\PSoC Creator\4.2\Downloads ( 4.2).cylib\BLE_v3_66\Library\gccCyBLEStack_BLE_SOC_PERIPHERAL.a(BT_os.o)
                0x00002a40                BT_OSFreeBuf

i.BT_OSGetBuF   0x00002a60       0x34
 i.BT_OSGetBuF  0x00002a60       0x34 C:\Users\Roi\Documents\PSoC Creator\4.2\Downloads ( 4.2).cylib\BLE_v3_66\Library\gccCyBLEStack_BLE_SOC_PERIPHERAL.a(BT_os.o)
                0x00002a60                BT_OSGetBuF

i.BT_OSMemCreate
                0x00002a94       0x3c
 i.BT_OSMemCreate
                0x00002a94       0x3c C:\Users\Roi\Documents\PSoC Creator\4.2\Downloads ( 4.2).cylib\BLE_v3_66\Library\gccCyBLEStack_BLE_SOC_PERIPHERAL.a(BT_os.o)
                0x00002a94                BT_OSMemCreate

i.BT_alloc_mem_ext
                0x00002ad0       0x3c
 i.BT_alloc_mem_ext
                0x00002ad0       0x3c C:\Users\Roi\Documents\PSoC Creator\4.2\Downloads ( 4.2).cylib\BLE_v3_66\Library\gccCyBLEStack_BLE_SOC_PERIPHERAL.a(BT_os.o)
                0x00002ad0                BT_alloc_mem_ext

i.BT_free_mem   0x00002b0c        0xc
 i.BT_free_mem  0x00002b0c        0xc C:\Users\Roi\Documents\PSoC Creator\4.2\Downloads ( 4.2).cylib\BLE_v3_66\Library\gccCyBLEStack_BLE_SOC_PERIPHERAL.a(BT_os.o)
                0x00002b0c                BT_free_mem

i.bt_stack_create_buffer_pool
                0x00002b18       0x30
 i.bt_stack_create_buffer_pool
                0x00002b18       0x30 C:\Users\Roi\Documents\PSoC Creator\4.2\Downloads ( 4.2).cylib\BLE_v3_66\Library\gccCyBLEStack_BLE_SOC_PERIPHERAL.a(BT_os.o)
                0x00002b18                bt_stack_create_buffer_pool

i.BT_start_timer
                0x00002b48       0xa8
 i.BT_start_timer
                0x00002b48       0xa8 C:\Users\Roi\Documents\PSoC Creator\4.2\Downloads ( 4.2).cylib\BLE_v3_66\Library\gccCyBLEStack_BLE_SOC_PERIPHERAL.a(BT_timer.o)
                0x00002b48                BT_start_timer

i.BT_stop_timer
                0x00002bf0       0x6c
 i.BT_stop_timer
                0x00002bf0       0x6c C:\Users\Roi\Documents\PSoC Creator\4.2\Downloads ( 4.2).cylib\BLE_v3_66\Library\gccCyBLEStack_BLE_SOC_PERIPHERAL.a(BT_timer.o)
                0x00002bf0                BT_stop_timer

i.BT_timer_process_signals
                0x00002c5c       0xa4
 i.BT_timer_process_signals
                0x00002c5c       0xa4 C:\Users\Roi\Documents\PSoC Creator\4.2\Downloads ( 4.2).cylib\BLE_v3_66\Library\gccCyBLEStack_BLE_SOC_PERIPHERAL.a(BT_timer.o)
                0x00002c5c                BT_timer_process_signals

i.pf_timer_handle_callback
                0x00002d00       0x20
 i.pf_timer_handle_callback
                0x00002d00       0x20 C:\Users\Roi\Documents\PSoC Creator\4.2\Downloads ( 4.2).cylib\BLE_v3_66\Library\gccCyBLEStack_BLE_SOC_PERIPHERAL.a(BT_timer.o)
                0x00002d00                pf_timer_handle_callback

i.timer_active_entity
                0x00002d20       0x24
 i.timer_active_entity
                0x00002d20       0x24 C:\Users\Roi\Documents\PSoC Creator\4.2\Downloads ( 4.2).cylib\BLE_v3_66\Library\gccCyBLEStack_BLE_SOC_PERIPHERAL.a(BT_timer.o)
                0x00002d20                timer_active_entity

i.timer_alloc_entity
                0x00002d44       0x1c
 i.timer_alloc_entity
                0x00002d44       0x1c C:\Users\Roi\Documents\PSoC Creator\4.2\Downloads ( 4.2).cylib\BLE_v3_66\Library\gccCyBLEStack_BLE_SOC_PERIPHERAL.a(BT_timer.o)
                0x00002d44                timer_alloc_entity

i.timer_allocated_entity
                0x00002d60       0x34
 i.timer_allocated_entity
                0x00002d60       0x34 C:\Users\Roi\Documents\PSoC Creator\4.2\Downloads ( 4.2).cylib\BLE_v3_66\Library\gccCyBLEStack_BLE_SOC_PERIPHERAL.a(BT_timer.o)
                0x00002d60                timer_allocated_entity

i.timer_bt_init
                0x00002d94        0x2
 i.timer_bt_init
                0x00002d94        0x2 C:\Users\Roi\Documents\PSoC Creator\4.2\Downloads ( 4.2).cylib\BLE_v3_66\Library\gccCyBLEStack_BLE_SOC_PERIPHERAL.a(BT_timer.o)
                0x00002d94                timer_bt_init

i.timer_init    0x00002d98       0x28
 i.timer_init   0x00002d98       0x28 C:\Users\Roi\Documents\PSoC Creator\4.2\Downloads ( 4.2).cylib\BLE_v3_66\Library\gccCyBLEStack_BLE_SOC_PERIPHERAL.a(BT_timer.o)
                0x00002d98                timer_init

i.timer_update_offsets
                0x00002dc0       0x2c
 i.timer_update_offsets
                0x00002dc0       0x2c C:\Users\Roi\Documents\PSoC Creator\4.2\Downloads ( 4.2).cylib\BLE_v3_66\Library\gccCyBLEStack_BLE_SOC_PERIPHERAL.a(BT_timer.o)

i.CyBle_CheckBleStackTaskStatus
                0x00002dec        0x4
 i.CyBle_CheckBleStackTaskStatus
                0x00002dec        0x4 C:\Users\Roi\Documents\PSoC Creator\4.2\Downloads ( 4.2).cylib\BLE_v3_66\Library\gccCyBLEStack_BLE_SOC_PERIPHERAL.a(CyBleStackMgr_StackTaskHandler.o)
                0x00002dec                CyBle_CheckBleStackTaskStatus

i.CyBle_CreateBleStackTask
                0x00002df0       0x2c
 i.CyBle_CreateBleStackTask
                0x00002df0       0x2c C:\Users\Roi\Documents\PSoC Creator\4.2\Downloads ( 4.2).cylib\BLE_v3_66\Library\gccCyBLEStack_BLE_SOC_PERIPHERAL.a(CyBleStackMgr_StackTaskHandler.o)
                0x00002df0                CyBle_CreateBleStackTask

i.CyBle_SignalBleStackTask
                0x00002e1c       0x50
 i.CyBle_SignalBleStackTask
                0x00002e1c       0x50 C:\Users\Roi\Documents\PSoC Creator\4.2\Downloads ( 4.2).cylib\BLE_v3_66\Library\gccCyBLEStack_BLE_SOC_PERIPHERAL.a(CyBleStackMgr_StackTaskHandler.o)
                0x00002e1c                CyBle_SignalBleStackTask

i.CyBle_StackTaskHandler
                0x00002e6c       0x64
 i.CyBle_StackTaskHandler
                0x00002e6c       0x64 C:\Users\Roi\Documents\PSoC Creator\4.2\Downloads ( 4.2).cylib\BLE_v3_66\Library\gccCyBLEStack_BLE_SOC_PERIPHERAL.a(CyBleStackMgr_StackTaskHandler.o)
                0x00002e6c                CyBle_StackTaskHandler

i.hci_soft_transport_notify_data_received
                0x00002ed0        0xc
 i.hci_soft_transport_notify_data_received
                0x00002ed0        0xc C:\Users\Roi\Documents\PSoC Creator\4.2\Downloads ( 4.2).cylib\BLE_v3_66\Library\gccCyBLEStack_BLE_SOC_PERIPHERAL.a(transport_sf.o)
                0x00002ed0                hci_soft_transport_notify_data_received

i.hci_soft_transport_rx_data
                0x00002edc       0x40
 i.hci_soft_transport_rx_data
                0x00002edc       0x40 C:\Users\Roi\Documents\PSoC Creator\4.2\Downloads ( 4.2).cylib\BLE_v3_66\Library\gccCyBLEStack_BLE_SOC_PERIPHERAL.a(transport_sf.o)
                0x00002edc                hci_soft_transport_rx_data

i.hci_transport_bt_init
                0x00002f1c        0x2
 i.hci_transport_bt_init
                0x00002f1c        0x2 C:\Users\Roi\Documents\PSoC Creator\4.2\Downloads ( 4.2).cylib\BLE_v3_66\Library\gccCyBLEStack_BLE_SOC_PERIPHERAL.a(transport_sf.o)
                0x00002f1c                hci_transport_bt_init

i.hci_transport_init
                0x00002f20       0x10
 i.hci_transport_init
                0x00002f20       0x10 C:\Users\Roi\Documents\PSoC Creator\4.2\Downloads ( 4.2).cylib\BLE_v3_66\Library\gccCyBLEStack_BLE_SOC_PERIPHERAL.a(transport_sf.o)
                0x00002f20                hci_transport_init

i.hci_transport_write_data
                0x00002f30       0xd4
 i.hci_transport_write_data
                0x00002f30       0xd4 C:\Users\Roi\Documents\PSoC Creator\4.2\Downloads ( 4.2).cylib\BLE_v3_66\Library\gccCyBLEStack_BLE_SOC_PERIPHERAL.a(transport_sf.o)
                0x00002f30                hci_transport_write_data

i.pf_hci_soft_transport_write
                0x00003004       0x44
 i.pf_hci_soft_transport_write
                0x00003004       0x44 C:\Users\Roi\Documents\PSoC Creator\4.2\Downloads ( 4.2).cylib\BLE_v3_66\Library\gccCyBLEStack_BLE_SOC_PERIPHERAL.a(transport_sf.o)
                0x00003004                pf_hci_soft_transport_write

i.pf_soft_hci_transport_init
                0x00003048        0xc
 i.pf_soft_hci_transport_init
                0x00003048        0xc C:\Users\Roi\Documents\PSoC Creator\4.2\Downloads ( 4.2).cylib\BLE_v3_66\Library\gccCyBLEStack_BLE_SOC_PERIPHERAL.a(transport_sf.o)
                0x00003048                pf_soft_hci_transport_init

i.CyBleStackMgr_GetTime
                0x00003054       0x14
 i.CyBleStackMgr_GetTime
                0x00003054       0x14 C:\Users\Roi\Documents\PSoC Creator\4.2\Downloads ( 4.2).cylib\BLE_v3_66\Library\gccCyBLEStack_BLE_SOC_PERIPHERAL.a(CyBleStackMgr_PSoCHal.o)
                0x00003054                CyBleStackMgr_GetTime

i.CyBleStackMgr_HalInit
                0x00003068       0x24
 i.CyBleStackMgr_HalInit
                0x00003068       0x24 C:\Users\Roi\Documents\PSoC Creator\4.2\Downloads ( 4.2).cylib\BLE_v3_66\Library\gccCyBLEStack_BLE_SOC_PERIPHERAL.a(CyBleStackMgr_PSoCHal.o)
                0x00003068                CyBleStackMgr_HalInit

i.CyBleStackMgr_HalIntrEnable
                0x0000308c        0x8
 i.CyBleStackMgr_HalIntrEnable
                0x0000308c        0x8 C:\Users\Roi\Documents\PSoC Creator\4.2\Downloads ( 4.2).cylib\BLE_v3_66\Library\gccCyBLEStack_BLE_SOC_PERIPHERAL.a(CyBleStackMgr_PSoCHal.o)
                0x0000308c                CyBleStackMgr_HalIntrEnable

i.CyBleStackMgr_HandleLinkLayerTick
                0x00003094       0x5c
 i.CyBleStackMgr_HandleLinkLayerTick
                0x00003094       0x5c C:\Users\Roi\Documents\PSoC Creator\4.2\Downloads ( 4.2).cylib\BLE_v3_66\Library\gccCyBLEStack_BLE_SOC_PERIPHERAL.a(CyBleStackMgr_PSoCHal.o)
                0x00003094                CyBleStackMgr_HandleLinkLayerTick

i.CyBleStackMgr_HciPortInit
                0x000030f0        0xc
 i.CyBleStackMgr_HciPortInit
                0x000030f0        0xc C:\Users\Roi\Documents\PSoC Creator\4.2\Downloads ( 4.2).cylib\BLE_v3_66\Library\gccCyBLEStack_BLE_SOC_PERIPHERAL.a(CyBleStackMgr_PSoCHal.o)
                0x000030f0                CyBleStackMgr_HciPortInit

i.CyBleStackMgr_HciPortReset
                0x000030fc        0x2
 i.CyBleStackMgr_HciPortReset
                0x000030fc        0x2 C:\Users\Roi\Documents\PSoC Creator\4.2\Downloads ( 4.2).cylib\BLE_v3_66\Library\gccCyBLEStack_BLE_SOC_PERIPHERAL.a(CyBleStackMgr_PSoCHal.o)
                0x000030fc                CyBleStackMgr_HciPortReset

i.CyBleStackMgr_HciPortWrite
                0x000030fe        0x8
 i.CyBleStackMgr_HciPortWrite
                0x000030fe        0x8 C:\Users\Roi\Documents\PSoC Creator\4.2\Downloads ( 4.2).cylib\BLE_v3_66\Library\gccCyBLEStack_BLE_SOC_PERIPHERAL.a(CyBleStackMgr_PSoCHal.o)
                0x000030fe                CyBleStackMgr_HciPortWrite

i.CyBleStackMgr_ResetLinkLayerTimerEntity
                0x00003108       0x14
 i.CyBleStackMgr_ResetLinkLayerTimerEntity
                0x00003108       0x14 C:\Users\Roi\Documents\PSoC Creator\4.2\Downloads ( 4.2).cylib\BLE_v3_66\Library\gccCyBLEStack_BLE_SOC_PERIPHERAL.a(CyBleStackMgr_PSoCHal.o)
                0x00003108                CyBleStackMgr_ResetLinkLayerTimerEntity

i.CyBleStackMgr_TimerStart
                0x0000311c       0x2c
 i.CyBleStackMgr_TimerStart
                0x0000311c       0x2c C:\Users\Roi\Documents\PSoC Creator\4.2\Downloads ( 4.2).cylib\BLE_v3_66\Library\gccCyBLEStack_BLE_SOC_PERIPHERAL.a(CyBleStackMgr_PSoCHal.o)
                0x0000311c                CyBleStackMgr_TimerStart

i.CyBleStackMgr_TimerStop
                0x00003148       0x18
 i.CyBleStackMgr_TimerStop
                0x00003148       0x18 C:\Users\Roi\Documents\PSoC Creator\4.2\Downloads ( 4.2).cylib\BLE_v3_66\Library\gccCyBLEStack_BLE_SOC_PERIPHERAL.a(CyBleStackMgr_PSoCHal.o)
                0x00003148                CyBleStackMgr_TimerStop

i.CyBleStackMgr_isTimerRunning
                0x00003160       0x10
 i.CyBleStackMgr_isTimerRunning
                0x00003160       0x10 C:\Users\Roi\Documents\PSoC Creator\4.2\Downloads ( 4.2).cylib\BLE_v3_66\Library\gccCyBLEStack_BLE_SOC_PERIPHERAL.a(CyBleStackMgr_PSoCHal.o)
                0x00003160                CyBleStackMgr_isTimerRunning

i.CyBleAtlantisRadioInit
                0x00003170      0x168
 i.CyBleAtlantisRadioInit
                0x00003170      0x168 C:\Users\Roi\Documents\PSoC Creator\4.2\Downloads ( 4.2).cylib\BLE_v3_66\Library\gccCyBLEStack_BLE_SOC_PERIPHERAL.a(CyBleStackMgr_BleSSDriver.o)

i.CyBleStackMgr_BleSSFifoRead
                0x000032d8       0x38
 i.CyBleStackMgr_BleSSFifoRead
                0x000032d8       0x38 C:\Users\Roi\Documents\PSoC Creator\4.2\Downloads ( 4.2).cylib\BLE_v3_66\Library\gccCyBLEStack_BLE_SOC_PERIPHERAL.a(CyBleStackMgr_BleSSDriver.o)
                0x000032d8                CyBleStackMgr_BleSSFifoRead

i.CyBleStackMgr_BleSSFifoWrite
                0x00003310       0x30
 i.CyBleStackMgr_BleSSFifoWrite
                0x00003310       0x30 C:\Users\Roi\Documents\PSoC Creator\4.2\Downloads ( 4.2).cylib\BLE_v3_66\Library\gccCyBLEStack_BLE_SOC_PERIPHERAL.a(CyBleStackMgr_BleSSDriver.o)
                0x00003310                CyBleStackMgr_BleSSFifoWrite

i.CyBleStackMgr_BleSSInit
                0x00003340       0x50
 i.CyBleStackMgr_BleSSInit
                0x00003340       0x50 C:\Users\Roi\Documents\PSoC Creator\4.2\Downloads ( 4.2).cylib\BLE_v3_66\Library\gccCyBLEStack_BLE_SOC_PERIPHERAL.a(CyBleStackMgr_BleSSDriver.o)
                0x00003340                CyBleStackMgr_BleSSInit

i.CyBleStackMgr_BleSSMemRead
                0x00003390       0x32
 i.CyBleStackMgr_BleSSMemRead
                0x00003390       0x32 C:\Users\Roi\Documents\PSoC Creator\4.2\Downloads ( 4.2).cylib\BLE_v3_66\Library\gccCyBLEStack_BLE_SOC_PERIPHERAL.a(CyBleStackMgr_BleSSDriver.o)
                0x00003390                CyBleStackMgr_BleSSMemRead

i.CyBleStackMgr_BleSSMemWrite
                0x000033c4       0x34
 i.CyBleStackMgr_BleSSMemWrite
                0x000033c4       0x34 C:\Users\Roi\Documents\PSoC Creator\4.2\Downloads ( 4.2).cylib\BLE_v3_66\Library\gccCyBLEStack_BLE_SOC_PERIPHERAL.a(CyBleStackMgr_BleSSDriver.o)
                0x000033c4                CyBleStackMgr_BleSSMemWrite

i.CyBleStackMgr_BleSSMemWriteFields
                0x000033f8       0x78
 i.CyBleStackMgr_BleSSMemWriteFields
                0x000033f8       0x78 C:\Users\Roi\Documents\PSoC Creator\4.2\Downloads ( 4.2).cylib\BLE_v3_66\Library\gccCyBLEStack_BLE_SOC_PERIPHERAL.a(CyBleStackMgr_BleSSDriver.o)
                0x000033f8                CyBleStackMgr_BleSSMemWriteFields

i.CyBleStackMgr_BleSSRegRead
                0x00003470        0xc
 i.CyBleStackMgr_BleSSRegRead
                0x00003470        0xc C:\Users\Roi\Documents\PSoC Creator\4.2\Downloads ( 4.2).cylib\BLE_v3_66\Library\gccCyBLEStack_BLE_SOC_PERIPHERAL.a(CyBleStackMgr_BleSSDriver.o)
                0x00003470                CyBleStackMgr_BleSSRegRead

i.CyBleStackMgr_BleSSReset
                0x0000347c       0x38
 i.CyBleStackMgr_BleSSReset
                0x0000347c       0x38 C:\Users\Roi\Documents\PSoC Creator\4.2\Downloads ( 4.2).cylib\BLE_v3_66\Library\gccCyBLEStack_BLE_SOC_PERIPHERAL.a(CyBleStackMgr_BleSSDriver.o)
                0x0000347c                CyBleStackMgr_BleSSReset

i.CyBleStackMgr_BleSSShutdown
                0x000034b4       0x3c
 i.CyBleStackMgr_BleSSShutdown
                0x000034b4       0x3c C:\Users\Roi\Documents\PSoC Creator\4.2\Downloads ( 4.2).cylib\BLE_v3_66\Library\gccCyBLEStack_BLE_SOC_PERIPHERAL.a(CyBleStackMgr_BleSSDriver.o)
                0x000034b4                CyBleStackMgr_BleSSShutdown

i.CyBleStackMgr_GenericIface
                0x000034f0       0x3c
 i.CyBleStackMgr_GenericIface
                0x000034f0       0x3c C:\Users\Roi\Documents\PSoC Creator\4.2\Downloads ( 4.2).cylib\BLE_v3_66\Library\gccCyBLEStack_BLE_SOC_PERIPHERAL.a(CyBleStackMgr_BleSSDriver.o)
                0x000034f0                CyBleStackMgr_GenericIface

i.CyBleStackMgr_HandleBleSSIntr
                0x0000352c       0xa0
 i.CyBleStackMgr_HandleBleSSIntr
                0x0000352c       0xa0 C:\Users\Roi\Documents\PSoC Creator\4.2\Downloads ( 4.2).cylib\BLE_v3_66\Library\gccCyBLEStack_BLE_SOC_PERIPHERAL.a(CyBleStackMgr_BleSSDriver.o)
                0x0000352c                CyBleStackMgr_HandleBleSSIntr

i.CyBleStackMgr_SetClockParam
                0x000035cc       0xb4
 i.CyBleStackMgr_SetClockParam
                0x000035cc       0xb4 C:\Users\Roi\Documents\PSoC Creator\4.2\Downloads ( 4.2).cylib\BLE_v3_66\Library\gccCyBLEStack_BLE_SOC_PERIPHERAL.a(CyBleStackMgr_BleSSDriver.o)

i.CyBleStackMgr_isXtalCpuClkSource
                0x00003680       0x18
 i.CyBleStackMgr_isXtalCpuClkSource
                0x00003680       0x18 C:\Users\Roi\Documents\PSoC Creator\4.2\Downloads ( 4.2).cylib\BLE_v3_66\Library\gccCyBLEStack_BLE_SOC_PERIPHERAL.a(CyBleStackMgr_BleSSDriver.o)
                0x00003680                CyBleStackMgr_isXtalCpuClkSource

i.CyBle_EnterDsmMode
                0x00003698       0x3c
 i.CyBle_EnterDsmMode
                0x00003698       0x3c C:\Users\Roi\Documents\PSoC Creator\4.2\Downloads ( 4.2).cylib\BLE_v3_66\Library\gccCyBLEStack_BLE_SOC_PERIPHERAL.a(CyBleStackMgr_BleSSDriver.o)
                0x00003698                CyBle_EnterDsmMode

i.CyBle_ExitDsmMode
                0x000036d4       0x2c
 i.CyBle_ExitDsmMode
                0x000036d4       0x2c C:\Users\Roi\Documents\PSoC Creator\4.2\Downloads ( 4.2).cylib\BLE_v3_66\Library\gccCyBLEStack_BLE_SOC_PERIPHERAL.a(CyBleStackMgr_BleSSDriver.o)
                0x000036d4                CyBle_ExitDsmMode

i.CyBle_GetBleSsOperationalMode
                0x00003700        0xc
 i.CyBle_GetBleSsOperationalMode
                0x00003700        0xc C:\Users\Roi\Documents\PSoC Creator\4.2\Downloads ( 4.2).cylib\BLE_v3_66\Library\gccCyBLEStack_BLE_SOC_PERIPHERAL.a(CyBleStackMgr_BleSSDriver.o)
                0x00003700                CyBle_GetBleSsOperationalMode

i.CyBle_GetLpMode
                0x0000370c       0x26
 i.CyBle_GetLpMode
                0x0000370c       0x26 C:\Users\Roi\Documents\PSoC Creator\4.2\Downloads ( 4.2).cylib\BLE_v3_66\Library\gccCyBLEStack_BLE_SOC_PERIPHERAL.a(CyBleStackMgr_BleSSDriver.o)
                0x0000370c                CyBle_GetLpMode

i.CyBle_GetTxGainMode
                0x00003734       0x2c
 i.CyBle_GetTxGainMode
                0x00003734       0x2c C:\Users\Roi\Documents\PSoC Creator\4.2\Downloads ( 4.2).cylib\BLE_v3_66\Library\gccCyBLEStack_BLE_SOC_PERIPHERAL.a(CyBleStackMgr_BleSSDriver.o)
                0x00003734                CyBle_GetTxGainMode

i.CyBle_SetAutoWakeUp
                0x00003760        0xc
 i.CyBle_SetAutoWakeUp
                0x00003760        0xc C:\Users\Roi\Documents\PSoC Creator\4.2\Downloads ( 4.2).cylib\BLE_v3_66\Library\gccCyBLEStack_BLE_SOC_PERIPHERAL.a(CyBleStackMgr_BleSSDriver.o)
                0x00003760                CyBle_SetAutoWakeUp

i.CyBle_SetBleSsOperationalMode
                0x0000376c       0x20
 i.CyBle_SetBleSsOperationalMode
                0x0000376c       0x20 C:\Users\Roi\Documents\PSoC Creator\4.2\Downloads ( 4.2).cylib\BLE_v3_66\Library\gccCyBLEStack_BLE_SOC_PERIPHERAL.a(CyBleStackMgr_BleSSDriver.o)
                0x0000376c                CyBle_SetBleSsOperationalMode

i.CyBle_SetEventCloseState
                0x0000378c        0xc
 i.CyBle_SetEventCloseState
                0x0000378c        0xc C:\Users\Roi\Documents\PSoC Creator\4.2\Downloads ( 4.2).cylib\BLE_v3_66\Library\gccCyBLEStack_BLE_SOC_PERIPHERAL.a(CyBleStackMgr_BleSSDriver.o)
                0x0000378c                CyBle_SetEventCloseState

i.CyBle_SetRxGainMode
                0x00003798       0x20
 i.CyBle_SetRxGainMode
                0x00003798       0x20 C:\Users\Roi\Documents\PSoC Creator\4.2\Downloads ( 4.2).cylib\BLE_v3_66\Library\gccCyBLEStack_BLE_SOC_PERIPHERAL.a(CyBleStackMgr_BleSSDriver.o)
                0x00003798                CyBle_SetRxGainMode

i.CyBle_SetTxGainMode
                0x000037b8       0x38
 i.CyBle_SetTxGainMode
                0x000037b8       0x38 C:\Users\Roi\Documents\PSoC Creator\4.2\Downloads ( 4.2).cylib\BLE_v3_66\Library\gccCyBLEStack_BLE_SOC_PERIPHERAL.a(CyBleStackMgr_BleSSDriver.o)
                0x000037b8                CyBle_SetTxGainMode

i.pf_rf_get_abs_rssi
                0x000037f0       0x50
 i.pf_rf_get_abs_rssi
                0x000037f0       0x50 C:\Users\Roi\Documents\PSoC Creator\4.2\Downloads ( 4.2).cylib\BLE_v3_66\Library\gccCyBLEStack_BLE_SOC_PERIPHERAL.a(CyBleStackMgr_BleSSDriver.o)
                0x000037f0                pf_rf_get_abs_rssi

i.BleStackFlashStorageInit
                0x00003840       0x84
 i.BleStackFlashStorageInit
                0x00003840       0x84 C:\Users\Roi\Documents\PSoC Creator\4.2\Downloads ( 4.2).cylib\BLE_v3_66\Library\gccCyBLEStack_BLE_SOC_PERIPHERAL.a(storage_pl.o)
                0x00003840                BleStackFlashStorageInit

i.BleStackIsFlashCorrupted
                0x000038c4       0x3c
 i.BleStackIsFlashCorrupted
                0x000038c4       0x3c C:\Users\Roi\Documents\PSoC Creator\4.2\Downloads ( 4.2).cylib\BLE_v3_66\Library\gccCyBLEStack_BLE_SOC_PERIPHERAL.a(storage_pl.o)
                0x000038c4                BleStackIsFlashCorrupted

i.BleStackWriteToFlashPending
                0x00003900       0x24
 i.BleStackWriteToFlashPending
                0x00003900       0x24 C:\Users\Roi\Documents\PSoC Creator\4.2\Downloads ( 4.2).cylib\BLE_v3_66\Library\gccCyBLEStack_BLE_SOC_PERIPHERAL.a(storage_pl.o)
                0x00003900                BleStackWriteToFlashPending

i.BleStackWriteToFlashRam
                0x00003924       0x7c
 i.BleStackWriteToFlashRam
                0x00003924       0x7c C:\Users\Roi\Documents\PSoC Creator\4.2\Downloads ( 4.2).cylib\BLE_v3_66\Library\gccCyBLEStack_BLE_SOC_PERIPHERAL.a(storage_pl.o)
                0x00003924                BleStackWriteToFlashRam

i.calc_checksum
                0x000039a0       0x1a
 i.calc_checksum
                0x000039a0       0x1a C:\Users\Roi\Documents\PSoC Creator\4.2\Downloads ( 4.2).cylib\BLE_v3_66\Library\gccCyBLEStack_BLE_SOC_PERIPHERAL.a(storage_pl.o)
                0x000039a0                calc_checksum

i.storage_bt_init_pl
                0x000039bc       0x30
 i.storage_bt_init_pl
                0x000039bc       0x30 C:\Users\Roi\Documents\PSoC Creator\4.2\Downloads ( 4.2).cylib\BLE_v3_66\Library\gccCyBLEStack_BLE_SOC_PERIPHERAL.a(storage_pl.o)
                0x000039bc                storage_bt_init_pl

i.storage_close_pl
                0x000039ec        0x4
 i.storage_close_pl
                0x000039ec        0x4 C:\Users\Roi\Documents\PSoC Creator\4.2\Downloads ( 4.2).cylib\BLE_v3_66\Library\gccCyBLEStack_BLE_SOC_PERIPHERAL.a(storage_pl.o)
                0x000039ec                storage_close_pl

i.storage_open_pl
                0x000039f0       0x1c
 i.storage_open_pl
                0x000039f0       0x1c C:\Users\Roi\Documents\PSoC Creator\4.2\Downloads ( 4.2).cylib\BLE_v3_66\Library\gccCyBLEStack_BLE_SOC_PERIPHERAL.a(storage_pl.o)
                0x000039f0                storage_open_pl

i.storage_read_pl
                0x00003a0c       0x28
 i.storage_read_pl
                0x00003a0c       0x28 C:\Users\Roi\Documents\PSoC Creator\4.2\Downloads ( 4.2).cylib\BLE_v3_66\Library\gccCyBLEStack_BLE_SOC_PERIPHERAL.a(storage_pl.o)
                0x00003a0c                storage_read_pl

i.storage_read_signature_pl
                0x00003a34       0x2c
 i.storage_read_signature_pl
                0x00003a34       0x2c C:\Users\Roi\Documents\PSoC Creator\4.2\Downloads ( 4.2).cylib\BLE_v3_66\Library\gccCyBLEStack_BLE_SOC_PERIPHERAL.a(storage_pl.o)
                0x00003a34                storage_read_signature_pl

i.storage_register_flash_pointer
                0x00003a60       0x20
 i.storage_register_flash_pointer
                0x00003a60       0x20 C:\Users\Roi\Documents\PSoC Creator\4.2\Downloads ( 4.2).cylib\BLE_v3_66\Library\gccCyBLEStack_BLE_SOC_PERIPHERAL.a(storage_pl.o)
                0x00003a60                storage_register_flash_pointer

i.storage_reset_storage_offset
                0x00003a80       0x10
 i.storage_reset_storage_offset
                0x00003a80       0x10 C:\Users\Roi\Documents\PSoC Creator\4.2\Downloads ( 4.2).cylib\BLE_v3_66\Library\gccCyBLEStack_BLE_SOC_PERIPHERAL.a(storage_pl.o)

i.storage_write_pl
                0x00003a90       0x24
 i.storage_write_pl
                0x00003a90       0x24 C:\Users\Roi\Documents\PSoC Creator\4.2\Downloads ( 4.2).cylib\BLE_v3_66\Library\gccCyBLEStack_BLE_SOC_PERIPHERAL.a(storage_pl.o)
                0x00003a90                storage_write_pl

i.storage_write_signature_pl
                0x00003ab4       0x14
 i.storage_write_signature_pl
                0x00003ab4       0x14 C:\Users\Roi\Documents\PSoC Creator\4.2\Downloads ( 4.2).cylib\BLE_v3_66\Library\gccCyBLEStack_BLE_SOC_PERIPHERAL.a(storage_pl.o)
                0x00003ab4                storage_write_signature_pl

i.OS_init       0x00003ac8       0x64
 i.OS_init      0x00003ac8       0x64 C:\Users\Roi\Documents\PSoC Creator\4.2\Downloads ( 4.2).cylib\BLE_v3_66\Library\gccCyBLEStack_BLE_SOC_PERIPHERAL.a(mint_os.o)
                0x00003ac8                OS_init

i.mintos_malloc
                0x00003b2c       0x34
 i.mintos_malloc
                0x00003b2c       0x34 C:\Users\Roi\Documents\PSoC Creator\4.2\Downloads ( 4.2).cylib\BLE_v3_66\Library\gccCyBLEStack_BLE_SOC_PERIPHERAL.a(mint_os.o)
                0x00003b2c                mintos_malloc

i.OS_create_queue
                0x00003b60       0x64
 i.OS_create_queue
                0x00003b60       0x64 C:\Users\Roi\Documents\PSoC Creator\4.2\Downloads ( 4.2).cylib\BLE_v3_66\Library\gccCyBLEStack_BLE_SOC_PERIPHERAL.a(mint_os_queue.o)
                0x00003b60                OS_create_queue

i.OS_enqueue_item
                0x00003bc4       0x8c
 i.OS_enqueue_item
                0x00003bc4       0x8c C:\Users\Roi\Documents\PSoC Creator\4.2\Downloads ( 4.2).cylib\BLE_v3_66\Library\gccCyBLEStack_BLE_SOC_PERIPHERAL.a(mint_os_queue.o)
                0x00003bc4                OS_enqueue_item

i.OS_queue_get_num_of_items
                0x00003c50       0x28
 i.OS_queue_get_num_of_items
                0x00003c50       0x28 C:\Users\Roi\Documents\PSoC Creator\4.2\Downloads ( 4.2).cylib\BLE_v3_66\Library\gccCyBLEStack_BLE_SOC_PERIPHERAL.a(mint_os_queue.o)
                0x00003c50                OS_queue_get_num_of_items

i.OS_queue_mgmt_init
                0x00003c78       0x40
 i.OS_queue_mgmt_init
                0x00003c78       0x40 C:\Users\Roi\Documents\PSoC Creator\4.2\Downloads ( 4.2).cylib\BLE_v3_66\Library\gccCyBLEStack_BLE_SOC_PERIPHERAL.a(mint_os_queue.o)
                0x00003c78                OS_queue_mgmt_init

i.OS_remove_item
                0x00003cb8       0xa0
 i.OS_remove_item
                0x00003cb8       0xa0 C:\Users\Roi\Documents\PSoC Creator\4.2\Downloads ( 4.2).cylib\BLE_v3_66\Library\gccCyBLEStack_BLE_SOC_PERIPHERAL.a(mint_os_queue.o)
                0x00003cb8                OS_remove_item

i.OS_create_task
                0x00003d58       0x88
 i.OS_create_task
                0x00003d58       0x88 C:\Users\Roi\Documents\PSoC Creator\4.2\Downloads ( 4.2).cylib\BLE_v3_66\Library\gccCyBLEStack_BLE_SOC_PERIPHERAL.a(mint_os_task.o)
                0x00003d58                OS_create_task

i.OS_isr_send_signal_to_task
                0x00003de0        0xc
 i.OS_isr_send_signal_to_task
                0x00003de0        0xc C:\Users\Roi\Documents\PSoC Creator\4.2\Downloads ( 4.2).cylib\BLE_v3_66\Library\gccCyBLEStack_BLE_SOC_PERIPHERAL.a(mint_os_task.o)
                0x00003de0                OS_isr_send_signal_to_task

i.OS_scheduler  0x00003dec       0x64
 i.OS_scheduler
                0x00003dec       0x64 C:\Users\Roi\Documents\PSoC Creator\4.2\Downloads ( 4.2).cylib\BLE_v3_66\Library\gccCyBLEStack_BLE_SOC_PERIPHERAL.a(mint_os_task.o)
                0x00003dec                OS_scheduler

i.OS_send_signal_to_task
                0x00003e50        0xc
 i.OS_send_signal_to_task
                0x00003e50        0xc C:\Users\Roi\Documents\PSoC Creator\4.2\Downloads ( 4.2).cylib\BLE_v3_66\Library\gccCyBLEStack_BLE_SOC_PERIPHERAL.a(mint_os_task.o)
                0x00003e50                OS_send_signal_to_task

i.OS_send_signal_to_task_context
                0x00003e5c       0x3c
 i.OS_send_signal_to_task_context
                0x00003e5c       0x3c C:\Users\Roi\Documents\PSoC Creator\4.2\Downloads ( 4.2).cylib\BLE_v3_66\Library\gccCyBLEStack_BLE_SOC_PERIPHERAL.a(mint_os_task.o)

i.OS_task_mgmt_init
                0x00003e98       0x50
 i.OS_task_mgmt_init
                0x00003e98       0x50 C:\Users\Roi\Documents\PSoC Creator\4.2\Downloads ( 4.2).cylib\BLE_v3_66\Library\gccCyBLEStack_BLE_SOC_PERIPHERAL.a(mint_os_task.o)
                0x00003e98                OS_task_mgmt_init

i.mint_buf_mgmt_allocate_buffer
                0x00003ee8       0x4c
 i.mint_buf_mgmt_allocate_buffer
                0x00003ee8       0x4c C:\Users\Roi\Documents\PSoC Creator\4.2\Downloads ( 4.2).cylib\BLE_v3_66\Library\gccCyBLEStack_BLE_SOC_PERIPHERAL.a(mint_buf_mgmt.o)
                0x00003ee8                mint_buf_mgmt_allocate_buffer

i.mint_buf_mgmt_create_pool
                0x00003f34       0xd0
 i.mint_buf_mgmt_create_pool
                0x00003f34       0xd0 C:\Users\Roi\Documents\PSoC Creator\4.2\Downloads ( 4.2).cylib\BLE_v3_66\Library\gccCyBLEStack_BLE_SOC_PERIPHERAL.a(mint_buf_mgmt.o)
                0x00003f34                mint_buf_mgmt_create_pool

i.mint_buf_mgmt_free_buffer
                0x00004004       0xa4
 i.mint_buf_mgmt_free_buffer
                0x00004004       0xa4 C:\Users\Roi\Documents\PSoC Creator\4.2\Downloads ( 4.2).cylib\BLE_v3_66\Library\gccCyBLEStack_BLE_SOC_PERIPHERAL.a(mint_buf_mgmt.o)
                0x00004004                mint_buf_mgmt_free_buffer

i.mint_buf_mgmt_init
                0x000040a8       0x44
 i.mint_buf_mgmt_init
                0x000040a8       0x44 C:\Users\Roi\Documents\PSoC Creator\4.2\Downloads ( 4.2).cylib\BLE_v3_66\Library\gccCyBLEStack_BLE_SOC_PERIPHERAL.a(mint_buf_mgmt.o)
                0x000040a8                mint_buf_mgmt_init

i.mint_buf_mgmt_malloc
                0x000040ec       0x28
 i.mint_buf_mgmt_malloc
                0x000040ec       0x28 C:\Users\Roi\Documents\PSoC Creator\4.2\Downloads ( 4.2).cylib\BLE_v3_66\Library\gccCyBLEStack_BLE_SOC_PERIPHERAL.a(mint_buf_mgmt.o)
                0x000040ec                mint_buf_mgmt_malloc

i.mint_buf_mgmt_pl_init
                0x00004114       0x48
 i.mint_buf_mgmt_pl_init
                0x00004114       0x48 C:\Users\Roi\Documents\PSoC Creator\4.2\Downloads ( 4.2).cylib\BLE_v3_66\Library\gccCyBLEStack_BLE_SOC_PERIPHERAL.a(mint_buf_mgmt.o)
                0x00004114                mint_buf_mgmt_pl_init

i.mint_buf_mgmt_reset_pool
                0x0000415c       0x70
 i.mint_buf_mgmt_reset_pool
                0x0000415c       0x70 C:\Users\Roi\Documents\PSoC Creator\4.2\Downloads ( 4.2).cylib\BLE_v3_66\Library\gccCyBLEStack_BLE_SOC_PERIPHERAL.a(mint_buf_mgmt.o)
                0x0000415c                mint_buf_mgmt_reset_pool

i.mint_buf_mgmt_stack_init
                0x000041cc       0x24
 i.mint_buf_mgmt_stack_init
                0x000041cc       0x24 C:\Users\Roi\Documents\PSoC Creator\4.2\Downloads ( 4.2).cylib\BLE_v3_66\Library\gccCyBLEStack_BLE_SOC_PERIPHERAL.a(mint_buf_mgmt.o)
                0x000041cc                mint_buf_mgmt_stack_init

i.mint_buf_mgmt_stack_pop
                0x000041f0       0x36
 i.mint_buf_mgmt_stack_pop
                0x000041f0       0x36 C:\Users\Roi\Documents\PSoC Creator\4.2\Downloads ( 4.2).cylib\BLE_v3_66\Library\gccCyBLEStack_BLE_SOC_PERIPHERAL.a(mint_buf_mgmt.o)
                0x000041f0                mint_buf_mgmt_stack_pop

i.mint_buf_mgmt_stack_push
                0x00004226       0x36
 i.mint_buf_mgmt_stack_push
                0x00004226       0x36 C:\Users\Roi\Documents\PSoC Creator\4.2\Downloads ( 4.2).cylib\BLE_v3_66\Library\gccCyBLEStack_BLE_SOC_PERIPHERAL.a(mint_buf_mgmt.o)
                0x00004226                mint_buf_mgmt_stack_push

i.mint_buf_mgmt_stack_reset
                0x0000425c       0x1e
 i.mint_buf_mgmt_stack_reset
                0x0000425c       0x1e C:\Users\Roi\Documents\PSoC Creator\4.2\Downloads ( 4.2).cylib\BLE_v3_66\Library\gccCyBLEStack_BLE_SOC_PERIPHERAL.a(mint_buf_mgmt.o)
                0x0000425c                mint_buf_mgmt_stack_reset

i.mint_buf_mgmt_stack_search_item
                0x0000427a       0x30
 i.mint_buf_mgmt_stack_search_item
                0x0000427a       0x30 C:\Users\Roi\Documents\PSoC Creator\4.2\Downloads ( 4.2).cylib\BLE_v3_66\Library\gccCyBLEStack_BLE_SOC_PERIPHERAL.a(mint_buf_mgmt.o)
                0x0000427a                mint_buf_mgmt_stack_search_item

i.CyBleControllerIP_GetPingState
                0x000042ac        0xc
 i.CyBleControllerIP_GetPingState
                0x000042ac        0xc C:\Users\Roi\Documents\PSoC Creator\4.2\Downloads ( 4.2).cylib\BLE_v3_66\Library\gccCyBLEStack_BLE_SOC_PERIPHERAL.a(CyBleControllerIP_Interface.o)
                0x000042ac                CyBleControllerIP_GetPingState

i.CyBleController_AddDeviceToWhiteList
                0x000042b8       0x48
 i.CyBleController_AddDeviceToWhiteList
                0x000042b8       0x48 C:\Users\Roi\Documents\PSoC Creator\4.2\Downloads ( 4.2).cylib\BLE_v3_66\Library\gccCyBLEStack_BLE_SOC_PERIPHERAL.a(CyBleControllerIP_Interface.o)
                0x000042b8                CyBleController_AddDeviceToWhiteList

i.CyBleController_EnableDefaultDevicePrivacy
                0x00004300        0xc
 i.CyBleController_EnableDefaultDevicePrivacy
                0x00004300        0xc C:\Users\Roi\Documents\PSoC Creator\4.2\Downloads ( 4.2).cylib\BLE_v3_66\Library\gccCyBLEStack_BLE_SOC_PERIPHERAL.a(CyBleControllerIP_Interface.o)
                0x00004300                CyBleController_EnableDefaultDevicePrivacy

i.CyBleController_EnterLowPowerMode
                0x0000430c       0x2c
 i.CyBleController_EnterLowPowerMode
                0x0000430c       0x2c C:\Users\Roi\Documents\PSoC Creator\4.2\Downloads ( 4.2).cylib\BLE_v3_66\Library\gccCyBLEStack_BLE_SOC_PERIPHERAL.a(CyBleControllerIP_Interface.o)
                0x0000430c                CyBleController_EnterLowPowerMode

i.CyBleController_ExitLowPowerMode
                0x00004338       0x10
 i.CyBleController_ExitLowPowerMode
                0x00004338       0x10 C:\Users\Roi\Documents\PSoC Creator\4.2\Downloads ( 4.2).cylib\BLE_v3_66\Library\gccCyBLEStack_BLE_SOC_PERIPHERAL.a(CyBleControllerIP_Interface.o)
                0x00004338                CyBleController_ExitLowPowerMode

i.CyBleController_GetDeviceAddress
                0x00004348       0x22
 i.CyBleController_GetDeviceAddress
                0x00004348       0x22 C:\Users\Roi\Documents\PSoC Creator\4.2\Downloads ( 4.2).cylib\BLE_v3_66\Library\gccCyBLEStack_BLE_SOC_PERIPHERAL.a(CyBleControllerIP_Interface.o)
                0x00004348                CyBleController_GetDeviceAddress

i.CyBleController_GetDleHeapMemory
                0x0000436a       0x10
 i.CyBleController_GetDleHeapMemory
                0x0000436a       0x10 C:\Users\Roi\Documents\PSoC Creator\4.2\Downloads ( 4.2).cylib\BLE_v3_66\Library\gccCyBLEStack_BLE_SOC_PERIPHERAL.a(CyBleControllerIP_Interface.o)
                0x0000436a                CyBleController_GetDleHeapMemory

i.CyBleController_GetPrivacyHeapMemory
                0x0000437c       0x1c
 i.CyBleController_GetPrivacyHeapMemory
                0x0000437c       0x1c C:\Users\Roi\Documents\PSoC Creator\4.2\Downloads ( 4.2).cylib\BLE_v3_66\Library\gccCyBLEStack_BLE_SOC_PERIPHERAL.a(CyBleControllerIP_Interface.o)
                0x0000437c                CyBleController_GetPrivacyHeapMemory

i.CyBleController_Init
                0x00004398       0x40
 i.CyBleController_Init
                0x00004398       0x40 C:\Users\Roi\Documents\PSoC Creator\4.2\Downloads ( 4.2).cylib\BLE_v3_66\Library\gccCyBLEStack_BLE_SOC_PERIPHERAL.a(CyBleControllerIP_Interface.o)
                0x00004398                CyBleController_Init

i.CyBleController_LlReset
                0x000043d8       0x10
 i.CyBleController_LlReset
                0x000043d8       0x10 C:\Users\Roi\Documents\PSoC Creator\4.2\Downloads ( 4.2).cylib\BLE_v3_66\Library\gccCyBLEStack_BLE_SOC_PERIPHERAL.a(CyBleControllerIP_Interface.o)
                0x000043d8                CyBleController_LlReset

i.CyBleController_SetDeviceAddress
                0x000043e8       0x2e
 i.CyBleController_SetDeviceAddress
                0x000043e8       0x2e C:\Users\Roi\Documents\PSoC Creator\4.2\Downloads ( 4.2).cylib\BLE_v3_66\Library\gccCyBLEStack_BLE_SOC_PERIPHERAL.a(CyBleControllerIP_Interface.o)
                0x000043e8                CyBleController_SetDeviceAddress

i.CyBleController_SetDleParams
                0x00004418       0x1c
 i.CyBleController_SetDleParams
                0x00004418       0x1c C:\Users\Roi\Documents\PSoC Creator\4.2\Downloads ( 4.2).cylib\BLE_v3_66\Library\gccCyBLEStack_BLE_SOC_PERIPHERAL.a(CyBleControllerIP_Interface.o)
                0x00004418                CyBleController_SetDleParams

i.CyBleController_SetLePrivacyParams
                0x00004434       0x18
 i.CyBleController_SetLePrivacyParams
                0x00004434       0x18 C:\Users\Roi\Documents\PSoC Creator\4.2\Downloads ( 4.2).cylib\BLE_v3_66\Library\gccCyBLEStack_BLE_SOC_PERIPHERAL.a(CyBleControllerIP_Interface.o)
                0x00004434                CyBleController_SetLePrivacyParams

i.CyBle_GetFirmwareProgrammedDSM
                0x0000444c        0xc
 i.CyBle_GetFirmwareProgrammedDSM
                0x0000444c        0xc C:\Users\Roi\Documents\PSoC Creator\4.2\Downloads ( 4.2).cylib\BLE_v3_66\Library\gccCyBLEStack_BLE_SOC_PERIPHERAL.a(CyBleControllerIP_Interface.o)
                0x0000444c                CyBle_GetFirmwareProgrammedDSM

i.CyBle_GetTxPowerLevel
                0x00004458       0x54
 i.CyBle_GetTxPowerLevel
                0x00004458       0x54 C:\Users\Roi\Documents\PSoC Creator\4.2\Downloads ( 4.2).cylib\BLE_v3_66\Library\gccCyBLEStack_BLE_SOC_PERIPHERAL.a(CyBleControllerIP_Interface.o)
                0x00004458                CyBle_GetTxPowerLevel

i.CyBle_SendBlessEvtoAPP
                0x000044ac        0xc
 i.CyBle_SendBlessEvtoAPP
                0x000044ac        0xc C:\Users\Roi\Documents\PSoC Creator\4.2\Downloads ( 4.2).cylib\BLE_v3_66\Library\gccCyBLEStack_BLE_SOC_PERIPHERAL.a(CyBleControllerIP_Interface.o)
                0x000044ac                CyBle_SendBlessEvtoAPP

i.CyBle_SendEventToApp
                0x000044b8       0x38
 i.CyBle_SendEventToApp
                0x000044b8       0x38 C:\Users\Roi\Documents\PSoC Creator\4.2\Downloads ( 4.2).cylib\BLE_v3_66\Library\gccCyBLEStack_BLE_SOC_PERIPHERAL.a(CyBleControllerIP_Interface.o)
                0x000044b8                CyBle_SendEventToApp

i.CyBle_SetFirmwareProgrammedDSM
                0x000044f0        0xc
 i.CyBle_SetFirmwareProgrammedDSM
                0x000044f0        0xc C:\Users\Roi\Documents\PSoC Creator\4.2\Downloads ( 4.2).cylib\BLE_v3_66\Library\gccCyBLEStack_BLE_SOC_PERIPHERAL.a(CyBleControllerIP_Interface.o)
                0x000044f0                CyBle_SetFirmwareProgrammedDSM

i.CyBle_SetTxPowerLevel
                0x000044fc       0x88
 i.CyBle_SetTxPowerLevel
                0x000044fc       0x88 C:\Users\Roi\Documents\PSoC Creator\4.2\Downloads ( 4.2).cylib\BLE_v3_66\Library\gccCyBLEStack_BLE_SOC_PERIPHERAL.a(CyBleControllerIP_Interface.o)
                0x000044fc                CyBle_SetTxPowerLevel

i.ll_check_and_mark_packet_ready_for_transmission
                0x00004584       0x44
 i.ll_check_and_mark_packet_ready_for_transmission
                0x00004584       0x44 C:\Users\Roi\Documents\PSoC Creator\4.2\Downloads ( 4.2).cylib\BLE_v3_66\Library\gccCyBLEStack_BLE_SOC_PERIPHERAL.a(ll.o)
                0x00004584                ll_check_and_mark_packet_ready_for_transmission

i.ll_cleanup_pending_data_pdu
                0x000045c8       0x44
 i.ll_cleanup_pending_data_pdu
                0x000045c8       0x44 C:\Users\Roi\Documents\PSoC Creator\4.2\Downloads ( 4.2).cylib\BLE_v3_66\Library\gccCyBLEStack_BLE_SOC_PERIPHERAL.a(ll.o)
                0x000045c8                ll_cleanup_pending_data_pdu

i.ll_enter_dsm_mode
                0x0000460c      0x15c
 i.ll_enter_dsm_mode
                0x0000460c      0x15c C:\Users\Roi\Documents\PSoC Creator\4.2\Downloads ( 4.2).cylib\BLE_v3_66\Library\gccCyBLEStack_BLE_SOC_PERIPHERAL.a(ll.o)
                0x0000460c                ll_enter_dsm_mode

i.ll_enter_hibernate_mode
                0x00004768       0x28
 i.ll_enter_hibernate_mode
                0x00004768       0x28 C:\Users\Roi\Documents\PSoC Creator\4.2\Downloads ( 4.2).cylib\BLE_v3_66\Library\gccCyBLEStack_BLE_SOC_PERIPHERAL.a(ll.o)
                0x00004768                ll_enter_hibernate_mode

i.ll_enter_sm_mode
                0x00004790       0x60
 i.ll_enter_sm_mode
                0x00004790       0x60 C:\Users\Roi\Documents\PSoC Creator\4.2\Downloads ( 4.2).cylib\BLE_v3_66\Library\gccCyBLEStack_BLE_SOC_PERIPHERAL.a(ll.o)
                0x00004790                ll_enter_sm_mode

i.ll_exit_low_power_mode
                0x000047f0       0x84
 i.ll_exit_low_power_mode
                0x000047f0       0x84 C:\Users\Roi\Documents\PSoC Creator\4.2\Downloads ( 4.2).cylib\BLE_v3_66\Library\gccCyBLEStack_BLE_SOC_PERIPHERAL.a(ll.o)
                0x000047f0                ll_exit_low_power_mode

i.ll_get_ack_status
                0x00004874       0x44
 i.ll_get_ack_status
                0x00004874       0x44 C:\Users\Roi\Documents\PSoC Creator\4.2\Downloads ( 4.2).cylib\BLE_v3_66\Library\gccCyBLEStack_BLE_SOC_PERIPHERAL.a(ll.o)
                0x00004874                ll_get_ack_status

i.ll_get_ack_status_for_all_connections
                0x000048b8       0x34
 i.ll_get_ack_status_for_all_connections
                0x000048b8       0x34 C:\Users\Roi\Documents\PSoC Creator\4.2\Downloads ( 4.2).cylib\BLE_v3_66\Library\gccCyBLEStack_BLE_SOC_PERIPHERAL.a(ll.o)
                0x000048b8                ll_get_ack_status_for_all_connections

i.ll_get_adv_ch_tx_power
                0x000048ec       0x20
 i.ll_get_adv_ch_tx_power
                0x000048ec       0x20 C:\Users\Roi\Documents\PSoC Creator\4.2\Downloads ( 4.2).cylib\BLE_v3_66\Library\gccCyBLEStack_BLE_SOC_PERIPHERAL.a(ll.o)
                0x000048ec                ll_get_adv_ch_tx_power

i.ll_get_data_channel_map
                0x0000490c       0x28
 i.ll_get_data_channel_map
                0x0000490c       0x28 C:\Users\Roi\Documents\PSoC Creator\4.2\Downloads ( 4.2).cylib\BLE_v3_66\Library\gccCyBLEStack_BLE_SOC_PERIPHERAL.a(ll.o)
                0x0000490c                ll_get_data_channel_map

i.ll_get_max_white_list_size
                0x00004934        0xc
 i.ll_get_max_white_list_size
                0x00004934        0xc C:\Users\Roi\Documents\PSoC Creator\4.2\Downloads ( 4.2).cylib\BLE_v3_66\Library\gccCyBLEStack_BLE_SOC_PERIPHERAL.a(ll.o)
                0x00004934                ll_get_max_white_list_size

i.ll_get_my_role
                0x00004940        0xc
 i.ll_get_my_role
                0x00004940        0xc C:\Users\Roi\Documents\PSoC Creator\4.2\Downloads ( 4.2).cylib\BLE_v3_66\Library\gccCyBLEStack_BLE_SOC_PERIPHERAL.a(ll.o)
                0x00004940                ll_get_my_role

i.ll_get_next_available_fifo_for_data_pdu
                0x0000494c        0x8
 i.ll_get_next_available_fifo_for_data_pdu
                0x0000494c        0x8 C:\Users\Roi\Documents\PSoC Creator\4.2\Downloads ( 4.2).cylib\BLE_v3_66\Library\gccCyBLEStack_BLE_SOC_PERIPHERAL.a(ll.o)
                0x0000494c                ll_get_next_available_fifo_for_data_pdu

i.ll_get_next_available_fifo_for_ll_pdu
                0x00004954       0x2c
 i.ll_get_next_available_fifo_for_ll_pdu
                0x00004954       0x2c C:\Users\Roi\Documents\PSoC Creator\4.2\Downloads ( 4.2).cylib\BLE_v3_66\Library\gccCyBLEStack_BLE_SOC_PERIPHERAL.a(ll.o)
                0x00004954                ll_get_next_available_fifo_for_ll_pdu

i.ll_get_rssi_value
                0x00004980       0x26
 i.ll_get_rssi_value
                0x00004980       0x26 C:\Users\Roi\Documents\PSoC Creator\4.2\Downloads ( 4.2).cylib\BLE_v3_66\Library\gccCyBLEStack_BLE_SOC_PERIPHERAL.a(ll.o)
                0x00004980                ll_get_rssi_value

i.ll_get_transmit_power_level
                0x000049a8       0x2c
 i.ll_get_transmit_power_level
                0x000049a8       0x2c C:\Users\Roi\Documents\PSoC Creator\4.2\Downloads ( 4.2).cylib\BLE_v3_66\Library\gccCyBLEStack_BLE_SOC_PERIPHERAL.a(ll.o)
                0x000049a8                ll_get_transmit_power_level

i.ll_handle_ack_received
                0x000049d4       0x74
 i.ll_handle_ack_received
                0x000049d4       0x74 C:\Users\Roi\Documents\PSoC Creator\4.2\Downloads ( 4.2).cylib\BLE_v3_66\Library\gccCyBLEStack_BLE_SOC_PERIPHERAL.a(ll.o)
                0x000049d4                ll_handle_ack_received

i.ll_handle_add_device_in_whitelist
                0x00004a48       0x50
 i.ll_handle_add_device_in_whitelist
                0x00004a48       0x50 C:\Users\Roi\Documents\PSoC Creator\4.2\Downloads ( 4.2).cylib\BLE_v3_66\Library\gccCyBLEStack_BLE_SOC_PERIPHERAL.a(ll.o)
                0x00004a48                ll_handle_add_device_in_whitelist

i.ll_handle_clear_whitelist
                0x00004a98       0x24
 i.ll_handle_clear_whitelist
                0x00004a98       0x24 C:\Users\Roi\Documents\PSoC Creator\4.2\Downloads ( 4.2).cylib\BLE_v3_66\Library\gccCyBLEStack_BLE_SOC_PERIPHERAL.a(ll.o)
                0x00004a98                ll_handle_clear_whitelist

i.ll_handle_encrypt_host_data
                0x00004abc       0x36
 i.ll_handle_encrypt_host_data
                0x00004abc       0x36 C:\Users\Roi\Documents\PSoC Creator\4.2\Downloads ( 4.2).cylib\BLE_v3_66\Library\gccCyBLEStack_BLE_SOC_PERIPHERAL.a(ll.o)
                0x00004abc                ll_handle_encrypt_host_data

i.ll_handle_host_data_packet
                0x00004af4       0x68
 i.ll_handle_host_data_packet
                0x00004af4       0x68 C:\Users\Roi\Documents\PSoC Creator\4.2\Downloads ( 4.2).cylib\BLE_v3_66\Library\gccCyBLEStack_BLE_SOC_PERIPHERAL.a(ll.o)
                0x00004af4                ll_handle_host_data_packet

i.ll_handle_read_host_channel_map
                0x00004b5c        0x4
 i.ll_handle_read_host_channel_map
                0x00004b5c        0x4 C:\Users\Roi\Documents\PSoC Creator\4.2\Downloads ( 4.2).cylib\BLE_v3_66\Library\gccCyBLEStack_BLE_SOC_PERIPHERAL.a(ll.o)
                0x00004b5c                ll_handle_read_host_channel_map

i.ll_handle_remove_device_in_whitelist
                0x00004b60       0x38
 i.ll_handle_remove_device_in_whitelist
                0x00004b60       0x38 C:\Users\Roi\Documents\PSoC Creator\4.2\Downloads ( 4.2).cylib\BLE_v3_66\Library\gccCyBLEStack_BLE_SOC_PERIPHERAL.a(ll.o)
                0x00004b60                ll_handle_remove_device_in_whitelist

i.ll_handle_reset
                0x00004b98        0xe
 i.ll_handle_reset
                0x00004b98        0xe C:\Users\Roi\Documents\PSoC Creator\4.2\Downloads ( 4.2).cylib\BLE_v3_66\Library\gccCyBLEStack_BLE_SOC_PERIPHERAL.a(ll.o)
                0x00004b98                ll_handle_reset

i.ll_handle_set_random_address
                0x00004ba6       0x36
 i.ll_handle_set_random_address
                0x00004ba6       0x36 C:\Users\Roi\Documents\PSoC Creator\4.2\Downloads ( 4.2).cylib\BLE_v3_66\Library\gccCyBLEStack_BLE_SOC_PERIPHERAL.a(ll.o)
                0x00004ba6                ll_handle_set_random_address

i.ll_init       0x00004bdc       0x20
 i.ll_init      0x00004bdc       0x20 C:\Users\Roi\Documents\PSoC Creator\4.2\Downloads ( 4.2).cylib\BLE_v3_66\Library\gccCyBLEStack_BLE_SOC_PERIPHERAL.a(ll.o)
                0x00004bdc                ll_init

i.ll_initialize_device_attributes
                0x00004bfc       0xc0
 i.ll_initialize_device_attributes
                0x00004bfc       0xc0 C:\Users\Roi\Documents\PSoC Creator\4.2\Downloads ( 4.2).cylib\BLE_v3_66\Library\gccCyBLEStack_BLE_SOC_PERIPHERAL.a(ll.o)
                0x00004bfc                ll_initialize_device_attributes

i.ll_is_pkt_pending
                0x00004cbc       0x2a
 i.ll_is_pkt_pending
                0x00004cbc       0x2a C:\Users\Roi\Documents\PSoC Creator\4.2\Downloads ( 4.2).cylib\BLE_v3_66\Library\gccCyBLEStack_BLE_SOC_PERIPHERAL.a(ll.o)
                0x00004cbc                ll_is_pkt_pending

i.ll_is_sent_pkt_pending
                0x00004ce6       0x1a
 i.ll_is_sent_pkt_pending
                0x00004ce6       0x1a C:\Users\Roi\Documents\PSoC Creator\4.2\Downloads ( 4.2).cylib\BLE_v3_66\Library\gccCyBLEStack_BLE_SOC_PERIPHERAL.a(ll.o)
                0x00004ce6                ll_is_sent_pkt_pending

i.ll_isr_exit_low_power_mode
                0x00004d00       0x16
 i.ll_isr_exit_low_power_mode
                0x00004d00       0x16 C:\Users\Roi\Documents\PSoC Creator\4.2\Downloads ( 4.2).cylib\BLE_v3_66\Library\gccCyBLEStack_BLE_SOC_PERIPHERAL.a(ll.o)
                0x00004d00                ll_isr_exit_low_power_mode

i.ll_load_host_data_packet
                0x00004d16       0x3c
 i.ll_load_host_data_packet
                0x00004d16       0x3c C:\Users\Roi\Documents\PSoC Creator\4.2\Downloads ( 4.2).cylib\BLE_v3_66\Library\gccCyBLEStack_BLE_SOC_PERIPHERAL.a(ll.o)
                0x00004d16                ll_load_host_data_packet

i.ll_load_packet_to_fifo
                0x00004d54       0xc0
 i.ll_load_packet_to_fifo
                0x00004d54       0xc0 C:\Users\Roi\Documents\PSoC Creator\4.2\Downloads ( 4.2).cylib\BLE_v3_66\Library\gccCyBLEStack_BLE_SOC_PERIPHERAL.a(ll.o)
                0x00004d54                ll_load_packet_to_fifo

i.ll_process_acks
                0x00004e14       0x60
 i.ll_process_acks
                0x00004e14       0x60 C:\Users\Roi\Documents\PSoC Creator\4.2\Downloads ( 4.2).cylib\BLE_v3_66\Library\gccCyBLEStack_BLE_SOC_PERIPHERAL.a(ll.o)
                0x00004e14                ll_process_acks

i.ll_reset      0x00004e74       0x14
 i.ll_reset     0x00004e74       0x14 C:\Users\Roi\Documents\PSoC Creator\4.2\Downloads ( 4.2).cylib\BLE_v3_66\Library\gccCyBLEStack_BLE_SOC_PERIPHERAL.a(ll.o)
                0x00004e74                ll_reset

i.ll_update_active_features
                0x00004e88       0x58
 i.ll_update_active_features
                0x00004e88       0x58 C:\Users\Roi\Documents\PSoC Creator\4.2\Downloads ( 4.2).cylib\BLE_v3_66\Library\gccCyBLEStack_BLE_SOC_PERIPHERAL.a(ll.o)
                0x00004e88                ll_update_active_features

i.ll_update_device_fsm
                0x00004ee0        0x8
 i.ll_update_device_fsm
                0x00004ee0        0x8 C:\Users\Roi\Documents\PSoC Creator\4.2\Downloads ( 4.2).cylib\BLE_v3_66\Library\gccCyBLEStack_BLE_SOC_PERIPHERAL.a(ll.o)
                0x00004ee0                ll_update_device_fsm

i.ll_validate_add_device_to_whitelist_params
                0x00004ee8       0x14
 i.ll_validate_add_device_to_whitelist_params
                0x00004ee8       0x14 C:\Users\Roi\Documents\PSoC Creator\4.2\Downloads ( 4.2).cylib\BLE_v3_66\Library\gccCyBLEStack_BLE_SOC_PERIPHERAL.a(ll.o)
                0x00004ee8                ll_validate_add_device_to_whitelist_params

i.ll_validate_bd_addr
                0x00004efc       0x1a
 i.ll_validate_bd_addr
                0x00004efc       0x1a C:\Users\Roi\Documents\PSoC Creator\4.2\Downloads ( 4.2).cylib\BLE_v3_66\Library\gccCyBLEStack_BLE_SOC_PERIPHERAL.a(ll.o)
                0x00004efc                ll_validate_bd_addr

i.ll_validate_host_data_param_and_state
                0x00004f18       0x7c
 i.ll_validate_host_data_param_and_state
                0x00004f18       0x7c C:\Users\Roi\Documents\PSoC Creator\4.2\Downloads ( 4.2).cylib\BLE_v3_66\Library\gccCyBLEStack_BLE_SOC_PERIPHERAL.a(ll.o)

i.ll_wait_to_enter_dsm
                0x00004f94       0x40
 i.ll_wait_to_enter_dsm
                0x00004f94       0x40 C:\Users\Roi\Documents\PSoC Creator\4.2\Downloads ( 4.2).cylib\BLE_v3_66\Library\gccCyBLEStack_BLE_SOC_PERIPHERAL.a(ll.o)

i.ll_wait_to_exit_dsm
                0x00004fd4       0x2c
 i.ll_wait_to_exit_dsm
                0x00004fd4       0x2c C:\Users\Roi\Documents\PSoC Creator\4.2\Downloads ( 4.2).cylib\BLE_v3_66\Library\gccCyBLEStack_BLE_SOC_PERIPHERAL.a(ll.o)

i.pf_le_start_timer
                0x00005000       0x16
 i.pf_le_start_timer
                0x00005000       0x16 C:\Users\Roi\Documents\PSoC Creator\4.2\Downloads ( 4.2).cylib\BLE_v3_66\Library\gccCyBLEStack_BLE_SOC_PERIPHERAL.a(ll.o)
                0x00005000                pf_le_start_timer

i.pf_le_stop_timer
                0x00005016       0x12
 i.pf_le_stop_timer
                0x00005016       0x12 C:\Users\Roi\Documents\PSoC Creator\4.2\Downloads ( 4.2).cylib\BLE_v3_66\Library\gccCyBLEStack_BLE_SOC_PERIPHERAL.a(ll.o)
                0x00005016                pf_le_stop_timer

i.CyBleControllerIP_TuneAdvEventInterPktSlots
                0x00005028       0x3c
 i.CyBleControllerIP_TuneAdvEventInterPktSlots
                0x00005028       0x3c C:\Users\Roi\Documents\PSoC Creator\4.2\Downloads ( 4.2).cylib\BLE_v3_66\Library\gccCyBLEStack_BLE_SOC_PERIPHERAL.a(ll_advertiser.o)
                0x00005028                CyBleControllerIP_TuneAdvEventInterPktSlots

i.ll_adv_is_configured_connection_adv
                0x00005064       0x1e
 i.ll_adv_is_configured_connection_adv
                0x00005064       0x1e C:\Users\Roi\Documents\PSoC Creator\4.2\Downloads ( 4.2).cylib\BLE_v3_66\Library\gccCyBLEStack_BLE_SOC_PERIPHERAL.a(ll_advertiser.o)
                0x00005064                ll_adv_is_configured_connection_adv

i.ll_check_random_address_in_use_by_advertiser
                0x00005082       0x10
 i.ll_check_random_address_in_use_by_advertiser
                0x00005082       0x10 C:\Users\Roi\Documents\PSoC Creator\4.2\Downloads ( 4.2).cylib\BLE_v3_66\Library\gccCyBLEStack_BLE_SOC_PERIPHERAL.a(ll_advertiser.o)
                0x00005082                ll_check_random_address_in_use_by_advertiser

i.ll_check_whitelist_in_use_by_advertiser
                0x00005092       0x10
 i.ll_check_whitelist_in_use_by_advertiser
                0x00005092       0x10 C:\Users\Roi\Documents\PSoC Creator\4.2\Downloads ( 4.2).cylib\BLE_v3_66\Library\gccCyBLEStack_BLE_SOC_PERIPHERAL.a(ll_advertiser.o)
                0x00005092                ll_check_whitelist_in_use_by_advertiser

i.ll_get_adv_data
                0x000050a4        0xc
 i.ll_get_adv_data
                0x000050a4        0xc C:\Users\Roi\Documents\PSoC Creator\4.2\Downloads ( 4.2).cylib\BLE_v3_66\Library\gccCyBLEStack_BLE_SOC_PERIPHERAL.a(ll_advertiser.o)
                0x000050a4                ll_get_adv_data

i.ll_get_adv_status
                0x000050b0        0xc
 i.ll_get_adv_status
                0x000050b0        0xc C:\Users\Roi\Documents\PSoC Creator\4.2\Downloads ( 4.2).cylib\BLE_v3_66\Library\gccCyBLEStack_BLE_SOC_PERIPHERAL.a(ll_advertiser.o)
                0x000050b0                ll_get_adv_status

i.ll_get_adv_type
                0x000050bc       0x18
 i.ll_get_adv_type
                0x000050bc       0x18 C:\Users\Roi\Documents\PSoC Creator\4.2\Downloads ( 4.2).cylib\BLE_v3_66\Library\gccCyBLEStack_BLE_SOC_PERIPHERAL.a(ll_advertiser.o)
                0x000050bc                ll_get_adv_type

i.ll_get_scan_rsp_data
                0x000050d4        0xc
 i.ll_get_scan_rsp_data
                0x000050d4        0xc C:\Users\Roi\Documents\PSoC Creator\4.2\Downloads ( 4.2).cylib\BLE_v3_66\Library\gccCyBLEStack_BLE_SOC_PERIPHERAL.a(ll_advertiser.o)
                0x000050d4                ll_get_scan_rsp_data

i.ll_handle_adv_intr
                0x000050e0       0x70
 i.ll_handle_adv_intr
                0x000050e0       0x70 C:\Users\Roi\Documents\PSoC Creator\4.2\Downloads ( 4.2).cylib\BLE_v3_66\Library\gccCyBLEStack_BLE_SOC_PERIPHERAL.a(ll_advertiser.o)
                0x000050e0                ll_handle_adv_intr

i.ll_handle_set_adv_data
                0x00005150       0x38
 i.ll_handle_set_adv_data
                0x00005150       0x38 C:\Users\Roi\Documents\PSoC Creator\4.2\Downloads ( 4.2).cylib\BLE_v3_66\Library\gccCyBLEStack_BLE_SOC_PERIPHERAL.a(ll_advertiser.o)
                0x00005150                ll_handle_set_adv_data

i.ll_handle_set_adv_parameters
                0x00005188       0xa4
 i.ll_handle_set_adv_parameters
                0x00005188       0xa4 C:\Users\Roi\Documents\PSoC Creator\4.2\Downloads ( 4.2).cylib\BLE_v3_66\Library\gccCyBLEStack_BLE_SOC_PERIPHERAL.a(ll_advertiser.o)
                0x00005188                ll_handle_set_adv_parameters

i.ll_handle_set_advertise_enable
                0x0000522c       0x6a
 i.ll_handle_set_advertise_enable
                0x0000522c       0x6a C:\Users\Roi\Documents\PSoC Creator\4.2\Downloads ( 4.2).cylib\BLE_v3_66\Library\gccCyBLEStack_BLE_SOC_PERIPHERAL.a(ll_advertiser.o)
                0x0000522c                ll_handle_set_advertise_enable

i.ll_handle_set_scan_resp_data
                0x00005298       0x38
 i.ll_handle_set_scan_resp_data
                0x00005298       0x38 C:\Users\Roi\Documents\PSoC Creator\4.2\Downloads ( 4.2).cylib\BLE_v3_66\Library\gccCyBLEStack_BLE_SOC_PERIPHERAL.a(ll_advertiser.o)
                0x00005298                ll_handle_set_scan_resp_data

i.ll_init_advertiser
                0x000052d0       0x70
 i.ll_init_advertiser
                0x000052d0       0x70 C:\Users\Roi\Documents\PSoC Creator\4.2\Downloads ( 4.2).cylib\BLE_v3_66\Library\gccCyBLEStack_BLE_SOC_PERIPHERAL.a(ll_advertiser.o)
                0x000052d0                ll_init_advertiser

i.ll_update_adv_data
                0x00005340       0x44
 i.ll_update_adv_data
                0x00005340       0x44 C:\Users\Roi\Documents\PSoC Creator\4.2\Downloads ( 4.2).cylib\BLE_v3_66\Library\gccCyBLEStack_BLE_SOC_PERIPHERAL.a(ll_advertiser.o)
                0x00005340                ll_update_adv_data

i.ll_update_scan_rsp_data
                0x00005384       0x44
 i.ll_update_scan_rsp_data
                0x00005384       0x44 C:\Users\Roi\Documents\PSoC Creator\4.2\Downloads ( 4.2).cylib\BLE_v3_66\Library\gccCyBLEStack_BLE_SOC_PERIPHERAL.a(ll_advertiser.o)
                0x00005384                ll_update_scan_rsp_data

i.is_le_connection_handle
                0x000053c8       0x28
 i.is_le_connection_handle
                0x000053c8       0x28 C:\Users\Roi\Documents\PSoC Creator\4.2\Downloads ( 4.2).cylib\BLE_v3_66\Library\gccCyBLEStack_BLE_SOC_PERIPHERAL.a(ll_connection.o)
                0x000053c8                is_le_connection_handle

i.le_assign_connection_handle
                0x000053f0       0x28
 i.le_assign_connection_handle
                0x000053f0       0x28 C:\Users\Roi\Documents\PSoC Creator\4.2\Downloads ( 4.2).cylib\BLE_v3_66\Library\gccCyBLEStack_BLE_SOC_PERIPHERAL.a(ll_connection.o)
                0x000053f0                le_assign_connection_handle

i.le_get_connection_index
                0x00005418        0x6
 i.le_get_connection_index
                0x00005418        0x6 C:\Users\Roi\Documents\PSoC Creator\4.2\Downloads ( 4.2).cylib\BLE_v3_66\Library\gccCyBLEStack_BLE_SOC_PERIPHERAL.a(ll_connection.o)
                0x00005418                le_get_connection_index

i.ll_allocate_connection
                0x00005420       0x44
 i.ll_allocate_connection
                0x00005420       0x44 C:\Users\Roi\Documents\PSoC Creator\4.2\Downloads ( 4.2).cylib\BLE_v3_66\Library\gccCyBLEStack_BLE_SOC_PERIPHERAL.a(ll_connection.o)
                0x00005420                ll_allocate_connection

i.ll_calculate_and_program_def_win_widen_drift
                0x00005464       0x14
 i.ll_calculate_and_program_def_win_widen_drift
                0x00005464       0x14 C:\Users\Roi\Documents\PSoC Creator\4.2\Downloads ( 4.2).cylib\BLE_v3_66\Library\gccCyBLEStack_BLE_SOC_PERIPHERAL.a(ll_connection.o)
                0x00005464                ll_calculate_and_program_def_win_widen_drift

i.ll_calculate_drift
                0x00005478       0x2c
 i.ll_calculate_drift
                0x00005478       0x2c C:\Users\Roi\Documents\PSoC Creator\4.2\Downloads ( 4.2).cylib\BLE_v3_66\Library\gccCyBLEStack_BLE_SOC_PERIPHERAL.a(ll_connection.o)
                0x00005478                ll_calculate_drift

i.ll_check_and_decrypt_ll_pdu
                0x000054a4       0x70
 i.ll_check_and_decrypt_ll_pdu
                0x000054a4       0x70 C:\Users\Roi\Documents\PSoC Creator\4.2\Downloads ( 4.2).cylib\BLE_v3_66\Library\gccCyBLEStack_BLE_SOC_PERIPHERAL.a(ll_connection.o)
                0x000054a4                ll_check_and_decrypt_ll_pdu

i.ll_check_and_decrypt_packet
                0x00005514       0x6a
 i.ll_check_and_decrypt_packet
                0x00005514       0x6a C:\Users\Roi\Documents\PSoC Creator\4.2\Downloads ( 4.2).cylib\BLE_v3_66\Library\gccCyBLEStack_BLE_SOC_PERIPHERAL.a(ll_connection.o)
                0x00005514                ll_check_and_decrypt_packet

i.ll_check_and_encrypt_ll_pdu
                0x0000557e       0x7c
 i.ll_check_and_encrypt_ll_pdu
                0x0000557e       0x7c C:\Users\Roi\Documents\PSoC Creator\4.2\Downloads ( 4.2).cylib\BLE_v3_66\Library\gccCyBLEStack_BLE_SOC_PERIPHERAL.a(ll_connection.o)
                0x0000557e                ll_check_and_encrypt_ll_pdu

i.ll_check_and_encrypt_packet
                0x000055fa       0x82
 i.ll_check_and_encrypt_packet
                0x000055fa       0x82 C:\Users\Roi\Documents\PSoC Creator\4.2\Downloads ( 4.2).cylib\BLE_v3_66\Library\gccCyBLEStack_BLE_SOC_PERIPHERAL.a(ll_connection.o)
                0x000055fa                ll_check_and_encrypt_packet

i.ll_check_for_allowing_incoming_connection_update
                0x0000567c       0x88
 i.ll_check_for_allowing_incoming_connection_update
                0x0000567c       0x88 C:\Users\Roi\Documents\PSoC Creator\4.2\Downloads ( 4.2).cylib\BLE_v3_66\Library\gccCyBLEStack_BLE_SOC_PERIPHERAL.a(ll_connection.o)
                0x0000567c                ll_check_for_allowing_incoming_connection_update

i.ll_check_if_pdu_is_loaded_to_hardware
                0x00005704       0x1c
 i.ll_check_if_pdu_is_loaded_to_hardware
                0x00005704       0x1c C:\Users\Roi\Documents\PSoC Creator\4.2\Downloads ( 4.2).cylib\BLE_v3_66\Library\gccCyBLEStack_BLE_SOC_PERIPHERAL.a(ll_connection.o)
                0x00005704                ll_check_if_pdu_is_loaded_to_hardware

i.ll_check_random_address_in_use_by_initiator
                0x00005720       0x30
 i.ll_check_random_address_in_use_by_initiator
                0x00005720       0x30 C:\Users\Roi\Documents\PSoC Creator\4.2\Downloads ( 4.2).cylib\BLE_v3_66\Library\gccCyBLEStack_BLE_SOC_PERIPHERAL.a(ll_connection.o)
                0x00005720                ll_check_random_address_in_use_by_initiator

i.ll_check_white_list_in_use_by_initiator
                0x00005750       0x30
 i.ll_check_white_list_in_use_by_initiator
                0x00005750       0x30 C:\Users\Roi\Documents\PSoC Creator\4.2\Downloads ( 4.2).cylib\BLE_v3_66\Library\gccCyBLEStack_BLE_SOC_PERIPHERAL.a(ll_connection.o)
                0x00005750                ll_check_white_list_in_use_by_initiator

i.ll_conn_free_enc_txn_buffer
                0x00005780       0x16
 i.ll_conn_free_enc_txn_buffer
                0x00005780       0x16 C:\Users\Roi\Documents\PSoC Creator\4.2\Downloads ( 4.2).cylib\BLE_v3_66\Library\gccCyBLEStack_BLE_SOC_PERIPHERAL.a(ll_connection.o)
                0x00005780                ll_conn_free_enc_txn_buffer

i.ll_conn_fsm_update_channel_state
                0x00005796        0x6
 i.ll_conn_fsm_update_channel_state
                0x00005796        0x6 C:\Users\Roi\Documents\PSoC Creator\4.2\Downloads ( 4.2).cylib\BLE_v3_66\Library\gccCyBLEStack_BLE_SOC_PERIPHERAL.a(ll_connection.o)
                0x00005796                ll_conn_fsm_update_channel_state

i.ll_conn_fsm_update_conn_update_state
                0x0000579c        0x6
 i.ll_conn_fsm_update_conn_update_state
                0x0000579c        0x6 C:\Users\Roi\Documents\PSoC Creator\4.2\Downloads ( 4.2).cylib\BLE_v3_66\Library\gccCyBLEStack_BLE_SOC_PERIPHERAL.a(ll_connection.o)
                0x0000579c                ll_conn_fsm_update_conn_update_state

i.ll_conn_fsm_update_enc_state
                0x000057a2        0x6
 i.ll_conn_fsm_update_enc_state
                0x000057a2        0x6 C:\Users\Roi\Documents\PSoC Creator\4.2\Downloads ( 4.2).cylib\BLE_v3_66\Library\gccCyBLEStack_BLE_SOC_PERIPHERAL.a(ll_connection.o)
                0x000057a2                ll_conn_fsm_update_enc_state

i.ll_conn_fsm_update_state